2025-04-03 22:51:20,430 - INFO - Server starting on port 8080...
2025-04-03 22:51:20,431 - INFO - Server listening on port 8080...
2025-04-03 23:31:13,787 - INFO - [31m[1mWARNING: This is a development server. Do not use it in a production deployment. Use a production WSGI server instead.[0m
 * Running on http://127.0.0.1:5000
2025-04-03 23:31:13,788 - INFO - [33mPress CTRL+C to quit[0m
2025-04-03 23:31:13,788 - INFO -  * Restarting with stat
2025-04-03 23:31:14,228 - WARNING -  * Debugger is active!
2025-04-03 23:31:14,230 - INFO -  * Debugger PIN: 102-924-386
2025-04-03 23:31:23,591 - INFO - 127.0.0.1 - - [03/Apr/2025 23:31:23] "GET /get_progress/default_file HTTP/1.1" 200 -
2025-04-03 23:31:24,225 - INFO - 127.0.0.1 - - [03/Apr/2025 23:31:24] "GET /get_progress/default_file HTTP/1.1" 200 -
2025-04-03 23:31:25,238 - INFO - 127.0.0.1 - - [03/Apr/2025 23:31:25] "GET /get_progress/default_file HTTP/1.1" 200 -
2025-04-03 23:31:25,286 - INFO - 127.0.0.1 - - [03/Apr/2025 23:31:25] "GET / HTTP/1.1" 200 -
2025-04-03 23:31:25,334 - INFO - 127.0.0.1 - - [03/Apr/2025 23:31:25] "[36mGET /static/styles.css HTTP/1.1[0m" 304 -
2025-04-03 23:31:25,335 - INFO - 127.0.0.1 - - [03/Apr/2025 23:31:25] "[36mGET /static/script.js HTTP/1.1[0m" 304 -
2025-04-03 23:31:25,341 - INFO - New connection established with client of address = ('127.0.0.1', 55820)
2025-04-03 23:31:25,342 - INFO - New serving socket connected to address = ('127.0.0.1', 55820)
2025-04-03 23:31:25,342 - INFO - List files request received
2025-04-03 23:31:25,342 - INFO - File list sent to client
2025-04-03 23:31:25,342 - INFO - Connection with ('127.0.0.1', 55820) closed
2025-04-03 23:31:25,343 - INFO - 127.0.0.1 - - [03/Apr/2025 23:31:25] "GET /list HTTP/1.1" 200 -
2025-04-03 23:31:26,349 - INFO - 127.0.0.1 - - [03/Apr/2025 23:31:26] "GET /get_progress/default_file HTTP/1.1" 200 -
2025-04-03 23:31:27,357 - INFO - 127.0.0.1 - - [03/Apr/2025 23:31:27] "GET /get_progress/default_file HTTP/1.1" 200 -
2025-04-03 23:31:28,344 - INFO - 127.0.0.1 - - [03/Apr/2025 23:31:28] "GET /get_progress/default_file HTTP/1.1" 200 -
2025-04-03 23:31:29,353 - INFO - 127.0.0.1 - - [03/Apr/2025 23:31:29] "GET /get_progress/default_file HTTP/1.1" 200 -
2025-04-03 23:31:30,358 - INFO - 127.0.0.1 - - [03/Apr/2025 23:31:30] "GET /get_progress/default_file HTTP/1.1" 200 -
2025-04-03 23:31:31,346 - INFO - 127.0.0.1 - - [03/Apr/2025 23:31:31] "GET /get_progress/default_file HTTP/1.1" 200 -
2025-04-03 23:31:32,349 - INFO - 127.0.0.1 - - [03/Apr/2025 23:31:32] "GET /get_progress/default_file HTTP/1.1" 200 -
2025-04-03 23:31:33,046 - INFO - New connection established with client of address = ('127.0.0.1', 55830)
2025-04-03 23:31:33,047 - INFO - New serving socket connected to address = ('127.0.0.1', 55830)
2025-04-03 23:31:33,047 - WARNING - Unknown command: 1LAS 201 SDG 6 HW Mohamad Mehdi.pdf
2025-04-03 23:31:33,047 - INFO - Connection with ('127.0.0.1', 55830) closed
2025-04-03 23:31:33,056 - ERROR - Error in client operation: [WinError 10053] An established connection was aborted by the software in your host machine
2025-04-03 23:31:33,056 - INFO - 127.0.0.1 - - [03/Apr/2025 23:31:33] "POST /upload HTTP/1.1" 200 -
2025-04-03 23:31:36,566 - INFO - New connection established with client of address = ('127.0.0.1', 55833)
2025-04-03 23:31:36,567 - INFO - New serving socket connected to address = ('127.0.0.1', 55833)
2025-04-03 23:31:36,567 - INFO - List files request received
2025-04-03 23:31:36,567 - INFO - 127.0.0.1 - - [03/Apr/2025 23:31:36] "GET /get_progress/default_file HTTP/1.1" 200 -
2025-04-03 23:31:36,567 - INFO - File list sent to client
2025-04-03 23:31:36,567 - INFO - Connection with ('127.0.0.1', 55833) closed
2025-04-03 23:31:36,567 - INFO - 127.0.0.1 - - [03/Apr/2025 23:31:36] "GET /list HTTP/1.1" 200 -
2025-04-03 23:31:37,341 - INFO - 127.0.0.1 - - [03/Apr/2025 23:31:37] "GET /get_progress/default_file HTTP/1.1" 200 -
2025-04-03 23:31:38,348 - INFO - 127.0.0.1 - - [03/Apr/2025 23:31:38] "GET /get_progress/default_file HTTP/1.1" 200 -
2025-04-03 23:31:39,358 - INFO - 127.0.0.1 - - [03/Apr/2025 23:31:39] "GET /get_progress/default_file HTTP/1.1" 200 -
2025-04-03 23:31:40,341 - INFO - 127.0.0.1 - - [03/Apr/2025 23:31:40] "GET /get_progress/default_file HTTP/1.1" 200 -
2025-04-03 23:31:41,357 - INFO - 127.0.0.1 - - [03/Apr/2025 23:31:41] "GET /get_progress/default_file HTTP/1.1" 200 -
2025-04-03 23:31:42,345 - INFO - 127.0.0.1 - - [03/Apr/2025 23:31:42] "GET /get_progress/default_file HTTP/1.1" 200 -
2025-04-03 23:31:43,349 - INFO - 127.0.0.1 - - [03/Apr/2025 23:31:43] "GET /get_progress/default_file HTTP/1.1" 200 -
2025-04-03 23:31:44,352 - INFO - 127.0.0.1 - - [03/Apr/2025 23:31:44] "GET /get_progress/default_file HTTP/1.1" 200 -
2025-04-03 23:31:45,347 - INFO - 127.0.0.1 - - [03/Apr/2025 23:31:45] "GET /get_progress/default_file HTTP/1.1" 200 -
2025-04-03 23:31:46,360 - INFO - 127.0.0.1 - - [03/Apr/2025 23:31:46] "GET /get_progress/default_file HTTP/1.1" 200 -
2025-04-03 23:31:47,349 - INFO - 127.0.0.1 - - [03/Apr/2025 23:31:47] "GET /get_progress/default_file HTTP/1.1" 200 -
2025-04-03 23:31:48,345 - INFO - 127.0.0.1 - - [03/Apr/2025 23:31:48] "GET /get_progress/default_file HTTP/1.1" 200 -
2025-04-03 23:31:49,359 - INFO - 127.0.0.1 - - [03/Apr/2025 23:31:49] "GET /get_progress/default_file HTTP/1.1" 200 -
2025-04-03 23:31:50,346 - INFO - 127.0.0.1 - - [03/Apr/2025 23:31:50] "GET /get_progress/default_file HTTP/1.1" 200 -
2025-04-03 23:31:51,343 - INFO - 127.0.0.1 - - [03/Apr/2025 23:31:51] "GET /get_progress/default_file HTTP/1.1" 200 -
2025-04-03 23:31:52,349 - INFO - 127.0.0.1 - - [03/Apr/2025 23:31:52] "GET /get_progress/default_file HTTP/1.1" 200 -
2025-04-03 23:31:53,344 - INFO - 127.0.0.1 - - [03/Apr/2025 23:31:53] "GET /get_progress/default_file HTTP/1.1" 200 -
2025-04-03 23:31:54,352 - INFO - 127.0.0.1 - - [03/Apr/2025 23:31:54] "GET /get_progress/default_file HTTP/1.1" 200 -
2025-04-03 23:31:55,346 - INFO - 127.0.0.1 - - [03/Apr/2025 23:31:55] "GET /get_progress/default_file HTTP/1.1" 200 -
2025-04-03 23:31:56,348 - INFO - 127.0.0.1 - - [03/Apr/2025 23:31:56] "GET /get_progress/default_file HTTP/1.1" 200 -
2025-04-03 23:31:57,341 - INFO - 127.0.0.1 - - [03/Apr/2025 23:31:57] "GET /get_progress/default_file HTTP/1.1" 200 -
2025-04-03 23:31:58,344 - INFO - 127.0.0.1 - - [03/Apr/2025 23:31:58] "GET /get_progress/default_file HTTP/1.1" 200 -
2025-04-03 23:31:59,346 - INFO - 127.0.0.1 - - [03/Apr/2025 23:31:59] "GET /get_progress/default_file HTTP/1.1" 200 -
2025-04-03 23:32:00,349 - INFO - 127.0.0.1 - - [03/Apr/2025 23:32:00] "GET /get_progress/default_file HTTP/1.1" 200 -
2025-04-03 23:32:01,341 - INFO - 127.0.0.1 - - [03/Apr/2025 23:32:01] "GET /get_progress/default_file HTTP/1.1" 200 -
2025-04-03 23:32:02,345 - INFO - 127.0.0.1 - - [03/Apr/2025 23:32:02] "GET /get_progress/default_file HTTP/1.1" 200 -
2025-04-03 23:32:03,345 - INFO - 127.0.0.1 - - [03/Apr/2025 23:32:03] "GET /get_progress/default_file HTTP/1.1" 200 -
2025-04-03 23:32:04,345 - INFO - 127.0.0.1 - - [03/Apr/2025 23:32:04] "GET /get_progress/default_file HTTP/1.1" 200 -
2025-04-03 23:32:05,345 - INFO - 127.0.0.1 - - [03/Apr/2025 23:32:05] "GET /get_progress/default_file HTTP/1.1" 200 -
2025-04-03 23:32:06,344 - INFO - 127.0.0.1 - - [03/Apr/2025 23:32:06] "GET /get_progress/default_file HTTP/1.1" 200 -
2025-04-03 23:32:07,345 - INFO - 127.0.0.1 - - [03/Apr/2025 23:32:07] "GET /get_progress/default_file HTTP/1.1" 200 -
2025-04-03 23:32:08,345 - INFO - 127.0.0.1 - - [03/Apr/2025 23:32:08] "GET /get_progress/default_file HTTP/1.1" 200 -
2025-04-03 23:32:09,344 - INFO - 127.0.0.1 - - [03/Apr/2025 23:32:09] "GET /get_progress/default_file HTTP/1.1" 200 -
2025-04-03 23:32:10,346 - INFO - 127.0.0.1 - - [03/Apr/2025 23:32:10] "GET /get_progress/default_file HTTP/1.1" 200 -
2025-04-03 23:32:11,344 - INFO - 127.0.0.1 - - [03/Apr/2025 23:32:11] "GET /get_progress/default_file HTTP/1.1" 200 -
2025-04-03 23:32:12,345 - INFO - 127.0.0.1 - - [03/Apr/2025 23:32:12] "GET /get_progress/default_file HTTP/1.1" 200 -
2025-04-03 23:32:13,344 - INFO - 127.0.0.1 - - [03/Apr/2025 23:32:13] "GET /get_progress/default_file HTTP/1.1" 200 -
2025-04-03 23:32:14,343 - INFO - 127.0.0.1 - - [03/Apr/2025 23:32:14] "GET /get_progress/default_file HTTP/1.1" 200 -
2025-04-03 23:32:15,360 - INFO - 127.0.0.1 - - [03/Apr/2025 23:32:15] "GET /get_progress/default_file HTTP/1.1" 200 -
2025-04-03 23:32:16,344 - INFO - 127.0.0.1 - - [03/Apr/2025 23:32:16] "GET /get_progress/default_file HTTP/1.1" 200 -
2025-04-03 23:32:17,762 - INFO - 127.0.0.1 - - [03/Apr/2025 23:32:17] "GET /get_progress/default_file HTTP/1.1" 200 -
2025-04-03 23:32:18,765 - INFO - 127.0.0.1 - - [03/Apr/2025 23:32:18] "GET /get_progress/default_file HTTP/1.1" 200 -
2025-04-03 23:32:19,761 - INFO - 127.0.0.1 - - [03/Apr/2025 23:32:19] "GET /get_progress/default_file HTTP/1.1" 200 -
2025-04-03 23:32:20,762 - INFO - 127.0.0.1 - - [03/Apr/2025 23:32:20] "GET /get_progress/default_file HTTP/1.1" 200 -
2025-04-03 23:32:21,761 - INFO - 127.0.0.1 - - [03/Apr/2025 23:32:21] "GET /get_progress/default_file HTTP/1.1" 200 -
2025-04-03 23:32:22,769 - INFO - 127.0.0.1 - - [03/Apr/2025 23:32:22] "GET /get_progress/default_file HTTP/1.1" 200 -
2025-04-03 23:32:23,760 - INFO - 127.0.0.1 - - [03/Apr/2025 23:32:23] "GET /get_progress/default_file HTTP/1.1" 200 -
2025-04-03 23:32:24,762 - INFO - 127.0.0.1 - - [03/Apr/2025 23:32:24] "GET /get_progress/default_file HTTP/1.1" 200 -
2025-04-03 23:32:25,761 - INFO - 127.0.0.1 - - [03/Apr/2025 23:32:25] "GET /get_progress/default_file HTTP/1.1" 200 -
2025-04-03 23:32:26,760 - INFO - 127.0.0.1 - - [03/Apr/2025 23:32:26] "GET /get_progress/default_file HTTP/1.1" 200 -
2025-04-03 23:32:27,765 - INFO - 127.0.0.1 - - [03/Apr/2025 23:32:27] "GET /get_progress/default_file HTTP/1.1" 200 -
2025-04-03 23:32:28,762 - INFO - 127.0.0.1 - - [03/Apr/2025 23:32:28] "GET /get_progress/default_file HTTP/1.1" 200 -
2025-04-03 23:32:29,773 - INFO - 127.0.0.1 - - [03/Apr/2025 23:32:29] "GET /get_progress/default_file HTTP/1.1" 200 -
2025-04-03 23:32:30,768 - INFO - 127.0.0.1 - - [03/Apr/2025 23:32:30] "GET /get_progress/default_file HTTP/1.1" 200 -
2025-04-03 23:32:31,761 - INFO - 127.0.0.1 - - [03/Apr/2025 23:32:31] "GET /get_progress/default_file HTTP/1.1" 200 -
2025-04-03 23:32:32,765 - INFO - 127.0.0.1 - - [03/Apr/2025 23:32:32] "GET /get_progress/default_file HTTP/1.1" 200 -
2025-04-03 23:32:33,770 - INFO - 127.0.0.1 - - [03/Apr/2025 23:32:33] "GET /get_progress/default_file HTTP/1.1" 200 -
2025-04-03 23:32:34,767 - INFO - 127.0.0.1 - - [03/Apr/2025 23:32:34] "GET /get_progress/default_file HTTP/1.1" 200 -
2025-04-03 23:32:35,774 - INFO - 127.0.0.1 - - [03/Apr/2025 23:32:35] "GET /get_progress/default_file HTTP/1.1" 200 -
2025-04-03 23:32:36,760 - INFO - 127.0.0.1 - - [03/Apr/2025 23:32:36] "GET /get_progress/default_file HTTP/1.1" 200 -
2025-04-03 23:32:37,775 - INFO - 127.0.0.1 - - [03/Apr/2025 23:32:37] "GET /get_progress/default_file HTTP/1.1" 200 -
2025-04-03 23:32:38,760 - INFO - 127.0.0.1 - - [03/Apr/2025 23:32:38] "GET /get_progress/default_file HTTP/1.1" 200 -
2025-04-03 23:32:39,768 - INFO - 127.0.0.1 - - [03/Apr/2025 23:32:39] "GET /get_progress/default_file HTTP/1.1" 200 -
2025-04-03 23:32:40,762 - INFO - 127.0.0.1 - - [03/Apr/2025 23:32:40] "GET /get_progress/default_file HTTP/1.1" 200 -
2025-04-03 23:32:41,776 - INFO - 127.0.0.1 - - [03/Apr/2025 23:32:41] "GET /get_progress/default_file HTTP/1.1" 200 -
2025-04-03 23:32:42,760 - INFO - 127.0.0.1 - - [03/Apr/2025 23:32:42] "GET /get_progress/default_file HTTP/1.1" 200 -
2025-04-03 23:32:43,760 - INFO - 127.0.0.1 - - [03/Apr/2025 23:32:43] "GET /get_progress/default_file HTTP/1.1" 200 -
2025-04-03 23:32:44,764 - INFO - 127.0.0.1 - - [03/Apr/2025 23:32:44] "GET /get_progress/default_file HTTP/1.1" 200 -
2025-04-03 23:32:45,764 - INFO - 127.0.0.1 - - [03/Apr/2025 23:32:45] "GET /get_progress/default_file HTTP/1.1" 200 -
2025-04-03 23:32:46,763 - INFO - 127.0.0.1 - - [03/Apr/2025 23:32:46] "GET /get_progress/default_file HTTP/1.1" 200 -
2025-04-03 23:32:47,765 - INFO - 127.0.0.1 - - [03/Apr/2025 23:32:47] "GET /get_progress/default_file HTTP/1.1" 200 -
2025-04-03 23:32:48,765 - INFO - 127.0.0.1 - - [03/Apr/2025 23:32:48] "GET /get_progress/default_file HTTP/1.1" 200 -
2025-04-03 23:32:49,767 - INFO - 127.0.0.1 - - [03/Apr/2025 23:32:49] "GET /get_progress/default_file HTTP/1.1" 200 -
2025-04-03 23:32:50,771 - INFO - 127.0.0.1 - - [03/Apr/2025 23:32:50] "GET /get_progress/default_file HTTP/1.1" 200 -
2025-04-03 23:32:51,591 - INFO -  * Detected change in 'C:\\Users\\user\\Desktop\\Spring 2025\\Networks\\SocketProgrammingProject\\client.py', reloading
2025-04-03 23:32:51,620 - INFO -  * Restarting with stat
2025-04-03 23:32:52,078 - WARNING -  * Debugger is active!
2025-04-03 23:32:52,079 - INFO -  * Debugger PIN: 102-924-386
2025-04-03 23:32:52,086 - INFO - 127.0.0.1 - - [03/Apr/2025 23:32:52] "GET /get_progress/default_file HTTP/1.1" 200 -
2025-04-03 23:32:52,771 - INFO - 127.0.0.1 - - [03/Apr/2025 23:32:52] "GET /get_progress/default_file HTTP/1.1" 200 -
2025-04-03 23:32:53,764 - INFO - 127.0.0.1 - - [03/Apr/2025 23:32:53] "GET /get_progress/default_file HTTP/1.1" 200 -
2025-04-03 23:32:54,094 - INFO -  * Detected change in 'C:\\Users\\user\\Desktop\\Spring 2025\\Networks\\SocketProgrammingProject\\client.py', reloading
2025-04-03 23:32:54,129 - INFO -  * Restarting with stat
2025-04-03 23:32:54,587 - WARNING -  * Debugger is active!
2025-04-03 23:32:54,589 - INFO -  * Debugger PIN: 102-924-386
2025-04-03 23:32:54,771 - INFO - 127.0.0.1 - - [03/Apr/2025 23:32:54] "GET /get_progress/default_file HTTP/1.1" 200 -
2025-04-03 23:32:55,764 - INFO - 127.0.0.1 - - [03/Apr/2025 23:32:55] "GET /get_progress/default_file HTTP/1.1" 200 -
2025-04-03 23:32:56,768 - INFO - 127.0.0.1 - - [03/Apr/2025 23:32:56] "GET /get_progress/default_file HTTP/1.1" 200 -
2025-04-03 23:32:57,767 - INFO - 127.0.0.1 - - [03/Apr/2025 23:32:57] "GET /get_progress/default_file HTTP/1.1" 200 -
2025-04-03 23:32:58,345 - INFO - 127.0.0.1 - - [03/Apr/2025 23:32:58] "GET /get_progress/default_file HTTP/1.1" 200 -
2025-04-03 23:32:59,343 - INFO - 127.0.0.1 - - [03/Apr/2025 23:32:59] "GET /get_progress/default_file HTTP/1.1" 200 -
2025-04-03 23:33:00,349 - INFO - 127.0.0.1 - - [03/Apr/2025 23:33:00] "GET /get_progress/default_file HTTP/1.1" 200 -
2025-04-03 23:33:01,344 - INFO - 127.0.0.1 - - [03/Apr/2025 23:33:01] "GET /get_progress/default_file HTTP/1.1" 200 -
2025-04-03 23:33:02,352 - INFO - 127.0.0.1 - - [03/Apr/2025 23:33:02] "GET /get_progress/default_file HTTP/1.1" 200 -
2025-04-03 23:33:03,342 - INFO - 127.0.0.1 - - [03/Apr/2025 23:33:03] "GET /get_progress/default_file HTTP/1.1" 200 -
2025-04-03 23:33:04,341 - INFO - 127.0.0.1 - - [03/Apr/2025 23:33:04] "GET /get_progress/default_file HTTP/1.1" 200 -
2025-04-03 23:33:05,345 - INFO - 127.0.0.1 - - [03/Apr/2025 23:33:05] "GET /get_progress/default_file HTTP/1.1" 200 -
2025-04-03 23:33:06,342 - INFO - 127.0.0.1 - - [03/Apr/2025 23:33:06] "GET /get_progress/default_file HTTP/1.1" 200 -
2025-04-03 23:33:07,345 - INFO - 127.0.0.1 - - [03/Apr/2025 23:33:07] "GET /get_progress/default_file HTTP/1.1" 200 -
2025-04-03 23:33:08,341 - INFO - 127.0.0.1 - - [03/Apr/2025 23:33:08] "GET /get_progress/default_file HTTP/1.1" 200 -
2025-04-03 23:33:09,346 - INFO - 127.0.0.1 - - [03/Apr/2025 23:33:09] "GET /get_progress/default_file HTTP/1.1" 200 -
2025-04-03 23:33:10,342 - INFO - 127.0.0.1 - - [03/Apr/2025 23:33:10] "GET /get_progress/default_file HTTP/1.1" 200 -
2025-04-03 23:33:11,351 - INFO - 127.0.0.1 - - [03/Apr/2025 23:33:11] "GET /get_progress/default_file HTTP/1.1" 200 -
2025-04-03 23:33:12,341 - INFO - 127.0.0.1 - - [03/Apr/2025 23:33:12] "GET /get_progress/default_file HTTP/1.1" 200 -
2025-04-03 23:33:13,349 - INFO - 127.0.0.1 - - [03/Apr/2025 23:33:13] "GET /get_progress/default_file HTTP/1.1" 200 -
2025-04-03 23:33:13,914 - INFO - New connection established with client of address = ('127.0.0.1', 55942)
2025-04-03 23:33:13,914 - INFO - New serving socket connected to address = ('127.0.0.1', 55942)
2025-04-03 23:33:13,914 - WARNING - Unknown command: 1LAS 201 SDG 6 HW Mohamad Mehdi.pdf
2025-04-03 23:33:13,915 - INFO - Connection with ('127.0.0.1', 55942) closed
2025-04-03 23:33:13,924 - ERROR - Error in client operation: [WinError 10053] An established connection was aborted by the software in your host machine
2025-04-03 23:33:13,924 - INFO - 127.0.0.1 - - [03/Apr/2025 23:33:13] "POST /upload HTTP/1.1" 200 -
2025-04-03 23:33:16,086 - INFO - New connection established with client of address = ('127.0.0.1', 55945)
2025-04-03 23:33:16,087 - INFO - New serving socket connected to address = ('127.0.0.1', 55945)
2025-04-03 23:33:16,087 - INFO - List files request received
2025-04-03 23:33:16,087 - INFO - File list sent to client
2025-04-03 23:33:16,087 - INFO - 127.0.0.1 - - [03/Apr/2025 23:33:16] "GET /get_progress/default_file HTTP/1.1" 200 -
2025-04-03 23:33:16,087 - INFO - Connection with ('127.0.0.1', 55945) closed
2025-04-03 23:33:16,088 - INFO - 127.0.0.1 - - [03/Apr/2025 23:33:16] "GET /list HTTP/1.1" 200 -
2025-04-03 23:33:16,352 - INFO - 127.0.0.1 - - [03/Apr/2025 23:33:16] "GET /get_progress/default_file HTTP/1.1" 200 -
2025-04-03 23:33:17,354 - INFO - 127.0.0.1 - - [03/Apr/2025 23:33:17] "GET /get_progress/default_file HTTP/1.1" 200 -
2025-04-03 23:33:18,356 - INFO - 127.0.0.1 - - [03/Apr/2025 23:33:18] "GET /get_progress/default_file HTTP/1.1" 200 -
2025-04-03 23:33:19,351 - INFO - 127.0.0.1 - - [03/Apr/2025 23:33:19] "GET /get_progress/default_file HTTP/1.1" 200 -
2025-04-03 23:33:20,349 - INFO - 127.0.0.1 - - [03/Apr/2025 23:33:20] "GET /get_progress/default_file HTTP/1.1" 200 -
2025-04-03 23:33:21,354 - INFO - 127.0.0.1 - - [03/Apr/2025 23:33:21] "GET /get_progress/default_file HTTP/1.1" 200 -
2025-04-03 23:33:22,349 - INFO - 127.0.0.1 - - [03/Apr/2025 23:33:22] "GET /get_progress/default_file HTTP/1.1" 200 -
2025-04-03 23:33:23,357 - INFO - 127.0.0.1 - - [03/Apr/2025 23:33:23] "GET /get_progress/default_file HTTP/1.1" 200 -
2025-04-03 23:33:24,352 - INFO - 127.0.0.1 - - [03/Apr/2025 23:33:24] "GET /get_progress/default_file HTTP/1.1" 200 -
2025-04-03 23:33:25,358 - INFO - 127.0.0.1 - - [03/Apr/2025 23:33:25] "GET /get_progress/default_file HTTP/1.1" 200 -
2025-04-03 23:33:26,343 - INFO - 127.0.0.1 - - [03/Apr/2025 23:33:26] "GET /get_progress/default_file HTTP/1.1" 200 -
2025-04-03 23:33:27,343 - INFO - 127.0.0.1 - - [03/Apr/2025 23:33:27] "GET /get_progress/default_file HTTP/1.1" 200 -
2025-04-03 23:33:28,342 - INFO - 127.0.0.1 - - [03/Apr/2025 23:33:28] "GET /get_progress/default_file HTTP/1.1" 200 -
2025-04-03 23:33:29,343 - INFO - 127.0.0.1 - - [03/Apr/2025 23:33:29] "GET /get_progress/default_file HTTP/1.1" 200 -
2025-04-03 23:33:30,356 - INFO - 127.0.0.1 - - [03/Apr/2025 23:33:30] "GET /get_progress/default_file HTTP/1.1" 200 -
2025-04-03 23:33:31,348 - INFO - 127.0.0.1 - - [03/Apr/2025 23:33:31] "GET /get_progress/default_file HTTP/1.1" 200 -
2025-04-03 23:33:32,357 - INFO - 127.0.0.1 - - [03/Apr/2025 23:33:32] "GET /get_progress/default_file HTTP/1.1" 200 -
2025-04-03 23:33:33,342 - INFO - 127.0.0.1 - - [03/Apr/2025 23:33:33] "GET /get_progress/default_file HTTP/1.1" 200 -
2025-04-03 23:33:34,343 - INFO - 127.0.0.1 - - [03/Apr/2025 23:33:34] "GET /get_progress/default_file HTTP/1.1" 200 -
2025-04-03 23:33:35,354 - INFO - 127.0.0.1 - - [03/Apr/2025 23:33:35] "GET /get_progress/default_file HTTP/1.1" 200 -
2025-04-03 23:33:36,341 - INFO - 127.0.0.1 - - [03/Apr/2025 23:33:36] "GET /get_progress/default_file HTTP/1.1" 200 -
2025-04-03 23:33:37,342 - INFO - 127.0.0.1 - - [03/Apr/2025 23:33:37] "GET /get_progress/default_file HTTP/1.1" 200 -
2025-04-03 23:33:38,357 - INFO - 127.0.0.1 - - [03/Apr/2025 23:33:38] "GET /get_progress/default_file HTTP/1.1" 200 -
2025-04-03 23:33:39,356 - INFO - 127.0.0.1 - - [03/Apr/2025 23:33:39] "GET /get_progress/default_file HTTP/1.1" 200 -
2025-04-03 23:33:40,355 - INFO - 127.0.0.1 - - [03/Apr/2025 23:33:40] "GET /get_progress/default_file HTTP/1.1" 200 -
2025-04-03 23:33:41,344 - INFO - 127.0.0.1 - - [03/Apr/2025 23:33:41] "GET /get_progress/default_file HTTP/1.1" 200 -
2025-04-03 23:33:42,345 - INFO - 127.0.0.1 - - [03/Apr/2025 23:33:42] "GET /get_progress/default_file HTTP/1.1" 200 -
2025-04-03 23:33:43,354 - INFO - 127.0.0.1 - - [03/Apr/2025 23:33:43] "GET /get_progress/default_file HTTP/1.1" 200 -
2025-04-03 23:33:44,355 - INFO - 127.0.0.1 - - [03/Apr/2025 23:33:44] "GET /get_progress/default_file HTTP/1.1" 200 -
2025-04-03 23:33:45,352 - INFO - 127.0.0.1 - - [03/Apr/2025 23:33:45] "GET /get_progress/default_file HTTP/1.1" 200 -
2025-04-03 23:33:46,343 - INFO - 127.0.0.1 - - [03/Apr/2025 23:33:46] "GET /get_progress/default_file HTTP/1.1" 200 -
2025-04-03 23:33:47,357 - INFO - 127.0.0.1 - - [03/Apr/2025 23:33:47] "GET /get_progress/default_file HTTP/1.1" 200 -
2025-04-03 23:33:48,358 - INFO - 127.0.0.1 - - [03/Apr/2025 23:33:48] "GET /get_progress/default_file HTTP/1.1" 200 -
2025-04-03 23:33:49,341 - INFO - 127.0.0.1 - - [03/Apr/2025 23:33:49] "GET /get_progress/default_file HTTP/1.1" 200 -
2025-04-03 23:33:50,347 - INFO - 127.0.0.1 - - [03/Apr/2025 23:33:50] "GET /get_progress/default_file HTTP/1.1" 200 -
2025-04-03 23:33:51,357 - INFO - 127.0.0.1 - - [03/Apr/2025 23:33:51] "GET /get_progress/default_file HTTP/1.1" 200 -
2025-04-03 23:33:52,352 - INFO - 127.0.0.1 - - [03/Apr/2025 23:33:52] "GET /get_progress/default_file HTTP/1.1" 200 -
2025-04-03 23:33:53,347 - INFO - 127.0.0.1 - - [03/Apr/2025 23:33:53] "GET /get_progress/default_file HTTP/1.1" 200 -
2025-04-03 23:33:54,351 - INFO - 127.0.0.1 - - [03/Apr/2025 23:33:54] "GET /get_progress/default_file HTTP/1.1" 200 -
2025-04-03 23:33:55,350 - INFO - 127.0.0.1 - - [03/Apr/2025 23:33:55] "GET /get_progress/default_file HTTP/1.1" 200 -
2025-04-03 23:33:56,355 - INFO - 127.0.0.1 - - [03/Apr/2025 23:33:56] "GET /get_progress/default_file HTTP/1.1" 200 -
2025-04-03 23:33:57,351 - INFO - 127.0.0.1 - - [03/Apr/2025 23:33:57] "GET /get_progress/default_file HTTP/1.1" 200 -
2025-04-03 23:33:58,355 - INFO - 127.0.0.1 - - [03/Apr/2025 23:33:58] "GET /get_progress/default_file HTTP/1.1" 200 -
2025-04-03 23:33:59,345 - INFO - 127.0.0.1 - - [03/Apr/2025 23:33:59] "GET /get_progress/default_file HTTP/1.1" 200 -
2025-04-03 23:34:00,353 - INFO - 127.0.0.1 - - [03/Apr/2025 23:34:00] "GET /get_progress/default_file HTTP/1.1" 200 -
2025-04-03 23:34:00,527 - INFO - New connection established with client of address = ('127.0.0.1', 55995)
2025-04-03 23:34:00,528 - INFO - New serving socket connected to address = ('127.0.0.1', 55995)
2025-04-03 23:34:00,528 - WARNING - Unknown command: 1las project.txt
2025-04-03 23:34:00,528 - INFO - Connection with ('127.0.0.1', 55995) closed
2025-04-03 23:34:00,538 - ERROR - Error in client operation: [WinError 10053] An established connection was aborted by the software in your host machine
2025-04-03 23:34:00,538 - INFO - 127.0.0.1 - - [03/Apr/2025 23:34:00] "POST /upload HTTP/1.1" 200 -
2025-04-03 23:34:05,358 - INFO - New connection established with client of address = ('127.0.0.1', 55998)
2025-04-03 23:34:05,359 - INFO - 127.0.0.1 - - [03/Apr/2025 23:34:05] "GET /get_progress/default_file HTTP/1.1" 200 -
2025-04-03 23:34:05,359 - INFO - New serving socket connected to address = ('127.0.0.1', 55998)
2025-04-03 23:34:05,359 - INFO - List files request received
2025-04-03 23:34:05,359 - INFO - File list sent to client
2025-04-03 23:34:05,359 - INFO - Connection with ('127.0.0.1', 55998) closed
2025-04-03 23:34:05,359 - INFO - 127.0.0.1 - - [03/Apr/2025 23:34:05] "GET /list HTTP/1.1" 200 -
2025-04-03 23:34:06,354 - INFO - 127.0.0.1 - - [03/Apr/2025 23:34:06] "GET /get_progress/default_file HTTP/1.1" 200 -
2025-04-03 23:34:07,342 - INFO - 127.0.0.1 - - [03/Apr/2025 23:34:07] "GET /get_progress/default_file HTTP/1.1" 200 -
2025-04-03 23:34:08,348 - INFO - 127.0.0.1 - - [03/Apr/2025 23:34:08] "GET /get_progress/default_file HTTP/1.1" 200 -
2025-04-03 23:34:09,345 - INFO - 127.0.0.1 - - [03/Apr/2025 23:34:09] "GET /get_progress/default_file HTTP/1.1" 200 -
2025-04-03 23:34:10,351 - INFO - 127.0.0.1 - - [03/Apr/2025 23:34:10] "GET /get_progress/default_file HTTP/1.1" 200 -
2025-04-03 23:34:11,345 - INFO - 127.0.0.1 - - [03/Apr/2025 23:34:11] "GET /get_progress/default_file HTTP/1.1" 200 -
2025-04-03 23:34:12,344 - INFO - 127.0.0.1 - - [03/Apr/2025 23:34:12] "GET /get_progress/default_file HTTP/1.1" 200 -
2025-04-03 23:34:13,346 - INFO - 127.0.0.1 - - [03/Apr/2025 23:34:13] "GET /get_progress/default_file HTTP/1.1" 200 -
2025-04-03 23:34:14,356 - INFO - 127.0.0.1 - - [03/Apr/2025 23:34:14] "GET /get_progress/default_file HTTP/1.1" 200 -
2025-04-03 23:34:15,358 - INFO - 127.0.0.1 - - [03/Apr/2025 23:34:15] "GET /get_progress/default_file HTTP/1.1" 200 -
2025-04-03 23:34:16,353 - INFO - 127.0.0.1 - - [03/Apr/2025 23:34:16] "GET /get_progress/default_file HTTP/1.1" 200 -
2025-04-03 23:34:17,344 - INFO - 127.0.0.1 - - [03/Apr/2025 23:34:17] "GET /get_progress/default_file HTTP/1.1" 200 -
2025-04-03 23:34:18,345 - INFO - 127.0.0.1 - - [03/Apr/2025 23:34:18] "GET /get_progress/default_file HTTP/1.1" 200 -
2025-04-03 23:34:19,356 - INFO - 127.0.0.1 - - [03/Apr/2025 23:34:19] "GET /get_progress/default_file HTTP/1.1" 200 -
2025-04-03 23:34:20,348 - INFO - 127.0.0.1 - - [03/Apr/2025 23:34:20] "GET /get_progress/default_file HTTP/1.1" 200 -
2025-04-03 23:34:21,356 - INFO - 127.0.0.1 - - [03/Apr/2025 23:34:21] "GET /get_progress/default_file HTTP/1.1" 200 -
2025-04-03 23:34:22,343 - INFO - 127.0.0.1 - - [03/Apr/2025 23:34:22] "GET /get_progress/default_file HTTP/1.1" 200 -
2025-04-03 23:34:23,351 - INFO - 127.0.0.1 - - [03/Apr/2025 23:34:23] "GET /get_progress/default_file HTTP/1.1" 200 -
2025-04-03 23:34:24,352 - INFO - 127.0.0.1 - - [03/Apr/2025 23:34:24] "GET /get_progress/default_file HTTP/1.1" 200 -
2025-04-03 23:34:25,349 - INFO - 127.0.0.1 - - [03/Apr/2025 23:34:25] "GET /get_progress/default_file HTTP/1.1" 200 -
2025-04-03 23:34:26,341 - INFO - 127.0.0.1 - - [03/Apr/2025 23:34:26] "GET /get_progress/default_file HTTP/1.1" 200 -
2025-04-03 23:34:27,345 - INFO - 127.0.0.1 - - [03/Apr/2025 23:34:27] "GET /get_progress/default_file HTTP/1.1" 200 -
2025-04-03 23:34:28,347 - INFO - 127.0.0.1 - - [03/Apr/2025 23:34:28] "GET /get_progress/default_file HTTP/1.1" 200 -
2025-04-03 23:34:29,344 - INFO - 127.0.0.1 - - [03/Apr/2025 23:34:29] "GET /get_progress/default_file HTTP/1.1" 200 -
2025-04-03 23:34:30,343 - INFO - 127.0.0.1 - - [03/Apr/2025 23:34:30] "GET /get_progress/default_file HTTP/1.1" 200 -
2025-04-03 23:34:31,347 - INFO - 127.0.0.1 - - [03/Apr/2025 23:34:31] "GET /get_progress/default_file HTTP/1.1" 200 -
2025-04-03 23:34:32,343 - INFO - 127.0.0.1 - - [03/Apr/2025 23:34:32] "GET /get_progress/default_file HTTP/1.1" 200 -
2025-04-03 23:34:33,344 - INFO - 127.0.0.1 - - [03/Apr/2025 23:34:33] "GET /get_progress/default_file HTTP/1.1" 200 -
2025-04-03 23:34:34,343 - INFO - 127.0.0.1 - - [03/Apr/2025 23:34:34] "GET /get_progress/default_file HTTP/1.1" 200 -
2025-04-03 23:34:35,343 - INFO - 127.0.0.1 - - [03/Apr/2025 23:34:35] "GET /get_progress/default_file HTTP/1.1" 200 -
2025-04-03 23:34:36,347 - INFO - 127.0.0.1 - - [03/Apr/2025 23:34:36] "GET /get_progress/default_file HTTP/1.1" 200 -
2025-04-03 23:34:37,343 - INFO - 127.0.0.1 - - [03/Apr/2025 23:34:37] "GET /get_progress/default_file HTTP/1.1" 200 -
2025-04-03 23:34:38,356 - INFO - 127.0.0.1 - - [03/Apr/2025 23:34:38] "GET /get_progress/default_file HTTP/1.1" 200 -
2025-04-03 23:34:39,355 - INFO - 127.0.0.1 - - [03/Apr/2025 23:34:39] "GET /get_progress/default_file HTTP/1.1" 200 -
2025-04-03 23:34:40,342 - INFO - 127.0.0.1 - - [03/Apr/2025 23:34:40] "GET /get_progress/default_file HTTP/1.1" 200 -
2025-04-03 23:34:41,343 - INFO - 127.0.0.1 - - [03/Apr/2025 23:34:41] "GET /get_progress/default_file HTTP/1.1" 200 -
2025-04-03 23:34:42,341 - INFO - 127.0.0.1 - - [03/Apr/2025 23:34:42] "GET /get_progress/default_file HTTP/1.1" 200 -
2025-04-03 23:34:43,354 - INFO - 127.0.0.1 - - [03/Apr/2025 23:34:43] "GET /get_progress/default_file HTTP/1.1" 200 -
2025-04-03 23:34:44,352 - INFO - 127.0.0.1 - - [03/Apr/2025 23:34:44] "GET /get_progress/default_file HTTP/1.1" 200 -
2025-04-03 23:34:45,342 - INFO - 127.0.0.1 - - [03/Apr/2025 23:34:45] "GET /get_progress/default_file HTTP/1.1" 200 -
2025-04-03 23:34:46,346 - INFO - 127.0.0.1 - - [03/Apr/2025 23:34:46] "GET /get_progress/default_file HTTP/1.1" 200 -
2025-04-03 23:34:47,342 - INFO - 127.0.0.1 - - [03/Apr/2025 23:34:47] "GET /get_progress/default_file HTTP/1.1" 200 -
2025-04-03 23:34:48,359 - INFO - 127.0.0.1 - - [03/Apr/2025 23:34:48] "GET /get_progress/default_file HTTP/1.1" 200 -
2025-04-03 23:34:49,342 - INFO - 127.0.0.1 - - [03/Apr/2025 23:34:49] "GET /get_progress/default_file HTTP/1.1" 200 -
2025-04-03 23:34:50,358 - INFO - 127.0.0.1 - - [03/Apr/2025 23:34:50] "GET /get_progress/default_file HTTP/1.1" 200 -
2025-04-03 23:34:51,353 - INFO - 127.0.0.1 - - [03/Apr/2025 23:34:51] "GET /get_progress/default_file HTTP/1.1" 200 -
2025-04-03 23:34:52,347 - INFO - 127.0.0.1 - - [03/Apr/2025 23:34:52] "GET /get_progress/default_file HTTP/1.1" 200 -
2025-04-03 23:34:53,347 - INFO - 127.0.0.1 - - [03/Apr/2025 23:34:53] "GET /get_progress/default_file HTTP/1.1" 200 -
2025-04-03 23:34:54,349 - INFO - 127.0.0.1 - - [03/Apr/2025 23:34:54] "GET /get_progress/default_file HTTP/1.1" 200 -
2025-04-03 23:34:55,349 - INFO - 127.0.0.1 - - [03/Apr/2025 23:34:55] "GET /get_progress/default_file HTTP/1.1" 200 -
2025-04-03 23:34:56,345 - INFO - 127.0.0.1 - - [03/Apr/2025 23:34:56] "GET /get_progress/default_file HTTP/1.1" 200 -
2025-04-03 23:34:57,341 - INFO - 127.0.0.1 - - [03/Apr/2025 23:34:57] "GET /get_progress/default_file HTTP/1.1" 200 -
2025-04-03 23:34:58,348 - INFO - 127.0.0.1 - - [03/Apr/2025 23:34:58] "GET /get_progress/default_file HTTP/1.1" 200 -
2025-04-03 23:34:59,347 - INFO - 127.0.0.1 - - [03/Apr/2025 23:34:59] "GET /get_progress/default_file HTTP/1.1" 200 -
2025-04-03 23:35:00,347 - INFO - 127.0.0.1 - - [03/Apr/2025 23:35:00] "GET /get_progress/default_file HTTP/1.1" 200 -
2025-04-03 23:35:01,347 - INFO - 127.0.0.1 - - [03/Apr/2025 23:35:01] "GET /get_progress/default_file HTTP/1.1" 200 -
2025-04-03 23:35:02,353 - INFO - 127.0.0.1 - - [03/Apr/2025 23:35:02] "GET /get_progress/default_file HTTP/1.1" 200 -
2025-04-03 23:35:03,352 - INFO - 127.0.0.1 - - [03/Apr/2025 23:35:03] "GET /get_progress/default_file HTTP/1.1" 200 -
2025-04-03 23:35:04,354 - INFO - 127.0.0.1 - - [03/Apr/2025 23:35:04] "GET /get_progress/default_file HTTP/1.1" 200 -
2025-04-03 23:35:05,355 - INFO - 127.0.0.1 - - [03/Apr/2025 23:35:05] "GET /get_progress/default_file HTTP/1.1" 200 -
2025-04-03 23:35:06,354 - INFO - 127.0.0.1 - - [03/Apr/2025 23:35:06] "GET /get_progress/default_file HTTP/1.1" 200 -
2025-04-03 23:35:07,340 - INFO - 127.0.0.1 - - [03/Apr/2025 23:35:07] "GET /get_progress/default_file HTTP/1.1" 200 -
2025-04-03 23:35:08,347 - INFO - 127.0.0.1 - - [03/Apr/2025 23:35:08] "GET /get_progress/default_file HTTP/1.1" 200 -
2025-04-03 23:35:09,347 - INFO - 127.0.0.1 - - [03/Apr/2025 23:35:09] "GET /get_progress/default_file HTTP/1.1" 200 -
2025-04-03 23:35:10,352 - INFO - 127.0.0.1 - - [03/Apr/2025 23:35:10] "GET /get_progress/default_file HTTP/1.1" 200 -
2025-04-03 23:35:11,340 - INFO - 127.0.0.1 - - [03/Apr/2025 23:35:11] "GET /get_progress/default_file HTTP/1.1" 200 -
2025-04-03 23:35:12,349 - INFO - 127.0.0.1 - - [03/Apr/2025 23:35:12] "GET /get_progress/default_file HTTP/1.1" 200 -
2025-04-03 23:35:13,318 - INFO - 127.0.0.1 - - [03/Apr/2025 23:35:13] "GET / HTTP/1.1" 200 -
2025-04-03 23:35:13,369 - INFO - 127.0.0.1 - - [03/Apr/2025 23:35:13] "[36mGET /static/script.js HTTP/1.1[0m" 304 -
2025-04-03 23:35:13,370 - INFO - 127.0.0.1 - - [03/Apr/2025 23:35:13] "[36mGET /static/styles.css HTTP/1.1[0m" 304 -
2025-04-03 23:35:13,376 - INFO - New connection established with client of address = ('127.0.0.1', 56076)
2025-04-03 23:35:13,377 - INFO - New serving socket connected to address = ('127.0.0.1', 56076)
2025-04-03 23:35:13,377 - INFO - List files request received
2025-04-03 23:35:13,377 - INFO - File list sent to client
2025-04-03 23:35:13,377 - INFO - Connection with ('127.0.0.1', 56076) closed
2025-04-03 23:35:13,377 - INFO - 127.0.0.1 - - [03/Apr/2025 23:35:13] "GET /list HTTP/1.1" 200 -
2025-04-03 23:35:14,304 - INFO - 127.0.0.1 - - [03/Apr/2025 23:35:14] "GET / HTTP/1.1" 200 -
2025-04-03 23:35:14,312 - INFO - 127.0.0.1 - - [03/Apr/2025 23:35:14] "[36mGET /static/styles.css HTTP/1.1[0m" 304 -
2025-04-03 23:35:14,313 - INFO - 127.0.0.1 - - [03/Apr/2025 23:35:14] "[36mGET /static/script.js HTTP/1.1[0m" 304 -
2025-04-03 23:35:14,317 - INFO - New connection established with client of address = ('127.0.0.1', 56081)
2025-04-03 23:35:14,317 - INFO - New serving socket connected to address = ('127.0.0.1', 56081)
2025-04-03 23:35:14,317 - INFO - List files request received
2025-04-03 23:35:14,317 - INFO - File list sent to client
2025-04-03 23:35:14,317 - INFO - Connection with ('127.0.0.1', 56081) closed
2025-04-03 23:35:14,317 - INFO - 127.0.0.1 - - [03/Apr/2025 23:35:14] "GET /list HTTP/1.1" 200 -
2025-04-03 23:35:15,318 - INFO - 127.0.0.1 - - [03/Apr/2025 23:35:15] "GET /get_progress/default_file HTTP/1.1" 200 -
2025-04-03 23:35:16,329 - INFO - 127.0.0.1 - - [03/Apr/2025 23:35:16] "GET /get_progress/default_file HTTP/1.1" 200 -
2025-04-03 23:35:17,321 - INFO - 127.0.0.1 - - [03/Apr/2025 23:35:17] "GET /get_progress/default_file HTTP/1.1" 200 -
2025-04-03 23:35:18,333 - INFO - 127.0.0.1 - - [03/Apr/2025 23:35:18] "GET /get_progress/default_file HTTP/1.1" 200 -
2025-04-03 23:35:19,327 - INFO - 127.0.0.1 - - [03/Apr/2025 23:35:19] "GET /get_progress/default_file HTTP/1.1" 200 -
2025-04-03 23:35:20,323 - INFO - 127.0.0.1 - - [03/Apr/2025 23:35:20] "GET /get_progress/default_file HTTP/1.1" 200 -
2025-04-03 23:35:21,324 - INFO - 127.0.0.1 - - [03/Apr/2025 23:35:21] "GET /get_progress/default_file HTTP/1.1" 200 -
2025-04-03 23:35:22,332 - INFO - 127.0.0.1 - - [03/Apr/2025 23:35:22] "GET /get_progress/default_file HTTP/1.1" 200 -
2025-04-03 23:35:23,331 - INFO - 127.0.0.1 - - [03/Apr/2025 23:35:23] "GET /get_progress/default_file HTTP/1.1" 200 -
2025-04-03 23:35:24,320 - INFO - 127.0.0.1 - - [03/Apr/2025 23:35:24] "GET /get_progress/default_file HTTP/1.1" 200 -
2025-04-03 23:35:25,322 - INFO - 127.0.0.1 - - [03/Apr/2025 23:35:25] "GET /get_progress/default_file HTTP/1.1" 200 -
2025-04-03 23:35:26,336 - INFO - 127.0.0.1 - - [03/Apr/2025 23:35:26] "GET /get_progress/default_file HTTP/1.1" 200 -
2025-04-03 23:35:27,319 - INFO - 127.0.0.1 - - [03/Apr/2025 23:35:27] "GET /get_progress/default_file HTTP/1.1" 200 -
2025-04-03 23:35:28,319 - INFO - 127.0.0.1 - - [03/Apr/2025 23:35:28] "GET /get_progress/default_file HTTP/1.1" 200 -
2025-04-03 23:35:29,325 - INFO - 127.0.0.1 - - [03/Apr/2025 23:35:29] "GET /get_progress/default_file HTTP/1.1" 200 -
2025-04-03 23:35:30,332 - INFO - 127.0.0.1 - - [03/Apr/2025 23:35:30] "GET /get_progress/default_file HTTP/1.1" 200 -
2025-04-03 23:35:31,334 - INFO - 127.0.0.1 - - [03/Apr/2025 23:35:31] "GET /get_progress/default_file HTTP/1.1" 200 -
2025-04-03 23:35:32,335 - INFO - 127.0.0.1 - - [03/Apr/2025 23:35:32] "GET /get_progress/default_file HTTP/1.1" 200 -
2025-04-03 23:35:33,321 - INFO - 127.0.0.1 - - [03/Apr/2025 23:35:33] "GET /get_progress/default_file HTTP/1.1" 200 -
2025-04-03 23:35:34,323 - INFO - 127.0.0.1 - - [03/Apr/2025 23:35:34] "GET /get_progress/default_file HTTP/1.1" 200 -
2025-04-03 23:35:35,318 - INFO - 127.0.0.1 - - [03/Apr/2025 23:35:35] "GET /get_progress/default_file HTTP/1.1" 200 -
2025-04-03 23:35:36,336 - INFO - 127.0.0.1 - - [03/Apr/2025 23:35:36] "GET /get_progress/default_file HTTP/1.1" 200 -
2025-04-03 23:35:37,323 - INFO - 127.0.0.1 - - [03/Apr/2025 23:35:37] "GET /get_progress/default_file HTTP/1.1" 200 -
2025-04-03 23:35:38,327 - INFO - 127.0.0.1 - - [03/Apr/2025 23:35:38] "GET /get_progress/default_file HTTP/1.1" 200 -
2025-04-03 23:35:39,329 - INFO - 127.0.0.1 - - [03/Apr/2025 23:35:39] "GET /get_progress/default_file HTTP/1.1" 200 -
2025-04-03 23:35:40,330 - INFO - 127.0.0.1 - - [03/Apr/2025 23:35:40] "GET /get_progress/default_file HTTP/1.1" 200 -
2025-04-03 23:35:41,334 - INFO - 127.0.0.1 - - [03/Apr/2025 23:35:41] "GET /get_progress/default_file HTTP/1.1" 200 -
2025-04-03 23:35:42,335 - INFO - 127.0.0.1 - - [03/Apr/2025 23:35:42] "GET /get_progress/default_file HTTP/1.1" 200 -
2025-04-03 23:35:43,326 - INFO - 127.0.0.1 - - [03/Apr/2025 23:35:43] "GET /get_progress/default_file HTTP/1.1" 200 -
2025-04-03 23:35:44,330 - INFO - 127.0.0.1 - - [03/Apr/2025 23:35:44] "GET /get_progress/default_file HTTP/1.1" 200 -
2025-04-03 23:35:45,325 - INFO - 127.0.0.1 - - [03/Apr/2025 23:35:45] "GET /get_progress/default_file HTTP/1.1" 200 -
2025-04-03 23:35:46,334 - INFO - 127.0.0.1 - - [03/Apr/2025 23:35:46] "GET /get_progress/default_file HTTP/1.1" 200 -
2025-04-03 23:35:47,323 - INFO - 127.0.0.1 - - [03/Apr/2025 23:35:47] "GET /get_progress/default_file HTTP/1.1" 200 -
2025-04-03 23:35:48,324 - INFO - 127.0.0.1 - - [03/Apr/2025 23:35:48] "GET /get_progress/default_file HTTP/1.1" 200 -
2025-04-03 23:35:49,324 - INFO - 127.0.0.1 - - [03/Apr/2025 23:35:49] "GET /get_progress/default_file HTTP/1.1" 200 -
2025-04-03 23:35:50,326 - INFO - 127.0.0.1 - - [03/Apr/2025 23:35:50] "GET /get_progress/default_file HTTP/1.1" 200 -
2025-04-03 23:35:51,327 - INFO - 127.0.0.1 - - [03/Apr/2025 23:35:51] "GET /get_progress/default_file HTTP/1.1" 200 -
2025-04-03 23:35:52,323 - INFO - 127.0.0.1 - - [03/Apr/2025 23:35:52] "GET /get_progress/default_file HTTP/1.1" 200 -
2025-04-03 23:35:53,121 - INFO - 127.0.0.1 - - [03/Apr/2025 23:35:53] "GET / HTTP/1.1" 200 -
2025-04-03 23:35:53,128 - INFO - 127.0.0.1 - - [03/Apr/2025 23:35:53] "[36mGET /static/styles.css HTTP/1.1[0m" 304 -
2025-04-03 23:35:53,129 - INFO - 127.0.0.1 - - [03/Apr/2025 23:35:53] "[36mGET /static/script.js HTTP/1.1[0m" 304 -
2025-04-03 23:35:53,137 - INFO - New connection established with client of address = ('127.0.0.1', 56126)
2025-04-03 23:35:53,137 - INFO - New serving socket connected to address = ('127.0.0.1', 56126)
2025-04-03 23:35:53,137 - INFO - List files request received
2025-04-03 23:35:53,137 - INFO - File list sent to client
2025-04-03 23:35:53,137 - INFO - Connection with ('127.0.0.1', 56126) closed
2025-04-03 23:35:53,137 - INFO - 127.0.0.1 - - [03/Apr/2025 23:35:53] "GET /list HTTP/1.1" 200 -
2025-04-03 23:35:53,141 - INFO - 127.0.0.1 - - [03/Apr/2025 23:35:53] "[33mGET /icons/pdf-file.png HTTP/1.1[0m" 404 -
2025-04-03 23:35:53,143 - INFO - 127.0.0.1 - - [03/Apr/2025 23:35:53] "[33mGET /icons/text-file.png HTTP/1.1[0m" 404 -
2025-04-03 23:35:54,152 - INFO - 127.0.0.1 - - [03/Apr/2025 23:35:54] "GET /get_progress/default_file HTTP/1.1" 200 -
2025-04-03 23:35:55,138 - INFO - 127.0.0.1 - - [03/Apr/2025 23:35:55] "GET /get_progress/default_file HTTP/1.1" 200 -
2025-04-03 23:35:56,141 - INFO - 127.0.0.1 - - [03/Apr/2025 23:35:56] "GET /get_progress/default_file HTTP/1.1" 200 -
2025-04-03 23:35:56,325 - INFO - New connection established with client of address = ('127.0.0.1', 56133)
2025-04-03 23:35:56,326 - INFO - New serving socket connected to address = ('127.0.0.1', 56133)
2025-04-03 23:35:56,326 - WARNING - Unknown command: 2LAS 201 SDG 6 HW Mohamad Mehdi.pdf
2025-04-03 23:35:56,326 - INFO - Connection with ('127.0.0.1', 56133) closed
2025-04-03 23:35:56,327 - INFO - 127.0.0.1 - - [03/Apr/2025 23:35:56] "POST /download HTTP/1.1" 200 -
2025-04-03 23:35:57,542 - INFO - 127.0.0.1 - - [03/Apr/2025 23:35:57] "GET /get_progress/default_file HTTP/1.1" 200 -
2025-04-03 23:35:58,142 - INFO - 127.0.0.1 - - [03/Apr/2025 23:35:58] "GET /get_progress/default_file HTTP/1.1" 200 -
2025-04-03 23:35:58,533 - INFO - New connection established with client of address = ('127.0.0.1', 56137)
2025-04-03 23:35:58,534 - INFO - New serving socket connected to address = ('127.0.0.1', 56137)
2025-04-03 23:35:58,534 - WARNING - Unknown command: 2las project.txt
2025-04-03 23:35:58,534 - INFO - Connection with ('127.0.0.1', 56137) closed
2025-04-03 23:35:58,535 - INFO - 127.0.0.1 - - [03/Apr/2025 23:35:58] "POST /download HTTP/1.1" 200 -
2025-04-03 23:36:00,015 - INFO - 127.0.0.1 - - [03/Apr/2025 23:36:00] "GET /get_progress/default_file HTTP/1.1" 200 -
2025-04-03 23:36:00,140 - INFO - 127.0.0.1 - - [03/Apr/2025 23:36:00] "GET /get_progress/default_file HTTP/1.1" 200 -
2025-04-03 23:36:01,150 - INFO - 127.0.0.1 - - [03/Apr/2025 23:36:01] "GET /get_progress/default_file HTTP/1.1" 200 -
2025-04-03 23:36:02,144 - INFO - 127.0.0.1 - - [03/Apr/2025 23:36:02] "GET /get_progress/default_file HTTP/1.1" 200 -
2025-04-03 23:36:03,153 - INFO - 127.0.0.1 - - [03/Apr/2025 23:36:03] "GET /get_progress/default_file HTTP/1.1" 200 -
2025-04-03 23:36:04,145 - INFO - 127.0.0.1 - - [03/Apr/2025 23:36:04] "GET /get_progress/default_file HTTP/1.1" 200 -
2025-04-03 23:36:05,142 - INFO - 127.0.0.1 - - [03/Apr/2025 23:36:05] "GET /get_progress/default_file HTTP/1.1" 200 -
2025-04-03 23:36:06,144 - INFO - 127.0.0.1 - - [03/Apr/2025 23:36:06] "GET /get_progress/default_file HTTP/1.1" 200 -
2025-04-03 23:36:07,140 - INFO - 127.0.0.1 - - [03/Apr/2025 23:36:07] "GET /get_progress/default_file HTTP/1.1" 200 -
2025-04-03 23:36:08,144 - INFO - 127.0.0.1 - - [03/Apr/2025 23:36:08] "GET /get_progress/default_file HTTP/1.1" 200 -
2025-04-03 23:36:09,141 - INFO - 127.0.0.1 - - [03/Apr/2025 23:36:09] "GET /get_progress/default_file HTTP/1.1" 200 -
2025-04-03 23:36:10,151 - INFO - 127.0.0.1 - - [03/Apr/2025 23:36:10] "GET /get_progress/default_file HTTP/1.1" 200 -
2025-04-03 23:36:11,152 - INFO - 127.0.0.1 - - [03/Apr/2025 23:36:11] "GET /get_progress/default_file HTTP/1.1" 200 -
2025-04-03 23:36:12,152 - INFO - 127.0.0.1 - - [03/Apr/2025 23:36:12] "GET /get_progress/default_file HTTP/1.1" 200 -
2025-04-03 23:36:13,141 - INFO - 127.0.0.1 - - [03/Apr/2025 23:36:13] "GET /get_progress/default_file HTTP/1.1" 200 -
2025-04-03 23:36:14,150 - INFO - 127.0.0.1 - - [03/Apr/2025 23:36:14] "GET /get_progress/default_file HTTP/1.1" 200 -
2025-04-03 23:36:15,137 - INFO - 127.0.0.1 - - [03/Apr/2025 23:36:15] "GET /get_progress/default_file HTTP/1.1" 200 -
2025-04-03 23:36:16,139 - INFO - 127.0.0.1 - - [03/Apr/2025 23:36:16] "GET /get_progress/default_file HTTP/1.1" 200 -
2025-04-03 23:36:17,140 - INFO - 127.0.0.1 - - [03/Apr/2025 23:36:17] "GET /get_progress/default_file HTTP/1.1" 200 -
2025-04-03 23:36:18,138 - INFO - 127.0.0.1 - - [03/Apr/2025 23:36:18] "GET /get_progress/default_file HTTP/1.1" 200 -
2025-04-03 23:36:19,141 - INFO - 127.0.0.1 - - [03/Apr/2025 23:36:19] "GET /get_progress/default_file HTTP/1.1" 200 -
2025-04-03 23:36:20,148 - INFO - 127.0.0.1 - - [03/Apr/2025 23:36:20] "GET /get_progress/default_file HTTP/1.1" 200 -
2025-04-03 23:36:21,140 - INFO - 127.0.0.1 - - [03/Apr/2025 23:36:21] "GET /get_progress/default_file HTTP/1.1" 200 -
2025-04-03 23:36:22,142 - INFO - 127.0.0.1 - - [03/Apr/2025 23:36:22] "GET /get_progress/default_file HTTP/1.1" 200 -
2025-04-03 23:36:23,143 - INFO - 127.0.0.1 - - [03/Apr/2025 23:36:23] "GET /get_progress/default_file HTTP/1.1" 200 -
2025-04-03 23:36:24,139 - INFO - 127.0.0.1 - - [03/Apr/2025 23:36:24] "GET /get_progress/default_file HTTP/1.1" 200 -
2025-04-03 23:36:25,146 - INFO - 127.0.0.1 - - [03/Apr/2025 23:36:25] "GET /get_progress/default_file HTTP/1.1" 200 -
2025-04-03 23:36:26,138 - INFO - 127.0.0.1 - - [03/Apr/2025 23:36:26] "GET /get_progress/default_file HTTP/1.1" 200 -
2025-04-03 23:36:27,138 - INFO - 127.0.0.1 - - [03/Apr/2025 23:36:27] "GET /get_progress/default_file HTTP/1.1" 200 -
2025-04-03 23:36:28,148 - INFO - 127.0.0.1 - - [03/Apr/2025 23:36:28] "GET /get_progress/default_file HTTP/1.1" 200 -
2025-04-03 23:36:29,150 - INFO - 127.0.0.1 - - [03/Apr/2025 23:36:29] "GET /get_progress/default_file HTTP/1.1" 200 -
2025-04-03 23:36:30,137 - INFO - 127.0.0.1 - - [03/Apr/2025 23:36:30] "GET /get_progress/default_file HTTP/1.1" 200 -
2025-04-03 23:36:31,142 - INFO - 127.0.0.1 - - [03/Apr/2025 23:36:31] "GET /get_progress/default_file HTTP/1.1" 200 -
2025-04-03 23:36:32,141 - INFO - 127.0.0.1 - - [03/Apr/2025 23:36:32] "GET /get_progress/default_file HTTP/1.1" 200 -
2025-04-03 23:36:33,137 - INFO - 127.0.0.1 - - [03/Apr/2025 23:36:33] "GET /get_progress/default_file HTTP/1.1" 200 -
2025-04-03 23:36:34,148 - INFO - 127.0.0.1 - - [03/Apr/2025 23:36:34] "GET /get_progress/default_file HTTP/1.1" 200 -
2025-04-03 23:36:35,137 - INFO - 127.0.0.1 - - [03/Apr/2025 23:36:35] "GET /get_progress/default_file HTTP/1.1" 200 -
2025-04-03 23:36:36,137 - INFO - 127.0.0.1 - - [03/Apr/2025 23:36:36] "GET /get_progress/default_file HTTP/1.1" 200 -
2025-04-03 23:36:37,139 - INFO - 127.0.0.1 - - [03/Apr/2025 23:36:37] "GET /get_progress/default_file HTTP/1.1" 200 -
2025-04-03 23:36:38,138 - INFO - 127.0.0.1 - - [03/Apr/2025 23:36:38] "GET /get_progress/default_file HTTP/1.1" 200 -
2025-04-03 23:36:39,144 - INFO - 127.0.0.1 - - [03/Apr/2025 23:36:39] "GET /get_progress/default_file HTTP/1.1" 200 -
2025-04-03 23:36:40,137 - INFO - 127.0.0.1 - - [03/Apr/2025 23:36:40] "GET /get_progress/default_file HTTP/1.1" 200 -
2025-04-03 23:36:41,138 - INFO - 127.0.0.1 - - [03/Apr/2025 23:36:41] "GET /get_progress/default_file HTTP/1.1" 200 -
2025-04-03 23:36:42,137 - INFO - 127.0.0.1 - - [03/Apr/2025 23:36:42] "GET /get_progress/default_file HTTP/1.1" 200 -
2025-04-03 23:36:43,137 - INFO - 127.0.0.1 - - [03/Apr/2025 23:36:43] "GET /get_progress/default_file HTTP/1.1" 200 -
2025-04-03 23:36:44,137 - INFO - 127.0.0.1 - - [03/Apr/2025 23:36:44] "GET /get_progress/default_file HTTP/1.1" 200 -
2025-04-03 23:36:45,143 - INFO - 127.0.0.1 - - [03/Apr/2025 23:36:45] "GET /get_progress/default_file HTTP/1.1" 200 -
2025-04-03 23:36:46,138 - INFO - 127.0.0.1 - - [03/Apr/2025 23:36:46] "GET /get_progress/default_file HTTP/1.1" 200 -
2025-04-03 23:36:47,144 - INFO - 127.0.0.1 - - [03/Apr/2025 23:36:47] "GET /get_progress/default_file HTTP/1.1" 200 -
2025-04-03 23:36:48,137 - INFO - 127.0.0.1 - - [03/Apr/2025 23:36:48] "GET /get_progress/default_file HTTP/1.1" 200 -
2025-04-03 23:36:49,144 - INFO - 127.0.0.1 - - [03/Apr/2025 23:36:49] "GET /get_progress/default_file HTTP/1.1" 200 -
2025-04-03 23:36:50,144 - INFO - 127.0.0.1 - - [03/Apr/2025 23:36:50] "GET /get_progress/default_file HTTP/1.1" 200 -
2025-04-03 23:36:51,144 - INFO - 127.0.0.1 - - [03/Apr/2025 23:36:51] "GET /get_progress/default_file HTTP/1.1" 200 -
2025-04-03 23:36:52,142 - INFO - 127.0.0.1 - - [03/Apr/2025 23:36:52] "GET /get_progress/default_file HTTP/1.1" 200 -
2025-04-03 23:36:53,144 - INFO - 127.0.0.1 - - [03/Apr/2025 23:36:53] "GET /get_progress/default_file HTTP/1.1" 200 -
2025-04-03 23:36:54,141 - INFO - 127.0.0.1 - - [03/Apr/2025 23:36:54] "GET /get_progress/default_file HTTP/1.1" 200 -
2025-04-05 22:31:53,191 - INFO - Server starting on port 8080...
2025-04-05 22:31:53,192 - INFO - Server listening on port 8080...
2025-04-05 22:32:10,251 - INFO - [31m[1mWARNING: This is a development server. Do not use it in a production deployment. Use a production WSGI server instead.[0m
 * Running on http://127.0.0.1:5000
2025-04-05 22:32:10,251 - INFO - [33mPress CTRL+C to quit[0m
2025-04-05 22:32:10,253 - INFO -  * Restarting with stat
2025-04-05 22:32:10,678 - WARNING -  * Debugger is active!
2025-04-05 22:32:10,679 - INFO -  * Debugger PIN: 911-889-448
2025-04-05 22:32:49,025 - INFO - 127.0.0.1 - - [05/Apr/2025 22:32:49] "GET / HTTP/1.1" 200 -
2025-04-05 22:32:49,109 - INFO - 127.0.0.1 - - [05/Apr/2025 22:32:49] "GET /static/script.js HTTP/1.1" 200 -
2025-04-05 22:32:49,109 - INFO - 127.0.0.1 - - [05/Apr/2025 22:32:49] "GET /static/styles.css HTTP/1.1" 200 -
2025-04-05 22:32:49,257 - INFO - New connection established with client of address = ('127.0.0.1', 52846)
2025-04-05 22:32:49,259 - INFO - New serving socket connected to address = ('127.0.0.1', 52846)
2025-04-05 22:32:49,260 - INFO - List files request received
2025-04-05 22:32:49,260 - INFO - File list sent to client
2025-04-05 22:32:49,260 - INFO - Connection with ('127.0.0.1', 52846) closed
2025-04-05 22:32:49,261 - INFO - 127.0.0.1 - - [05/Apr/2025 22:32:49] "GET /list HTTP/1.1" 200 -
2025-04-05 22:32:49,264 - INFO - 127.0.0.1 - - [05/Apr/2025 22:32:49] "[33mGET /favicon.ico HTTP/1.1[0m" 404 -
2025-04-05 22:32:57,377 - INFO - New connection established with client of address = ('127.0.0.1', 52851)
2025-04-05 22:32:57,377 - INFO - New serving socket connected to address = ('127.0.0.1', 52851)
2025-04-05 22:32:57,378 - WARNING - Unknown command: 1Basically Coders Phase3.docx
2025-04-05 22:32:57,378 - INFO - Connection with ('127.0.0.1', 52851) closed
2025-04-05 22:32:58,371 - INFO - 127.0.0.1 - - [05/Apr/2025 22:32:58] "GET /get_progress/default_file HTTP/1.1" 200 -
2025-04-05 22:32:58,390 - ERROR - Error in client operation: [WinError 10053] An established connection was aborted by the software in your host machine
2025-04-05 22:32:58,392 - INFO - 127.0.0.1 - - [05/Apr/2025 22:32:58] "POST /upload HTTP/1.1" 200 -
2025-04-05 22:33:01,327 - INFO - New connection established with client of address = ('127.0.0.1', 52855)
2025-04-05 22:33:01,327 - INFO - New serving socket connected to address = ('127.0.0.1', 52855)
2025-04-05 22:33:01,327 - INFO - List files request received
2025-04-05 22:33:01,327 - INFO - 127.0.0.1 - - [05/Apr/2025 22:33:01] "GET /get_progress/default_file HTTP/1.1" 200 -
2025-04-05 22:33:01,327 - INFO - File list sent to client
2025-04-05 22:33:01,327 - INFO - Connection with ('127.0.0.1', 52855) closed
2025-04-05 22:33:01,328 - INFO - 127.0.0.1 - - [05/Apr/2025 22:33:01] "GET /list HTTP/1.1" 200 -
2025-04-05 22:33:02,367 - INFO - 127.0.0.1 - - [05/Apr/2025 22:33:02] "GET /get_progress/default_file HTTP/1.1" 200 -
2025-04-05 22:33:03,366 - INFO - 127.0.0.1 - - [05/Apr/2025 22:33:03] "GET /get_progress/default_file HTTP/1.1" 200 -
2025-04-05 22:33:04,381 - INFO - 127.0.0.1 - - [05/Apr/2025 22:33:04] "GET /get_progress/default_file HTTP/1.1" 200 -
2025-04-05 22:33:05,080 - INFO - 127.0.0.1 - - [05/Apr/2025 22:33:05] "GET / HTTP/1.1" 200 -
2025-04-05 22:33:05,088 - INFO - 127.0.0.1 - - [05/Apr/2025 22:33:05] "[36mGET /static/script.js HTTP/1.1[0m" 304 -
2025-04-05 22:33:05,088 - INFO - 127.0.0.1 - - [05/Apr/2025 22:33:05] "[36mGET /static/styles.css HTTP/1.1[0m" 304 -
2025-04-05 22:33:05,095 - INFO - New connection established with client of address = ('127.0.0.1', 52863)
2025-04-05 22:33:05,095 - INFO - New serving socket connected to address = ('127.0.0.1', 52863)
2025-04-05 22:33:05,095 - INFO - List files request received
2025-04-05 22:33:05,095 - INFO - File list sent to client
2025-04-05 22:33:05,095 - INFO - Connection with ('127.0.0.1', 52863) closed
2025-04-05 22:33:05,096 - INFO - 127.0.0.1 - - [05/Apr/2025 22:33:05] "GET /list HTTP/1.1" 200 -
2025-04-05 22:33:48,101 - INFO - 127.0.0.1 - - [05/Apr/2025 22:33:48] "GET / HTTP/1.1" 200 -
2025-04-05 22:33:48,111 - INFO - 127.0.0.1 - - [05/Apr/2025 22:33:48] "[36mGET /static/styles.css HTTP/1.1[0m" 304 -
2025-04-05 22:33:48,111 - INFO - 127.0.0.1 - - [05/Apr/2025 22:33:48] "[36mGET /static/script.js HTTP/1.1[0m" 304 -
2025-04-05 22:33:48,118 - INFO - New connection established with client of address = ('127.0.0.1', 52873)
2025-04-05 22:33:48,118 - INFO - New serving socket connected to address = ('127.0.0.1', 52873)
2025-04-05 22:33:48,118 - INFO - List files request received
2025-04-05 22:33:48,118 - INFO - File list sent to client
2025-04-05 22:33:48,119 - INFO - Connection with ('127.0.0.1', 52873) closed
2025-04-05 22:33:48,119 - INFO - 127.0.0.1 - - [05/Apr/2025 22:33:48] "GET /list HTTP/1.1" 200 -
2025-04-05 22:33:48,124 - INFO - 127.0.0.1 - - [05/Apr/2025 22:33:48] "[33mGET /icons/word-file.png HTTP/1.1[0m" 404 -
2025-04-05 22:34:18,865 - INFO - 127.0.0.1 - - [05/Apr/2025 22:34:18] "GET / HTTP/1.1" 200 -
2025-04-05 22:34:18,881 - INFO - 127.0.0.1 - - [05/Apr/2025 22:34:18] "[36mGET /static/styles.css HTTP/1.1[0m" 304 -
2025-04-05 22:34:18,882 - INFO - 127.0.0.1 - - [05/Apr/2025 22:34:18] "GET /static/script.js HTTP/1.1" 200 -
2025-04-05 22:34:18,892 - INFO - New connection established with client of address = ('127.0.0.1', 52885)
2025-04-05 22:34:18,893 - INFO - New serving socket connected to address = ('127.0.0.1', 52885)
2025-04-05 22:34:18,893 - INFO - List files request received
2025-04-05 22:34:18,893 - INFO - File list sent to client
2025-04-05 22:34:18,893 - INFO - Connection with ('127.0.0.1', 52885) closed
2025-04-05 22:34:18,894 - INFO - 127.0.0.1 - - [05/Apr/2025 22:34:18] "GET /list HTTP/1.1" 200 -
2025-04-05 22:34:18,901 - INFO - 127.0.0.1 - - [05/Apr/2025 22:34:18] "[33mGET /icons/word-file.png HTTP/1.1[0m" 404 -
2025-04-05 22:34:27,944 - INFO - 127.0.0.1 - - [05/Apr/2025 22:34:27] "GET / HTTP/1.1" 200 -
2025-04-05 22:34:27,955 - INFO - 127.0.0.1 - - [05/Apr/2025 22:34:27] "GET /static/script.js HTTP/1.1" 200 -
2025-04-05 22:34:27,955 - INFO - 127.0.0.1 - - [05/Apr/2025 22:34:27] "[36mGET /static/styles.css HTTP/1.1[0m" 304 -
2025-04-05 22:34:27,963 - INFO - New connection established with client of address = ('127.0.0.1', 52892)
2025-04-05 22:34:27,964 - INFO - New serving socket connected to address = ('127.0.0.1', 52892)
2025-04-05 22:34:27,964 - INFO - List files request received
2025-04-05 22:34:27,964 - INFO - File list sent to client
2025-04-05 22:34:27,964 - INFO - Connection with ('127.0.0.1', 52892) closed
2025-04-05 22:34:27,964 - INFO - 127.0.0.1 - - [05/Apr/2025 22:34:27] "GET /list HTTP/1.1" 200 -
2025-04-05 22:34:27,970 - INFO - 127.0.0.1 - - [05/Apr/2025 22:34:27] "[33mGET /icons/word-file.png HTTP/1.1[0m" 404 -
2025-04-05 22:34:28,817 - INFO - 127.0.0.1 - - [05/Apr/2025 22:34:28] "GET / HTTP/1.1" 200 -
2025-04-05 22:34:28,825 - INFO - 127.0.0.1 - - [05/Apr/2025 22:34:28] "[36mGET /static/styles.css HTTP/1.1[0m" 304 -
2025-04-05 22:34:28,825 - INFO - 127.0.0.1 - - [05/Apr/2025 22:34:28] "[36mGET /static/script.js HTTP/1.1[0m" 304 -
2025-04-05 22:34:28,832 - INFO - New connection established with client of address = ('127.0.0.1', 52898)
2025-04-05 22:34:28,832 - INFO - New serving socket connected to address = ('127.0.0.1', 52898)
2025-04-05 22:34:28,833 - INFO - List files request received
2025-04-05 22:34:28,833 - INFO - File list sent to client
2025-04-05 22:34:28,833 - INFO - Connection with ('127.0.0.1', 52898) closed
2025-04-05 22:34:28,833 - INFO - 127.0.0.1 - - [05/Apr/2025 22:34:28] "GET /list HTTP/1.1" 200 -
2025-04-05 22:34:28,837 - INFO - 127.0.0.1 - - [05/Apr/2025 22:34:28] "[33mGET /icons/word-file.png HTTP/1.1[0m" 404 -
2025-04-05 22:35:45,349 - INFO -  * Detected change in 'C:\\Users\\user\\Desktop\\Spring 2025\\Networks\\SocketProgrammingProject\\client.py', reloading
2025-04-05 22:35:45,387 - INFO -  * Restarting with stat
2025-04-05 22:35:45,864 - WARNING -  * Debugger is active!
2025-04-05 22:35:45,865 - INFO -  * Debugger PIN: 911-889-448
2025-04-05 22:37:37,718 - INFO - 127.0.0.1 - - [05/Apr/2025 22:37:37] "[36mGET /static/styles.css HTTP/1.1[0m" 304 -
2025-04-05 23:46:15,018 - INFO - Server starting on port 8080...
2025-04-05 23:46:15,019 - INFO - Server listening on port 8080...
2025-04-05 23:46:19,811 - INFO - [31m[1mWARNING: This is a development server. Do not use it in a production deployment. Use a production WSGI server instead.[0m
 * Running on http://127.0.0.1:5000
2025-04-05 23:46:19,811 - INFO - [33mPress CTRL+C to quit[0m
2025-04-05 23:46:19,812 - INFO -  * Restarting with stat
2025-04-05 23:46:20,258 - WARNING -  * Debugger is active!
2025-04-05 23:46:20,259 - INFO -  * Debugger PIN: 911-889-448
2025-04-05 23:46:34,653 - ERROR - Error in client operation: name 'file_path' is not defined
2025-04-05 23:46:34,653 - INFO - Client connection closed
 with client of address = ('127.0.0.1', 55066)
2025-04-05 23:46:34,654 - INFO - 127.0.0.1 - - [05/Apr/2025 23:46:34] "POST /upload HTTP/1.1" 200 -
2025-04-05 23:46:34,655 - INFO - New serving socket connected to address = ('127.0.0.1', 55066)
2025-04-05 23:46:34,655 - INFO - Upload request received
2025-04-05 23:46:34,655 - INFO - Receiving file with name: 
2025-04-05 23:46:34,656 - INFO -  file saved on: _1
2025-04-05 23:46:34,656 - INFO - Connection with ('127.0.0.1', 55066) closed
2025-04-05 23:46:37,114 - INFO - Requesting file list from server
2025-04-05 23:46:37,114 - INFO - New connection established with client of address = ('127.0.0.1', 55068)
2025-04-05 23:46:37,114 - INFO - New serving socket connected to address = ('127.0.0.1', 55068)
2025-04-05 23:46:37,115 - INFO - List files request received
2025-04-05 23:46:37,115 - INFO - File list sent to client
2025-04-05 23:46:37,115 - INFO - Connection with ('127.0.0.1', 55068) closed
2025-04-05 23:46:37,115 - INFO - 127.0.0.1 - - [05/Apr/2025 23:46:37] "GET /get_progress/default_file HTTP/1.1" 200 -
2025-04-05 23:46:37,115 - INFO - Received file list with 2 files
2025-04-05 23:46:37,115 - INFO - Client connection closed
2025-04-05 23:46:37,116 - INFO - 127.0.0.1 - - [05/Apr/2025 23:46:37] "GET /list HTTP/1.1" 200 -
2025-04-05 23:46:37,122 - INFO - 127.0.0.1 - - [05/Apr/2025 23:46:37] "[33mGET /icons/default-file.png HTTP/1.1[0m" 404 -
2025-04-05 23:46:37,123 - INFO - 127.0.0.1 - - [05/Apr/2025 23:46:37] "[33mGET /icons/word-file.png HTTP/1.1[0m" 404 -
2025-04-05 23:46:37,646 - INFO - 127.0.0.1 - - [05/Apr/2025 23:46:37] "GET /get_progress/default_file HTTP/1.1" 200 -
2025-04-05 23:46:38,647 - INFO - 127.0.0.1 - - [05/Apr/2025 23:46:38] "GET /get_progress/default_file HTTP/1.1" 200 -
2025-04-05 23:46:39,656 - INFO - 127.0.0.1 - - [05/Apr/2025 23:46:39] "GET /get_progress/default_file HTTP/1.1" 200 -
2025-04-05 23:46:40,649 - INFO - 127.0.0.1 - - [05/Apr/2025 23:46:40] "GET /get_progress/default_file HTTP/1.1" 200 -
2025-04-05 23:46:41,647 - INFO - 127.0.0.1 - - [05/Apr/2025 23:46:41] "GET /get_progress/default_file HTTP/1.1" 200 -
2025-04-05 23:46:42,660 - INFO - 127.0.0.1 - - [05/Apr/2025 23:46:42] "GET /get_progress/default_file HTTP/1.1" 200 -
2025-04-05 23:46:43,660 - INFO - 127.0.0.1 - - [05/Apr/2025 23:46:43] "GET /get_progress/default_file HTTP/1.1" 200 -
2025-04-05 23:46:44,654 - INFO - 127.0.0.1 - - [05/Apr/2025 23:46:44] "GET /get_progress/default_file HTTP/1.1" 200 -
2025-04-05 23:46:45,646 - INFO - 127.0.0.1 - - [05/Apr/2025 23:46:45] "GET /get_progress/default_file HTTP/1.1" 200 -
2025-04-05 23:46:45,731 - INFO - 127.0.0.1 - - [05/Apr/2025 23:46:45] "GET /get_progress/default_file HTTP/1.1" 200 -
2025-04-05 23:46:45,763 - ERROR - Error in client operation: name 'file_path' is not defined
2025-04-05 23:46:45,763 - INFO - New connection established with client of address = ('127.0.0.1', 55083)
2025-04-05 23:46:45,763 - INFO - Client connection closed
2025-04-05 23:46:45,764 - INFO - New serving socket connected to address = ('127.0.0.1', 55083)
2025-04-05 23:46:45,764 - INFO - Upload request received
2025-04-05 23:46:45,764 - INFO - Receiving file with name: 
2025-04-05 23:46:45,764 - INFO -  file saved on: _2
2025-04-05 23:46:45,765 - INFO - Connection with ('127.0.0.1', 55083) closed
2025-04-05 23:46:45,800 - INFO - 127.0.0.1 - - [05/Apr/2025 23:46:45] "POST /upload HTTP/1.1" 200 -
2025-04-05 23:46:48,171 - INFO - New connection established with client of address = ('127.0.0.1', 55086)
2025-04-05 23:46:48,172 - INFO - New serving socket connected to address = ('127.0.0.1', 55086)
file HTTP/1.1" 200 -
2025-04-05 23:46:48,172 - INFO - List files request received
2025-04-05 23:46:48,172 - INFO - Requesting file list from server
2025-04-05 23:46:48,172 - INFO - File list sent to client
files
2025-04-05 23:46:48,172 - INFO - Client connection closed
2025-04-05 23:46:48,172 - INFO - Connection with ('127.0.0.1', 55086) closed
2025-04-05 23:46:48,173 - INFO - 127.0.0.1 - - [05/Apr/2025 23:46:48] "GET /list HTTP/1.1" 200 -
2025-04-05 23:46:48,174 - INFO - 127.0.0.1 - - [05/Apr/2025 23:46:48] "GET /get_progress/default_file HTTP/1.1" 200 -
2025-04-05 23:46:48,177 - INFO - 127.0.0.1 - - [05/Apr/2025 23:46:48] "[33mGET /icons/word-file.png HTTP/1.1[0m" 404 -
2025-04-05 23:46:48,179 - INFO - 127.0.0.1 - - [05/Apr/2025 23:46:48] "[33mGET /icons/default-file.png HTTP/1.1[0m" 404 -
2025-04-05 23:46:48,653 - INFO - 127.0.0.1 - - [05/Apr/2025 23:46:48] "GET /get_progress/default_file HTTP/1.1" 200 -
2025-04-05 23:46:48,732 - INFO - 127.0.0.1 - - [05/Apr/2025 23:46:48] "GET /get_progress/default_file HTTP/1.1" 200 -
2025-04-05 23:46:49,647 - INFO - 127.0.0.1 - - [05/Apr/2025 23:46:49] "GET /get_progress/default_file HTTP/1.1" 200 -
2025-04-05 23:46:49,726 - INFO - 127.0.0.1 - - [05/Apr/2025 23:46:49] "GET /get_progress/default_file HTTP/1.1" 200 -
2025-04-05 23:46:50,647 - INFO - 127.0.0.1 - - [05/Apr/2025 23:46:50] "GET /get_progress/default_file HTTP/1.1" 200 -
2025-04-05 23:46:50,722 - INFO - 127.0.0.1 - - [05/Apr/2025 23:46:50] "GET /get_progress/default_file HTTP/1.1" 200 -
2025-04-05 23:46:51,650 - INFO - 127.0.0.1 - - [05/Apr/2025 23:46:51] "GET /get_progress/default_file HTTP/1.1" 200 -
2025-04-05 23:46:51,736 - INFO - 127.0.0.1 - - [05/Apr/2025 23:46:51] "GET /get_progress/default_file HTTP/1.1" 200 -
2025-04-05 23:46:52,647 - INFO - 127.0.0.1 - - [05/Apr/2025 23:46:52] "GET /get_progress/default_file HTTP/1.1" 200 -
2025-04-05 23:46:52,726 - INFO - 127.0.0.1 - - [05/Apr/2025 23:46:52] "GET /get_progress/default_file HTTP/1.1" 200 -
2025-04-05 23:46:53,647 - INFO - 127.0.0.1 - - [05/Apr/2025 23:46:53] "GET /get_progress/default_file HTTP/1.1" 200 -
2025-04-05 23:46:53,724 - INFO - 127.0.0.1 - - [05/Apr/2025 23:46:53] "GET /get_progress/default_file HTTP/1.1" 200 -
2025-04-05 23:46:54,648 - INFO - 127.0.0.1 - - [05/Apr/2025 23:46:54] "GET /get_progress/default_file HTTP/1.1" 200 -
2025-04-05 23:46:54,725 - INFO - 127.0.0.1 - - [05/Apr/2025 23:46:54] "GET /get_progress/default_file HTTP/1.1" 200 -
2025-04-05 23:46:55,655 - INFO - 127.0.0.1 - - [05/Apr/2025 23:46:55] "GET /get_progress/default_file HTTP/1.1" 200 -
2025-04-05 23:46:55,727 - INFO - 127.0.0.1 - - [05/Apr/2025 23:46:55] "GET /get_progress/default_file HTTP/1.1" 200 -
2025-04-05 23:46:56,660 - INFO - 127.0.0.1 - - [05/Apr/2025 23:46:56] "GET /get_progress/default_file HTTP/1.1" 200 -
2025-04-05 23:46:56,723 - INFO - 127.0.0.1 - - [05/Apr/2025 23:46:56] "GET /get_progress/default_file HTTP/1.1" 200 -
2025-04-05 23:46:57,655 - INFO - 127.0.0.1 - - [05/Apr/2025 23:46:57] "GET /get_progress/default_file HTTP/1.1" 200 -
2025-04-05 23:46:57,733 - INFO - 127.0.0.1 - - [05/Apr/2025 23:46:57] "GET /get_progress/default_file HTTP/1.1" 200 -
2025-04-05 23:46:58,659 - INFO - 127.0.0.1 - - [05/Apr/2025 23:46:58] "GET /get_progress/default_file HTTP/1.1" 200 -
2025-04-05 23:46:58,733 - INFO - 127.0.0.1 - - [05/Apr/2025 23:46:58] "GET /get_progress/default_file HTTP/1.1" 200 -
2025-04-05 23:46:59,656 - INFO - 127.0.0.1 - - [05/Apr/2025 23:46:59] "GET /get_progress/default_file HTTP/1.1" 200 -
2025-04-05 23:46:59,734 - INFO - 127.0.0.1 - - [05/Apr/2025 23:46:59] "GET /get_progress/default_file HTTP/1.1" 200 -
2025-04-05 23:47:00,651 - INFO - 127.0.0.1 - - [05/Apr/2025 23:47:00] "GET /get_progress/default_file HTTP/1.1" 200 -
2025-04-05 23:47:00,730 - INFO - 127.0.0.1 - - [05/Apr/2025 23:47:00] "GET /get_progress/default_file HTTP/1.1" 200 -
2025-04-05 23:47:01,654 - INFO - 127.0.0.1 - - [05/Apr/2025 23:47:01] "GET /get_progress/default_file HTTP/1.1" 200 -
2025-04-05 23:47:01,731 - INFO - 127.0.0.1 - - [05/Apr/2025 23:47:01] "GET /get_progress/default_file HTTP/1.1" 200 -
2025-04-05 23:47:02,650 - INFO - 127.0.0.1 - - [05/Apr/2025 23:47:02] "GET /get_progress/default_file HTTP/1.1" 200 -
2025-04-05 23:47:02,723 - INFO - 127.0.0.1 - - [05/Apr/2025 23:47:02] "GET /get_progress/default_file HTTP/1.1" 200 -
2025-04-05 23:47:03,659 - INFO - 127.0.0.1 - - [05/Apr/2025 23:47:03] "GET /get_progress/default_file HTTP/1.1" 200 -
2025-04-05 23:47:03,736 - INFO - 127.0.0.1 - - [05/Apr/2025 23:47:03] "GET /get_progress/default_file HTTP/1.1" 200 -
2025-04-05 23:47:04,654 - INFO - 127.0.0.1 - - [05/Apr/2025 23:47:04] "GET /get_progress/default_file HTTP/1.1" 200 -
2025-04-05 23:47:04,735 - INFO - 127.0.0.1 - - [05/Apr/2025 23:47:04] "GET /get_progress/default_file HTTP/1.1" 200 -
2025-04-05 23:47:05,648 - INFO - 127.0.0.1 - - [05/Apr/2025 23:47:05] "GET /get_progress/default_file HTTP/1.1" 200 -
2025-04-05 23:47:05,722 - INFO - 127.0.0.1 - - [05/Apr/2025 23:47:05] "GET /get_progress/default_file HTTP/1.1" 200 -
2025-04-05 23:47:06,654 - INFO - 127.0.0.1 - - [05/Apr/2025 23:47:06] "GET /get_progress/default_file HTTP/1.1" 200 -
2025-04-05 23:47:06,731 - INFO - 127.0.0.1 - - [05/Apr/2025 23:47:06] "GET /get_progress/default_file HTTP/1.1" 200 -
2025-04-05 23:47:07,658 - INFO - 127.0.0.1 - - [05/Apr/2025 23:47:07] "GET /get_progress/default_file HTTP/1.1" 200 -
2025-04-05 23:47:07,739 - INFO - 127.0.0.1 - - [05/Apr/2025 23:47:07] "GET /get_progress/default_file HTTP/1.1" 200 -
2025-04-05 23:47:08,648 - INFO - 127.0.0.1 - - [05/Apr/2025 23:47:08] "GET /get_progress/default_file HTTP/1.1" 200 -
2025-04-05 23:47:08,730 - INFO - 127.0.0.1 - - [05/Apr/2025 23:47:08] "GET /get_progress/default_file HTTP/1.1" 200 -
2025-04-05 23:47:09,649 - INFO - 127.0.0.1 - - [05/Apr/2025 23:47:09] "GET /get_progress/default_file HTTP/1.1" 200 -
2025-04-05 23:47:09,729 - INFO - 127.0.0.1 - - [05/Apr/2025 23:47:09] "GET /get_progress/default_file HTTP/1.1" 200 -
2025-04-05 23:47:10,646 - INFO - 127.0.0.1 - - [05/Apr/2025 23:47:10] "GET /get_progress/default_file HTTP/1.1" 200 -
2025-04-05 23:47:10,722 - INFO - 127.0.0.1 - - [05/Apr/2025 23:47:10] "GET /get_progress/default_file HTTP/1.1" 200 -
2025-04-05 23:47:11,883 - INFO - 127.0.0.1 - - [05/Apr/2025 23:47:11] "GET /get_progress/default_file HTTP/1.1" 200 -
2025-04-05 23:47:11,885 - INFO - 127.0.0.1 - - [05/Apr/2025 23:47:11] "GET /get_progress/default_file HTTP/1.1" 200 -
2025-04-05 23:47:12,883 - INFO - 127.0.0.1 - - [05/Apr/2025 23:47:12] "GET /get_progress/default_file HTTP/1.1" 200 -
2025-04-05 23:47:12,887 - INFO - 127.0.0.1 - - [05/Apr/2025 23:47:12] "GET /get_progress/default_file HTTP/1.1" 200 -
2025-04-05 23:47:13,891 - INFO - 127.0.0.1 - - [05/Apr/2025 23:47:13] "GET /get_progress/default_file HTTP/1.1" 200 -
2025-04-05 23:47:13,894 - INFO - 127.0.0.1 - - [05/Apr/2025 23:47:13] "GET /get_progress/default_file HTTP/1.1" 200 -
2025-04-05 23:47:14,881 - INFO - 127.0.0.1 - - [05/Apr/2025 23:47:14] "GET /get_progress/default_file HTTP/1.1" 200 -
2025-04-05 23:47:14,885 - INFO - 127.0.0.1 - - [05/Apr/2025 23:47:14] "GET /get_progress/default_file HTTP/1.1" 200 -
2025-04-05 23:47:15,882 - INFO - 127.0.0.1 - - [05/Apr/2025 23:47:15] "GET /get_progress/default_file HTTP/1.1" 200 -
2025-04-05 23:47:15,885 - INFO - 127.0.0.1 - - [05/Apr/2025 23:47:15] "GET /get_progress/default_file HTTP/1.1" 200 -
2025-04-05 23:47:16,884 - INFO - 127.0.0.1 - - [05/Apr/2025 23:47:16] "GET /get_progress/default_file HTTP/1.1" 200 -
2025-04-05 23:47:16,886 - INFO - 127.0.0.1 - - [05/Apr/2025 23:47:16] "GET /get_progress/default_file HTTP/1.1" 200 -
2025-04-05 23:47:17,885 - INFO - 127.0.0.1 - - [05/Apr/2025 23:47:17] "GET /get_progress/default_file HTTP/1.1" 200 -
2025-04-05 23:47:17,888 - INFO - 127.0.0.1 - - [05/Apr/2025 23:47:17] "GET /get_progress/default_file HTTP/1.1" 200 -
2025-04-05 23:47:18,885 - INFO - 127.0.0.1 - - [05/Apr/2025 23:47:18] "GET /get_progress/default_file HTTP/1.1" 200 -
2025-04-05 23:47:18,887 - INFO - 127.0.0.1 - - [05/Apr/2025 23:47:18] "GET /get_progress/default_file HTTP/1.1" 200 -
2025-04-05 23:47:19,884 - INFO - 127.0.0.1 - - [05/Apr/2025 23:47:19] "GET /get_progress/default_file HTTP/1.1" 200 -
2025-04-05 23:47:19,888 - INFO - 127.0.0.1 - - [05/Apr/2025 23:47:19] "GET /get_progress/default_file HTTP/1.1" 200 -
2025-04-05 23:47:20,884 - INFO - 127.0.0.1 - - [05/Apr/2025 23:47:20] "GET /get_progress/default_file HTTP/1.1" 200 -
2025-04-05 23:47:20,886 - INFO - 127.0.0.1 - - [05/Apr/2025 23:47:20] "GET /get_progress/default_file HTTP/1.1" 200 -
2025-04-05 23:47:21,885 - INFO - 127.0.0.1 - - [05/Apr/2025 23:47:21] "GET /get_progress/default_file HTTP/1.1" 200 -
2025-04-05 23:47:21,890 - INFO - 127.0.0.1 - - [05/Apr/2025 23:47:21] "GET /get_progress/default_file HTTP/1.1" 200 -
2025-04-05 23:47:22,885 - INFO - 127.0.0.1 - - [05/Apr/2025 23:47:22] "GET /get_progress/default_file HTTP/1.1" 200 -
2025-04-05 23:47:22,887 - INFO - 127.0.0.1 - - [05/Apr/2025 23:47:22] "GET /get_progress/default_file HTTP/1.1" 200 -
2025-04-05 23:47:23,887 - INFO - 127.0.0.1 - - [05/Apr/2025 23:47:23] "GET /get_progress/default_file HTTP/1.1" 200 -
2025-04-05 23:47:23,889 - INFO - 127.0.0.1 - - [05/Apr/2025 23:47:23] "GET /get_progress/default_file HTTP/1.1" 200 -
2025-04-05 23:47:24,883 - INFO - 127.0.0.1 - - [05/Apr/2025 23:47:24] "GET /get_progress/default_file HTTP/1.1" 200 -
2025-04-05 23:47:24,884 - INFO - 127.0.0.1 - - [05/Apr/2025 23:47:24] "GET /get_progress/default_file HTTP/1.1" 200 -
2025-04-05 23:47:25,882 - INFO - 127.0.0.1 - - [05/Apr/2025 23:47:25] "GET /get_progress/default_file HTTP/1.1" 200 -
2025-04-05 23:47:25,884 - INFO - 127.0.0.1 - - [05/Apr/2025 23:47:25] "GET /get_progress/default_file HTTP/1.1" 200 -
2025-04-05 23:47:26,889 - INFO - 127.0.0.1 - - [05/Apr/2025 23:47:26] "GET /get_progress/default_file HTTP/1.1" 200 -
2025-04-05 23:47:26,891 - INFO - 127.0.0.1 - - [05/Apr/2025 23:47:26] "GET /get_progress/default_file HTTP/1.1" 200 -
2025-04-05 23:47:27,887 - INFO - 127.0.0.1 - - [05/Apr/2025 23:47:27] "GET /get_progress/default_file HTTP/1.1" 200 -
2025-04-05 23:47:27,890 - INFO - 127.0.0.1 - - [05/Apr/2025 23:47:27] "GET /get_progress/default_file HTTP/1.1" 200 -
2025-04-05 23:47:28,887 - INFO - 127.0.0.1 - - [05/Apr/2025 23:47:28] "GET /get_progress/default_file HTTP/1.1" 200 -
2025-04-05 23:47:28,889 - INFO - 127.0.0.1 - - [05/Apr/2025 23:47:28] "GET /get_progress/default_file HTTP/1.1" 200 -
2025-04-05 23:47:29,879 - INFO - 127.0.0.1 - - [05/Apr/2025 23:47:29] "GET /get_progress/default_file HTTP/1.1" 200 -
2025-04-05 23:47:29,882 - INFO - 127.0.0.1 - - [05/Apr/2025 23:47:29] "GET /get_progress/default_file HTTP/1.1" 200 -
2025-04-05 23:47:30,891 - INFO - 127.0.0.1 - - [05/Apr/2025 23:47:30] "GET /get_progress/default_file HTTP/1.1" 200 -
2025-04-05 23:47:30,894 - INFO - 127.0.0.1 - - [05/Apr/2025 23:47:30] "GET /get_progress/default_file HTTP/1.1" 200 -
2025-04-05 23:47:31,882 - INFO - 127.0.0.1 - - [05/Apr/2025 23:47:31] "GET /get_progress/default_file HTTP/1.1" 200 -
2025-04-05 23:47:31,884 - INFO - 127.0.0.1 - - [05/Apr/2025 23:47:31] "GET /get_progress/default_file HTTP/1.1" 200 -
2025-04-05 23:47:32,878 - INFO - 127.0.0.1 - - [05/Apr/2025 23:47:32] "GET /get_progress/default_file HTTP/1.1" 200 -
2025-04-05 23:47:32,880 - INFO - 127.0.0.1 - - [05/Apr/2025 23:47:32] "GET /get_progress/default_file HTTP/1.1" 200 -
2025-04-05 23:47:33,882 - INFO - 127.0.0.1 - - [05/Apr/2025 23:47:33] "GET /get_progress/default_file HTTP/1.1" 200 -
2025-04-05 23:47:33,884 - INFO - 127.0.0.1 - - [05/Apr/2025 23:47:33] "GET /get_progress/default_file HTTP/1.1" 200 -
2025-04-05 23:47:34,879 - INFO - 127.0.0.1 - - [05/Apr/2025 23:47:34] "GET /get_progress/default_file HTTP/1.1" 200 -
2025-04-05 23:47:34,881 - INFO - 127.0.0.1 - - [05/Apr/2025 23:47:34] "GET /get_progress/default_file HTTP/1.1" 200 -
2025-04-05 23:47:35,890 - INFO - 127.0.0.1 - - [05/Apr/2025 23:47:35] "GET /get_progress/default_file HTTP/1.1" 200 -
2025-04-05 23:47:35,892 - INFO - 127.0.0.1 - - [05/Apr/2025 23:47:35] "GET /get_progress/default_file HTTP/1.1" 200 -
2025-04-05 23:47:36,886 - INFO - 127.0.0.1 - - [05/Apr/2025 23:47:36] "GET /get_progress/default_file HTTP/1.1" 200 -
2025-04-05 23:47:36,890 - INFO - 127.0.0.1 - - [05/Apr/2025 23:47:36] "GET /get_progress/default_file HTTP/1.1" 200 -
2025-04-05 23:47:37,885 - INFO - 127.0.0.1 - - [05/Apr/2025 23:47:37] "GET /get_progress/default_file HTTP/1.1" 200 -
2025-04-05 23:47:37,887 - INFO - 127.0.0.1 - - [05/Apr/2025 23:47:37] "GET /get_progress/default_file HTTP/1.1" 200 -
2025-04-05 23:47:38,885 - INFO - 127.0.0.1 - - [05/Apr/2025 23:47:38] "GET /get_progress/default_file HTTP/1.1" 200 -
2025-04-05 23:47:38,889 - INFO - 127.0.0.1 - - [05/Apr/2025 23:47:38] "GET /get_progress/default_file HTTP/1.1" 200 -
2025-04-05 23:47:39,884 - INFO - 127.0.0.1 - - [05/Apr/2025 23:47:39] "GET /get_progress/default_file HTTP/1.1" 200 -
2025-04-05 23:47:39,886 - INFO - 127.0.0.1 - - [05/Apr/2025 23:47:39] "GET /get_progress/default_file HTTP/1.1" 200 -
2025-04-05 23:47:40,884 - INFO - 127.0.0.1 - - [05/Apr/2025 23:47:40] "GET /get_progress/default_file HTTP/1.1" 200 -
2025-04-05 23:47:40,888 - INFO - 127.0.0.1 - - [05/Apr/2025 23:47:40] "GET /get_progress/default_file HTTP/1.1" 200 -
2025-04-05 23:47:41,879 - INFO - 127.0.0.1 - - [05/Apr/2025 23:47:41] "GET /get_progress/default_file HTTP/1.1" 200 -
2025-04-05 23:47:41,880 - INFO - 127.0.0.1 - - [05/Apr/2025 23:47:41] "GET /get_progress/default_file HTTP/1.1" 200 -
2025-04-05 23:47:42,878 - INFO - 127.0.0.1 - - [05/Apr/2025 23:47:42] "GET /get_progress/default_file HTTP/1.1" 200 -
2025-04-05 23:47:42,881 - INFO - 127.0.0.1 - - [05/Apr/2025 23:47:42] "GET /get_progress/default_file HTTP/1.1" 200 -
2025-04-05 23:47:43,877 - INFO - 127.0.0.1 - - [05/Apr/2025 23:47:43] "GET /get_progress/default_file HTTP/1.1" 200 -
2025-04-05 23:47:43,880 - INFO - 127.0.0.1 - - [05/Apr/2025 23:47:43] "GET /get_progress/default_file HTTP/1.1" 200 -
2025-04-05 23:47:44,892 - INFO - 127.0.0.1 - - [05/Apr/2025 23:47:44] "GET /get_progress/default_file HTTP/1.1" 200 -
2025-04-05 23:47:44,896 - INFO - 127.0.0.1 - - [05/Apr/2025 23:47:44] "GET /get_progress/default_file HTTP/1.1" 200 -
2025-04-05 23:47:45,882 - INFO - 127.0.0.1 - - [05/Apr/2025 23:47:45] "GET /get_progress/default_file HTTP/1.1" 200 -
2025-04-05 23:47:45,885 - INFO - 127.0.0.1 - - [05/Apr/2025 23:47:45] "GET /get_progress/default_file HTTP/1.1" 200 -
2025-04-05 23:47:46,882 - INFO - 127.0.0.1 - - [05/Apr/2025 23:47:46] "GET /get_progress/default_file HTTP/1.1" 200 -
2025-04-05 23:47:46,885 - INFO - 127.0.0.1 - - [05/Apr/2025 23:47:46] "GET /get_progress/default_file HTTP/1.1" 200 -
2025-04-05 23:47:47,893 - INFO - 127.0.0.1 - - [05/Apr/2025 23:47:47] "GET /get_progress/default_file HTTP/1.1" 200 -
2025-04-05 23:47:47,896 - INFO - 127.0.0.1 - - [05/Apr/2025 23:47:47] "GET /get_progress/default_file HTTP/1.1" 200 -
2025-04-05 23:47:48,889 - INFO - 127.0.0.1 - - [05/Apr/2025 23:47:48] "GET /get_progress/default_file HTTP/1.1" 200 -
2025-04-05 23:47:48,891 - INFO - 127.0.0.1 - - [05/Apr/2025 23:47:48] "GET /get_progress/default_file HTTP/1.1" 200 -
2025-04-05 23:47:49,891 - INFO - 127.0.0.1 - - [05/Apr/2025 23:47:49] "GET /get_progress/default_file HTTP/1.1" 200 -
2025-04-05 23:47:49,893 - INFO - 127.0.0.1 - - [05/Apr/2025 23:47:49] "GET /get_progress/default_file HTTP/1.1" 200 -
2025-04-05 23:47:50,885 - INFO - 127.0.0.1 - - [05/Apr/2025 23:47:50] "GET /get_progress/default_file HTTP/1.1" 200 -
2025-04-05 23:47:50,890 - INFO - 127.0.0.1 - - [05/Apr/2025 23:47:50] "GET /get_progress/default_file HTTP/1.1" 200 -
2025-04-05 23:47:51,887 - INFO - 127.0.0.1 - - [05/Apr/2025 23:47:51] "GET /get_progress/default_file HTTP/1.1" 200 -
2025-04-05 23:47:51,890 - INFO - 127.0.0.1 - - [05/Apr/2025 23:47:51] "GET /get_progress/default_file HTTP/1.1" 200 -
2025-04-05 23:47:52,889 - INFO - 127.0.0.1 - - [05/Apr/2025 23:47:52] "GET /get_progress/default_file HTTP/1.1" 200 -
2025-04-05 23:47:52,892 - INFO - 127.0.0.1 - - [05/Apr/2025 23:47:52] "GET /get_progress/default_file HTTP/1.1" 200 -
2025-04-05 23:47:53,890 - INFO - 127.0.0.1 - - [05/Apr/2025 23:47:53] "GET /get_progress/default_file HTTP/1.1" 200 -
2025-04-05 23:47:53,893 - INFO - 127.0.0.1 - - [05/Apr/2025 23:47:53] "GET /get_progress/default_file HTTP/1.1" 200 -
2025-04-05 23:47:54,894 - INFO - 127.0.0.1 - - [05/Apr/2025 23:47:54] "GET /get_progress/default_file HTTP/1.1" 200 -
2025-04-05 23:47:54,897 - INFO - 127.0.0.1 - - [05/Apr/2025 23:47:54] "GET /get_progress/default_file HTTP/1.1" 200 -
2025-04-05 23:47:55,887 - INFO - 127.0.0.1 - - [05/Apr/2025 23:47:55] "GET /get_progress/default_file HTTP/1.1" 200 -
2025-04-05 23:47:55,890 - INFO - 127.0.0.1 - - [05/Apr/2025 23:47:55] "GET /get_progress/default_file HTTP/1.1" 200 -
2025-04-05 23:47:56,892 - INFO - 127.0.0.1 - - [05/Apr/2025 23:47:56] "GET /get_progress/default_file HTTP/1.1" 200 -
2025-04-05 23:47:56,894 - INFO - 127.0.0.1 - - [05/Apr/2025 23:47:56] "GET /get_progress/default_file HTTP/1.1" 200 -
2025-04-05 23:47:57,883 - INFO - 127.0.0.1 - - [05/Apr/2025 23:47:57] "GET /get_progress/default_file HTTP/1.1" 200 -
2025-04-05 23:47:57,885 - INFO - 127.0.0.1 - - [05/Apr/2025 23:47:57] "GET /get_progress/default_file HTTP/1.1" 200 -
2025-04-05 23:47:58,883 - INFO - 127.0.0.1 - - [05/Apr/2025 23:47:58] "GET /get_progress/default_file HTTP/1.1" 200 -
2025-04-05 23:47:58,886 - INFO - 127.0.0.1 - - [05/Apr/2025 23:47:58] "GET /get_progress/default_file HTTP/1.1" 200 -
2025-04-05 23:47:59,879 - INFO - 127.0.0.1 - - [05/Apr/2025 23:47:59] "GET /get_progress/default_file HTTP/1.1" 200 -
2025-04-05 23:47:59,882 - INFO - 127.0.0.1 - - [05/Apr/2025 23:47:59] "GET /get_progress/default_file HTTP/1.1" 200 -
2025-04-05 23:48:00,886 - INFO - 127.0.0.1 - - [05/Apr/2025 23:48:00] "GET /get_progress/default_file HTTP/1.1" 200 -
2025-04-05 23:48:00,888 - INFO - 127.0.0.1 - - [05/Apr/2025 23:48:00] "GET /get_progress/default_file HTTP/1.1" 200 -
2025-04-05 23:48:01,880 - INFO - 127.0.0.1 - - [05/Apr/2025 23:48:01] "GET /get_progress/default_file HTTP/1.1" 200 -
2025-04-05 23:48:01,882 - INFO - 127.0.0.1 - - [05/Apr/2025 23:48:01] "GET /get_progress/default_file HTTP/1.1" 200 -
2025-04-05 23:48:02,888 - INFO - 127.0.0.1 - - [05/Apr/2025 23:48:02] "GET /get_progress/default_file HTTP/1.1" 200 -
2025-04-05 23:48:02,890 - INFO - 127.0.0.1 - - [05/Apr/2025 23:48:02] "GET /get_progress/default_file HTTP/1.1" 200 -
2025-04-05 23:48:03,883 - INFO - 127.0.0.1 - - [05/Apr/2025 23:48:03] "GET /get_progress/default_file HTTP/1.1" 200 -
2025-04-05 23:48:03,885 - INFO - 127.0.0.1 - - [05/Apr/2025 23:48:03] "GET /get_progress/default_file HTTP/1.1" 200 -
2025-04-05 23:48:04,879 - INFO - 127.0.0.1 - - [05/Apr/2025 23:48:04] "GET /get_progress/default_file HTTP/1.1" 200 -
2025-04-05 23:48:04,881 - INFO - 127.0.0.1 - - [05/Apr/2025 23:48:04] "GET /get_progress/default_file HTTP/1.1" 200 -
2025-04-05 23:48:05,885 - INFO - 127.0.0.1 - - [05/Apr/2025 23:48:05] "GET /get_progress/default_file HTTP/1.1" 200 -
2025-04-05 23:48:05,887 - INFO - 127.0.0.1 - - [05/Apr/2025 23:48:05] "GET /get_progress/default_file HTTP/1.1" 200 -
2025-04-05 23:48:06,889 - INFO - 127.0.0.1 - - [05/Apr/2025 23:48:06] "GET /get_progress/default_file HTTP/1.1" 200 -
2025-04-05 23:48:06,892 - INFO - 127.0.0.1 - - [05/Apr/2025 23:48:06] "GET /get_progress/default_file HTTP/1.1" 200 -
2025-04-05 23:48:07,887 - INFO - 127.0.0.1 - - [05/Apr/2025 23:48:07] "GET /get_progress/default_file HTTP/1.1" 200 -
2025-04-05 23:48:07,889 - INFO - 127.0.0.1 - - [05/Apr/2025 23:48:07] "GET /get_progress/default_file HTTP/1.1" 200 -
2025-04-05 23:48:08,882 - INFO - 127.0.0.1 - - [05/Apr/2025 23:48:08] "GET /get_progress/default_file HTTP/1.1" 200 -
2025-04-05 23:48:08,886 - INFO - 127.0.0.1 - - [05/Apr/2025 23:48:08] "GET /get_progress/default_file HTTP/1.1" 200 -
2025-04-05 23:48:09,886 - INFO - 127.0.0.1 - - [05/Apr/2025 23:48:09] "GET /get_progress/default_file HTTP/1.1" 200 -
2025-04-05 23:48:09,889 - INFO - 127.0.0.1 - - [05/Apr/2025 23:48:09] "GET /get_progress/default_file HTTP/1.1" 200 -
2025-04-05 23:48:10,885 - INFO - 127.0.0.1 - - [05/Apr/2025 23:48:10] "GET /get_progress/default_file HTTP/1.1" 200 -
2025-04-05 23:48:10,888 - INFO - 127.0.0.1 - - [05/Apr/2025 23:48:10] "GET /get_progress/default_file HTTP/1.1" 200 -
2025-04-05 23:48:25,887 - INFO - 127.0.0.1 - - [05/Apr/2025 23:48:25] "GET /get_progress/default_file HTTP/1.1" 200 -
2025-04-05 23:48:25,889 - INFO - 127.0.0.1 - - [05/Apr/2025 23:48:25] "GET /get_progress/default_file HTTP/1.1" 200 -
2025-04-05 23:49:12,719 - INFO - 127.0.0.1 - - [05/Apr/2025 23:49:12] "GET /get_progress/default_file HTTP/1.1" 200 -
2025-04-05 23:49:12,725 - INFO - 127.0.0.1 - - [05/Apr/2025 23:49:12] "GET /get_progress/default_file HTTP/1.1" 200 -
2025-04-05 23:49:13,653 - INFO - 127.0.0.1 - - [05/Apr/2025 23:49:13] "GET /get_progress/default_file HTTP/1.1" 200 -
2025-04-05 23:49:13,733 - INFO - 127.0.0.1 - - [05/Apr/2025 23:49:13] "GET /get_progress/default_file HTTP/1.1" 200 -
2025-04-05 23:49:14,888 - INFO - 127.0.0.1 - - [05/Apr/2025 23:49:14] "GET /get_progress/default_file HTTP/1.1" 200 -
2025-04-05 23:49:14,891 - INFO - 127.0.0.1 - - [05/Apr/2025 23:49:14] "GET /get_progress/default_file HTTP/1.1" 200 -
2025-04-05 23:49:15,886 - INFO - 127.0.0.1 - - [05/Apr/2025 23:49:15] "GET /get_progress/default_file HTTP/1.1" 200 -
2025-04-05 23:49:15,888 - INFO - 127.0.0.1 - - [05/Apr/2025 23:49:15] "GET /get_progress/default_file HTTP/1.1" 200 -
2025-04-05 23:49:16,882 - INFO - 127.0.0.1 - - [05/Apr/2025 23:49:16] "GET /get_progress/default_file HTTP/1.1" 200 -
2025-04-05 23:49:16,885 - INFO - 127.0.0.1 - - [05/Apr/2025 23:49:16] "GET /get_progress/default_file HTTP/1.1" 200 -
2025-04-05 23:49:17,894 - INFO - 127.0.0.1 - - [05/Apr/2025 23:49:17] "GET /get_progress/default_file HTTP/1.1" 200 -
2025-04-05 23:49:17,897 - INFO - 127.0.0.1 - - [05/Apr/2025 23:49:17] "GET /get_progress/default_file HTTP/1.1" 200 -
2025-04-05 23:49:18,889 - INFO - 127.0.0.1 - - [05/Apr/2025 23:49:18] "GET /get_progress/default_file HTTP/1.1" 200 -
2025-04-05 23:49:18,892 - INFO - 127.0.0.1 - - [05/Apr/2025 23:49:18] "GET /get_progress/default_file HTTP/1.1" 200 -
2025-04-05 23:49:19,880 - INFO - 127.0.0.1 - - [05/Apr/2025 23:49:19] "GET /get_progress/default_file HTTP/1.1" 200 -
2025-04-05 23:49:19,881 - INFO - 127.0.0.1 - - [05/Apr/2025 23:49:19] "GET /get_progress/default_file HTTP/1.1" 200 -
2025-04-05 23:49:20,890 - INFO - 127.0.0.1 - - [05/Apr/2025 23:49:20] "GET /get_progress/default_file HTTP/1.1" 200 -
2025-04-05 23:49:20,892 - INFO - 127.0.0.1 - - [05/Apr/2025 23:49:20] "GET /get_progress/default_file HTTP/1.1" 200 -
2025-04-05 23:49:21,891 - INFO - 127.0.0.1 - - [05/Apr/2025 23:49:21] "GET /get_progress/default_file HTTP/1.1" 200 -
2025-04-05 23:49:21,893 - INFO - 127.0.0.1 - - [05/Apr/2025 23:49:21] "GET /get_progress/default_file HTTP/1.1" 200 -
2025-04-05 23:49:22,888 - INFO - 127.0.0.1 - - [05/Apr/2025 23:49:22] "GET /get_progress/default_file HTTP/1.1" 200 -
2025-04-05 23:49:22,890 - INFO - 127.0.0.1 - - [05/Apr/2025 23:49:22] "GET /get_progress/default_file HTTP/1.1" 200 -
2025-04-05 23:49:23,879 - INFO - 127.0.0.1 - - [05/Apr/2025 23:49:23] "GET /get_progress/default_file HTTP/1.1" 200 -
2025-04-05 23:49:23,881 - INFO - 127.0.0.1 - - [05/Apr/2025 23:49:23] "GET /get_progress/default_file HTTP/1.1" 200 -
2025-04-05 23:49:24,889 - INFO - 127.0.0.1 - - [05/Apr/2025 23:49:24] "GET /get_progress/default_file HTTP/1.1" 200 -
2025-04-05 23:49:24,891 - INFO - 127.0.0.1 - - [05/Apr/2025 23:49:24] "GET /get_progress/default_file HTTP/1.1" 200 -
2025-04-05 23:49:25,891 - INFO - 127.0.0.1 - - [05/Apr/2025 23:49:25] "GET /get_progress/default_file HTTP/1.1" 200 -
2025-04-05 23:49:25,894 - INFO - 127.0.0.1 - - [05/Apr/2025 23:49:25] "GET /get_progress/default_file HTTP/1.1" 200 -
2025-04-05 23:49:26,885 - INFO - 127.0.0.1 - - [05/Apr/2025 23:49:26] "GET /get_progress/default_file HTTP/1.1" 200 -
2025-04-05 23:49:26,893 - INFO - 127.0.0.1 - - [05/Apr/2025 23:49:26] "GET /get_progress/default_file HTTP/1.1" 200 -
2025-04-05 23:49:27,883 - INFO - 127.0.0.1 - - [05/Apr/2025 23:49:27] "GET /get_progress/default_file HTTP/1.1" 200 -
2025-04-05 23:49:27,885 - INFO - 127.0.0.1 - - [05/Apr/2025 23:49:27] "GET /get_progress/default_file HTTP/1.1" 200 -
2025-04-05 23:49:28,879 - INFO - 127.0.0.1 - - [05/Apr/2025 23:49:28] "GET /get_progress/default_file HTTP/1.1" 200 -
2025-04-05 23:49:28,882 - INFO - 127.0.0.1 - - [05/Apr/2025 23:49:28] "GET /get_progress/default_file HTTP/1.1" 200 -
2025-04-05 23:49:29,882 - INFO - 127.0.0.1 - - [05/Apr/2025 23:49:29] "GET /get_progress/default_file HTTP/1.1" 200 -
2025-04-05 23:49:29,886 - INFO - 127.0.0.1 - - [05/Apr/2025 23:49:29] "GET /get_progress/default_file HTTP/1.1" 200 -
2025-04-05 23:49:30,884 - INFO - 127.0.0.1 - - [05/Apr/2025 23:49:30] "GET /get_progress/default_file HTTP/1.1" 200 -
2025-04-05 23:49:30,888 - INFO - 127.0.0.1 - - [05/Apr/2025 23:49:30] "GET /get_progress/default_file HTTP/1.1" 200 -
2025-04-05 23:49:31,887 - INFO - 127.0.0.1 - - [05/Apr/2025 23:49:31] "GET /get_progress/default_file HTTP/1.1" 200 -
2025-04-05 23:49:31,892 - INFO - 127.0.0.1 - - [05/Apr/2025 23:49:31] "GET /get_progress/default_file HTTP/1.1" 200 -
2025-04-05 23:49:32,888 - INFO - 127.0.0.1 - - [05/Apr/2025 23:49:32] "GET /get_progress/default_file HTTP/1.1" 200 -
2025-04-05 23:49:32,891 - INFO - 127.0.0.1 - - [05/Apr/2025 23:49:32] "GET /get_progress/default_file HTTP/1.1" 200 -
2025-04-05 23:49:33,881 - INFO - 127.0.0.1 - - [05/Apr/2025 23:49:33] "GET /get_progress/default_file HTTP/1.1" 200 -
2025-04-05 23:49:33,885 - INFO - 127.0.0.1 - - [05/Apr/2025 23:49:33] "GET /get_progress/default_file HTTP/1.1" 200 -
2025-04-05 23:49:34,890 - INFO - 127.0.0.1 - - [05/Apr/2025 23:49:34] "GET /get_progress/default_file HTTP/1.1" 200 -
2025-04-05 23:49:34,893 - INFO - 127.0.0.1 - - [05/Apr/2025 23:49:34] "GET /get_progress/default_file HTTP/1.1" 200 -
2025-04-05 23:49:35,884 - INFO - 127.0.0.1 - - [05/Apr/2025 23:49:35] "GET /get_progress/default_file HTTP/1.1" 200 -
2025-04-05 23:49:35,886 - INFO - 127.0.0.1 - - [05/Apr/2025 23:49:35] "GET /get_progress/default_file HTTP/1.1" 200 -
2025-04-05 23:49:36,883 - INFO - 127.0.0.1 - - [05/Apr/2025 23:49:36] "GET /get_progress/default_file HTTP/1.1" 200 -
2025-04-05 23:49:36,887 - INFO - 127.0.0.1 - - [05/Apr/2025 23:49:36] "GET /get_progress/default_file HTTP/1.1" 200 -
2025-04-05 23:49:37,881 - INFO - 127.0.0.1 - - [05/Apr/2025 23:49:37] "GET /get_progress/default_file HTTP/1.1" 200 -
2025-04-05 23:49:37,884 - INFO - 127.0.0.1 - - [05/Apr/2025 23:49:37] "GET /get_progress/default_file HTTP/1.1" 200 -
2025-04-05 23:49:38,881 - INFO - 127.0.0.1 - - [05/Apr/2025 23:49:38] "GET /get_progress/default_file HTTP/1.1" 200 -
2025-04-05 23:49:38,883 - INFO - 127.0.0.1 - - [05/Apr/2025 23:49:38] "GET /get_progress/default_file HTTP/1.1" 200 -
2025-04-05 23:49:39,890 - INFO - 127.0.0.1 - - [05/Apr/2025 23:49:39] "GET /get_progress/default_file HTTP/1.1" 200 -
2025-04-05 23:49:39,893 - INFO - 127.0.0.1 - - [05/Apr/2025 23:49:39] "GET /get_progress/default_file HTTP/1.1" 200 -
2025-04-05 23:49:40,886 - INFO - 127.0.0.1 - - [05/Apr/2025 23:49:40] "GET /get_progress/default_file HTTP/1.1" 200 -
2025-04-05 23:49:40,889 - INFO - 127.0.0.1 - - [05/Apr/2025 23:49:40] "GET /get_progress/default_file HTTP/1.1" 200 -
2025-04-05 23:49:41,645 - INFO - 127.0.0.1 - - [05/Apr/2025 23:49:41] "GET /get_progress/default_file HTTP/1.1" 200 -
2025-04-05 23:49:41,727 - INFO - 127.0.0.1 - - [05/Apr/2025 23:49:41] "GET /get_progress/default_file HTTP/1.1" 200 -
2025-04-05 23:49:42,647 - INFO - 127.0.0.1 - - [05/Apr/2025 23:49:42] "GET /get_progress/default_file HTTP/1.1" 200 -
2025-04-05 23:49:42,727 - INFO - 127.0.0.1 - - [05/Apr/2025 23:49:42] "GET /get_progress/default_file HTTP/1.1" 200 -
2025-04-05 23:49:43,654 - INFO - 127.0.0.1 - - [05/Apr/2025 23:49:43] "GET /get_progress/default_file HTTP/1.1" 200 -
2025-04-05 23:49:43,733 - INFO - 127.0.0.1 - - [05/Apr/2025 23:49:43] "GET /get_progress/default_file HTTP/1.1" 200 -
2025-04-05 23:49:44,647 - INFO - 127.0.0.1 - - [05/Apr/2025 23:49:44] "GET /get_progress/default_file HTTP/1.1" 200 -
2025-04-05 23:49:44,725 - INFO - 127.0.0.1 - - [05/Apr/2025 23:49:44] "GET /get_progress/default_file HTTP/1.1" 200 -
2025-04-05 23:49:45,657 - INFO - 127.0.0.1 - - [05/Apr/2025 23:49:45] "GET /get_progress/default_file HTTP/1.1" 200 -
2025-04-05 23:49:45,734 - INFO - 127.0.0.1 - - [05/Apr/2025 23:49:45] "GET /get_progress/default_file HTTP/1.1" 200 -
2025-04-05 23:49:46,657 - INFO - 127.0.0.1 - - [05/Apr/2025 23:49:46] "GET /get_progress/default_file HTTP/1.1" 200 -
2025-04-05 23:49:46,736 - INFO - 127.0.0.1 - - [05/Apr/2025 23:49:46] "GET /get_progress/default_file HTTP/1.1" 200 -
2025-04-05 23:49:47,655 - INFO - 127.0.0.1 - - [05/Apr/2025 23:49:47] "GET /get_progress/default_file HTTP/1.1" 200 -
2025-04-05 23:49:47,733 - INFO - 127.0.0.1 - - [05/Apr/2025 23:49:47] "GET /get_progress/default_file HTTP/1.1" 200 -
2025-04-05 23:49:48,660 - INFO - 127.0.0.1 - - [05/Apr/2025 23:49:48] "GET /get_progress/default_file HTTP/1.1" 200 -
2025-04-05 23:49:48,722 - INFO - 127.0.0.1 - - [05/Apr/2025 23:49:48] "GET /get_progress/default_file HTTP/1.1" 200 -
2025-04-05 23:49:49,659 - INFO - 127.0.0.1 - - [05/Apr/2025 23:49:49] "GET /get_progress/default_file HTTP/1.1" 200 -
2025-04-05 23:49:49,722 - INFO - 127.0.0.1 - - [05/Apr/2025 23:49:49] "GET /get_progress/default_file HTTP/1.1" 200 -
2025-04-05 23:49:50,659 - INFO - 127.0.0.1 - - [05/Apr/2025 23:49:50] "GET /get_progress/default_file HTTP/1.1" 200 -
2025-04-05 23:49:50,737 - INFO - 127.0.0.1 - - [05/Apr/2025 23:49:50] "GET /get_progress/default_file HTTP/1.1" 200 -
2025-04-05 23:49:51,660 - INFO - 127.0.0.1 - - [05/Apr/2025 23:49:51] "GET /get_progress/default_file HTTP/1.1" 200 -
2025-04-05 23:49:51,736 - INFO - 127.0.0.1 - - [05/Apr/2025 23:49:51] "GET /get_progress/default_file HTTP/1.1" 200 -
2025-04-05 23:49:52,657 - INFO - 127.0.0.1 - - [05/Apr/2025 23:49:52] "GET /get_progress/default_file HTTP/1.1" 200 -
2025-04-05 23:49:52,734 - INFO - 127.0.0.1 - - [05/Apr/2025 23:49:52] "GET /get_progress/default_file HTTP/1.1" 200 -
2025-04-05 23:49:53,656 - INFO - 127.0.0.1 - - [05/Apr/2025 23:49:53] "GET /get_progress/default_file HTTP/1.1" 200 -
2025-04-05 23:49:53,733 - INFO - 127.0.0.1 - - [05/Apr/2025 23:49:53] "GET /get_progress/default_file HTTP/1.1" 200 -
2025-04-05 23:49:54,649 - INFO - 127.0.0.1 - - [05/Apr/2025 23:49:54] "GET /get_progress/default_file HTTP/1.1" 200 -
2025-04-05 23:49:54,726 - INFO - 127.0.0.1 - - [05/Apr/2025 23:49:54] "GET /get_progress/default_file HTTP/1.1" 200 -
2025-04-05 23:49:55,646 - INFO - 127.0.0.1 - - [05/Apr/2025 23:49:55] "GET /get_progress/default_file HTTP/1.1" 200 -
2025-04-05 23:49:55,722 - INFO - 127.0.0.1 - - [05/Apr/2025 23:49:55] "GET /get_progress/default_file HTTP/1.1" 200 -
2025-04-05 23:49:56,661 - INFO - 127.0.0.1 - - [05/Apr/2025 23:49:56] "GET /get_progress/default_file HTTP/1.1" 200 -
2025-04-05 23:49:56,722 - INFO - 127.0.0.1 - - [05/Apr/2025 23:49:56] "GET /get_progress/default_file HTTP/1.1" 200 -
2025-04-05 23:49:57,661 - INFO - 127.0.0.1 - - [05/Apr/2025 23:49:57] "GET /get_progress/default_file HTTP/1.1" 200 -
2025-04-05 23:49:57,739 - INFO - 127.0.0.1 - - [05/Apr/2025 23:49:57] "GET /get_progress/default_file HTTP/1.1" 200 -
2025-04-05 23:49:58,647 - INFO - 127.0.0.1 - - [05/Apr/2025 23:49:58] "GET /get_progress/default_file HTTP/1.1" 200 -
2025-04-05 23:49:58,737 - INFO - 127.0.0.1 - - [05/Apr/2025 23:49:58] "GET /get_progress/default_file HTTP/1.1" 200 -
2025-04-05 23:49:59,659 - INFO - 127.0.0.1 - - [05/Apr/2025 23:49:59] "GET /get_progress/default_file HTTP/1.1" 200 -
2025-04-05 23:49:59,737 - INFO - 127.0.0.1 - - [05/Apr/2025 23:49:59] "GET /get_progress/default_file HTTP/1.1" 200 -
2025-04-05 23:50:00,659 - INFO - 127.0.0.1 - - [05/Apr/2025 23:50:00] "GET /get_progress/default_file HTTP/1.1" 200 -
2025-04-05 23:50:00,734 - INFO - 127.0.0.1 - - [05/Apr/2025 23:50:00] "GET /get_progress/default_file HTTP/1.1" 200 -
2025-04-05 23:50:01,657 - INFO - 127.0.0.1 - - [05/Apr/2025 23:50:01] "GET /get_progress/default_file HTTP/1.1" 200 -
2025-04-05 23:50:01,735 - INFO - 127.0.0.1 - - [05/Apr/2025 23:50:01] "GET /get_progress/default_file HTTP/1.1" 200 -
2025-04-05 23:50:02,201 - INFO - 127.0.0.1 - - [05/Apr/2025 23:50:02] "GET / HTTP/1.1" 200 -
2025-04-05 23:50:02,257 - INFO - 127.0.0.1 - - [05/Apr/2025 23:50:02] "[36mGET /static/styles.css HTTP/1.1[0m" 304 -
2025-04-05 23:50:02,258 - INFO - 127.0.0.1 - - [05/Apr/2025 23:50:02] "[36mGET /static/script.js HTTP/1.1[0m" 304 -
2025-04-05 23:50:02,265 - INFO - Requesting file list from server
2025-04-05 23:50:02,265 - INFO - New connection established with client of address = ('127.0.0.1', 55402)
2025-04-05 23:50:02,266 - INFO - New serving socket connected to address = ('127.0.0.1', 55402)
2025-04-05 23:50:02,266 - INFO - List files request received
2025-04-05 23:50:02,266 - INFO - File list sent to client
2025-04-05 23:50:02,266 - INFO - Connection with ('127.0.0.1', 55402) closed
2025-04-05 23:50:02,266 - INFO - Client connection closed
2025-04-05 23:50:02,266 - INFO - 127.0.0.1 - - [05/Apr/2025 23:50:02] "GET /list HTTP/1.1" 200 -
2025-04-05 23:50:02,270 - INFO - 127.0.0.1 - - [05/Apr/2025 23:50:02] "[33mGET /icons/word-file.png HTTP/1.1[0m" 404 -
2025-04-05 23:50:06,949 - ERROR - Error in client operation: name 'file_path' is not defined
2025-04-05 23:50:06,949 - INFO - New connection established with client of address = ('127.0.0.1', 55406)
2025-04-05 23:50:06,949 - INFO - Client connection closed
2025-04-05 23:50:06,949 - INFO - New serving socket connected to address = ('127.0.0.1', 55406)
2025-04-05 23:50:06,949 - INFO - Upload request received
2025-04-05 23:50:06,949 - INFO - Receiving file with name: 
2025-04-05 23:50:06,950 - INFO -  file saved on: _1
2025-04-05 23:50:06,950 - INFO - Connection with ('127.0.0.1', 55406) closed
2025-04-05 23:50:06,982 - INFO - 127.0.0.1 - - [05/Apr/2025 23:50:06] "POST /upload HTTP/1.1" 200 -
2025-04-05 23:50:06,988 - INFO - 127.0.0.1 - - [05/Apr/2025 23:50:06] "GET /get_progress/default_file HTTP/1.1" 200 -
2025-04-05 23:50:12,881 - INFO - New connection established with client of address = ('127.0.0.1', 55411)
2025-04-05 23:50:12,882 - INFO - New serving socket connected to address = ('127.0.0.1', 55411)
2025-04-05 23:50:12,882 - INFO - List files request received
2025-04-05 23:50:12,883 - INFO - File list sent to client
2025-04-05 23:50:12,883 - INFO - Connection with ('127.0.0.1', 55411) closed
2025-04-05 23:50:12,883 - INFO - 127.0.0.1 - - [05/Apr/2025 23:50:12] "GET /get_progress/default_file HTTP/1.1" 200 -
2025-04-05 23:50:12,883 - INFO - Received file list with 2 files
2025-04-05 23:50:12,884 - INFO - Client connection closed
2025-04-05 23:50:12,884 - INFO - 127.0.0.1 - - [05/Apr/2025 23:50:12] "GET /list HTTP/1.1" 200 -
2025-04-05 23:50:12,892 - INFO - 127.0.0.1 - - [05/Apr/2025 23:50:12] "[33mGET /icons/word-file.png HTTP/1.1[0m" 404 -
2025-04-05 23:50:12,893 - INFO - 127.0.0.1 - - [05/Apr/2025 23:50:12] "[33mGET /icons/default-file.png HTTP/1.1[0m" 404 -
2025-04-05 23:50:12,992 - INFO - 127.0.0.1 - - [05/Apr/2025 23:50:12] "GET /get_progress/default_file HTTP/1.1" 200 -
2025-04-05 23:50:13,994 - INFO - 127.0.0.1 - - [05/Apr/2025 23:50:13] "GET /get_progress/default_file HTTP/1.1" 200 -
2025-04-05 23:50:14,990 - INFO - 127.0.0.1 - - [05/Apr/2025 23:50:14] "GET /get_progress/default_file HTTP/1.1" 200 -
2025-04-05 23:50:15,989 - INFO - 127.0.0.1 - - [05/Apr/2025 23:50:15] "GET /get_progress/default_file HTTP/1.1" 200 -
2025-04-05 23:50:16,990 - INFO - 127.0.0.1 - - [05/Apr/2025 23:50:16] "GET /get_progress/default_file HTTP/1.1" 200 -
2025-04-05 23:50:17,985 - INFO - 127.0.0.1 - - [05/Apr/2025 23:50:17] "GET /get_progress/default_file HTTP/1.1" 200 -
2025-04-05 23:50:18,985 - INFO - 127.0.0.1 - - [05/Apr/2025 23:50:18] "GET /get_progress/default_file HTTP/1.1" 200 -
2025-04-05 23:50:19,983 - INFO - 127.0.0.1 - - [05/Apr/2025 23:50:19] "GET /get_progress/default_file HTTP/1.1" 200 -
2025-04-05 23:50:20,980 - INFO - 127.0.0.1 - - [05/Apr/2025 23:50:20] "GET /get_progress/default_file HTTP/1.1" 200 -
2025-04-05 23:50:21,979 - INFO - 127.0.0.1 - - [05/Apr/2025 23:50:21] "GET /get_progress/default_file HTTP/1.1" 200 -
2025-04-05 23:50:22,980 - INFO - 127.0.0.1 - - [05/Apr/2025 23:50:22] "GET /get_progress/default_file HTTP/1.1" 200 -
2025-04-05 23:50:24,884 - INFO - 127.0.0.1 - - [05/Apr/2025 23:50:24] "GET /get_progress/default_file HTTP/1.1" 200 -
2025-04-05 23:50:25,884 - INFO - 127.0.0.1 - - [05/Apr/2025 23:50:25] "GET /get_progress/default_file HTTP/1.1" 200 -
2025-04-05 23:50:26,882 - INFO - 127.0.0.1 - - [05/Apr/2025 23:50:26] "GET /get_progress/default_file HTTP/1.1" 200 -
2025-04-05 23:50:27,885 - INFO - 127.0.0.1 - - [05/Apr/2025 23:50:27] "GET /get_progress/default_file HTTP/1.1" 200 -
2025-04-05 23:50:28,882 - INFO - 127.0.0.1 - - [05/Apr/2025 23:50:28] "GET /get_progress/default_file HTTP/1.1" 200 -
2025-04-05 23:50:29,877 - INFO - 127.0.0.1 - - [05/Apr/2025 23:50:29] "GET /get_progress/default_file HTTP/1.1" 200 -
2025-04-05 23:50:30,878 - INFO - 127.0.0.1 - - [05/Apr/2025 23:50:30] "GET /get_progress/default_file HTTP/1.1" 200 -
2025-04-05 23:50:31,893 - INFO - 127.0.0.1 - - [05/Apr/2025 23:50:31] "GET /get_progress/default_file HTTP/1.1" 200 -
2025-04-05 23:50:32,890 - INFO - 127.0.0.1 - - [05/Apr/2025 23:50:32] "GET /get_progress/default_file HTTP/1.1" 200 -
2025-04-05 23:50:33,887 - INFO - 127.0.0.1 - - [05/Apr/2025 23:50:33] "GET /get_progress/default_file HTTP/1.1" 200 -
2025-04-05 23:50:34,888 - INFO - 127.0.0.1 - - [05/Apr/2025 23:50:34] "GET /get_progress/default_file HTTP/1.1" 200 -
2025-04-05 23:50:35,888 - INFO - 127.0.0.1 - - [05/Apr/2025 23:50:35] "GET /get_progress/default_file HTTP/1.1" 200 -
2025-04-05 23:50:36,881 - INFO - 127.0.0.1 - - [05/Apr/2025 23:50:36] "GET /get_progress/default_file HTTP/1.1" 200 -
2025-04-05 23:50:37,879 - INFO - 127.0.0.1 - - [05/Apr/2025 23:50:37] "GET /get_progress/default_file HTTP/1.1" 200 -
2025-04-05 23:50:38,891 - INFO - 127.0.0.1 - - [05/Apr/2025 23:50:38] "GET /get_progress/default_file HTTP/1.1" 200 -
2025-04-05 23:50:39,884 - INFO - 127.0.0.1 - - [05/Apr/2025 23:50:39] "GET /get_progress/default_file HTTP/1.1" 200 -
2025-04-05 23:50:40,885 - INFO - 127.0.0.1 - - [05/Apr/2025 23:50:40] "GET /get_progress/default_file HTTP/1.1" 200 -
2025-04-05 23:50:41,879 - INFO - 127.0.0.1 - - [05/Apr/2025 23:50:41] "GET /get_progress/default_file HTTP/1.1" 200 -
2025-04-05 23:50:42,877 - INFO - 127.0.0.1 - - [05/Apr/2025 23:50:42] "GET /get_progress/default_file HTTP/1.1" 200 -
2025-04-05 23:50:43,881 - INFO - 127.0.0.1 - - [05/Apr/2025 23:50:43] "GET /get_progress/default_file HTTP/1.1" 200 -
2025-04-05 23:50:44,878 - INFO - 127.0.0.1 - - [05/Apr/2025 23:50:44] "GET /get_progress/default_file HTTP/1.1" 200 -
2025-04-05 23:50:45,880 - INFO - 127.0.0.1 - - [05/Apr/2025 23:50:45] "GET /get_progress/default_file HTTP/1.1" 200 -
2025-04-05 23:50:46,889 - INFO - 127.0.0.1 - - [05/Apr/2025 23:50:46] "GET /get_progress/default_file HTTP/1.1" 200 -
2025-04-05 23:50:47,890 - INFO - 127.0.0.1 - - [05/Apr/2025 23:50:47] "GET /get_progress/default_file HTTP/1.1" 200 -
2025-04-05 23:50:48,889 - INFO - 127.0.0.1 - - [05/Apr/2025 23:50:48] "GET /get_progress/default_file HTTP/1.1" 200 -
2025-04-05 23:50:49,885 - INFO - 127.0.0.1 - - [05/Apr/2025 23:50:49] "GET /get_progress/default_file HTTP/1.1" 200 -
2025-04-05 23:50:50,880 - INFO - 127.0.0.1 - - [05/Apr/2025 23:50:50] "GET /get_progress/default_file HTTP/1.1" 200 -
2025-04-05 23:50:51,881 - INFO - 127.0.0.1 - - [05/Apr/2025 23:50:51] "GET /get_progress/default_file HTTP/1.1" 200 -
2025-04-05 23:50:52,889 - INFO - 127.0.0.1 - - [05/Apr/2025 23:50:52] "GET /get_progress/default_file HTTP/1.1" 200 -
2025-04-05 23:50:53,886 - INFO - 127.0.0.1 - - [05/Apr/2025 23:50:53] "GET /get_progress/default_file HTTP/1.1" 200 -
2025-04-05 23:50:54,886 - INFO - 127.0.0.1 - - [05/Apr/2025 23:50:54] "GET /get_progress/default_file HTTP/1.1" 200 -
2025-04-05 23:50:55,887 - INFO - 127.0.0.1 - - [05/Apr/2025 23:50:55] "GET /get_progress/default_file HTTP/1.1" 200 -
2025-04-05 23:50:56,890 - INFO - 127.0.0.1 - - [05/Apr/2025 23:50:56] "GET /get_progress/default_file HTTP/1.1" 200 -
2025-04-05 23:50:57,888 - INFO - 127.0.0.1 - - [05/Apr/2025 23:50:57] "GET /get_progress/default_file HTTP/1.1" 200 -
2025-04-05 23:50:58,878 - INFO - 127.0.0.1 - - [05/Apr/2025 23:50:58] "GET /get_progress/default_file HTTP/1.1" 200 -
2025-04-05 23:50:59,878 - INFO - 127.0.0.1 - - [05/Apr/2025 23:50:59] "GET /get_progress/default_file HTTP/1.1" 200 -
2025-04-05 23:51:00,878 - INFO - 127.0.0.1 - - [05/Apr/2025 23:51:00] "GET /get_progress/default_file HTTP/1.1" 200 -
2025-04-05 23:51:01,890 - INFO - 127.0.0.1 - - [05/Apr/2025 23:51:01] "GET /get_progress/default_file HTTP/1.1" 200 -
2025-04-05 23:51:02,888 - INFO - 127.0.0.1 - - [05/Apr/2025 23:51:02] "GET /get_progress/default_file HTTP/1.1" 200 -
2025-04-05 23:51:03,885 - INFO - 127.0.0.1 - - [05/Apr/2025 23:51:03] "GET /get_progress/default_file HTTP/1.1" 200 -
2025-04-05 23:51:04,881 - INFO - 127.0.0.1 - - [05/Apr/2025 23:51:04] "GET /get_progress/default_file HTTP/1.1" 200 -
2025-04-05 23:51:05,883 - INFO - 127.0.0.1 - - [05/Apr/2025 23:51:05] "GET /get_progress/default_file HTTP/1.1" 200 -
2025-04-05 23:51:06,879 - INFO - 127.0.0.1 - - [05/Apr/2025 23:51:06] "GET /get_progress/default_file HTTP/1.1" 200 -
2025-04-05 23:51:07,888 - INFO - 127.0.0.1 - - [05/Apr/2025 23:51:07] "GET /get_progress/default_file HTTP/1.1" 200 -
2025-04-05 23:51:08,883 - INFO - 127.0.0.1 - - [05/Apr/2025 23:51:08] "GET /get_progress/default_file HTTP/1.1" 200 -
2025-04-05 23:51:09,890 - INFO - 127.0.0.1 - - [05/Apr/2025 23:51:09] "GET /get_progress/default_file HTTP/1.1" 200 -
2025-04-05 23:51:10,885 - INFO - 127.0.0.1 - - [05/Apr/2025 23:51:10] "GET /get_progress/default_file HTTP/1.1" 200 -
2025-04-05 23:51:11,882 - INFO - 127.0.0.1 - - [05/Apr/2025 23:51:11] "GET /get_progress/default_file HTTP/1.1" 200 -
2025-04-05 23:51:12,881 - INFO - 127.0.0.1 - - [05/Apr/2025 23:51:12] "GET /get_progress/default_file HTTP/1.1" 200 -
2025-04-05 23:51:13,880 - INFO - 127.0.0.1 - - [05/Apr/2025 23:51:13] "GET /get_progress/default_file HTTP/1.1" 200 -
2025-04-05 23:51:14,880 - INFO - 127.0.0.1 - - [05/Apr/2025 23:51:14] "GET /get_progress/default_file HTTP/1.1" 200 -
2025-04-05 23:51:15,882 - INFO - 127.0.0.1 - - [05/Apr/2025 23:51:15] "GET /get_progress/default_file HTTP/1.1" 200 -
2025-04-05 23:51:16,886 - INFO - 127.0.0.1 - - [05/Apr/2025 23:51:16] "GET /get_progress/default_file HTTP/1.1" 200 -
2025-04-05 23:51:17,882 - INFO - 127.0.0.1 - - [05/Apr/2025 23:51:17] "GET /get_progress/default_file HTTP/1.1" 200 -
2025-04-05 23:51:18,888 - INFO - 127.0.0.1 - - [05/Apr/2025 23:51:18] "GET /get_progress/default_file HTTP/1.1" 200 -
2025-04-05 23:51:19,887 - INFO - 127.0.0.1 - - [05/Apr/2025 23:51:19] "GET /get_progress/default_file HTTP/1.1" 200 -
2025-04-05 23:51:20,877 - INFO - 127.0.0.1 - - [05/Apr/2025 23:51:20] "GET /get_progress/default_file HTTP/1.1" 200 -
2025-04-05 23:51:21,888 - INFO - 127.0.0.1 - - [05/Apr/2025 23:51:21] "GET /get_progress/default_file HTTP/1.1" 200 -
2025-04-05 23:51:22,782 - INFO - 127.0.0.1 - - [05/Apr/2025 23:51:22] "GET /get_progress/default_file HTTP/1.1" 200 -
2025-04-05 23:51:22,982 - INFO - 127.0.0.1 - - [05/Apr/2025 23:51:22] "GET /get_progress/default_file HTTP/1.1" 200 -
2025-04-05 23:51:23,983 - INFO - 127.0.0.1 - - [05/Apr/2025 23:51:23] "GET /get_progress/default_file HTTP/1.1" 200 -
2025-04-05 23:59:11,673 - INFO - [31m[1mWARNING: This is a development server. Do not use it in a production deployment. Use a production WSGI server instead.[0m
 * Running on http://127.0.0.1:5000
2025-04-05 23:59:11,673 - INFO - [33mPress CTRL+C to quit[0m
2025-04-05 23:59:11,675 - INFO -  * Restarting with stat
2025-04-05 23:59:12,116 - WARNING -  * Debugger is active!
2025-04-05 23:59:12,117 - INFO -  * Debugger PIN: 911-889-448
2025-04-05 23:59:17,811 - INFO - Server starting on port 8080...
2025-04-05 23:59:17,811 - INFO - Server listening on port 8080...
2025-04-05 23:59:21,185 - INFO - 127.0.0.1 - - [05/Apr/2025 23:59:21] "GET /get_progress/default_file HTTP/1.1" 200 -
2025-04-05 23:59:21,989 - INFO - 127.0.0.1 - - [05/Apr/2025 23:59:21] "GET /get_progress/default_file HTTP/1.1" 200 -
2025-04-05 23:59:22,869 - INFO - 127.0.0.1 - - [05/Apr/2025 23:59:22] "GET / HTTP/1.1" 200 -
2025-04-05 23:59:22,921 - INFO - 127.0.0.1 - - [05/Apr/2025 23:59:22] "[36mGET /static/styles.css HTTP/1.1[0m" 304 -
2025-04-05 23:59:22,922 - INFO - 127.0.0.1 - - [05/Apr/2025 23:59:22] "[36mGET /static/script.js HTTP/1.1[0m" 304 -
2025-04-05 23:59:22,930 - INFO - Requesting file list from server
2025-04-05 23:59:22,930 - INFO - New connection established with client of address = ('127.0.0.1', 55762)
2025-04-05 23:59:22,931 - INFO - New serving socket connected to address = ('127.0.0.1', 55762)
2025-04-05 23:59:22,931 - INFO - List files request received
2025-04-05 23:59:22,932 - INFO - File list sent to client
2025-04-05 23:59:22,932 - INFO - Received file list with 1 files
2025-04-05 23:59:22,932 - INFO - Connection with ('127.0.0.1', 55762) closed
2025-04-05 23:59:22,932 - INFO - Client connection closed
2025-04-05 23:59:22,932 - INFO - 127.0.0.1 - - [05/Apr/2025 23:59:22] "GET /list HTTP/1.1" 200 -
2025-04-05 23:59:22,936 - INFO - 127.0.0.1 - - [05/Apr/2025 23:59:22] "[33mGET /icons/word-file.png HTTP/1.1[0m" 404 -
2025-04-05 23:59:26,589 - INFO - Uploading file: client_files\2025-03-24 20-28-33.remuxed.mov
2025-04-05 23:59:26,589 - INFO - New connection established with client of address = ('127.0.0.1', 55767)
2025-04-05 23:59:26,589 - INFO - New serving socket connected to address = ('127.0.0.1', 55767)
2025-04-05 23:59:26,589 - WARNING - Unknown command: 12025-03-24 20-28-33.remuxed.mov
2025-04-05 23:59:26,589 - INFO - Connection with ('127.0.0.1', 55767) closed
2025-04-05 23:59:26,654 - INFO - 127.0.0.1 - - [05/Apr/2025 23:59:26] "GET /get_progress/default_file HTTP/1.1" 200 -
2025-04-05 23:59:27,597 - ERROR - Error in client operation: [WinError 10053] An established connection was aborted by the software in your host machine
2025-04-05 23:59:27,598 - INFO - Client connection closed
2025-04-05 23:59:27,636 - INFO - 127.0.0.1 - - [05/Apr/2025 23:59:27] "POST /upload HTTP/1.1" 200 -
2025-04-05 23:59:38,648 - INFO - New connection established with client of address = ('127.0.0.1', 55772)
2025-04-05 23:59:38,648 - INFO - Requesting file list from server
2025-04-05 23:59:38,648 - INFO - New serving socket connected to address = ('127.0.0.1', 55772)
2025-04-05 23:59:38,648 - INFO - List files request received
2025-04-05 23:59:38,648 - INFO - File list sent to client
2025-04-05 23:59:38,648 - INFO - 127.0.0.1 - - [05/Apr/2025 23:59:38] "GET /get_progress/default_file HTTP/1.1" 200 -
2025-04-05 23:59:38,648 - INFO - Connection with ('127.0.0.1', 55772) closed
2025-04-05 23:59:38,648 - INFO - Received file list with 1 files
2025-04-05 23:59:38,649 - INFO - Client connection closed
2025-04-05 23:59:38,649 - INFO - 127.0.0.1 - - [05/Apr/2025 23:59:38] "GET /list HTTP/1.1" 200 -
2025-04-05 23:59:38,653 - INFO - 127.0.0.1 - - [05/Apr/2025 23:59:38] "[33mGET /icons/word-file.png HTTP/1.1[0m" 404 -
2025-04-05 23:59:39,652 - INFO - 127.0.0.1 - - [05/Apr/2025 23:59:39] "GET /get_progress/default_file HTTP/1.1" 200 -
2025-04-05 23:59:40,658 - INFO - 127.0.0.1 - - [05/Apr/2025 23:59:40] "GET /get_progress/default_file HTTP/1.1" 200 -
2025-04-05 23:59:41,666 - INFO - 127.0.0.1 - - [05/Apr/2025 23:59:41] "GET /get_progress/default_file HTTP/1.1" 200 -
2025-04-05 23:59:42,665 - INFO - 127.0.0.1 - - [05/Apr/2025 23:59:42] "GET /get_progress/default_file HTTP/1.1" 200 -
2025-04-05 23:59:43,665 - INFO - 127.0.0.1 - - [05/Apr/2025 23:59:43] "GET /get_progress/default_file HTTP/1.1" 200 -
2025-04-05 23:59:44,663 - INFO - 127.0.0.1 - - [05/Apr/2025 23:59:44] "GET /get_progress/default_file HTTP/1.1" 200 -
2025-04-05 23:59:45,665 - INFO - 127.0.0.1 - - [05/Apr/2025 23:59:45] "GET /get_progress/default_file HTTP/1.1" 200 -
2025-04-05 23:59:46,657 - INFO - 127.0.0.1 - - [05/Apr/2025 23:59:46] "GET /get_progress/default_file HTTP/1.1" 200 -
2025-04-05 23:59:47,656 - INFO - 127.0.0.1 - - [05/Apr/2025 23:59:47] "GET /get_progress/default_file HTTP/1.1" 200 -
2025-04-05 23:59:48,657 - INFO - 127.0.0.1 - - [05/Apr/2025 23:59:48] "GET /get_progress/default_file HTTP/1.1" 200 -
2025-04-05 23:59:49,660 - INFO - 127.0.0.1 - - [05/Apr/2025 23:59:49] "GET /get_progress/default_file HTTP/1.1" 200 -
2025-04-05 23:59:50,888 - INFO - 127.0.0.1 - - [05/Apr/2025 23:59:50] "GET /get_progress/default_file HTTP/1.1" 200 -
2025-04-05 23:59:51,890 - INFO - 127.0.0.1 - - [05/Apr/2025 23:59:51] "GET /get_progress/default_file HTTP/1.1" 200 -
2025-04-05 23:59:52,877 - INFO - 127.0.0.1 - - [05/Apr/2025 23:59:52] "GET /get_progress/default_file HTTP/1.1" 200 -
2025-04-05 23:59:53,877 - INFO - 127.0.0.1 - - [05/Apr/2025 23:59:53] "GET /get_progress/default_file HTTP/1.1" 200 -
2025-04-05 23:59:54,891 - INFO - 127.0.0.1 - - [05/Apr/2025 23:59:54] "GET /get_progress/default_file HTTP/1.1" 200 -
2025-04-05 23:59:55,890 - INFO - 127.0.0.1 - - [05/Apr/2025 23:59:55] "GET /get_progress/default_file HTTP/1.1" 200 -
2025-04-05 23:59:56,878 - INFO - 127.0.0.1 - - [05/Apr/2025 23:59:56] "GET /get_progress/default_file HTTP/1.1" 200 -
2025-04-05 23:59:57,879 - INFO - 127.0.0.1 - - [05/Apr/2025 23:59:57] "GET /get_progress/default_file HTTP/1.1" 200 -
2025-04-05 23:59:58,881 - INFO - 127.0.0.1 - - [05/Apr/2025 23:59:58] "GET /get_progress/default_file HTTP/1.1" 200 -
2025-04-05 23:59:59,882 - INFO - 127.0.0.1 - - [05/Apr/2025 23:59:59] "GET /get_progress/default_file HTTP/1.1" 200 -
2025-04-06 00:00:00,881 - INFO - 127.0.0.1 - - [06/Apr/2025 00:00:00] "GET /get_progress/default_file HTTP/1.1" 200 -
2025-04-06 00:00:01,891 - INFO - 127.0.0.1 - - [06/Apr/2025 00:00:01] "GET /get_progress/default_file HTTP/1.1" 200 -
2025-04-06 00:00:02,890 - INFO - 127.0.0.1 - - [06/Apr/2025 00:00:02] "GET /get_progress/default_file HTTP/1.1" 200 -
2025-04-06 00:00:03,887 - INFO - 127.0.0.1 - - [06/Apr/2025 00:00:03] "GET /get_progress/default_file HTTP/1.1" 200 -
2025-04-06 00:00:04,889 - INFO - 127.0.0.1 - - [06/Apr/2025 00:00:04] "GET /get_progress/default_file HTTP/1.1" 200 -
2025-04-06 00:00:05,889 - INFO - 127.0.0.1 - - [06/Apr/2025 00:00:05] "GET /get_progress/default_file HTTP/1.1" 200 -
2025-04-06 00:00:06,884 - INFO - 127.0.0.1 - - [06/Apr/2025 00:00:06] "GET /get_progress/default_file HTTP/1.1" 200 -
2025-04-06 00:00:07,885 - INFO - 127.0.0.1 - - [06/Apr/2025 00:00:07] "GET /get_progress/default_file HTTP/1.1" 200 -
2025-04-06 00:00:08,888 - INFO - 127.0.0.1 - - [06/Apr/2025 00:00:08] "GET /get_progress/default_file HTTP/1.1" 200 -
2025-04-06 00:00:09,893 - INFO - 127.0.0.1 - - [06/Apr/2025 00:00:09] "GET /get_progress/default_file HTTP/1.1" 200 -
2025-04-06 00:00:10,889 - INFO - 127.0.0.1 - - [06/Apr/2025 00:00:10] "GET /get_progress/default_file HTTP/1.1" 200 -
2025-04-06 00:00:11,887 - INFO - 127.0.0.1 - - [06/Apr/2025 00:00:11] "GET /get_progress/default_file HTTP/1.1" 200 -
2025-04-06 00:00:12,884 - INFO - 127.0.0.1 - - [06/Apr/2025 00:00:12] "GET /get_progress/default_file HTTP/1.1" 200 -
2025-04-06 00:00:13,885 - INFO - 127.0.0.1 - - [06/Apr/2025 00:00:13] "GET /get_progress/default_file HTTP/1.1" 200 -
2025-04-06 00:00:14,884 - INFO - 127.0.0.1 - - [06/Apr/2025 00:00:14] "GET /get_progress/default_file HTTP/1.1" 200 -
2025-04-06 00:00:15,882 - INFO - 127.0.0.1 - - [06/Apr/2025 00:00:15] "GET /get_progress/default_file HTTP/1.1" 200 -
2025-04-06 00:00:16,880 - INFO - 127.0.0.1 - - [06/Apr/2025 00:00:16] "GET /get_progress/default_file HTTP/1.1" 200 -
2025-04-06 00:00:17,893 - INFO - 127.0.0.1 - - [06/Apr/2025 00:00:17] "GET /get_progress/default_file HTTP/1.1" 200 -
2025-04-06 00:00:18,890 - INFO - 127.0.0.1 - - [06/Apr/2025 00:00:18] "GET /get_progress/default_file HTTP/1.1" 200 -
2025-04-06 00:00:19,887 - INFO - 127.0.0.1 - - [06/Apr/2025 00:00:19] "GET /get_progress/default_file HTTP/1.1" 200 -
2025-04-06 00:00:20,880 - INFO - 127.0.0.1 - - [06/Apr/2025 00:00:20] "GET /get_progress/default_file HTTP/1.1" 200 -
2025-04-06 00:00:21,886 - INFO - 127.0.0.1 - - [06/Apr/2025 00:00:21] "GET /get_progress/default_file HTTP/1.1" 200 -
2025-04-06 00:00:22,884 - INFO - 127.0.0.1 - - [06/Apr/2025 00:00:22] "GET /get_progress/default_file HTTP/1.1" 200 -
2025-04-06 00:00:23,882 - INFO - 127.0.0.1 - - [06/Apr/2025 00:00:23] "GET /get_progress/default_file HTTP/1.1" 200 -
2025-04-06 00:00:24,882 - INFO - 127.0.0.1 - - [06/Apr/2025 00:00:24] "GET /get_progress/default_file HTTP/1.1" 200 -
2025-04-06 00:00:25,892 - INFO - 127.0.0.1 - - [06/Apr/2025 00:00:25] "GET /get_progress/default_file HTTP/1.1" 200 -
2025-04-06 00:00:26,887 - INFO - 127.0.0.1 - - [06/Apr/2025 00:00:26] "GET /get_progress/default_file HTTP/1.1" 200 -
2025-04-06 00:00:27,888 - INFO - 127.0.0.1 - - [06/Apr/2025 00:00:27] "GET /get_progress/default_file HTTP/1.1" 200 -
2025-04-06 00:00:28,887 - INFO - 127.0.0.1 - - [06/Apr/2025 00:00:28] "GET /get_progress/default_file HTTP/1.1" 200 -
2025-04-06 00:00:29,880 - INFO - 127.0.0.1 - - [06/Apr/2025 00:00:29] "GET /get_progress/default_file HTTP/1.1" 200 -
2025-04-06 00:00:30,891 - INFO - 127.0.0.1 - - [06/Apr/2025 00:00:30] "GET /get_progress/default_file HTTP/1.1" 200 -
2025-04-06 00:00:31,889 - INFO - 127.0.0.1 - - [06/Apr/2025 00:00:31] "GET /get_progress/default_file HTTP/1.1" 200 -
2025-04-06 00:00:32,884 - INFO - 127.0.0.1 - - [06/Apr/2025 00:00:32] "GET /get_progress/default_file HTTP/1.1" 200 -
2025-04-06 00:00:33,889 - INFO - 127.0.0.1 - - [06/Apr/2025 00:00:33] "GET /get_progress/default_file HTTP/1.1" 200 -
2025-04-06 00:00:34,885 - INFO - 127.0.0.1 - - [06/Apr/2025 00:00:34] "GET /get_progress/default_file HTTP/1.1" 200 -
2025-04-06 00:00:35,883 - INFO - 127.0.0.1 - - [06/Apr/2025 00:00:35] "GET /get_progress/default_file HTTP/1.1" 200 -
2025-04-06 00:00:36,886 - INFO - 127.0.0.1 - - [06/Apr/2025 00:00:36] "GET /get_progress/default_file HTTP/1.1" 200 -
2025-04-06 00:00:37,887 - INFO - 127.0.0.1 - - [06/Apr/2025 00:00:37] "GET /get_progress/default_file HTTP/1.1" 200 -
2025-04-06 00:00:38,881 - INFO - 127.0.0.1 - - [06/Apr/2025 00:00:38] "GET /get_progress/default_file HTTP/1.1" 200 -
2025-04-06 00:00:39,881 - INFO - 127.0.0.1 - - [06/Apr/2025 00:00:39] "GET /get_progress/default_file HTTP/1.1" 200 -
2025-04-06 00:00:40,886 - INFO - 127.0.0.1 - - [06/Apr/2025 00:00:40] "GET /get_progress/default_file HTTP/1.1" 200 -
2025-04-06 00:00:41,886 - INFO - 127.0.0.1 - - [06/Apr/2025 00:00:41] "GET /get_progress/default_file HTTP/1.1" 200 -
2025-04-06 00:00:42,886 - INFO - 127.0.0.1 - - [06/Apr/2025 00:00:42] "GET /get_progress/default_file HTTP/1.1" 200 -
2025-04-06 00:00:43,881 - INFO - 127.0.0.1 - - [06/Apr/2025 00:00:43] "GET /get_progress/default_file HTTP/1.1" 200 -
2025-04-06 00:00:44,880 - INFO - 127.0.0.1 - - [06/Apr/2025 00:00:44] "GET /get_progress/default_file HTTP/1.1" 200 -
2025-04-06 00:00:45,882 - INFO - 127.0.0.1 - - [06/Apr/2025 00:00:45] "GET /get_progress/default_file HTTP/1.1" 200 -
2025-04-06 00:00:46,890 - INFO - 127.0.0.1 - - [06/Apr/2025 00:00:46] "GET /get_progress/default_file HTTP/1.1" 200 -
2025-04-06 00:00:47,879 - INFO - 127.0.0.1 - - [06/Apr/2025 00:00:47] "GET /get_progress/default_file HTTP/1.1" 200 -
2025-04-06 00:00:48,888 - INFO - 127.0.0.1 - - [06/Apr/2025 00:00:48] "GET /get_progress/default_file HTTP/1.1" 200 -
2025-04-06 00:01:25,889 - INFO - 127.0.0.1 - - [06/Apr/2025 00:01:25] "GET /get_progress/default_file HTTP/1.1" 200 -
2025-04-06 00:01:30,573 - INFO -  * Detected change in 'C:\\Users\\user\\Desktop\\Spring 2025\\Networks\\SocketProgrammingProject\\flask_app.py', reloading
2025-04-06 00:01:30,616 - INFO -  * Restarting with stat
2025-04-06 00:01:31,087 - WARNING -  * Debugger is active!
2025-04-06 00:01:31,088 - INFO -  * Debugger PIN: 911-889-448
2025-04-06 00:01:42,121 - INFO -  * Detected change in 'C:\\Users\\user\\Desktop\\Spring 2025\\Networks\\SocketProgrammingProject\\client.py', reloading
2025-04-06 00:01:42,162 - INFO -  * Restarting with stat
2025-04-06 00:01:42,710 - WARNING -  * Debugger is active!
2025-04-06 00:01:42,712 - INFO -  * Debugger PIN: 911-889-448
2025-04-06 00:01:56,753 - INFO -  * Detected change in 'C:\\Users\\user\\Desktop\\Spring 2025\\Networks\\SocketProgrammingProject\\server.py', reloading
2025-04-06 00:01:56,783 - INFO -  * Restarting with stat
2025-04-06 00:01:57,241 - WARNING -  * Debugger is active!
2025-04-06 00:01:57,243 - INFO -  * Debugger PIN: 911-889-448
2025-04-06 00:02:19,302 - INFO -  * Detected change in 'C:\\Users\\user\\Desktop\\Spring 2025\\Networks\\SocketProgrammingProject\\client.py', reloading
2025-04-06 00:02:19,336 - INFO -  * Restarting with stat
2025-04-06 00:02:19,840 - WARNING -  * Debugger is active!
2025-04-06 00:02:19,842 - INFO -  * Debugger PIN: 911-889-448
2025-04-06 00:02:25,886 - INFO - 127.0.0.1 - - [06/Apr/2025 00:02:25] "GET /get_progress/default_file HTTP/1.1" 200 -
2025-04-06 00:03:25,884 - INFO - 127.0.0.1 - - [06/Apr/2025 00:03:25] "GET /get_progress/default_file HTTP/1.1" 200 -
2025-04-06 00:04:25,881 - INFO - 127.0.0.1 - - [06/Apr/2025 00:04:25] "GET /get_progress/default_file HTTP/1.1" 200 -
2025-04-06 00:04:45,171 - INFO -  * Detected change in 'C:\\Users\\user\\Desktop\\Spring 2025\\Networks\\SocketProgrammingProject\\server.py', reloading
2025-04-06 00:04:45,212 - INFO -  * Restarting with stat
2025-04-06 00:04:45,734 - WARNING -  * Debugger is active!
2025-04-06 00:04:45,736 - INFO -  * Debugger PIN: 911-889-448
2025-04-06 00:05:08,794 - INFO -  * Detected change in 'C:\\Users\\user\\Desktop\\Spring 2025\\Networks\\SocketProgrammingProject\\server.py', reloading
2025-04-06 00:05:08,863 - INFO -  * Restarting with stat
2025-04-06 00:05:09,418 - WARNING -  * Debugger is active!
2025-04-06 00:05:09,419 - INFO -  * Debugger PIN: 911-889-448
2025-04-06 00:05:33,690 - INFO - Server starting on port 8080...
2025-04-06 00:05:33,692 - INFO - Server listening on port 8080...
2025-04-06 00:05:37,629 - INFO - [31m[1mWARNING: This is a development server. Do not use it in a production deployment. Use a production WSGI server instead.[0m
 * Running on http://127.0.0.1:5000
2025-04-06 00:05:37,629 - INFO - [33mPress CTRL+C to quit[0m
2025-04-06 00:05:37,630 - INFO -  * Restarting with stat
2025-04-06 00:05:38,133 - WARNING -  * Debugger is active!
2025-04-06 00:05:38,134 - INFO -  * Debugger PIN: 911-889-448
2025-04-06 00:05:38,959 - INFO - 127.0.0.1 - - [06/Apr/2025 00:05:38] "GET /get_progress/default_file HTTP/1.1" 200 -
2025-04-06 00:05:39,652 - INFO - 127.0.0.1 - - [06/Apr/2025 00:05:39] "GET /get_progress/default_file HTTP/1.1" 200 -
2025-04-06 00:05:40,659 - INFO - 127.0.0.1 - - [06/Apr/2025 00:05:40] "GET /get_progress/default_file HTTP/1.1" 200 -
2025-04-06 00:05:41,655 - INFO - 127.0.0.1 - - [06/Apr/2025 00:05:41] "GET /get_progress/default_file HTTP/1.1" 200 -
2025-04-06 00:05:42,656 - INFO - 127.0.0.1 - - [06/Apr/2025 00:05:42] "GET /get_progress/default_file HTTP/1.1" 200 -
2025-04-06 00:05:43,653 - INFO - 127.0.0.1 - - [06/Apr/2025 00:05:43] "GET /get_progress/default_file HTTP/1.1" 200 -
2025-04-06 00:05:44,653 - INFO - 127.0.0.1 - - [06/Apr/2025 00:05:44] "GET /get_progress/default_file HTTP/1.1" 200 -
2025-04-06 00:05:45,664 - INFO - 127.0.0.1 - - [06/Apr/2025 00:05:45] "GET /get_progress/default_file HTTP/1.1" 200 -
2025-04-06 00:05:46,664 - INFO - 127.0.0.1 - - [06/Apr/2025 00:05:46] "GET /get_progress/default_file HTTP/1.1" 200 -
2025-04-06 00:05:47,663 - INFO - 127.0.0.1 - - [06/Apr/2025 00:05:47] "GET /get_progress/default_file HTTP/1.1" 200 -
2025-04-06 00:05:48,658 - INFO - 127.0.0.1 - - [06/Apr/2025 00:05:48] "GET /get_progress/default_file HTTP/1.1" 200 -
2025-04-06 00:05:49,656 - INFO - 127.0.0.1 - - [06/Apr/2025 00:05:49] "GET /get_progress/default_file HTTP/1.1" 200 -
2025-04-06 00:05:50,658 - INFO - 127.0.0.1 - - [06/Apr/2025 00:05:50] "GET /get_progress/default_file HTTP/1.1" 200 -
2025-04-06 00:05:51,652 - INFO - 127.0.0.1 - - [06/Apr/2025 00:05:51] "GET /get_progress/default_file HTTP/1.1" 200 -
2025-04-06 00:05:52,666 - INFO - 127.0.0.1 - - [06/Apr/2025 00:05:52] "GET /get_progress/default_file HTTP/1.1" 200 -
2025-04-06 00:05:53,654 - INFO - 127.0.0.1 - - [06/Apr/2025 00:05:53] "GET /get_progress/default_file HTTP/1.1" 200 -
2025-04-06 00:05:54,654 - INFO - 127.0.0.1 - - [06/Apr/2025 00:05:54] "GET /get_progress/default_file HTTP/1.1" 200 -
2025-04-06 00:05:55,657 - INFO - 127.0.0.1 - - [06/Apr/2025 00:05:55] "GET /get_progress/default_file HTTP/1.1" 200 -
2025-04-06 00:05:56,655 - INFO - 127.0.0.1 - - [06/Apr/2025 00:05:56] "GET /get_progress/default_file HTTP/1.1" 200 -
2025-04-06 00:05:57,652 - INFO - 127.0.0.1 - - [06/Apr/2025 00:05:57] "GET /get_progress/default_file HTTP/1.1" 200 -
2025-04-06 00:05:58,660 - INFO - 127.0.0.1 - - [06/Apr/2025 00:05:58] "GET /get_progress/default_file HTTP/1.1" 200 -
2025-04-06 07:43:24,755 - INFO - Server starting on port 8080...
2025-04-06 07:43:24,755 - INFO - Server listening on port 8080...
2025-04-06 07:43:30,248 - INFO - [31m[1mWARNING: This is a development server. Do not use it in a production deployment. Use a production WSGI server instead.[0m
 * Running on http://127.0.0.1:5000
2025-04-06 07:43:30,248 - INFO - [33mPress CTRL+C to quit[0m
2025-04-06 07:43:30,249 - INFO -  * Restarting with stat
2025-04-06 07:43:30,692 - WARNING -  * Debugger is active!
2025-04-06 07:43:30,693 - INFO -  * Debugger PIN: 911-889-448
2025-04-06 07:46:34,698 - INFO - 127.0.0.1 - - [06/Apr/2025 07:46:34] "GET / HTTP/1.1" 200 -
2025-04-06 07:46:34,740 - INFO - 127.0.0.1 - - [06/Apr/2025 07:46:34] "GET /static/styles.css HTTP/1.1" 200 -
2025-04-06 07:46:34,947 - INFO - 127.0.0.1 - - [06/Apr/2025 07:46:34] "GET /static/script.js HTTP/1.1" 200 -
2025-04-06 07:46:35,007 - INFO - Requesting file list from server
2025-04-06 07:46:35,007 - INFO - New connection established with client of address = ('127.0.0.1', 56174)
2025-04-06 07:46:35,008 - INFO - New serving socket connected to address = ('127.0.0.1', 56174)
2025-04-06 07:46:35,009 - INFO - List files request received
2025-04-06 07:46:35,009 - INFO - File list sent to client
2025-04-06 07:46:35,009 - INFO - Received file list with 2 files
2025-04-06 07:46:35,009 - INFO - Connection with ('127.0.0.1', 56174) closed
2025-04-06 07:46:35,009 - INFO - Client connection closed
2025-04-06 07:46:35,009 - INFO - 127.0.0.1 - - [06/Apr/2025 07:46:35] "GET /list HTTP/1.1" 200 -
2025-04-06 07:46:35,263 - INFO - 127.0.0.1 - - [06/Apr/2025 07:46:35] "[33mGET /favicon.ico HTTP/1.1[0m" 404 -
2025-04-06 07:46:35,266 - INFO - 127.0.0.1 - - [06/Apr/2025 07:46:35] "[33mGET /icons/default-file.png HTTP/1.1[0m" 404 -
2025-04-06 07:46:35,318 - INFO - 127.0.0.1 - - [06/Apr/2025 07:46:35] "[33mGET /icons/word-file.png HTTP/1.1[0m" 404 -
2025-04-06 07:46:40,715 - INFO - Downloading file: client_files\2025-03-24 20-28-33.remuxed.mov
2025-04-06 07:46:40,715 - INFO - New connection established with client of address = ('127.0.0.1', 56182)
2025-04-06 07:46:40,716 - INFO - New serving socket connected to address = ('127.0.0.1', 56182)
2025-04-06 07:46:40,716 - WARNING - Unknown command: 22025-03-24 20-28-33.remuxed.mov
2025-04-06 07:46:40,716 - INFO - Connection with ('127.0.0.1', 56182) closed
2025-04-06 07:46:40,717 - INFO - Client connection closed
2025-04-06 07:46:40,717 - INFO - 127.0.0.1 - - [06/Apr/2025 07:46:40] "POST /download HTTP/1.1" 200 -
2025-04-06 07:46:51,680 - INFO - Uploading file: client_files\2025-03-24 20-28-02.mov
2025-04-06 07:46:51,680 - INFO - New connection established with client of address = ('127.0.0.1', 56187)
2025-04-06 07:46:51,681 - INFO - New serving socket connected to address = ('127.0.0.1', 56187)
2025-04-06 07:46:51,681 - WARNING - Unknown command: 12025-03-24 20-28-02.mov
2025-04-06 07:46:51,681 - INFO - Connection with ('127.0.0.1', 56187) closed
2025-04-06 07:46:52,369 - INFO - 127.0.0.1 - - [06/Apr/2025 07:46:52] "GET /get_progress/default_file HTTP/1.1" 200 -
2025-04-06 07:46:52,689 - ERROR - Error in client operation: [WinError 10053] An established connection was aborted by the software in your host machine
2025-04-06 07:46:52,689 - INFO - Client connection closed
2025-04-06 07:46:52,692 - INFO - 127.0.0.1 - - [06/Apr/2025 07:46:52] "POST /upload HTTP/1.1" 200 -
2025-04-06 07:46:58,866 - INFO - New connection established with client of address = ('127.0.0.1', 56194)
2025-04-06 07:46:58,867 - INFO - New serving socket connected to address = ('127.0.0.1', 56194)
2025-04-06 07:46:58,867 - INFO - List files request received
2025-04-06 07:46:58,867 - INFO - File list sent to client
2025-04-06 07:46:58,867 - INFO - Connection with ('127.0.0.1', 56194) closed
2025-04-06 07:46:58,867 - INFO - 127.0.0.1 - - [06/Apr/2025 07:46:58] "GET /get_progress/default_file HTTP/1.1" 200 -
2025-04-06 07:46:58,868 - INFO - Received file list with 2 files
2025-04-06 07:46:58,868 - INFO - Client connection closed
2025-04-06 07:46:58,868 - INFO - 127.0.0.1 - - [06/Apr/2025 07:46:58] "GET /list HTTP/1.1" 200 -
2025-04-06 07:46:59,129 - INFO - 127.0.0.1 - - [06/Apr/2025 07:46:59] "[33mGET /icons/default-file.png HTTP/1.1[0m" 404 -
2025-04-06 07:46:59,173 - INFO - 127.0.0.1 - - [06/Apr/2025 07:46:59] "[33mGET /icons/word-file.png HTTP/1.1[0m" 404 -
2025-04-06 07:46:59,356 - INFO - 127.0.0.1 - - [06/Apr/2025 07:46:59] "GET /get_progress/default_file HTTP/1.1" 200 -
2025-04-06 07:47:00,661 - INFO - 127.0.0.1 - - [06/Apr/2025 07:47:00] "GET /get_progress/default_file HTTP/1.1" 200 -
2025-04-06 07:47:01,364 - INFO - 127.0.0.1 - - [06/Apr/2025 07:47:01] "GET /get_progress/default_file HTTP/1.1" 200 -
2025-04-06 07:47:02,672 - INFO - 127.0.0.1 - - [06/Apr/2025 07:47:02] "GET /get_progress/default_file HTTP/1.1" 200 -
2025-04-06 07:47:03,357 - INFO - 127.0.0.1 - - [06/Apr/2025 07:47:03] "GET /get_progress/default_file HTTP/1.1" 200 -
2025-04-06 07:47:04,663 - INFO - 127.0.0.1 - - [06/Apr/2025 07:47:04] "GET /get_progress/default_file HTTP/1.1" 200 -
2025-04-06 07:47:05,355 - INFO - 127.0.0.1 - - [06/Apr/2025 07:47:05] "GET /get_progress/default_file HTTP/1.1" 200 -
2025-04-06 07:47:06,664 - INFO - 127.0.0.1 - - [06/Apr/2025 07:47:06] "GET /get_progress/default_file HTTP/1.1" 200 -
2025-04-06 07:47:07,360 - INFO - 127.0.0.1 - - [06/Apr/2025 07:47:07] "GET /get_progress/default_file HTTP/1.1" 200 -
2025-04-06 07:47:08,679 - INFO - 127.0.0.1 - - [06/Apr/2025 07:47:08] "GET /get_progress/default_file HTTP/1.1" 200 -
2025-04-06 07:47:09,359 - INFO - 127.0.0.1 - - [06/Apr/2025 07:47:09] "GET /get_progress/default_file HTTP/1.1" 200 -
2025-04-06 07:47:10,658 - INFO - 127.0.0.1 - - [06/Apr/2025 07:47:10] "GET /get_progress/default_file HTTP/1.1" 200 -
2025-04-06 07:47:11,355 - INFO - 127.0.0.1 - - [06/Apr/2025 07:47:11] "GET /get_progress/default_file HTTP/1.1" 200 -
2025-04-06 07:47:12,663 - INFO - 127.0.0.1 - - [06/Apr/2025 07:47:12] "GET /get_progress/default_file HTTP/1.1" 200 -
2025-04-06 07:47:13,361 - INFO - 127.0.0.1 - - [06/Apr/2025 07:47:13] "GET /get_progress/default_file HTTP/1.1" 200 -
2025-04-06 07:47:14,670 - INFO - 127.0.0.1 - - [06/Apr/2025 07:47:14] "GET /get_progress/default_file HTTP/1.1" 200 -
2025-04-06 07:47:15,355 - INFO - 127.0.0.1 - - [06/Apr/2025 07:47:15] "GET /get_progress/default_file HTTP/1.1" 200 -
2025-04-06 07:47:16,688 - INFO - 127.0.0.1 - - [06/Apr/2025 07:47:16] "GET /get_progress/default_file HTTP/1.1" 200 -
2025-04-06 07:47:17,355 - INFO - 127.0.0.1 - - [06/Apr/2025 07:47:17] "GET /get_progress/default_file HTTP/1.1" 200 -
2025-04-06 07:47:18,673 - INFO - 127.0.0.1 - - [06/Apr/2025 07:47:18] "GET /get_progress/default_file HTTP/1.1" 200 -
2025-04-06 07:47:19,368 - INFO - 127.0.0.1 - - [06/Apr/2025 07:47:19] "GET /get_progress/default_file HTTP/1.1" 200 -
2025-04-06 07:47:20,686 - INFO - 127.0.0.1 - - [06/Apr/2025 07:47:20] "GET /get_progress/default_file HTTP/1.1" 200 -
2025-04-06 07:47:21,370 - INFO - 127.0.0.1 - - [06/Apr/2025 07:47:21] "GET /get_progress/default_file HTTP/1.1" 200 -
2025-04-06 07:47:22,660 - INFO - 127.0.0.1 - - [06/Apr/2025 07:47:22] "GET /get_progress/default_file HTTP/1.1" 200 -
2025-04-06 07:47:23,365 - INFO - 127.0.0.1 - - [06/Apr/2025 07:47:23] "GET /get_progress/default_file HTTP/1.1" 200 -
2025-04-06 07:47:24,669 - INFO - 127.0.0.1 - - [06/Apr/2025 07:47:24] "GET /get_progress/default_file HTTP/1.1" 200 -
2025-04-06 07:47:25,361 - INFO - 127.0.0.1 - - [06/Apr/2025 07:47:25] "GET /get_progress/default_file HTTP/1.1" 200 -
2025-04-06 07:47:26,668 - INFO - 127.0.0.1 - - [06/Apr/2025 07:47:26] "GET /get_progress/default_file HTTP/1.1" 200 -
2025-04-06 07:47:27,362 - INFO - 127.0.0.1 - - [06/Apr/2025 07:47:27] "GET /get_progress/default_file HTTP/1.1" 200 -
2025-04-06 07:47:28,669 - INFO - 127.0.0.1 - - [06/Apr/2025 07:47:28] "GET /get_progress/default_file HTTP/1.1" 200 -
2025-04-06 07:47:29,361 - INFO - 127.0.0.1 - - [06/Apr/2025 07:47:29] "GET /get_progress/default_file HTTP/1.1" 200 -
2025-04-06 07:47:30,668 - INFO - 127.0.0.1 - - [06/Apr/2025 07:47:30] "GET /get_progress/default_file HTTP/1.1" 200 -
2025-04-06 07:47:31,373 - INFO - 127.0.0.1 - - [06/Apr/2025 07:47:31] "GET /get_progress/default_file HTTP/1.1" 200 -
2025-04-06 07:47:32,666 - INFO - 127.0.0.1 - - [06/Apr/2025 07:47:32] "GET /get_progress/default_file HTTP/1.1" 200 -
2025-04-06 07:47:33,367 - INFO - 127.0.0.1 - - [06/Apr/2025 07:47:33] "GET /get_progress/default_file HTTP/1.1" 200 -
2025-04-06 07:47:34,671 - INFO - 127.0.0.1 - - [06/Apr/2025 07:47:34] "GET /get_progress/default_file HTTP/1.1" 200 -
2025-04-06 07:47:35,372 - INFO - 127.0.0.1 - - [06/Apr/2025 07:47:35] "GET /get_progress/default_file HTTP/1.1" 200 -
2025-04-06 07:47:36,670 - INFO - 127.0.0.1 - - [06/Apr/2025 07:47:36] "GET /get_progress/default_file HTTP/1.1" 200 -
2025-04-06 07:47:37,355 - INFO - 127.0.0.1 - - [06/Apr/2025 07:47:37] "GET /get_progress/default_file HTTP/1.1" 200 -
2025-04-06 07:47:38,678 - INFO - 127.0.0.1 - - [06/Apr/2025 07:47:38] "GET /get_progress/default_file HTTP/1.1" 200 -
2025-04-06 07:47:39,360 - INFO - 127.0.0.1 - - [06/Apr/2025 07:47:39] "GET /get_progress/default_file HTTP/1.1" 200 -
2025-04-06 07:47:40,676 - INFO - 127.0.0.1 - - [06/Apr/2025 07:47:40] "GET /get_progress/default_file HTTP/1.1" 200 -
2025-04-06 07:47:41,358 - INFO - 127.0.0.1 - - [06/Apr/2025 07:47:41] "GET /get_progress/default_file HTTP/1.1" 200 -
2025-04-06 07:47:42,680 - INFO - 127.0.0.1 - - [06/Apr/2025 07:47:42] "GET /get_progress/default_file HTTP/1.1" 200 -
2025-04-06 07:47:43,364 - INFO - 127.0.0.1 - - [06/Apr/2025 07:47:43] "GET /get_progress/default_file HTTP/1.1" 200 -
2025-04-06 07:47:44,663 - INFO - 127.0.0.1 - - [06/Apr/2025 07:47:44] "GET /get_progress/default_file HTTP/1.1" 200 -
2025-04-06 07:47:45,357 - INFO - 127.0.0.1 - - [06/Apr/2025 07:47:45] "GET /get_progress/default_file HTTP/1.1" 200 -
2025-04-06 07:47:46,658 - INFO - 127.0.0.1 - - [06/Apr/2025 07:47:46] "GET /get_progress/default_file HTTP/1.1" 200 -
2025-04-06 07:47:47,363 - INFO - 127.0.0.1 - - [06/Apr/2025 07:47:47] "GET /get_progress/default_file HTTP/1.1" 200 -
2025-04-06 07:47:48,673 - INFO - 127.0.0.1 - - [06/Apr/2025 07:47:48] "GET /get_progress/default_file HTTP/1.1" 200 -
2025-04-06 07:47:49,363 - INFO - 127.0.0.1 - - [06/Apr/2025 07:47:49] "GET /get_progress/default_file HTTP/1.1" 200 -
2025-04-06 07:47:50,672 - INFO - 127.0.0.1 - - [06/Apr/2025 07:47:50] "GET /get_progress/default_file HTTP/1.1" 200 -
2025-04-06 07:47:51,372 - INFO - 127.0.0.1 - - [06/Apr/2025 07:47:51] "GET /get_progress/default_file HTTP/1.1" 200 -
2025-04-06 07:47:52,660 - INFO - 127.0.0.1 - - [06/Apr/2025 07:47:52] "GET /get_progress/default_file HTTP/1.1" 200 -
2025-04-06 07:47:53,369 - INFO - 127.0.0.1 - - [06/Apr/2025 07:47:53] "GET /get_progress/default_file HTTP/1.1" 200 -
2025-04-06 07:47:54,662 - INFO - 127.0.0.1 - - [06/Apr/2025 07:47:54] "GET /get_progress/default_file HTTP/1.1" 200 -
2025-04-06 07:47:55,357 - INFO - 127.0.0.1 - - [06/Apr/2025 07:47:55] "GET /get_progress/default_file HTTP/1.1" 200 -
2025-04-06 07:47:56,682 - INFO - 127.0.0.1 - - [06/Apr/2025 07:47:56] "GET /get_progress/default_file HTTP/1.1" 200 -
2025-04-06 07:47:57,356 - INFO - 127.0.0.1 - - [06/Apr/2025 07:47:57] "GET /get_progress/default_file HTTP/1.1" 200 -
2025-04-06 07:47:58,683 - INFO - 127.0.0.1 - - [06/Apr/2025 07:47:58] "GET /get_progress/default_file HTTP/1.1" 200 -
2025-04-06 07:47:59,361 - INFO - 127.0.0.1 - - [06/Apr/2025 07:47:59] "GET /get_progress/default_file HTTP/1.1" 200 -
2025-04-06 07:48:00,677 - INFO - 127.0.0.1 - - [06/Apr/2025 07:48:00] "GET /get_progress/default_file HTTP/1.1" 200 -
2025-04-06 07:48:01,364 - INFO - 127.0.0.1 - - [06/Apr/2025 07:48:01] "GET /get_progress/default_file HTTP/1.1" 200 -
2025-04-06 07:48:02,665 - INFO - 127.0.0.1 - - [06/Apr/2025 07:48:02] "GET /get_progress/default_file HTTP/1.1" 200 -
2025-04-06 07:48:03,363 - INFO - 127.0.0.1 - - [06/Apr/2025 07:48:03] "GET /get_progress/default_file HTTP/1.1" 200 -
2025-04-06 07:48:04,682 - INFO - 127.0.0.1 - - [06/Apr/2025 07:48:04] "GET /get_progress/default_file HTTP/1.1" 200 -
2025-04-06 07:48:05,371 - INFO - 127.0.0.1 - - [06/Apr/2025 07:48:05] "GET /get_progress/default_file HTTP/1.1" 200 -
2025-04-06 07:48:06,676 - INFO - 127.0.0.1 - - [06/Apr/2025 07:48:06] "GET /get_progress/default_file HTTP/1.1" 200 -
2025-04-06 07:48:07,361 - INFO - 127.0.0.1 - - [06/Apr/2025 07:48:07] "GET /get_progress/default_file HTTP/1.1" 200 -
2025-04-06 07:48:08,670 - INFO - 127.0.0.1 - - [06/Apr/2025 07:48:08] "GET /get_progress/default_file HTTP/1.1" 200 -
2025-04-06 07:48:09,361 - INFO - 127.0.0.1 - - [06/Apr/2025 07:48:09] "GET /get_progress/default_file HTTP/1.1" 200 -
2025-04-06 07:48:10,663 - INFO - 127.0.0.1 - - [06/Apr/2025 07:48:10] "GET /get_progress/default_file HTTP/1.1" 200 -
2025-04-06 07:48:11,365 - INFO - 127.0.0.1 - - [06/Apr/2025 07:48:11] "GET /get_progress/default_file HTTP/1.1" 200 -
2025-04-06 07:48:12,683 - INFO - 127.0.0.1 - - [06/Apr/2025 07:48:12] "GET /get_progress/default_file HTTP/1.1" 200 -
2025-04-06 07:48:13,361 - INFO - 127.0.0.1 - - [06/Apr/2025 07:48:13] "GET /get_progress/default_file HTTP/1.1" 200 -
2025-04-06 07:48:14,658 - INFO - 127.0.0.1 - - [06/Apr/2025 07:48:14] "GET /get_progress/default_file HTTP/1.1" 200 -
2025-04-06 07:48:15,368 - INFO - 127.0.0.1 - - [06/Apr/2025 07:48:15] "GET /get_progress/default_file HTTP/1.1" 200 -
2025-04-06 07:48:16,687 - INFO - 127.0.0.1 - - [06/Apr/2025 07:48:16] "GET /get_progress/default_file HTTP/1.1" 200 -
2025-04-06 07:48:17,372 - INFO - 127.0.0.1 - - [06/Apr/2025 07:48:17] "GET /get_progress/default_file HTTP/1.1" 200 -
2025-04-06 07:48:18,676 - INFO - 127.0.0.1 - - [06/Apr/2025 07:48:18] "GET /get_progress/default_file HTTP/1.1" 200 -
2025-04-06 07:48:19,360 - INFO - 127.0.0.1 - - [06/Apr/2025 07:48:19] "GET /get_progress/default_file HTTP/1.1" 200 -
2025-04-06 07:48:20,679 - INFO - 127.0.0.1 - - [06/Apr/2025 07:48:20] "GET /get_progress/default_file HTTP/1.1" 200 -
2025-04-06 07:48:21,361 - INFO - 127.0.0.1 - - [06/Apr/2025 07:48:21] "GET /get_progress/default_file HTTP/1.1" 200 -
2025-04-06 07:48:22,682 - INFO - 127.0.0.1 - - [06/Apr/2025 07:48:22] "GET /get_progress/default_file HTTP/1.1" 200 -
2025-04-06 07:48:23,365 - INFO - 127.0.0.1 - - [06/Apr/2025 07:48:23] "GET /get_progress/default_file HTTP/1.1" 200 -
2025-04-06 07:48:24,671 - INFO - 127.0.0.1 - - [06/Apr/2025 07:48:24] "GET /get_progress/default_file HTTP/1.1" 200 -
2025-04-06 07:48:25,366 - INFO - 127.0.0.1 - - [06/Apr/2025 07:48:25] "GET /get_progress/default_file HTTP/1.1" 200 -
2025-04-06 07:48:26,675 - INFO - 127.0.0.1 - - [06/Apr/2025 07:48:26] "GET /get_progress/default_file HTTP/1.1" 200 -
2025-04-06 07:48:27,367 - INFO - 127.0.0.1 - - [06/Apr/2025 07:48:27] "GET /get_progress/default_file HTTP/1.1" 200 -
2025-04-06 07:48:28,669 - INFO - 127.0.0.1 - - [06/Apr/2025 07:48:28] "GET /get_progress/default_file HTTP/1.1" 200 -
2025-04-06 07:48:29,367 - INFO - 127.0.0.1 - - [06/Apr/2025 07:48:29] "GET /get_progress/default_file HTTP/1.1" 200 -
2025-04-06 07:48:30,669 - INFO - 127.0.0.1 - - [06/Apr/2025 07:48:30] "GET /get_progress/default_file HTTP/1.1" 200 -
2025-04-06 07:48:31,366 - INFO - 127.0.0.1 - - [06/Apr/2025 07:48:31] "GET /get_progress/default_file HTTP/1.1" 200 -
2025-04-06 07:48:32,669 - INFO - 127.0.0.1 - - [06/Apr/2025 07:48:32] "GET /get_progress/default_file HTTP/1.1" 200 -
2025-04-06 07:48:33,362 - INFO - 127.0.0.1 - - [06/Apr/2025 07:48:33] "GET /get_progress/default_file HTTP/1.1" 200 -
2025-04-06 07:48:34,672 - INFO - 127.0.0.1 - - [06/Apr/2025 07:48:34] "GET /get_progress/default_file HTTP/1.1" 200 -
2025-04-06 07:48:35,359 - INFO - 127.0.0.1 - - [06/Apr/2025 07:48:35] "GET /get_progress/default_file HTTP/1.1" 200 -
2025-04-06 07:48:36,668 - INFO - 127.0.0.1 - - [06/Apr/2025 07:48:36] "GET /get_progress/default_file HTTP/1.1" 200 -
2025-04-06 07:48:37,368 - INFO - 127.0.0.1 - - [06/Apr/2025 07:48:37] "GET /get_progress/default_file HTTP/1.1" 200 -
2025-04-06 07:48:38,667 - INFO - 127.0.0.1 - - [06/Apr/2025 07:48:38] "GET /get_progress/default_file HTTP/1.1" 200 -
2025-04-06 07:48:39,358 - INFO - 127.0.0.1 - - [06/Apr/2025 07:48:39] "GET /get_progress/default_file HTTP/1.1" 200 -
2025-04-06 07:48:40,679 - INFO - 127.0.0.1 - - [06/Apr/2025 07:48:40] "GET /get_progress/default_file HTTP/1.1" 200 -
2025-04-06 07:48:41,365 - INFO - 127.0.0.1 - - [06/Apr/2025 07:48:41] "GET /get_progress/default_file HTTP/1.1" 200 -
2025-04-06 07:48:42,674 - INFO - 127.0.0.1 - - [06/Apr/2025 07:48:42] "GET /get_progress/default_file HTTP/1.1" 200 -
2025-04-06 07:48:43,359 - INFO - 127.0.0.1 - - [06/Apr/2025 07:48:43] "GET /get_progress/default_file HTTP/1.1" 200 -
2025-04-06 07:48:44,663 - INFO - 127.0.0.1 - - [06/Apr/2025 07:48:44] "GET /get_progress/default_file HTTP/1.1" 200 -
2025-04-06 07:48:45,361 - INFO - 127.0.0.1 - - [06/Apr/2025 07:48:45] "GET /get_progress/default_file HTTP/1.1" 200 -
2025-04-06 07:48:46,666 - INFO - 127.0.0.1 - - [06/Apr/2025 07:48:46] "GET /get_progress/default_file HTTP/1.1" 200 -
2025-04-06 07:48:47,359 - INFO - 127.0.0.1 - - [06/Apr/2025 07:48:47] "GET /get_progress/default_file HTTP/1.1" 200 -
2025-04-06 07:48:48,671 - INFO - 127.0.0.1 - - [06/Apr/2025 07:48:48] "GET /get_progress/default_file HTTP/1.1" 200 -
2025-04-06 07:48:49,368 - INFO - 127.0.0.1 - - [06/Apr/2025 07:48:49] "GET /get_progress/default_file HTTP/1.1" 200 -
2025-04-06 07:48:50,665 - INFO - 127.0.0.1 - - [06/Apr/2025 07:48:50] "GET /get_progress/default_file HTTP/1.1" 200 -
2025-04-06 07:48:51,363 - INFO - 127.0.0.1 - - [06/Apr/2025 07:48:51] "GET /get_progress/default_file HTTP/1.1" 200 -
2025-04-06 07:48:52,668 - INFO - 127.0.0.1 - - [06/Apr/2025 07:48:52] "GET /get_progress/default_file HTTP/1.1" 200 -
2025-04-06 07:48:53,357 - INFO - 127.0.0.1 - - [06/Apr/2025 07:48:53] "GET /get_progress/default_file HTTP/1.1" 200 -
2025-04-06 07:48:54,664 - INFO - 127.0.0.1 - - [06/Apr/2025 07:48:54] "GET /get_progress/default_file HTTP/1.1" 200 -
2025-04-06 07:48:55,356 - INFO - 127.0.0.1 - - [06/Apr/2025 07:48:55] "GET /get_progress/default_file HTTP/1.1" 200 -
2025-04-06 07:48:56,666 - INFO - 127.0.0.1 - - [06/Apr/2025 07:48:56] "GET /get_progress/default_file HTTP/1.1" 200 -
2025-04-06 07:48:57,359 - INFO - 127.0.0.1 - - [06/Apr/2025 07:48:57] "GET /get_progress/default_file HTTP/1.1" 200 -
2025-04-06 07:48:58,678 - INFO - 127.0.0.1 - - [06/Apr/2025 07:48:58] "GET /get_progress/default_file HTTP/1.1" 200 -
2025-04-06 07:48:59,366 - INFO - 127.0.0.1 - - [06/Apr/2025 07:48:59] "GET /get_progress/default_file HTTP/1.1" 200 -
2025-04-06 07:49:00,664 - INFO - 127.0.0.1 - - [06/Apr/2025 07:49:00] "GET /get_progress/default_file HTTP/1.1" 200 -
2025-04-06 07:49:01,362 - INFO - 127.0.0.1 - - [06/Apr/2025 07:49:01] "GET /get_progress/default_file HTTP/1.1" 200 -
2025-04-06 07:49:02,663 - INFO - 127.0.0.1 - - [06/Apr/2025 07:49:02] "GET /get_progress/default_file HTTP/1.1" 200 -
2025-04-06 07:49:03,358 - INFO - 127.0.0.1 - - [06/Apr/2025 07:49:03] "GET /get_progress/default_file HTTP/1.1" 200 -
2025-04-06 07:49:04,667 - INFO - 127.0.0.1 - - [06/Apr/2025 07:49:04] "GET /get_progress/default_file HTTP/1.1" 200 -
2025-04-06 07:49:05,357 - INFO - 127.0.0.1 - - [06/Apr/2025 07:49:05] "GET /get_progress/default_file HTTP/1.1" 200 -
2025-04-06 07:49:06,659 - INFO - 127.0.0.1 - - [06/Apr/2025 07:49:06] "GET /get_progress/default_file HTTP/1.1" 200 -
2025-04-06 07:49:07,356 - INFO - 127.0.0.1 - - [06/Apr/2025 07:49:07] "GET /get_progress/default_file HTTP/1.1" 200 -
2025-04-06 07:49:08,660 - INFO - 127.0.0.1 - - [06/Apr/2025 07:49:08] "GET /get_progress/default_file HTTP/1.1" 200 -
2025-04-06 07:49:09,355 - INFO - 127.0.0.1 - - [06/Apr/2025 07:49:09] "GET /get_progress/default_file HTTP/1.1" 200 -
2025-04-06 07:49:10,672 - INFO - 127.0.0.1 - - [06/Apr/2025 07:49:10] "GET /get_progress/default_file HTTP/1.1" 200 -
2025-04-06 07:49:11,363 - INFO - 127.0.0.1 - - [06/Apr/2025 07:49:11] "GET /get_progress/default_file HTTP/1.1" 200 -
2025-04-06 07:49:12,673 - INFO - 127.0.0.1 - - [06/Apr/2025 07:49:12] "GET /get_progress/default_file HTTP/1.1" 200 -
2025-04-06 07:49:13,362 - INFO - 127.0.0.1 - - [06/Apr/2025 07:49:13] "GET /get_progress/default_file HTTP/1.1" 200 -
2025-04-06 07:49:14,665 - INFO - 127.0.0.1 - - [06/Apr/2025 07:49:14] "GET /get_progress/default_file HTTP/1.1" 200 -
2025-04-06 07:49:15,357 - INFO - 127.0.0.1 - - [06/Apr/2025 07:49:15] "GET /get_progress/default_file HTTP/1.1" 200 -
2025-04-06 07:49:16,657 - INFO - 127.0.0.1 - - [06/Apr/2025 07:49:16] "GET /get_progress/default_file HTTP/1.1" 200 -
2025-04-06 07:49:17,366 - INFO - 127.0.0.1 - - [06/Apr/2025 07:49:17] "GET /get_progress/default_file HTTP/1.1" 200 -
2025-04-06 07:49:18,668 - INFO - 127.0.0.1 - - [06/Apr/2025 07:49:18] "GET /get_progress/default_file HTTP/1.1" 200 -
2025-04-06 07:49:19,366 - INFO - 127.0.0.1 - - [06/Apr/2025 07:49:19] "GET /get_progress/default_file HTTP/1.1" 200 -
2025-04-06 07:49:20,677 - INFO - 127.0.0.1 - - [06/Apr/2025 07:49:20] "GET /get_progress/default_file HTTP/1.1" 200 -
2025-04-06 07:49:21,366 - INFO - 127.0.0.1 - - [06/Apr/2025 07:49:21] "GET /get_progress/default_file HTTP/1.1" 200 -
2025-04-06 07:49:22,674 - INFO - 127.0.0.1 - - [06/Apr/2025 07:49:22] "GET /get_progress/default_file HTTP/1.1" 200 -
2025-04-06 07:49:23,359 - INFO - 127.0.0.1 - - [06/Apr/2025 07:49:23] "GET /get_progress/default_file HTTP/1.1" 200 -
2025-04-06 07:49:24,670 - INFO - 127.0.0.1 - - [06/Apr/2025 07:49:24] "GET /get_progress/default_file HTTP/1.1" 200 -
2025-04-06 07:49:25,355 - INFO - 127.0.0.1 - - [06/Apr/2025 07:49:25] "GET /get_progress/default_file HTTP/1.1" 200 -
2025-04-06 07:49:26,665 - INFO - 127.0.0.1 - - [06/Apr/2025 07:49:26] "GET /get_progress/default_file HTTP/1.1" 200 -
2025-04-06 07:49:27,361 - INFO - 127.0.0.1 - - [06/Apr/2025 07:49:27] "GET /get_progress/default_file HTTP/1.1" 200 -
2025-04-06 07:49:28,663 - INFO - 127.0.0.1 - - [06/Apr/2025 07:49:28] "GET /get_progress/default_file HTTP/1.1" 200 -
2025-04-06 07:49:29,367 - INFO - 127.0.0.1 - - [06/Apr/2025 07:49:29] "GET /get_progress/default_file HTTP/1.1" 200 -
2025-04-06 07:49:30,669 - INFO - 127.0.0.1 - - [06/Apr/2025 07:49:30] "GET /get_progress/default_file HTTP/1.1" 200 -
2025-04-06 07:49:31,360 - INFO - 127.0.0.1 - - [06/Apr/2025 07:49:31] "GET /get_progress/default_file HTTP/1.1" 200 -
2025-04-06 07:49:32,669 - INFO - 127.0.0.1 - - [06/Apr/2025 07:49:32] "GET /get_progress/default_file HTTP/1.1" 200 -
2025-04-06 07:49:33,365 - INFO - 127.0.0.1 - - [06/Apr/2025 07:49:33] "GET /get_progress/default_file HTTP/1.1" 200 -
2025-04-06 07:49:34,663 - INFO - 127.0.0.1 - - [06/Apr/2025 07:49:34] "GET /get_progress/default_file HTTP/1.1" 200 -
2025-04-06 07:49:35,355 - INFO - 127.0.0.1 - - [06/Apr/2025 07:49:35] "GET /get_progress/default_file HTTP/1.1" 200 -
2025-04-06 07:49:36,669 - INFO - 127.0.0.1 - - [06/Apr/2025 07:49:36] "GET /get_progress/default_file HTTP/1.1" 200 -
2025-04-06 07:49:37,357 - INFO - 127.0.0.1 - - [06/Apr/2025 07:49:37] "GET /get_progress/default_file HTTP/1.1" 200 -
2025-04-06 07:49:38,686 - INFO - 127.0.0.1 - - [06/Apr/2025 07:49:38] "GET /get_progress/default_file HTTP/1.1" 200 -
2025-04-06 07:49:39,361 - INFO - 127.0.0.1 - - [06/Apr/2025 07:49:39] "GET /get_progress/default_file HTTP/1.1" 200 -
2025-04-06 07:49:40,660 - INFO - 127.0.0.1 - - [06/Apr/2025 07:49:40] "GET /get_progress/default_file HTTP/1.1" 200 -
2025-04-06 07:49:41,370 - INFO - 127.0.0.1 - - [06/Apr/2025 07:49:41] "GET /get_progress/default_file HTTP/1.1" 200 -
2025-04-06 07:49:42,678 - INFO - 127.0.0.1 - - [06/Apr/2025 07:49:42] "GET /get_progress/default_file HTTP/1.1" 200 -
2025-04-06 07:49:43,359 - INFO - 127.0.0.1 - - [06/Apr/2025 07:49:43] "GET /get_progress/default_file HTTP/1.1" 200 -
2025-04-06 07:49:44,661 - INFO - 127.0.0.1 - - [06/Apr/2025 07:49:44] "GET /get_progress/default_file HTTP/1.1" 200 -
2025-04-06 07:49:45,364 - INFO - 127.0.0.1 - - [06/Apr/2025 07:49:45] "GET /get_progress/default_file HTTP/1.1" 200 -
2025-04-06 07:49:46,675 - INFO - 127.0.0.1 - - [06/Apr/2025 07:49:46] "GET /get_progress/default_file HTTP/1.1" 200 -
2025-04-06 07:49:47,358 - INFO - 127.0.0.1 - - [06/Apr/2025 07:49:47] "GET /get_progress/default_file HTTP/1.1" 200 -
2025-04-06 07:49:48,661 - INFO - 127.0.0.1 - - [06/Apr/2025 07:49:48] "GET /get_progress/default_file HTTP/1.1" 200 -
2025-04-06 07:49:49,359 - INFO - 127.0.0.1 - - [06/Apr/2025 07:49:49] "GET /get_progress/default_file HTTP/1.1" 200 -
2025-04-06 07:49:50,659 - INFO - 127.0.0.1 - - [06/Apr/2025 07:49:50] "GET /get_progress/default_file HTTP/1.1" 200 -
2025-04-06 07:49:51,116 - INFO -  * Detected change in 'C:\\Users\\user\\Desktop\\Spring 2025\\Networks\\SocketProgrammingProject\\flask_app.py', reloading
2025-04-06 07:49:51,155 - INFO -  * Restarting with stat
2025-04-06 07:49:51,602 - WARNING -  * Debugger is active!
2025-04-06 07:49:51,603 - INFO -  * Debugger PIN: 911-889-448
2025-04-06 07:49:51,667 - INFO - 127.0.0.1 - - [06/Apr/2025 07:49:51] "GET /get_progress/default_file HTTP/1.1" 200 -
2025-04-06 07:49:52,357 - INFO - 127.0.0.1 - - [06/Apr/2025 07:49:52] "GET /get_progress/default_file HTTP/1.1" 200 -
2025-04-06 07:49:53,664 - INFO - 127.0.0.1 - - [06/Apr/2025 07:49:53] "GET /get_progress/default_file HTTP/1.1" 200 -
2025-04-06 07:49:54,370 - INFO - 127.0.0.1 - - [06/Apr/2025 07:49:54] "GET /get_progress/default_file HTTP/1.1" 200 -
2025-04-06 07:49:55,667 - INFO - 127.0.0.1 - - [06/Apr/2025 07:49:55] "GET /get_progress/default_file HTTP/1.1" 200 -
2025-04-06 07:49:56,363 - INFO - 127.0.0.1 - - [06/Apr/2025 07:49:56] "GET /get_progress/default_file HTTP/1.1" 200 -
2025-04-06 07:49:57,662 - INFO - 127.0.0.1 - - [06/Apr/2025 07:49:57] "GET /get_progress/default_file HTTP/1.1" 200 -
2025-04-06 07:49:58,372 - INFO - 127.0.0.1 - - [06/Apr/2025 07:49:58] "GET /get_progress/default_file HTTP/1.1" 200 -
2025-04-06 07:49:59,678 - INFO - 127.0.0.1 - - [06/Apr/2025 07:49:59] "GET /get_progress/default_file HTTP/1.1" 200 -
2025-04-06 07:50:00,356 - INFO - 127.0.0.1 - - [06/Apr/2025 07:50:00] "GET /get_progress/default_file HTTP/1.1" 200 -
2025-04-06 07:50:01,648 - INFO -  * Detected change in 'C:\\Users\\user\\Desktop\\Spring 2025\\Networks\\SocketProgrammingProject\\client.py', reloading
2025-04-06 07:50:01,679 - INFO -  * Restarting with stat
2025-04-06 07:50:02,135 - WARNING -  * Debugger is active!
2025-04-06 07:50:02,136 - INFO -  * Debugger PIN: 911-889-448
2025-04-06 07:50:02,143 - INFO - 127.0.0.1 - - [06/Apr/2025 07:50:02] "GET /get_progress/default_file HTTP/1.1" 200 -
2025-04-06 07:50:02,356 - INFO - 127.0.0.1 - - [06/Apr/2025 07:50:02] "GET /get_progress/default_file HTTP/1.1" 200 -
2025-04-06 07:50:03,662 - INFO - 127.0.0.1 - - [06/Apr/2025 07:50:03] "GET /get_progress/default_file HTTP/1.1" 200 -
2025-04-06 07:50:04,357 - INFO - 127.0.0.1 - - [06/Apr/2025 07:50:04] "GET /get_progress/default_file HTTP/1.1" 200 -
2025-04-06 07:50:05,672 - INFO - 127.0.0.1 - - [06/Apr/2025 07:50:05] "GET /get_progress/default_file HTTP/1.1" 200 -
2025-04-06 07:50:06,354 - INFO - 127.0.0.1 - - [06/Apr/2025 07:50:06] "GET /get_progress/default_file HTTP/1.1" 200 -
2025-04-06 07:50:07,660 - INFO - 127.0.0.1 - - [06/Apr/2025 07:50:07] "GET /get_progress/default_file HTTP/1.1" 200 -
2025-04-06 07:50:08,357 - INFO - 127.0.0.1 - - [06/Apr/2025 07:50:08] "GET /get_progress/default_file HTTP/1.1" 200 -
2025-04-06 07:50:09,679 - INFO - 127.0.0.1 - - [06/Apr/2025 07:50:09] "GET /get_progress/default_file HTTP/1.1" 200 -
2025-04-06 07:50:10,355 - INFO - 127.0.0.1 - - [06/Apr/2025 07:50:10] "GET /get_progress/default_file HTTP/1.1" 200 -
2025-04-06 07:50:11,672 - INFO - 127.0.0.1 - - [06/Apr/2025 07:50:11] "GET /get_progress/default_file HTTP/1.1" 200 -
2025-04-06 07:50:12,356 - INFO - 127.0.0.1 - - [06/Apr/2025 07:50:12] "GET /get_progress/default_file HTTP/1.1" 200 -
2025-04-06 07:50:13,671 - INFO - 127.0.0.1 - - [06/Apr/2025 07:50:13] "GET /get_progress/default_file HTTP/1.1" 200 -
2025-04-06 07:50:14,356 - INFO - 127.0.0.1 - - [06/Apr/2025 07:50:14] "GET /get_progress/default_file HTTP/1.1" 200 -
2025-04-06 07:50:15,665 - INFO - 127.0.0.1 - - [06/Apr/2025 07:50:15] "GET /get_progress/default_file HTTP/1.1" 200 -
2025-04-06 07:50:16,355 - INFO - 127.0.0.1 - - [06/Apr/2025 07:50:16] "GET /get_progress/default_file HTTP/1.1" 200 -
2025-04-06 07:50:17,672 - INFO - 127.0.0.1 - - [06/Apr/2025 07:50:17] "GET /get_progress/default_file HTTP/1.1" 200 -
2025-04-06 07:50:18,356 - INFO - 127.0.0.1 - - [06/Apr/2025 07:50:18] "GET /get_progress/default_file HTTP/1.1" 200 -
2025-04-06 07:50:19,671 - INFO - 127.0.0.1 - - [06/Apr/2025 07:50:19] "GET /get_progress/default_file HTTP/1.1" 200 -
2025-04-06 07:50:20,371 - INFO - 127.0.0.1 - - [06/Apr/2025 07:50:20] "GET /get_progress/default_file HTTP/1.1" 200 -
2025-04-06 07:50:21,658 - INFO - 127.0.0.1 - - [06/Apr/2025 07:50:21] "GET /get_progress/default_file HTTP/1.1" 200 -
2025-04-06 07:50:22,361 - INFO - 127.0.0.1 - - [06/Apr/2025 07:50:22] "GET /get_progress/default_file HTTP/1.1" 200 -
2025-04-06 07:50:23,675 - INFO - 127.0.0.1 - - [06/Apr/2025 07:50:23] "GET /get_progress/default_file HTTP/1.1" 200 -
2025-04-06 07:50:24,362 - INFO - 127.0.0.1 - - [06/Apr/2025 07:50:24] "GET /get_progress/default_file HTTP/1.1" 200 -
2025-04-06 07:50:25,671 - INFO - 127.0.0.1 - - [06/Apr/2025 07:50:25] "GET /get_progress/default_file HTTP/1.1" 200 -
2025-04-06 07:50:26,354 - INFO - 127.0.0.1 - - [06/Apr/2025 07:50:26] "GET /get_progress/default_file HTTP/1.1" 200 -
2025-04-06 07:50:27,659 - INFO - 127.0.0.1 - - [06/Apr/2025 07:50:27] "GET /get_progress/default_file HTTP/1.1" 200 -
2025-04-06 07:50:28,366 - INFO - 127.0.0.1 - - [06/Apr/2025 07:50:28] "GET /get_progress/default_file HTTP/1.1" 200 -
2025-04-06 07:50:29,687 - INFO - 127.0.0.1 - - [06/Apr/2025 07:50:29] "GET /get_progress/default_file HTTP/1.1" 200 -
2025-04-06 07:50:30,359 - INFO - 127.0.0.1 - - [06/Apr/2025 07:50:30] "GET /get_progress/default_file HTTP/1.1" 200 -
2025-04-06 07:50:31,663 - INFO - 127.0.0.1 - - [06/Apr/2025 07:50:31] "GET /get_progress/default_file HTTP/1.1" 200 -
2025-04-06 07:50:32,360 - INFO - 127.0.0.1 - - [06/Apr/2025 07:50:32] "GET /get_progress/default_file HTTP/1.1" 200 -
2025-04-06 07:50:33,663 - INFO - 127.0.0.1 - - [06/Apr/2025 07:50:33] "GET /get_progress/default_file HTTP/1.1" 200 -
2025-04-06 07:50:34,367 - INFO - 127.0.0.1 - - [06/Apr/2025 07:50:34] "GET /get_progress/default_file HTTP/1.1" 200 -
2025-04-06 07:50:35,671 - INFO - 127.0.0.1 - - [06/Apr/2025 07:50:35] "GET /get_progress/default_file HTTP/1.1" 200 -
2025-04-06 07:50:36,360 - INFO - 127.0.0.1 - - [06/Apr/2025 07:50:36] "GET /get_progress/default_file HTTP/1.1" 200 -
2025-04-06 07:50:37,666 - INFO - 127.0.0.1 - - [06/Apr/2025 07:50:37] "GET /get_progress/default_file HTTP/1.1" 200 -
2025-04-06 07:50:38,365 - INFO - 127.0.0.1 - - [06/Apr/2025 07:50:38] "GET /get_progress/default_file HTTP/1.1" 200 -
2025-04-06 07:50:39,662 - INFO - 127.0.0.1 - - [06/Apr/2025 07:50:39] "GET /get_progress/default_file HTTP/1.1" 200 -
2025-04-06 07:50:40,360 - INFO - 127.0.0.1 - - [06/Apr/2025 07:50:40] "GET /get_progress/default_file HTTP/1.1" 200 -
2025-04-06 07:50:41,660 - INFO - 127.0.0.1 - - [06/Apr/2025 07:50:41] "GET /get_progress/default_file HTTP/1.1" 200 -
2025-04-06 07:50:42,355 - INFO - 127.0.0.1 - - [06/Apr/2025 07:50:42] "GET /get_progress/default_file HTTP/1.1" 200 -
2025-04-06 07:50:43,661 - INFO - 127.0.0.1 - - [06/Apr/2025 07:50:43] "GET /get_progress/default_file HTTP/1.1" 200 -
2025-04-06 07:50:44,355 - INFO - 127.0.0.1 - - [06/Apr/2025 07:50:44] "GET /get_progress/default_file HTTP/1.1" 200 -
2025-04-06 07:50:45,669 - INFO - 127.0.0.1 - - [06/Apr/2025 07:50:45] "GET /get_progress/default_file HTTP/1.1" 200 -
2025-04-06 07:50:46,360 - INFO - 127.0.0.1 - - [06/Apr/2025 07:50:46] "GET /get_progress/default_file HTTP/1.1" 200 -
2025-04-06 07:50:47,664 - INFO - 127.0.0.1 - - [06/Apr/2025 07:50:47] "GET /get_progress/default_file HTTP/1.1" 200 -
2025-04-06 07:50:48,366 - INFO - 127.0.0.1 - - [06/Apr/2025 07:50:48] "GET /get_progress/default_file HTTP/1.1" 200 -
2025-04-06 07:50:49,675 - INFO - 127.0.0.1 - - [06/Apr/2025 07:50:49] "GET /get_progress/default_file HTTP/1.1" 200 -
2025-04-06 07:50:50,360 - INFO - 127.0.0.1 - - [06/Apr/2025 07:50:50] "GET /get_progress/default_file HTTP/1.1" 200 -
2025-04-06 07:50:51,674 - INFO - 127.0.0.1 - - [06/Apr/2025 07:50:51] "GET /get_progress/default_file HTTP/1.1" 200 -
2025-04-06 07:50:52,372 - INFO - 127.0.0.1 - - [06/Apr/2025 07:50:52] "GET /get_progress/default_file HTTP/1.1" 200 -
2025-04-06 07:50:53,679 - INFO - 127.0.0.1 - - [06/Apr/2025 07:50:53] "GET /get_progress/default_file HTTP/1.1" 200 -
2025-04-06 07:50:54,355 - INFO - 127.0.0.1 - - [06/Apr/2025 07:50:54] "GET /get_progress/default_file HTTP/1.1" 200 -
2025-04-06 07:50:55,679 - INFO - 127.0.0.1 - - [06/Apr/2025 07:50:55] "GET /get_progress/default_file HTTP/1.1" 200 -
2025-04-06 07:50:56,359 - INFO - 127.0.0.1 - - [06/Apr/2025 07:50:56] "GET /get_progress/default_file HTTP/1.1" 200 -
2025-04-06 07:50:57,682 - INFO - 127.0.0.1 - - [06/Apr/2025 07:50:57] "GET /get_progress/default_file HTTP/1.1" 200 -
2025-04-06 07:50:58,372 - INFO - 127.0.0.1 - - [06/Apr/2025 07:50:58] "GET /get_progress/default_file HTTP/1.1" 200 -
2025-04-06 07:50:59,673 - INFO - 127.0.0.1 - - [06/Apr/2025 07:50:59] "GET /get_progress/default_file HTTP/1.1" 200 -
2025-04-06 07:51:00,361 - INFO - 127.0.0.1 - - [06/Apr/2025 07:51:00] "GET /get_progress/default_file HTTP/1.1" 200 -
2025-04-06 07:51:01,681 - INFO - 127.0.0.1 - - [06/Apr/2025 07:51:01] "GET /get_progress/default_file HTTP/1.1" 200 -
2025-04-06 07:51:02,357 - INFO - 127.0.0.1 - - [06/Apr/2025 07:51:02] "GET /get_progress/default_file HTTP/1.1" 200 -
2025-04-06 07:51:03,666 - INFO - 127.0.0.1 - - [06/Apr/2025 07:51:03] "GET /get_progress/default_file HTTP/1.1" 200 -
2025-04-06 07:51:04,370 - INFO - 127.0.0.1 - - [06/Apr/2025 07:51:04] "GET /get_progress/default_file HTTP/1.1" 200 -
2025-04-06 07:51:05,672 - INFO - 127.0.0.1 - - [06/Apr/2025 07:51:05] "GET /get_progress/default_file HTTP/1.1" 200 -
2025-04-06 07:51:06,366 - INFO - 127.0.0.1 - - [06/Apr/2025 07:51:06] "GET /get_progress/default_file HTTP/1.1" 200 -
2025-04-06 07:51:07,664 - INFO - 127.0.0.1 - - [06/Apr/2025 07:51:07] "GET /get_progress/default_file HTTP/1.1" 200 -
2025-04-06 07:51:08,367 - INFO - 127.0.0.1 - - [06/Apr/2025 07:51:08] "GET /get_progress/default_file HTTP/1.1" 200 -
2025-04-06 07:51:09,669 - INFO - 127.0.0.1 - - [06/Apr/2025 07:51:09] "GET /get_progress/default_file HTTP/1.1" 200 -
2025-04-06 07:51:10,370 - INFO - 127.0.0.1 - - [06/Apr/2025 07:51:10] "GET /get_progress/default_file HTTP/1.1" 200 -
2025-04-06 07:51:11,663 - INFO - 127.0.0.1 - - [06/Apr/2025 07:51:11] "GET /get_progress/default_file HTTP/1.1" 200 -
2025-04-06 07:51:12,357 - INFO - 127.0.0.1 - - [06/Apr/2025 07:51:12] "GET /get_progress/default_file HTTP/1.1" 200 -
2025-04-06 07:51:13,671 - INFO - 127.0.0.1 - - [06/Apr/2025 07:51:13] "GET /get_progress/default_file HTTP/1.1" 200 -
2025-04-06 07:51:14,375 - INFO - 127.0.0.1 - - [06/Apr/2025 07:51:14] "GET /get_progress/default_file HTTP/1.1" 200 -
2025-04-06 07:51:15,667 - INFO - 127.0.0.1 - - [06/Apr/2025 07:51:15] "GET /get_progress/default_file HTTP/1.1" 200 -
2025-04-06 07:51:16,362 - INFO - 127.0.0.1 - - [06/Apr/2025 07:51:16] "GET /get_progress/default_file HTTP/1.1" 200 -
2025-04-06 07:51:17,661 - INFO - 127.0.0.1 - - [06/Apr/2025 07:51:17] "GET /get_progress/default_file HTTP/1.1" 200 -
2025-04-06 07:51:18,366 - INFO - 127.0.0.1 - - [06/Apr/2025 07:51:18] "GET /get_progress/default_file HTTP/1.1" 200 -
2025-04-06 07:51:19,676 - INFO - 127.0.0.1 - - [06/Apr/2025 07:51:19] "GET /get_progress/default_file HTTP/1.1" 200 -
2025-04-06 07:51:20,356 - INFO - 127.0.0.1 - - [06/Apr/2025 07:51:20] "GET /get_progress/default_file HTTP/1.1" 200 -
2025-04-06 07:51:21,674 - INFO - 127.0.0.1 - - [06/Apr/2025 07:51:21] "GET /get_progress/default_file HTTP/1.1" 200 -
2025-04-06 07:51:22,356 - INFO - 127.0.0.1 - - [06/Apr/2025 07:51:22] "GET /get_progress/default_file HTTP/1.1" 200 -
2025-04-06 07:51:23,662 - INFO - 127.0.0.1 - - [06/Apr/2025 07:51:23] "GET /get_progress/default_file HTTP/1.1" 200 -
2025-04-06 07:51:24,365 - INFO - 127.0.0.1 - - [06/Apr/2025 07:51:24] "GET /get_progress/default_file HTTP/1.1" 200 -
2025-04-06 07:51:25,672 - INFO - 127.0.0.1 - - [06/Apr/2025 07:51:25] "GET /get_progress/default_file HTTP/1.1" 200 -
2025-04-06 07:51:26,359 - INFO - 127.0.0.1 - - [06/Apr/2025 07:51:26] "GET /get_progress/default_file HTTP/1.1" 200 -
2025-04-06 07:51:27,658 - INFO - 127.0.0.1 - - [06/Apr/2025 07:51:27] "GET /get_progress/default_file HTTP/1.1" 200 -
2025-04-06 07:51:28,355 - INFO - 127.0.0.1 - - [06/Apr/2025 07:51:28] "GET /get_progress/default_file HTTP/1.1" 200 -
2025-04-06 07:51:29,658 - INFO - 127.0.0.1 - - [06/Apr/2025 07:51:29] "GET /get_progress/default_file HTTP/1.1" 200 -
2025-04-06 07:51:30,355 - INFO - 127.0.0.1 - - [06/Apr/2025 07:51:30] "GET /get_progress/default_file HTTP/1.1" 200 -
2025-04-06 07:51:30,485 - INFO -  * Detected change in 'C:\\Users\\user\\Desktop\\Spring 2025\\Networks\\SocketProgrammingProject\\client.py', reloading
2025-04-06 07:51:30,523 - INFO -  * Restarting with stat
2025-04-06 07:51:31,023 - WARNING -  * Debugger is active!
2025-04-06 07:51:31,025 - INFO -  * Debugger PIN: 911-889-448
2025-04-06 07:51:31,683 - INFO - 127.0.0.1 - - [06/Apr/2025 07:51:31] "GET /get_progress/default_file HTTP/1.1" 200 -
2025-04-06 07:51:32,367 - INFO - 127.0.0.1 - - [06/Apr/2025 07:51:32] "GET /get_progress/default_file HTTP/1.1" 200 -
2025-04-06 07:51:33,038 - INFO -  * Detected change in 'C:\\Users\\user\\Desktop\\Spring 2025\\Networks\\SocketProgrammingProject\\client.py', reloading
2025-04-06 07:51:33,068 - INFO -  * Restarting with stat
2025-04-06 07:51:33,515 - WARNING -  * Debugger is active!
2025-04-06 07:51:33,517 - INFO -  * Debugger PIN: 911-889-448
2025-04-06 07:51:33,664 - INFO - 127.0.0.1 - - [06/Apr/2025 07:51:33] "GET /get_progress/default_file HTTP/1.1" 200 -
2025-04-06 07:51:34,360 - INFO - 127.0.0.1 - - [06/Apr/2025 07:51:34] "GET /get_progress/default_file HTTP/1.1" 200 -
2025-04-06 07:51:35,663 - INFO - 127.0.0.1 - - [06/Apr/2025 07:51:35] "GET /get_progress/default_file HTTP/1.1" 200 -
2025-04-06 07:51:36,356 - INFO - 127.0.0.1 - - [06/Apr/2025 07:51:36] "GET /get_progress/default_file HTTP/1.1" 200 -
2025-04-06 07:51:37,674 - INFO - 127.0.0.1 - - [06/Apr/2025 07:51:37] "GET /get_progress/default_file HTTP/1.1" 200 -
2025-04-06 07:51:38,360 - INFO - 127.0.0.1 - - [06/Apr/2025 07:51:38] "GET /get_progress/default_file HTTP/1.1" 200 -
2025-04-06 07:51:39,665 - INFO - 127.0.0.1 - - [06/Apr/2025 07:51:39] "GET /get_progress/default_file HTTP/1.1" 200 -
2025-04-06 07:51:40,360 - INFO - 127.0.0.1 - - [06/Apr/2025 07:51:40] "GET /get_progress/default_file HTTP/1.1" 200 -
2025-04-06 07:51:41,663 - INFO - 127.0.0.1 - - [06/Apr/2025 07:51:41] "GET /get_progress/default_file HTTP/1.1" 200 -
2025-04-06 07:51:42,358 - INFO - 127.0.0.1 - - [06/Apr/2025 07:51:42] "GET /get_progress/default_file HTTP/1.1" 200 -
2025-04-06 07:51:42,560 - INFO -  * Detected change in 'C:\\Users\\user\\Desktop\\Spring 2025\\Networks\\SocketProgrammingProject\\client.py', reloading
2025-04-06 07:51:42,590 - INFO -  * Restarting with stat
2025-04-06 07:51:43,117 - WARNING -  * Debugger is active!
2025-04-06 07:51:43,119 - INFO -  * Debugger PIN: 911-889-448
2025-04-06 07:51:43,674 - INFO - 127.0.0.1 - - [06/Apr/2025 07:51:43] "GET /get_progress/default_file HTTP/1.1" 200 -
2025-04-06 07:51:44,360 - INFO - 127.0.0.1 - - [06/Apr/2025 07:51:44] "GET /get_progress/default_file HTTP/1.1" 200 -
2025-04-06 07:51:45,665 - INFO - 127.0.0.1 - - [06/Apr/2025 07:51:45] "GET /get_progress/default_file HTTP/1.1" 200 -
2025-04-06 07:51:46,355 - INFO - 127.0.0.1 - - [06/Apr/2025 07:51:46] "GET /get_progress/default_file HTTP/1.1" 200 -
2025-04-06 07:51:47,682 - INFO - 127.0.0.1 - - [06/Apr/2025 07:51:47] "GET /get_progress/default_file HTTP/1.1" 200 -
2025-04-06 07:51:48,372 - INFO - 127.0.0.1 - - [06/Apr/2025 07:51:48] "GET /get_progress/default_file HTTP/1.1" 200 -
2025-04-06 07:51:49,661 - INFO - 127.0.0.1 - - [06/Apr/2025 07:51:49] "GET /get_progress/default_file HTTP/1.1" 200 -
2025-04-06 07:51:50,144 - INFO -  * Detected change in 'C:\\Users\\user\\Desktop\\Spring 2025\\Networks\\SocketProgrammingProject\\client.py', reloading
2025-04-06 07:51:50,181 - INFO -  * Restarting with stat
2025-04-06 07:51:50,647 - WARNING -  * Debugger is active!
2025-04-06 07:51:50,648 - INFO -  * Debugger PIN: 911-889-448
2025-04-06 07:51:50,674 - INFO - 127.0.0.1 - - [06/Apr/2025 07:51:50] "GET /get_progress/default_file HTTP/1.1" 200 -
2025-04-06 07:51:51,359 - INFO - 127.0.0.1 - - [06/Apr/2025 07:51:51] "GET /get_progress/default_file HTTP/1.1" 200 -
2025-04-06 07:51:52,664 - INFO - 127.0.0.1 - - [06/Apr/2025 07:51:52] "GET /get_progress/default_file HTTP/1.1" 200 -
2025-04-06 07:51:53,360 - INFO - 127.0.0.1 - - [06/Apr/2025 07:51:53] "GET /get_progress/default_file HTTP/1.1" 200 -
2025-04-06 07:51:53,667 - INFO -  * Detected change in 'C:\\Users\\user\\Desktop\\Spring 2025\\Networks\\SocketProgrammingProject\\client.py', reloading
2025-04-06 07:51:53,698 - INFO -  * Restarting with stat
2025-04-06 07:51:54,121 - WARNING -  * Debugger is active!
2025-04-06 07:51:54,123 - INFO -  * Debugger PIN: 911-889-448
2025-04-06 07:51:54,662 - INFO - 127.0.0.1 - - [06/Apr/2025 07:51:54] "GET /get_progress/default_file HTTP/1.1" 200 -
2025-04-06 07:51:55,359 - INFO - 127.0.0.1 - - [06/Apr/2025 07:51:55] "GET /get_progress/default_file HTTP/1.1" 200 -
2025-04-06 07:51:56,663 - INFO - 127.0.0.1 - - [06/Apr/2025 07:51:56] "GET /get_progress/default_file HTTP/1.1" 200 -
2025-04-06 07:51:57,364 - INFO - 127.0.0.1 - - [06/Apr/2025 07:51:57] "GET /get_progress/default_file HTTP/1.1" 200 -
2025-04-06 07:51:58,672 - INFO - 127.0.0.1 - - [06/Apr/2025 07:51:58] "GET /get_progress/default_file HTTP/1.1" 200 -
2025-04-06 07:51:59,365 - INFO - 127.0.0.1 - - [06/Apr/2025 07:51:59] "GET /get_progress/default_file HTTP/1.1" 200 -
2025-04-06 07:52:00,660 - INFO - 127.0.0.1 - - [06/Apr/2025 07:52:00] "GET /get_progress/default_file HTTP/1.1" 200 -
2025-04-06 07:52:01,359 - INFO - 127.0.0.1 - - [06/Apr/2025 07:52:01] "GET /get_progress/default_file HTTP/1.1" 200 -
2025-04-06 07:52:02,661 - INFO - 127.0.0.1 - - [06/Apr/2025 07:52:02] "GET /get_progress/default_file HTTP/1.1" 200 -
2025-04-06 07:52:02,918 - INFO - 127.0.0.1 - - [06/Apr/2025 07:52:02] "GET / HTTP/1.1" 200 -
2025-04-06 07:52:03,215 - INFO - 127.0.0.1 - - [06/Apr/2025 07:52:03] "[36mGET /static/styles.css HTTP/1.1[0m" 304 -
2025-04-06 07:52:03,233 - INFO - 127.0.0.1 - - [06/Apr/2025 07:52:03] "[36mGET /static/script.js HTTP/1.1[0m" 304 -
2025-04-06 07:52:03,237 - INFO - Requesting file list from server
2025-04-06 07:52:03,237 - INFO - New connection established with client of address = ('127.0.0.1', 56950)
2025-04-06 07:52:03,237 - INFO - New serving socket connected to address = ('127.0.0.1', 56950)
2025-04-06 07:52:03,237 - INFO - List files request received
2025-04-06 07:52:03,238 - INFO - File list sent to client
2025-04-06 07:52:03,238 - INFO - Received file list with 2 files
2025-04-06 07:52:03,238 - INFO - Connection with ('127.0.0.1', 56950) closed
2025-04-06 07:52:03,238 - INFO - Client connection closed
2025-04-06 07:52:03,238 - INFO - 127.0.0.1 - - [06/Apr/2025 07:52:03] "GET /list HTTP/1.1" 200 -
2025-04-06 07:52:03,544 - INFO - 127.0.0.1 - - [06/Apr/2025 07:52:03] "[33mGET /icons/default-file.png HTTP/1.1[0m" 404 -
2025-04-06 07:52:03,545 - INFO - 127.0.0.1 - - [06/Apr/2025 07:52:03] "[33mGET /icons/word-file.png HTTP/1.1[0m" 404 -
2025-04-06 07:52:16,195 - INFO - Downloading file: client_files\Basically Coders Phase3.docx
2025-04-06 07:52:16,195 - INFO - New connection established with client of address = ('127.0.0.1', 56964)
2025-04-06 07:52:16,195 - INFO - New serving socket connected to address = ('127.0.0.1', 56964)
2025-04-06 07:52:16,195 - WARNING - Unknown command: 2Basically Coders Phase3.docx
2025-04-06 07:52:16,195 - INFO - Connection with ('127.0.0.1', 56964) closed
2025-04-06 07:52:16,196 - INFO - Client connection closed
2025-04-06 07:52:16,196 - INFO - 127.0.0.1 - - [06/Apr/2025 07:52:16] "POST /download HTTP/1.1" 200 -
2025-04-06 07:52:21,693 - INFO - Downloading file: client_files\2025-03-24 20-28-33.remuxed.mov
2025-04-06 07:52:21,693 - INFO - New connection established with client of address = ('127.0.0.1', 56968)
2025-04-06 07:52:21,693 - INFO - New serving socket connected to address = ('127.0.0.1', 56968)
2025-04-06 07:52:21,694 - WARNING - Unknown command: 22025-03-24 20-28-33.remuxed.mov
2025-04-06 07:52:21,694 - INFO - Connection with ('127.0.0.1', 56968) closed
2025-04-06 07:52:21,694 - INFO - Client connection closed
2025-04-06 07:52:21,694 - INFO - 127.0.0.1 - - [06/Apr/2025 07:52:21] "POST /download HTTP/1.1" 200 -
2025-04-06 07:53:19,449 - INFO -  * Detected change in 'C:\\Users\\user\\Desktop\\Spring 2025\\Networks\\SocketProgrammingProject\\flask_app.py', reloading
2025-04-06 07:53:19,490 - INFO -  * Restarting with stat
2025-04-06 07:53:19,965 - WARNING -  * Debugger is active!
2025-04-06 07:53:19,967 - INFO -  * Debugger PIN: 911-889-448
2025-04-06 07:53:30,997 - INFO -  * Detected change in 'C:\\Users\\user\\Desktop\\Spring 2025\\Networks\\SocketProgrammingProject\\client.py', reloading
2025-04-06 07:53:31,030 - INFO -  * Restarting with stat
2025-04-06 07:53:31,514 - WARNING -  * Debugger is active!
2025-04-06 07:53:31,515 - INFO -  * Debugger PIN: 911-889-448
2025-04-06 07:53:49,566 - INFO -  * Detected change in 'C:\\Users\\user\\Desktop\\Spring 2025\\Networks\\SocketProgrammingProject\\flask_app.py', reloading
2025-04-06 07:53:49,604 - INFO -  * Restarting with stat
2025-04-06 07:53:50,062 - WARNING -  * Debugger is active!
2025-04-06 07:53:50,064 - INFO -  * Debugger PIN: 911-889-448
2025-04-06 07:54:22,147 - INFO -  * Detected change in 'C:\\Users\\user\\Desktop\\Spring 2025\\Networks\\SocketProgrammingProject\\flask_app.py', reloading
2025-04-06 07:54:22,186 - INFO -  * Restarting with stat
2025-04-06 07:54:22,660 - WARNING -  * Debugger is active!
2025-04-06 07:54:22,662 - INFO -  * Debugger PIN: 911-889-448
2025-04-06 07:54:29,683 - INFO -  * Detected change in 'C:\\Users\\user\\Desktop\\Spring 2025\\Networks\\SocketProgrammingProject\\flask_app.py', reloading
2025-04-06 07:54:29,719 - INFO -  * Restarting with stat
2025-04-06 07:54:30,212 - WARNING -  * Debugger is active!
2025-04-06 07:54:30,213 - INFO -  * Debugger PIN: 911-889-448
2025-04-06 07:54:52,270 - INFO -  * Detected change in 'C:\\Users\\user\\Desktop\\Spring 2025\\Networks\\SocketProgrammingProject\\client.py', reloading
2025-04-06 07:54:52,302 - INFO -  * Restarting with stat
2025-04-06 07:54:52,768 - WARNING -  * Debugger is active!
2025-04-06 07:54:52,770 - INFO -  * Debugger PIN: 911-889-448
2025-04-06 07:56:07,032 - INFO -  * Detected change in 'C:\\Users\\user\\Desktop\\Spring 2025\\Networks\\SocketProgrammingProject\\client.py', reloading
2025-04-06 07:56:07,064 - INFO -  * Restarting with stat
2025-04-06 07:56:07,527 - WARNING -  * Debugger is active!
2025-04-06 07:56:07,529 - INFO -  * Debugger PIN: 911-889-448
2025-04-06 07:58:49,111 - INFO -  * Detected change in 'C:\\Users\\user\\Desktop\\Spring 2025\\Networks\\SocketProgrammingProject\\flask_app.py', reloading
2025-04-06 07:58:49,144 - INFO -  * Restarting with stat
2025-04-06 07:58:49,586 - WARNING -  * Debugger is active!
2025-04-06 07:58:49,587 - INFO -  * Debugger PIN: 911-889-448
2025-04-06 07:59:03,597 - INFO - Server starting on port 8080...
2025-04-06 07:59:03,597 - INFO - Server listening on port 8080...
2025-04-06 07:59:07,663 - INFO - [31m[1mWARNING: This is a development server. Do not use it in a production deployment. Use a production WSGI server instead.[0m
 * Running on http://127.0.0.1:5000
2025-04-06 07:59:07,664 - INFO - [33mPress CTRL+C to quit[0m
2025-04-06 07:59:07,665 - INFO -  * Restarting with stat
2025-04-06 07:59:08,101 - WARNING -  * Debugger is active!
2025-04-06 07:59:08,103 - INFO -  * Debugger PIN: 911-889-448
2025-04-06 07:59:11,874 - INFO - 127.0.0.1 - - [06/Apr/2025 07:59:11] "GET / HTTP/1.1" 200 -
2025-04-06 07:59:11,924 - INFO - 127.0.0.1 - - [06/Apr/2025 07:59:11] "[36mGET /static/styles.css HTTP/1.1[0m" 304 -
2025-04-06 07:59:12,125 - INFO - 127.0.0.1 - - [06/Apr/2025 07:59:12] "GET /static/script.js HTTP/1.1" 200 -
2025-04-06 07:59:12,440 - INFO - Requesting file list from server
2025-04-06 07:59:12,441 - INFO - New connection established with client of address = ('127.0.0.1', 57126)
2025-04-06 07:59:12,443 - INFO - New serving socket connected to address = ('127.0.0.1', 57126)
2025-04-06 07:59:12,443 - INFO - List files request received
2025-04-06 07:59:12,444 - INFO - File list sent to client
2025-04-06 07:59:12,444 - INFO - Received file list with 2 files
2025-04-06 07:59:12,444 - INFO - Connection with ('127.0.0.1', 57126) closed
2025-04-06 07:59:12,444 - INFO - Client connection closed
2025-04-06 07:59:12,444 - INFO - 127.0.0.1 - - [06/Apr/2025 07:59:12] "GET /list HTTP/1.1" 200 -
2025-04-06 07:59:12,689 - INFO - 127.0.0.1 - - [06/Apr/2025 07:59:12] "[33mGET /icons/default-file.png HTTP/1.1[0m" 404 -
2025-04-06 07:59:12,749 - INFO - 127.0.0.1 - - [06/Apr/2025 07:59:12] "[33mGET /icons/word-file.png HTTP/1.1[0m" 404 -
2025-04-06 07:59:14,599 - INFO - Downloading file: client_files\temp_Basically Coders Phase3.docx
2025-04-06 07:59:14,599 - INFO - New connection established with client of address = ('127.0.0.1', 57133)
2025-04-06 07:59:14,600 - INFO - New serving socket connected to address = ('127.0.0.1', 57133)
2025-04-06 07:59:14,600 - WARNING - Unknown command: 2temp_Basically Coders Phase3.docx
2025-04-06 07:59:14,600 - INFO - Connection with ('127.0.0.1', 57133) closed
2025-04-06 07:59:15,907 - INFO - 127.0.0.1 - - [06/Apr/2025 07:59:15] "GET /get_progress/Basically%20Coders%20Phase3.docx HTTP/1.1" 200 -
2025-04-06 07:59:16,627 - INFO - 127.0.0.1 - - [06/Apr/2025 07:59:16] "POST /update_progress HTTP/1.1" 200 -
2025-04-06 07:59:16,628 - INFO - Client connection closed
2025-04-06 07:59:16,628 - INFO - 127.0.0.1 - - [06/Apr/2025 07:59:16] "POST /download HTTP/1.1" 200 -
2025-04-06 07:59:16,906 - INFO - 127.0.0.1 - - [06/Apr/2025 07:59:16] "GET /get_progress/Basically%20Coders%20Phase3.docx HTTP/1.1" 200 -
2025-04-06 07:59:21,498 - INFO - Downloading file: client_files\temp_2025-03-24 20-28-33.remuxed.mov
43)
2025-04-06 07:59:21,499 - INFO - New serving socket connected to address = ('127.0.0.1', 57143)
2025-04-06 07:59:21,499 - WARNING - Unknown command: 2temp_2025-03-24 20-28-33.remuxed.mov
2025-04-06 07:59:21,500 - INFO - Connection with ('127.0.0.1', 57143) closed
2025-04-06 07:59:22,204 - INFO - 127.0.0.1 - - [06/Apr/2025 07:59:22] "GET /get_progress/2025-03-24%2020-28-33.remuxed.mov HTTP/1.1" 200 -
2025-04-06 07:59:23,501 - INFO - 127.0.0.1 - - [06/Apr/2025 07:59:23] "GET /get_progress/2025-03-24%2020-28-33.remuxed.mov HTTP/1.1" 200 -
2025-04-06 07:59:23,541 - INFO - 127.0.0.1 - - [06/Apr/2025 07:59:23] "POST /update_progress HTTP/1.1" 200 -
2025-04-06 07:59:23,543 - INFO - Client connection closed
2025-04-06 07:59:23,543 - INFO - 127.0.0.1 - - [06/Apr/2025 07:59:23] "POST /download HTTP/1.1" 200 -
2025-04-06 08:00:50,253 - INFO - Uploading file: client_files\Screenshot 2024-09-05 104853.png
2025-04-06 08:00:50,254 - INFO - New connection established with client of address = ('127.0.0.1', 57228)
2025-04-06 08:00:50,254 - INFO - New serving socket connected to address = ('127.0.0.1', 57228)
2025-04-06 08:00:50,254 - WARNING - Unknown command: 1Screenshot 2024-09-05 104853.png
2025-04-06 08:00:50,254 - INFO - Connection with ('127.0.0.1', 57228) closed
2025-04-06 08:00:50,947 - INFO - 127.0.0.1 - - [06/Apr/2025 08:00:50] "GET /get_progress/Screenshot%202024-09-05%20104853.png HTTP/1.1" 200 -
2025-04-06 08:00:52,258 - INFO - 127.0.0.1 - - [06/Apr/2025 08:00:52] "GET /get_progress/Screenshot%202024-09-05%20104853.png HTTP/1.1" 200 -
2025-04-06 08:00:52,295 - INFO - 127.0.0.1 - - [06/Apr/2025 08:00:52] "POST /update_progress HTTP/1.1" 200 -
2025-04-06 08:00:53,266 - INFO - 127.0.0.1 - - [06/Apr/2025 08:00:53] "GET /get_progress/Screenshot%202024-09-05%20104853.png HTTP/1.1" 200 -
2025-04-06 08:00:53,297 - ERROR - Error in client operation: [WinError 10053] An established connection was aborted by the software in your host machine
2025-04-06 08:00:53,297 - INFO - Client connection closed
2025-04-06 08:00:53,297 - INFO - 127.0.0.1 - - [06/Apr/2025 08:00:53] "POST /upload HTTP/1.1" 200 -
2025-04-06 08:00:56,839 - INFO - Requesting file list from server
2025-04-06 08:00:56,839 - INFO - New connection established with client of address = ('127.0.0.1', 57239)
2025-04-06 08:00:56,840 - INFO - New serving socket connected to address = ('127.0.0.1', 57239)
2025-04-06 08:00:56,840 - INFO - List files request received
2025-04-06 08:00:56,841 - INFO - File list sent to client
2025-04-06 08:00:56,841 - INFO - Received file list with 2 files
2025-04-06 08:00:56,841 - INFO - Connection with ('127.0.0.1', 57239) closed
2025-04-06 08:00:56,841 - INFO - Client connection closed
2025-04-06 08:00:56,842 - INFO - 127.0.0.1 - - [06/Apr/2025 08:00:56] "GET /list HTTP/1.1" 200 -
2025-04-06 08:00:57,106 - INFO - 127.0.0.1 - - [06/Apr/2025 08:00:57] "[33mGET /icons/default-file.png HTTP/1.1[0m" 404 -
2025-04-06 08:00:57,159 - INFO - 127.0.0.1 - - [06/Apr/2025 08:00:57] "[33mGET /icons/word-file.png HTTP/1.1[0m" 404 -
2025-04-06 08:02:02,871 - INFO - Uploading file: client_files\2025-03-03 19-11-36.remuxed.mov
2025-04-06 08:02:02,871 - INFO - New connection established with client of address = ('127.0.0.1', 57271)
2025-04-06 08:02:02,871 - INFO - New serving socket connected to address = ('127.0.0.1', 57271)
2025-04-06 08:02:02,871 - WARNING - Unknown command: 12025-03-03 19-11-36.remuxed.mov
2025-04-06 08:02:02,872 - INFO - Connection with ('127.0.0.1', 57271) closed
2025-04-06 08:02:03,421 - INFO - 127.0.0.1 - - [06/Apr/2025 08:02:03] "GET /get_progress/2025-03-03%2019-11-36.remuxed.mov HTTP/1.1" 200 -
2025-04-06 08:02:04,724 - INFO - 127.0.0.1 - - [06/Apr/2025 08:02:04] "GET /get_progress/2025-03-03%2019-11-36.remuxed.mov HTTP/1.1" 200 -
2025-04-06 08:02:04,906 - INFO - 127.0.0.1 - - [06/Apr/2025 08:02:04] "POST /update_progress HTTP/1.1" 200 -
2025-04-06 08:02:05,726 - INFO - 127.0.0.1 - - [06/Apr/2025 08:02:05] "GET /get_progress/2025-03-03%2019-11-36.remuxed.mov HTTP/1.1" 200 -
2025-04-06 08:02:05,908 - ERROR - Error in client operation: [WinError 10053] An established connection was aborted by the software in your host machine
2025-04-06 08:02:05,908 - INFO - Client connection closed
2025-04-06 08:02:05,914 - INFO - 127.0.0.1 - - [06/Apr/2025 08:02:05] "POST /upload HTTP/1.1" 200 -
2025-04-06 08:02:10,335 - INFO - Requesting file list from server
2025-04-06 08:02:10,335 - INFO - New connection established with client of address = ('127.0.0.1', 57287)
2025-04-06 08:02:10,336 - INFO - New serving socket connected to address = ('127.0.0.1', 57287)
2025-04-06 08:02:10,336 - INFO - List files request received
2025-04-06 08:02:10,337 - INFO - File list sent to client
2025-04-06 08:02:10,337 - INFO - Connection with ('127.0.0.1', 57287) closed
2025-04-06 08:02:10,337 - INFO - Received file list with 2 files
2025-04-06 08:02:10,337 - INFO - Client connection closed
2025-04-06 08:02:10,338 - INFO - 127.0.0.1 - - [06/Apr/2025 08:02:10] "GET /list HTTP/1.1" 200 -
2025-04-06 08:02:10,597 - INFO - 127.0.0.1 - - [06/Apr/2025 08:02:10] "[33mGET /icons/default-file.png HTTP/1.1[0m" 404 -
2025-04-06 08:02:10,645 - INFO - 127.0.0.1 - - [06/Apr/2025 08:02:10] "[33mGET /icons/word-file.png HTTP/1.1[0m" 404 -
2025-04-06 08:54:35,793 - INFO - Uploading file: client_files\2025-02-07 21-18-17.mkv
2025-04-06 08:54:35,793 - INFO - New connection established with client of address = ('127.0.0.1', 57863)
2025-04-06 08:54:35,794 - INFO - New serving socket connected to address = ('127.0.0.1', 57863)
2025-04-06 08:54:35,794 - WARNING - Unknown command: 12025-02-07 21-18-17.mkv
2025-04-06 08:54:35,794 - INFO - Connection with ('127.0.0.1', 57863) closed
2025-04-06 08:54:35,807 - INFO - 127.0.0.1 - - [06/Apr/2025 08:54:35] "GET /get_progress/2025-02-07%2021-18-17.mkv HTTP/1.1" 200 -
2025-04-06 08:54:37,123 - INFO - 127.0.0.1 - - [06/Apr/2025 08:54:37] "GET /get_progress/2025-02-07%2021-18-17.mkv HTTP/1.1" 200 -
2025-04-06 08:54:37,821 - INFO - 127.0.0.1 - - [06/Apr/2025 08:54:37] "POST /update_progress HTTP/1.1" 200 -
2025-04-06 08:54:38,114 - INFO - 127.0.0.1 - - [06/Apr/2025 08:54:38] "GET /get_progress/2025-02-07%2021-18-17.mkv HTTP/1.1" 200 -
2025-04-06 08:54:38,823 - ERROR - Error in client operation: [WinError 10053] An established connection was aborted by the software in your host machine
2025-04-06 08:54:38,823 - INFO - Client connection closed
2025-04-06 08:54:38,846 - INFO - 127.0.0.1 - - [06/Apr/2025 08:54:38] "POST /upload HTTP/1.1" 200 -
2025-04-06 08:54:39,118 - INFO - 127.0.0.1 - - [06/Apr/2025 08:54:39] "GET /get_progress/2025-02-07%2021-18-17.mkv HTTP/1.1" 200 -
2025-04-06 08:54:43,996 - INFO - Requesting file list from server
2025-04-06 08:54:43,996 - INFO - New connection established with client of address = ('127.0.0.1', 57875)
2025-04-06 08:54:43,997 - INFO - New serving socket connected to address = ('127.0.0.1', 57875)
2025-04-06 08:54:43,997 - INFO - List files request received
2025-04-06 08:54:43,998 - INFO - File list sent to client
2025-04-06 08:54:43,998 - INFO - Received file list with 2 files
2025-04-06 08:54:43,998 - INFO - Connection with ('127.0.0.1', 57875) closed
2025-04-06 08:54:43,998 - INFO - Client connection closed
2025-04-06 08:54:43,998 - INFO - 127.0.0.1 - - [06/Apr/2025 08:54:43] "GET /list HTTP/1.1" 200 -
2025-04-06 08:54:44,251 - INFO - 127.0.0.1 - - [06/Apr/2025 08:54:44] "[33mGET /icons/default-file.png HTTP/1.1[0m" 404 -
2025-04-06 08:54:44,314 - INFO - 127.0.0.1 - - [06/Apr/2025 08:54:44] "[33mGET /icons/word-file.png HTTP/1.1[0m" 404 -
2025-04-06 08:55:57,485 - INFO -  * Detected change in 'C:\\Users\\user\\Desktop\\Spring 2025\\Networks\\SocketProgrammingProject\\client.py', reloading
2025-04-06 08:55:57,539 - INFO -  * Restarting with stat
2025-04-06 08:55:58,159 - WARNING -  * Debugger is active!
2025-04-06 08:55:58,161 - INFO -  * Debugger PIN: 911-889-448
2025-04-06 08:56:03,186 - INFO -  * Detected change in 'C:\\Users\\user\\Desktop\\Spring 2025\\Networks\\SocketProgrammingProject\\client.py', reloading
2025-04-06 08:56:03,244 - INFO -  * Restarting with stat
2025-04-06 08:56:03,841 - WARNING -  * Debugger is active!
2025-04-06 08:56:03,843 - INFO -  * Debugger PIN: 911-889-448
2025-04-06 09:01:48,745 - INFO -  * Detected change in 'C:\\Users\\user\\Desktop\\Spring 2025\\Networks\\SocketProgrammingProject\\client.py', reloading
2025-04-06 09:01:48,812 - INFO -  * Restarting with stat
2025-04-06 09:01:49,443 - WARNING -  * Debugger is active!
2025-04-06 09:01:49,445 - INFO -  * Debugger PIN: 911-889-448
2025-04-06 09:03:21,702 - INFO -  * Detected change in 'C:\\Users\\user\\Desktop\\Spring 2025\\Networks\\SocketProgrammingProject\\server.py', reloading
2025-04-06 09:03:21,757 - INFO -  * Restarting with stat
2025-04-06 09:03:22,326 - WARNING -  * Debugger is active!
2025-04-06 09:03:22,327 - INFO -  * Debugger PIN: 911-889-448
2025-04-06 09:03:34,371 - INFO -  * Detected change in 'C:\\Users\\user\\Desktop\\Spring 2025\\Networks\\SocketProgrammingProject\\client.py', reloading
2025-04-06 09:03:34,430 - INFO -  * Restarting with stat
2025-04-06 09:03:35,010 - WARNING -  * Debugger is active!
2025-04-06 09:03:35,012 - INFO -  * Debugger PIN: 911-889-448
2025-04-06 09:03:51,060 - INFO -  * Detected change in 'C:\\Users\\user\\Desktop\\Spring 2025\\Networks\\SocketProgrammingProject\\client.py', reloading
2025-04-06 09:03:51,109 - INFO -  * Restarting with stat
2025-04-06 09:03:51,657 - WARNING -  * Debugger is active!
2025-04-06 09:03:51,659 - INFO -  * Debugger PIN: 911-889-448
2025-04-06 09:04:23,506 - INFO - Server starting on port 8080...
2025-04-06 09:04:23,506 - INFO - Server listening on port 8080...
2025-04-06 09:04:28,290 - INFO - [31m[1mWARNING: This is a development server. Do not use it in a production deployment. Use a production WSGI server instead.[0m
 * Running on http://127.0.0.1:5000
2025-04-06 09:04:28,290 - INFO - [33mPress CTRL+C to quit[0m
2025-04-06 09:04:28,291 - INFO -  * Restarting with stat
2025-04-06 09:04:28,887 - WARNING -  * Debugger is active!
2025-04-06 09:04:28,888 - INFO -  * Debugger PIN: 911-889-448
2025-04-06 09:04:52,327 - INFO - 127.0.0.1 - - [06/Apr/2025 09:04:52] "GET / HTTP/1.1" 200 -
2025-04-06 09:04:52,363 - INFO - 127.0.0.1 - - [06/Apr/2025 09:04:52] "GET /static/styles.css HTTP/1.1" 200 -
2025-04-06 09:04:52,589 - INFO - 127.0.0.1 - - [06/Apr/2025 09:04:52] "[36mGET /static/script.js HTTP/1.1[0m" 304 -
2025-04-06 09:04:52,896 - INFO - New connection established with client of address = ('127.0.0.1', 57992)
2025-04-06 09:04:52,897 - INFO - New serving socket connected to address = ('127.0.0.1', 57992)
2025-04-06 09:04:52,897 - INFO - List files request received
2025-04-06 09:04:52,897 - INFO - File list sent to client
2025-04-06 09:04:52,897 - INFO - Connection with ('127.0.0.1', 57992) closed
2025-04-06 09:04:53,896 - INFO - Requesting file list from server
2025-04-06 09:04:53,896 - INFO - Received file list with 2 files
2025-04-06 09:04:53,897 - INFO - Client connection closed
2025-04-06 09:04:53,897 - INFO - 127.0.0.1 - - [06/Apr/2025 09:04:53] "GET /list HTTP/1.1" 200 -
2025-04-06 09:04:53,901 - INFO - 127.0.0.1 - - [06/Apr/2025 09:04:53] "[33mGET /icons/default-file.png HTTP/1.1[0m" 404 -
2025-04-06 09:04:54,206 - INFO - 127.0.0.1 - - [06/Apr/2025 09:04:54] "[33mGET /icons/word-file.png HTTP/1.1[0m" 404 -
2025-04-06 09:04:57,848 - INFO - New connection established with client of address = ('127.0.0.1', 58000)
2025-04-06 09:04:57,848 - INFO - New serving socket connected to address = ('127.0.0.1', 58000)
2025-04-06 09:04:57,848 - INFO - Upload request received
2025-04-06 09:04:57,946 - INFO - 127.0.0.1 - - [06/Apr/2025 09:04:57] "GET /get_progress/2025-02-07%2021-18-17.mkv HTTP/1.1" 200 -
2025-04-06 09:04:58,848 - INFO - Uploading file: client_files\2025-02-07 21-18-17.mkv
2025-04-06 09:04:58,848 - INFO - Receiving file with name: 2025-02-07 21-18-17.mkv
2025-04-06 09:04:59,254 - INFO - 127.0.0.1 - - [06/Apr/2025 09:04:59] "GET /get_progress/2025-02-07%2021-18-17.mkv HTTP/1.1" 200 -
2025-04-06 09:05:00,248 - INFO - 127.0.0.1 - - [06/Apr/2025 09:05:00] "GET /get_progress/2025-02-07%2021-18-17.mkv HTTP/1.1" 200 -
2025-04-06 09:05:00,873 - INFO - 127.0.0.1 - - [06/Apr/2025 09:05:00] "POST /update_progress HTTP/1.1" 200 -
2025-04-06 09:05:01,253 - INFO - 127.0.0.1 - - [06/Apr/2025 09:05:01] "GET /get_progress/2025-02-07%2021-18-17.mkv HTTP/1.1" 200 -
2025-04-06 09:05:02,247 - INFO - 127.0.0.1 - - [06/Apr/2025 09:05:02] "GET /get_progress/2025-02-07%2021-18-17.mkv HTTP/1.1" 200 -
2025-04-06 09:05:03,257 - INFO - 127.0.0.1 - - [06/Apr/2025 09:05:03] "GET /get_progress/2025-02-07%2021-18-17.mkv HTTP/1.1" 200 -
2025-04-06 09:05:03,888 - INFO - 127.0.0.1 - - [06/Apr/2025 09:05:03] "POST /update_progress HTTP/1.1" 200 -
2025-04-06 09:05:04,253 - INFO - 127.0.0.1 - - [06/Apr/2025 09:05:04] "GET /get_progress/2025-02-07%2021-18-17.mkv HTTP/1.1" 200 -
2025-04-06 09:05:05,248 - INFO - 127.0.0.1 - - [06/Apr/2025 09:05:05] "GET /get_progress/2025-02-07%2021-18-17.mkv HTTP/1.1" 200 -
2025-04-06 09:05:06,254 - INFO - 127.0.0.1 - - [06/Apr/2025 09:05:06] "GET /get_progress/2025-02-07%2021-18-17.mkv HTTP/1.1" 200 -
2025-04-06 09:05:06,907 - INFO - 127.0.0.1 - - [06/Apr/2025 09:05:06] "POST /update_progress HTTP/1.1" 200 -
2025-04-06 09:05:07,254 - INFO - 127.0.0.1 - - [06/Apr/2025 09:05:07] "GET /get_progress/2025-02-07%2021-18-17.mkv HTTP/1.1" 200 -
2025-04-06 09:05:08,254 - INFO - 127.0.0.1 - - [06/Apr/2025 09:05:08] "GET /get_progress/2025-02-07%2021-18-17.mkv HTTP/1.1" 200 -
2025-04-06 09:05:09,254 - INFO - 127.0.0.1 - - [06/Apr/2025 09:05:09] "GET /get_progress/2025-02-07%2021-18-17.mkv HTTP/1.1" 200 -
2025-04-06 09:05:09,925 - INFO - 127.0.0.1 - - [06/Apr/2025 09:05:09] "POST /update_progress HTTP/1.1" 200 -
2025-04-06 09:05:10,253 - INFO - 127.0.0.1 - - [06/Apr/2025 09:05:10] "GET /get_progress/2025-02-07%2021-18-17.mkv HTTP/1.1" 200 -
2025-04-06 09:05:11,254 - INFO - 127.0.0.1 - - [06/Apr/2025 09:05:11] "GET /get_progress/2025-02-07%2021-18-17.mkv HTTP/1.1" 200 -
2025-04-06 09:05:12,254 - INFO - 127.0.0.1 - - [06/Apr/2025 09:05:12] "GET /get_progress/2025-02-07%2021-18-17.mkv HTTP/1.1" 200 -
2025-04-06 09:05:12,943 - INFO - 127.0.0.1 - - [06/Apr/2025 09:05:12] "POST /update_progress HTTP/1.1" 200 -
2025-04-06 09:05:13,253 - INFO - 127.0.0.1 - - [06/Apr/2025 09:05:13] "GET /get_progress/2025-02-07%2021-18-17.mkv HTTP/1.1" 200 -
2025-04-06 09:05:14,253 - INFO - 127.0.0.1 - - [06/Apr/2025 09:05:14] "GET /get_progress/2025-02-07%2021-18-17.mkv HTTP/1.1" 200 -
2025-04-06 09:05:15,253 - INFO - 127.0.0.1 - - [06/Apr/2025 09:05:15] "GET /get_progress/2025-02-07%2021-18-17.mkv HTTP/1.1" 200 -
2025-04-06 09:05:15,961 - INFO - 127.0.0.1 - - [06/Apr/2025 09:05:15] "POST /update_progress HTTP/1.1" 200 -
2025-04-06 09:05:16,266 - INFO - 127.0.0.1 - - [06/Apr/2025 09:05:16] "GET /get_progress/2025-02-07%2021-18-17.mkv HTTP/1.1" 200 -
2025-04-06 09:05:17,265 - INFO - 127.0.0.1 - - [06/Apr/2025 09:05:17] "GET /get_progress/2025-02-07%2021-18-17.mkv HTTP/1.1" 200 -
2025-04-06 09:05:18,253 - INFO - 127.0.0.1 - - [06/Apr/2025 09:05:18] "GET /get_progress/2025-02-07%2021-18-17.mkv HTTP/1.1" 200 -
2025-04-06 09:05:18,984 - INFO - 127.0.0.1 - - [06/Apr/2025 09:05:18] "POST /update_progress HTTP/1.1" 200 -
2025-04-06 09:05:19,252 - INFO - 127.0.0.1 - - [06/Apr/2025 09:05:19] "GET /get_progress/2025-02-07%2021-18-17.mkv HTTP/1.1" 200 -
2025-04-06 09:05:20,253 - INFO - 127.0.0.1 - - [06/Apr/2025 09:05:20] "GET /get_progress/2025-02-07%2021-18-17.mkv HTTP/1.1" 200 -
2025-04-06 09:05:21,253 - INFO - 127.0.0.1 - - [06/Apr/2025 09:05:21] "GET /get_progress/2025-02-07%2021-18-17.mkv HTTP/1.1" 200 -
2025-04-06 09:05:22,002 - INFO - 127.0.0.1 - - [06/Apr/2025 09:05:22] "POST /update_progress HTTP/1.1" 200 -
2025-04-06 09:05:22,253 - INFO - 127.0.0.1 - - [06/Apr/2025 09:05:22] "GET /get_progress/2025-02-07%2021-18-17.mkv HTTP/1.1" 200 -
2025-04-06 09:05:23,251 - INFO - 127.0.0.1 - - [06/Apr/2025 09:05:23] "GET /get_progress/2025-02-07%2021-18-17.mkv HTTP/1.1" 200 -
2025-04-06 09:05:24,253 - INFO - 127.0.0.1 - - [06/Apr/2025 09:05:24] "GET /get_progress/2025-02-07%2021-18-17.mkv HTTP/1.1" 200 -
2025-04-06 09:05:25,030 - INFO - 127.0.0.1 - - [06/Apr/2025 09:05:25] "POST /update_progress HTTP/1.1" 200 -
2025-04-06 09:05:25,253 - INFO - 127.0.0.1 - - [06/Apr/2025 09:05:25] "GET /get_progress/2025-02-07%2021-18-17.mkv HTTP/1.1" 200 -
2025-04-06 09:05:26,252 - INFO - 127.0.0.1 - - [06/Apr/2025 09:05:26] "GET /get_progress/2025-02-07%2021-18-17.mkv HTTP/1.1" 200 -
2025-04-06 09:05:27,251 - INFO - 127.0.0.1 - - [06/Apr/2025 09:05:27] "GET /get_progress/2025-02-07%2021-18-17.mkv HTTP/1.1" 200 -
2025-04-06 09:05:28,056 - INFO - 127.0.0.1 - - [06/Apr/2025 09:05:28] "POST /update_progress HTTP/1.1" 200 -
2025-04-06 09:05:28,253 - INFO - 127.0.0.1 - - [06/Apr/2025 09:05:28] "GET /get_progress/2025-02-07%2021-18-17.mkv HTTP/1.1" 200 -
2025-04-06 09:05:29,253 - INFO - 127.0.0.1 - - [06/Apr/2025 09:05:29] "GET /get_progress/2025-02-07%2021-18-17.mkv HTTP/1.1" 200 -
2025-04-06 09:05:30,252 - INFO - 127.0.0.1 - - [06/Apr/2025 09:05:30] "GET /get_progress/2025-02-07%2021-18-17.mkv HTTP/1.1" 200 -
2025-04-06 09:05:31,077 - INFO - 127.0.0.1 - - [06/Apr/2025 09:05:31] "POST /update_progress HTTP/1.1" 200 -
2025-04-06 09:05:31,258 - INFO - 127.0.0.1 - - [06/Apr/2025 09:05:31] "GET /get_progress/2025-02-07%2021-18-17.mkv HTTP/1.1" 200 -
2025-04-06 09:05:32,253 - INFO - 127.0.0.1 - - [06/Apr/2025 09:05:32] "GET /get_progress/2025-02-07%2021-18-17.mkv HTTP/1.1" 200 -
2025-04-06 09:05:33,251 - INFO - 127.0.0.1 - - [06/Apr/2025 09:05:33] "GET /get_progress/2025-02-07%2021-18-17.mkv HTTP/1.1" 200 -
2025-04-06 09:05:34,099 - INFO - 127.0.0.1 - - [06/Apr/2025 09:05:34] "POST /update_progress HTTP/1.1" 200 -
2025-04-06 09:05:34,257 - INFO - 127.0.0.1 - - [06/Apr/2025 09:05:34] "GET /get_progress/2025-02-07%2021-18-17.mkv HTTP/1.1" 200 -
2025-04-06 09:05:35,261 - INFO - 127.0.0.1 - - [06/Apr/2025 09:05:35] "GET /get_progress/2025-02-07%2021-18-17.mkv HTTP/1.1" 200 -
2025-04-06 09:05:36,251 - INFO - 127.0.0.1 - - [06/Apr/2025 09:05:36] "GET /get_progress/2025-02-07%2021-18-17.mkv HTTP/1.1" 200 -
2025-04-06 09:05:37,111 - INFO - 127.0.0.1 - - [06/Apr/2025 09:05:37] "POST /update_progress HTTP/1.1" 200 -
2025-04-06 09:05:37,250 - INFO - 127.0.0.1 - - [06/Apr/2025 09:05:37] "GET /get_progress/2025-02-07%2021-18-17.mkv HTTP/1.1" 200 -
2025-04-06 09:05:38,251 - INFO - 127.0.0.1 - - [06/Apr/2025 09:05:38] "GET /get_progress/2025-02-07%2021-18-17.mkv HTTP/1.1" 200 -
2025-04-06 09:05:39,251 - INFO - 127.0.0.1 - - [06/Apr/2025 09:05:39] "GET /get_progress/2025-02-07%2021-18-17.mkv HTTP/1.1" 200 -
2025-04-06 09:05:40,129 - INFO - 127.0.0.1 - - [06/Apr/2025 09:05:40] "POST /update_progress HTTP/1.1" 200 -
2025-04-06 09:05:40,251 - INFO - 127.0.0.1 - - [06/Apr/2025 09:05:40] "GET /get_progress/2025-02-07%2021-18-17.mkv HTTP/1.1" 200 -
2025-04-06 09:05:41,257 - INFO - 127.0.0.1 - - [06/Apr/2025 09:05:41] "GET /get_progress/2025-02-07%2021-18-17.mkv HTTP/1.1" 200 -
2025-04-06 09:05:42,250 - INFO - 127.0.0.1 - - [06/Apr/2025 09:05:42] "GET /get_progress/2025-02-07%2021-18-17.mkv HTTP/1.1" 200 -
2025-04-06 09:05:43,149 - INFO - 127.0.0.1 - - [06/Apr/2025 09:05:43] "POST /update_progress HTTP/1.1" 200 -
2025-04-06 09:05:43,255 - INFO - 127.0.0.1 - - [06/Apr/2025 09:05:43] "GET /get_progress/2025-02-07%2021-18-17.mkv HTTP/1.1" 200 -
2025-04-06 09:05:44,253 - INFO - 127.0.0.1 - - [06/Apr/2025 09:05:44] "GET /get_progress/2025-02-07%2021-18-17.mkv HTTP/1.1" 200 -
2025-04-06 09:05:45,256 - INFO - 127.0.0.1 - - [06/Apr/2025 09:05:45] "GET /get_progress/2025-02-07%2021-18-17.mkv HTTP/1.1" 200 -
2025-04-06 09:05:46,172 - INFO - 127.0.0.1 - - [06/Apr/2025 09:05:46] "POST /update_progress HTTP/1.1" 200 -
2025-04-06 09:05:46,256 - INFO - 127.0.0.1 - - [06/Apr/2025 09:05:46] "GET /get_progress/2025-02-07%2021-18-17.mkv HTTP/1.1" 200 -
2025-04-06 09:05:47,256 - INFO - 127.0.0.1 - - [06/Apr/2025 09:05:47] "GET /get_progress/2025-02-07%2021-18-17.mkv HTTP/1.1" 200 -
2025-04-06 09:05:48,249 - INFO - 127.0.0.1 - - [06/Apr/2025 09:05:48] "GET /get_progress/2025-02-07%2021-18-17.mkv HTTP/1.1" 200 -
2025-04-06 09:05:49,188 - INFO - 127.0.0.1 - - [06/Apr/2025 09:05:49] "POST /update_progress HTTP/1.1" 200 -
2025-04-06 09:05:49,255 - INFO - 127.0.0.1 - - [06/Apr/2025 09:05:49] "GET /get_progress/2025-02-07%2021-18-17.mkv HTTP/1.1" 200 -
2025-04-06 09:05:50,249 - INFO - 127.0.0.1 - - [06/Apr/2025 09:05:50] "GET /get_progress/2025-02-07%2021-18-17.mkv HTTP/1.1" 200 -
2025-04-06 09:05:51,255 - INFO - 127.0.0.1 - - [06/Apr/2025 09:05:51] "GET /get_progress/2025-02-07%2021-18-17.mkv HTTP/1.1" 200 -
2025-04-06 09:05:52,208 - INFO - 127.0.0.1 - - [06/Apr/2025 09:05:52] "POST /update_progress HTTP/1.1" 200 -
2025-04-06 09:05:52,249 - INFO - 127.0.0.1 - - [06/Apr/2025 09:05:52] "GET /get_progress/2025-02-07%2021-18-17.mkv HTTP/1.1" 200 -
2025-04-06 09:05:53,256 - INFO - 127.0.0.1 - - [06/Apr/2025 09:05:53] "GET /get_progress/2025-02-07%2021-18-17.mkv HTTP/1.1" 200 -
2025-04-06 09:05:54,250 - INFO - 127.0.0.1 - - [06/Apr/2025 09:05:54] "GET /get_progress/2025-02-07%2021-18-17.mkv HTTP/1.1" 200 -
2025-04-06 09:05:55,225 - INFO - 127.0.0.1 - - [06/Apr/2025 09:05:55] "POST /update_progress HTTP/1.1" 200 -
2025-04-06 09:05:55,249 - INFO - 127.0.0.1 - - [06/Apr/2025 09:05:55] "GET /get_progress/2025-02-07%2021-18-17.mkv HTTP/1.1" 200 -
2025-04-06 09:05:56,249 - INFO - 127.0.0.1 - - [06/Apr/2025 09:05:56] "GET /get_progress/2025-02-07%2021-18-17.mkv HTTP/1.1" 200 -
2025-04-06 09:05:57,249 - INFO - 127.0.0.1 - - [06/Apr/2025 09:05:57] "GET /get_progress/2025-02-07%2021-18-17.mkv HTTP/1.1" 200 -
2025-04-06 09:05:58,242 - INFO - 127.0.0.1 - - [06/Apr/2025 09:05:58] "POST /update_progress HTTP/1.1" 200 -
2025-04-06 09:05:58,247 - INFO - 127.0.0.1 - - [06/Apr/2025 09:05:58] "GET /get_progress/2025-02-07%2021-18-17.mkv HTTP/1.1" 200 -
2025-04-06 09:05:59,248 - INFO - 127.0.0.1 - - [06/Apr/2025 09:05:59] "GET /get_progress/2025-02-07%2021-18-17.mkv HTTP/1.1" 200 -
2025-04-06 09:06:00,249 - INFO - 127.0.0.1 - - [06/Apr/2025 09:06:00] "GET /get_progress/2025-02-07%2021-18-17.mkv HTTP/1.1" 200 -
2025-04-06 09:06:01,249 - INFO - 127.0.0.1 - - [06/Apr/2025 09:06:01] "GET /get_progress/2025-02-07%2021-18-17.mkv HTTP/1.1" 200 -
2025-04-06 09:06:01,264 - INFO - 127.0.0.1 - - [06/Apr/2025 09:06:01] "POST /update_progress HTTP/1.1" 200 -
2025-04-06 09:06:02,248 - INFO - 127.0.0.1 - - [06/Apr/2025 09:06:02] "GET /get_progress/2025-02-07%2021-18-17.mkv HTTP/1.1" 200 -
2025-04-06 09:06:03,249 - INFO - 127.0.0.1 - - [06/Apr/2025 09:06:03] "GET /get_progress/2025-02-07%2021-18-17.mkv HTTP/1.1" 200 -
2025-04-06 09:06:04,248 - INFO - 127.0.0.1 - - [06/Apr/2025 09:06:04] "GET /get_progress/2025-02-07%2021-18-17.mkv HTTP/1.1" 200 -
2025-04-06 09:06:04,284 - INFO - 127.0.0.1 - - [06/Apr/2025 09:06:04] "POST /update_progress HTTP/1.1" 200 -
2025-04-06 09:06:05,256 - INFO - 127.0.0.1 - - [06/Apr/2025 09:06:05] "GET /get_progress/2025-02-07%2021-18-17.mkv HTTP/1.1" 200 -
2025-04-06 09:06:06,249 - INFO - 127.0.0.1 - - [06/Apr/2025 09:06:06] "GET /get_progress/2025-02-07%2021-18-17.mkv HTTP/1.1" 200 -
2025-04-06 09:06:07,248 - INFO - 127.0.0.1 - - [06/Apr/2025 09:06:07] "GET /get_progress/2025-02-07%2021-18-17.mkv HTTP/1.1" 200 -
2025-04-06 09:06:07,303 - INFO - 127.0.0.1 - - [06/Apr/2025 09:06:07] "POST /update_progress HTTP/1.1" 200 -
2025-04-06 09:06:08,259 - INFO - 127.0.0.1 - - [06/Apr/2025 09:06:08] "GET /get_progress/2025-02-07%2021-18-17.mkv HTTP/1.1" 200 -
2025-04-06 09:06:09,252 - INFO - 127.0.0.1 - - [06/Apr/2025 09:06:09] "GET /get_progress/2025-02-07%2021-18-17.mkv HTTP/1.1" 200 -
2025-04-06 09:06:10,253 - INFO - 127.0.0.1 - - [06/Apr/2025 09:06:10] "GET /get_progress/2025-02-07%2021-18-17.mkv HTTP/1.1" 200 -
2025-04-06 09:06:10,321 - INFO - 127.0.0.1 - - [06/Apr/2025 09:06:10] "POST /update_progress HTTP/1.1" 200 -
2025-04-06 09:06:11,247 - INFO - 127.0.0.1 - - [06/Apr/2025 09:06:11] "GET /get_progress/2025-02-07%2021-18-17.mkv HTTP/1.1" 200 -
2025-04-06 09:06:12,247 - INFO - 127.0.0.1 - - [06/Apr/2025 09:06:12] "GET /get_progress/2025-02-07%2021-18-17.mkv HTTP/1.1" 200 -
2025-04-06 09:06:13,254 - INFO - 127.0.0.1 - - [06/Apr/2025 09:06:13] "GET /get_progress/2025-02-07%2021-18-17.mkv HTTP/1.1" 200 -
2025-04-06 09:06:13,339 - INFO - 127.0.0.1 - - [06/Apr/2025 09:06:13] "POST /update_progress HTTP/1.1" 200 -
2025-04-06 09:06:14,252 - INFO - 127.0.0.1 - - [06/Apr/2025 09:06:14] "GET /get_progress/2025-02-07%2021-18-17.mkv HTTP/1.1" 200 -
2025-04-06 09:06:15,252 - INFO - 127.0.0.1 - - [06/Apr/2025 09:06:15] "GET /get_progress/2025-02-07%2021-18-17.mkv HTTP/1.1" 200 -
2025-04-06 09:06:16,260 - INFO - 127.0.0.1 - - [06/Apr/2025 09:06:16] "GET /get_progress/2025-02-07%2021-18-17.mkv HTTP/1.1" 200 -
2025-04-06 09:06:16,364 - INFO - 127.0.0.1 - - [06/Apr/2025 09:06:16] "POST /update_progress HTTP/1.1" 200 -
2025-04-06 09:06:17,254 - INFO - 127.0.0.1 - - [06/Apr/2025 09:06:17] "GET /get_progress/2025-02-07%2021-18-17.mkv HTTP/1.1" 200 -
2025-04-06 09:06:18,253 - INFO - 127.0.0.1 - - [06/Apr/2025 09:06:18] "GET /get_progress/2025-02-07%2021-18-17.mkv HTTP/1.1" 200 -
2025-04-06 09:06:19,252 - INFO - 127.0.0.1 - - [06/Apr/2025 09:06:19] "GET /get_progress/2025-02-07%2021-18-17.mkv HTTP/1.1" 200 -
2025-04-06 09:06:19,392 - INFO - 127.0.0.1 - - [06/Apr/2025 09:06:19] "POST /update_progress HTTP/1.1" 200 -
2025-04-06 09:06:20,253 - INFO - 127.0.0.1 - - [06/Apr/2025 09:06:20] "GET /get_progress/2025-02-07%2021-18-17.mkv HTTP/1.1" 200 -
2025-04-06 09:06:21,253 - INFO - 127.0.0.1 - - [06/Apr/2025 09:06:21] "GET /get_progress/2025-02-07%2021-18-17.mkv HTTP/1.1" 200 -
2025-04-06 09:06:22,259 - INFO - 127.0.0.1 - - [06/Apr/2025 09:06:22] "GET /get_progress/2025-02-07%2021-18-17.mkv HTTP/1.1" 200 -
2025-04-06 09:06:22,411 - INFO - 127.0.0.1 - - [06/Apr/2025 09:06:22] "POST /update_progress HTTP/1.1" 200 -
2025-04-06 09:06:23,251 - INFO - 127.0.0.1 - - [06/Apr/2025 09:06:23] "GET /get_progress/2025-02-07%2021-18-17.mkv HTTP/1.1" 200 -
2025-04-06 09:06:24,257 - INFO - 127.0.0.1 - - [06/Apr/2025 09:06:24] "GET /get_progress/2025-02-07%2021-18-17.mkv HTTP/1.1" 200 -
2025-04-06 09:06:25,251 - INFO - 127.0.0.1 - - [06/Apr/2025 09:06:25] "GET /get_progress/2025-02-07%2021-18-17.mkv HTTP/1.1" 200 -
2025-04-06 09:06:25,427 - INFO - 127.0.0.1 - - [06/Apr/2025 09:06:25] "POST /update_progress HTTP/1.1" 200 -
2025-04-06 09:06:26,251 - INFO - 127.0.0.1 - - [06/Apr/2025 09:06:26] "GET /get_progress/2025-02-07%2021-18-17.mkv HTTP/1.1" 200 -
2025-04-06 09:06:27,253 - INFO - 127.0.0.1 - - [06/Apr/2025 09:06:27] "GET /get_progress/2025-02-07%2021-18-17.mkv HTTP/1.1" 200 -
2025-04-06 09:06:28,253 - INFO - 127.0.0.1 - - [06/Apr/2025 09:06:28] "GET /get_progress/2025-02-07%2021-18-17.mkv HTTP/1.1" 200 -
2025-04-06 09:06:28,441 - INFO - 127.0.0.1 - - [06/Apr/2025 09:06:28] "POST /update_progress HTTP/1.1" 200 -
2025-04-06 09:06:29,257 - INFO - 127.0.0.1 - - [06/Apr/2025 09:06:29] "GET /get_progress/2025-02-07%2021-18-17.mkv HTTP/1.1" 200 -
2025-04-06 09:06:30,259 - INFO - 127.0.0.1 - - [06/Apr/2025 09:06:30] "GET /get_progress/2025-02-07%2021-18-17.mkv HTTP/1.1" 200 -
2025-04-06 09:06:31,258 - INFO - 127.0.0.1 - - [06/Apr/2025 09:06:31] "GET /get_progress/2025-02-07%2021-18-17.mkv HTTP/1.1" 200 -
2025-04-06 09:06:31,471 - INFO - 127.0.0.1 - - [06/Apr/2025 09:06:31] "POST /update_progress HTTP/1.1" 200 -
2025-04-06 09:06:32,251 - INFO - 127.0.0.1 - - [06/Apr/2025 09:06:32] "GET /get_progress/2025-02-07%2021-18-17.mkv HTTP/1.1" 200 -
2025-04-06 09:06:33,251 - INFO - 127.0.0.1 - - [06/Apr/2025 09:06:33] "GET /get_progress/2025-02-07%2021-18-17.mkv HTTP/1.1" 200 -
2025-04-06 09:06:33,387 - INFO -  * Detected change in 'C:\\Users\\user\\Desktop\\Spring 2025\\Networks\\SocketProgrammingProject\\client.py', reloading
2025-04-06 09:06:33,413 - ERROR - Error handling client ('127.0.0.1', 58000): [WinError 10054] An existing connection was forcibly closed by the remote host
2025-04-06 09:06:33,413 - INFO - Connection with ('127.0.0.1', 58000) closed
2025-04-06 09:06:33,442 - INFO -  * Restarting with stat
2025-04-06 09:06:33,955 - WARNING -  * Debugger is active!
2025-04-06 09:06:33,957 - INFO -  * Debugger PIN: 911-889-448
2025-04-06 09:06:46,149 - INFO - New connection established with client of address = ('127.0.0.1', 58261)
2025-04-06 09:06:46,149 - INFO - New serving socket connected to address = ('127.0.0.1', 58261)
2025-04-06 09:06:46,149 - INFO - Upload request received
2025-04-06 09:06:46,716 - INFO - 127.0.0.1 - - [06/Apr/2025 09:06:46] "GET /get_progress/2025-03-03%2019-11-36.mov HTTP/1.1" 200 -
2025-04-06 09:06:47,149 - INFO - Uploading file: client_files\2025-03-03 19-11-36.mov
2025-04-06 09:06:47,149 - INFO - Receiving file with name: 2025-03-03 19-11-36.mov
2025-04-06 09:06:48,026 - INFO - 127.0.0.1 - - [06/Apr/2025 09:06:48] "GET /get_progress/2025-03-03%2019-11-36.mov HTTP/1.1" 200 -
2025-04-06 09:06:49,019 - INFO - 127.0.0.1 - - [06/Apr/2025 09:06:49] "GET /get_progress/2025-03-03%2019-11-36.mov HTTP/1.1" 200 -
2025-04-06 09:06:49,184 - INFO - 127.0.0.1 - - [06/Apr/2025 09:06:49] "POST /update_progress HTTP/1.1" 200 -
2025-04-06 09:06:50,019 - INFO - 127.0.0.1 - - [06/Apr/2025 09:06:50] "GET /get_progress/2025-03-03%2019-11-36.mov HTTP/1.1" 200 -
2025-04-06 09:06:51,019 - INFO - 127.0.0.1 - - [06/Apr/2025 09:06:51] "GET /get_progress/2025-03-03%2019-11-36.mov HTTP/1.1" 200 -
2025-04-06 09:06:51,299 - INFO - 127.0.0.1 - - [06/Apr/2025 09:06:51] "POST /update_progress HTTP/1.1" 200 -
2025-04-06 09:06:52,025 - INFO - 127.0.0.1 - - [06/Apr/2025 09:06:52] "GET /get_progress/2025-03-03%2019-11-36.mov HTTP/1.1" 200 -
2025-04-06 09:06:53,020 - INFO - 127.0.0.1 - - [06/Apr/2025 09:06:53] "GET /get_progress/2025-03-03%2019-11-36.mov HTTP/1.1" 200 -
2025-04-06 09:06:53,421 - INFO - 127.0.0.1 - - [06/Apr/2025 09:06:53] "POST /update_progress HTTP/1.1" 200 -
2025-04-06 09:06:54,020 - INFO - 127.0.0.1 - - [06/Apr/2025 09:06:54] "GET /get_progress/2025-03-03%2019-11-36.mov HTTP/1.1" 200 -
2025-04-06 09:06:55,020 - INFO - 127.0.0.1 - - [06/Apr/2025 09:06:55] "GET /get_progress/2025-03-03%2019-11-36.mov HTTP/1.1" 200 -
2025-04-06 09:06:55,553 - INFO - 127.0.0.1 - - [06/Apr/2025 09:06:55] "POST /update_progress HTTP/1.1" 200 -
2025-04-06 09:06:56,020 - INFO - 127.0.0.1 - - [06/Apr/2025 09:06:56] "GET /get_progress/2025-03-03%2019-11-36.mov HTTP/1.1" 200 -
2025-04-06 09:06:57,019 - INFO - 127.0.0.1 - - [06/Apr/2025 09:06:57] "GET /get_progress/2025-03-03%2019-11-36.mov HTTP/1.1" 200 -
2025-04-06 09:06:57,668 - INFO - 127.0.0.1 - - [06/Apr/2025 09:06:57] "POST /update_progress HTTP/1.1" 200 -
2025-04-06 09:06:58,020 - INFO - 127.0.0.1 - - [06/Apr/2025 09:06:58] "GET /get_progress/2025-03-03%2019-11-36.mov HTTP/1.1" 200 -
2025-04-06 09:06:59,020 - INFO - 127.0.0.1 - - [06/Apr/2025 09:06:59] "GET /get_progress/2025-03-03%2019-11-36.mov HTTP/1.1" 200 -
2025-04-06 09:06:59,788 - INFO - 127.0.0.1 - - [06/Apr/2025 09:06:59] "POST /update_progress HTTP/1.1" 200 -
2025-04-06 09:07:00,018 - INFO - 127.0.0.1 - - [06/Apr/2025 09:07:00] "GET /get_progress/2025-03-03%2019-11-36.mov HTTP/1.1" 200 -
2025-04-06 09:07:01,019 - INFO - 127.0.0.1 - - [06/Apr/2025 09:07:01] "GET /get_progress/2025-03-03%2019-11-36.mov HTTP/1.1" 200 -
2025-04-06 09:07:01,897 - INFO - 127.0.0.1 - - [06/Apr/2025 09:07:01] "POST /update_progress HTTP/1.1" 200 -
2025-04-06 09:07:02,024 - INFO - 127.0.0.1 - - [06/Apr/2025 09:07:02] "GET /get_progress/2025-03-03%2019-11-36.mov HTTP/1.1" 200 -
2025-04-06 09:07:03,025 - INFO - 127.0.0.1 - - [06/Apr/2025 09:07:03] "GET /get_progress/2025-03-03%2019-11-36.mov HTTP/1.1" 200 -
2025-04-06 09:07:04,012 - INFO - 127.0.0.1 - - [06/Apr/2025 09:07:04] "POST /update_progress HTTP/1.1" 200 -
2025-04-06 09:07:04,022 - INFO - 127.0.0.1 - - [06/Apr/2025 09:07:04] "GET /get_progress/2025-03-03%2019-11-36.mov HTTP/1.1" 200 -
2025-04-06 09:07:05,016 - INFO - 127.0.0.1 - - [06/Apr/2025 09:07:05] "GET /get_progress/2025-03-03%2019-11-36.mov HTTP/1.1" 200 -
2025-04-06 09:07:06,017 - INFO - 127.0.0.1 - - [06/Apr/2025 09:07:06] "GET /get_progress/2025-03-03%2019-11-36.mov HTTP/1.1" 200 -
2025-04-06 09:07:06,131 - INFO - 127.0.0.1 - - [06/Apr/2025 09:07:06] "POST /update_progress HTTP/1.1" 200 -
2025-04-06 09:07:07,027 - INFO - 127.0.0.1 - - [06/Apr/2025 09:07:07] "GET /get_progress/2025-03-03%2019-11-36.mov HTTP/1.1" 200 -
2025-04-06 09:07:08,019 - INFO - 127.0.0.1 - - [06/Apr/2025 09:07:08] "GET /get_progress/2025-03-03%2019-11-36.mov HTTP/1.1" 200 -
2025-04-06 09:07:08,249 - INFO - 127.0.0.1 - - [06/Apr/2025 09:07:08] "POST /update_progress HTTP/1.1" 200 -
2025-04-06 09:07:09,019 - INFO - 127.0.0.1 - - [06/Apr/2025 09:07:09] "GET /get_progress/2025-03-03%2019-11-36.mov HTTP/1.1" 200 -
2025-04-06 09:07:10,018 - INFO - 127.0.0.1 - - [06/Apr/2025 09:07:10] "GET /get_progress/2025-03-03%2019-11-36.mov HTTP/1.1" 200 -
2025-04-06 09:07:10,364 - INFO - 127.0.0.1 - - [06/Apr/2025 09:07:10] "POST /update_progress HTTP/1.1" 200 -
2025-04-06 09:07:11,019 - INFO - 127.0.0.1 - - [06/Apr/2025 09:07:11] "GET /get_progress/2025-03-03%2019-11-36.mov HTTP/1.1" 200 -
2025-04-06 09:07:12,018 - INFO - 127.0.0.1 - - [06/Apr/2025 09:07:12] "GET /get_progress/2025-03-03%2019-11-36.mov HTTP/1.1" 200 -
2025-04-06 09:07:12,475 - INFO - 127.0.0.1 - - [06/Apr/2025 09:07:12] "POST /update_progress HTTP/1.1" 200 -
2025-04-06 09:07:13,023 - INFO - 127.0.0.1 - - [06/Apr/2025 09:07:13] "GET /get_progress/2025-03-03%2019-11-36.mov HTTP/1.1" 200 -
2025-04-06 09:07:14,031 - INFO - 127.0.0.1 - - [06/Apr/2025 09:07:14] "GET /get_progress/2025-03-03%2019-11-36.mov HTTP/1.1" 200 -
2025-04-06 09:07:14,587 - INFO - 127.0.0.1 - - [06/Apr/2025 09:07:14] "POST /update_progress HTTP/1.1" 200 -
2025-04-06 09:07:15,022 - INFO - 127.0.0.1 - - [06/Apr/2025 09:07:15] "GET /get_progress/2025-03-03%2019-11-36.mov HTTP/1.1" 200 -
2025-04-06 09:07:16,019 - INFO - 127.0.0.1 - - [06/Apr/2025 09:07:16] "GET /get_progress/2025-03-03%2019-11-36.mov HTTP/1.1" 200 -
2025-04-06 09:07:16,709 - INFO - 127.0.0.1 - - [06/Apr/2025 09:07:16] "POST /update_progress HTTP/1.1" 200 -
2025-04-06 09:07:17,023 - INFO - 127.0.0.1 - - [06/Apr/2025 09:07:17] "GET /get_progress/2025-03-03%2019-11-36.mov HTTP/1.1" 200 -
2025-04-06 09:07:18,034 - INFO - 127.0.0.1 - - [06/Apr/2025 09:07:18] "GET /get_progress/2025-03-03%2019-11-36.mov HTTP/1.1" 200 -
2025-04-06 09:07:18,838 - INFO - 127.0.0.1 - - [06/Apr/2025 09:07:18] "POST /update_progress HTTP/1.1" 200 -
2025-04-06 09:07:19,030 - INFO - 127.0.0.1 - - [06/Apr/2025 09:07:19] "GET /get_progress/2025-03-03%2019-11-36.mov HTTP/1.1" 200 -
2025-04-06 09:07:19,358 - INFO - 127.0.0.1 - - [06/Apr/2025 09:07:19] "GET / HTTP/1.1" 200 -
2025-04-06 09:07:20,864 - INFO - 127.0.0.1 - - [06/Apr/2025 09:07:20] "[36mGET /static/styles.css HTTP/1.1[0m" 304 -
2025-04-06 09:07:20,865 - INFO - 127.0.0.1 - - [06/Apr/2025 09:07:20] "[36mGET /static/script.js HTTP/1.1[0m" 304 -
2025-04-06 09:07:20,969 - INFO - 127.0.0.1 - - [06/Apr/2025 09:07:20] "POST /update_progress HTTP/1.1" 200 -
2025-04-06 09:07:21,077 - INFO - New connection established with client of address = ('127.0.0.1', 58373)
2025-04-06 09:07:21,077 - INFO - New serving socket connected to address = ('127.0.0.1', 58373)
2025-04-06 09:07:21,077 - INFO - List files request received
2025-04-06 09:07:21,077 - INFO - File list sent to client
2025-04-06 09:07:21,077 - INFO - Connection with ('127.0.0.1', 58373) closed
2025-04-06 09:07:22,077 - INFO - Requesting file list from server
2025-04-06 09:07:22,077 - INFO - Received file list with 1 files
2025-04-06 09:07:22,077 - INFO - Client connection closed
2025-04-06 09:07:22,078 - INFO - 127.0.0.1 - - [06/Apr/2025 09:07:22] "GET /list HTTP/1.1" 200 -
2025-04-06 09:07:22,083 - INFO - 127.0.0.1 - - [06/Apr/2025 09:07:22] "[33mGET /icons/default-file.png HTTP/1.1[0m" 404 -
2025-04-06 09:07:23,100 - INFO - 127.0.0.1 - - [06/Apr/2025 09:07:23] "POST /update_progress HTTP/1.1" 200 -
2025-04-06 09:07:25,215 - INFO - 127.0.0.1 - - [06/Apr/2025 09:07:25] "POST /update_progress HTTP/1.1" 200 -
2025-04-06 09:07:27,332 - INFO - 127.0.0.1 - - [06/Apr/2025 09:07:27] "POST /update_progress HTTP/1.1" 200 -
2025-04-06 09:07:29,452 - INFO - 127.0.0.1 - - [06/Apr/2025 09:07:29] "POST /update_progress HTTP/1.1" 200 -
2025-04-06 09:07:31,568 - INFO - 127.0.0.1 - - [06/Apr/2025 09:07:31] "POST /update_progress HTTP/1.1" 200 -
2025-04-06 09:07:33,689 - INFO - 127.0.0.1 - - [06/Apr/2025 09:07:33] "POST /update_progress HTTP/1.1" 200 -
2025-04-06 09:07:35,809 - INFO - 127.0.0.1 - - [06/Apr/2025 09:07:35] "POST /update_progress HTTP/1.1" 200 -
2025-04-06 09:07:37,924 - INFO - 127.0.0.1 - - [06/Apr/2025 09:07:37] "POST /update_progress HTTP/1.1" 200 -
2025-04-06 09:07:39,743 - ERROR - Error handling client ('127.0.0.1', 58261): [WinError 10054] An existing connection was forcibly closed by the remote host
2025-04-06 09:07:39,743 - INFO - Connection with ('127.0.0.1', 58261) closed
2025-04-06 09:11:57,830 - INFO - Server starting on port 8080...
2025-04-06 09:11:57,830 - INFO - Server listening on port 8080...
2025-04-06 09:12:03,513 - INFO - [31m[1mWARNING: This is a development server. Do not use it in a production deployment. Use a production WSGI server instead.[0m
 * Running on http://127.0.0.1:5000
2025-04-06 09:12:03,513 - INFO - [33mPress CTRL+C to quit[0m
2025-04-06 09:12:03,513 - INFO -  * Restarting with stat
2025-04-06 09:12:03,985 - WARNING -  * Debugger is active!
2025-04-06 09:12:03,986 - INFO -  * Debugger PIN: 911-889-448
2025-04-06 09:12:07,908 - INFO - 127.0.0.1 - - [06/Apr/2025 09:12:07] "GET / HTTP/1.1" 200 -
2025-04-06 09:12:07,943 - INFO - 127.0.0.1 - - [06/Apr/2025 09:12:07] "[36mGET /static/script.js HTTP/1.1[0m" 304 -
2025-04-06 09:12:08,158 - INFO - 127.0.0.1 - - [06/Apr/2025 09:12:08] "[36mGET /static/styles.css HTTP/1.1[0m" 304 -
2025-04-06 09:12:08,479 - INFO - New connection established with client of address = ('127.0.0.1', 58494)
2025-04-06 09:12:08,482 - INFO - New serving socket connected to address = ('127.0.0.1', 58494)
2025-04-06 09:12:08,483 - INFO - List files request received
2025-04-06 09:12:08,483 - INFO - File list sent to client
2025-04-06 09:12:08,483 - INFO - Connection with ('127.0.0.1', 58494) closed
2025-04-06 09:12:09,479 - INFO - Requesting file list from server
2025-04-06 09:12:09,480 - INFO - Received file list with 1 files
2025-04-06 09:12:09,480 - INFO - Client connection closed
2025-04-06 09:12:09,481 - INFO - 127.0.0.1 - - [06/Apr/2025 09:12:09] "GET /list HTTP/1.1" 200 -
2025-04-06 09:12:36,108 - INFO - New connection established with client of address = ('127.0.0.1', 58518)
2025-04-06 09:12:36,109 - INFO - New serving socket connected to address = ('127.0.0.1', 58518)
2025-04-06 09:12:36,109 - INFO - Upload request received
2025-04-06 09:12:37,109 - INFO - Uploading file: client_files\Basically Coders Phase3.docx
2025-04-06 09:12:37,109 - INFO - Receiving file with name: Basically Coders Phase3.docx
2025-04-06 09:12:37,421 - INFO - 127.0.0.1 - - [06/Apr/2025 09:12:37] "GET /get_progress/Basically%20Coders%20Phase3.docx HTTP/1.1" 200 -
2025-04-06 09:12:38,413 - INFO - 127.0.0.1 - - [06/Apr/2025 09:12:38] "GET /get_progress/Basically%20Coders%20Phase3.docx HTTP/1.1" 200 -
2025-04-06 09:12:39,152 - INFO - 127.0.0.1 - - [06/Apr/2025 09:12:39] "POST /update_progress HTTP/1.1" 200 -
2025-04-06 09:12:39,411 - INFO - 127.0.0.1 - - [06/Apr/2025 09:12:39] "GET /get_progress/Basically%20Coders%20Phase3.docx HTTP/1.1" 200 -
2025-04-06 09:12:40,415 - INFO - 127.0.0.1 - - [06/Apr/2025 09:12:40] "GET /get_progress/Basically%20Coders%20Phase3.docx HTTP/1.1" 200 -
2025-04-06 09:12:41,300 - INFO - 127.0.0.1 - - [06/Apr/2025 09:12:41] "POST /update_progress HTTP/1.1" 200 -
2025-04-06 09:12:41,425 - INFO - 127.0.0.1 - - [06/Apr/2025 09:12:41] "GET /get_progress/Basically%20Coders%20Phase3.docx HTTP/1.1" 200 -
2025-04-06 09:12:42,422 - INFO - 127.0.0.1 - - [06/Apr/2025 09:12:42] "GET /get_progress/Basically%20Coders%20Phase3.docx HTTP/1.1" 200 -
2025-04-06 09:12:43,420 - INFO - 127.0.0.1 - - [06/Apr/2025 09:12:43] "GET /get_progress/Basically%20Coders%20Phase3.docx HTTP/1.1" 200 -
2025-04-06 09:12:43,435 - INFO - 127.0.0.1 - - [06/Apr/2025 09:12:43] "POST /update_progress HTTP/1.1" 200 -
2025-04-06 09:12:44,425 - INFO - 127.0.0.1 - - [06/Apr/2025 09:12:44] "GET /get_progress/Basically%20Coders%20Phase3.docx HTTP/1.1" 200 -
2025-04-06 09:12:45,421 - INFO - 127.0.0.1 - - [06/Apr/2025 09:12:45] "GET /get_progress/Basically%20Coders%20Phase3.docx HTTP/1.1" 200 -
2025-04-06 09:12:45,586 - INFO - 127.0.0.1 - - [06/Apr/2025 09:12:45] "POST /update_progress HTTP/1.1" 200 -
2025-04-06 09:12:46,411 - INFO - 127.0.0.1 - - [06/Apr/2025 09:12:46] "GET /get_progress/Basically%20Coders%20Phase3.docx HTTP/1.1" 200 -
2025-04-06 09:12:47,417 - INFO - 127.0.0.1 - - [06/Apr/2025 09:12:47] "GET /get_progress/Basically%20Coders%20Phase3.docx HTTP/1.1" 200 -
2025-04-06 09:12:47,736 - INFO - 127.0.0.1 - - [06/Apr/2025 09:12:47] "POST /update_progress HTTP/1.1" 200 -
2025-04-06 09:12:48,403 - INFO - 127.0.0.1 - - [06/Apr/2025 09:12:48] "GET /get_progress/Basically%20Coders%20Phase3.docx HTTP/1.1" 200 -
2025-04-06 09:12:49,415 - INFO - 127.0.0.1 - - [06/Apr/2025 09:12:49] "GET /get_progress/Basically%20Coders%20Phase3.docx HTTP/1.1" 200 -
2025-04-06 09:12:49,883 - INFO - 127.0.0.1 - - [06/Apr/2025 09:12:49] "POST /update_progress HTTP/1.1" 200 -
2025-04-06 09:12:50,404 - INFO - 127.0.0.1 - - [06/Apr/2025 09:12:50] "GET /get_progress/Basically%20Coders%20Phase3.docx HTTP/1.1" 200 -
2025-04-06 09:12:51,414 - INFO - 127.0.0.1 - - [06/Apr/2025 09:12:51] "GET /get_progress/Basically%20Coders%20Phase3.docx HTTP/1.1" 200 -
2025-04-06 09:12:52,042 - INFO - 127.0.0.1 - - [06/Apr/2025 09:12:52] "POST /update_progress HTTP/1.1" 200 -
2025-04-06 09:12:52,410 - INFO - 127.0.0.1 - - [06/Apr/2025 09:12:52] "GET /get_progress/Basically%20Coders%20Phase3.docx HTTP/1.1" 200 -
2025-04-06 09:12:53,401 - INFO - 127.0.0.1 - - [06/Apr/2025 09:12:53] "GET /get_progress/Basically%20Coders%20Phase3.docx HTTP/1.1" 200 -
2025-04-06 09:12:54,197 - INFO - 127.0.0.1 - - [06/Apr/2025 09:12:54] "POST /update_progress HTTP/1.1" 200 -
2025-04-06 09:12:54,415 - INFO - 127.0.0.1 - - [06/Apr/2025 09:12:54] "GET /get_progress/Basically%20Coders%20Phase3.docx HTTP/1.1" 200 -
2025-04-06 09:12:55,424 - INFO - 127.0.0.1 - - [06/Apr/2025 09:12:55] "GET /get_progress/Basically%20Coders%20Phase3.docx HTTP/1.1" 200 -
2025-04-06 09:12:56,355 - INFO - 127.0.0.1 - - [06/Apr/2025 09:12:56] "POST /update_progress HTTP/1.1" 200 -
2025-04-06 09:12:56,421 - INFO - 127.0.0.1 - - [06/Apr/2025 09:12:56] "GET /get_progress/Basically%20Coders%20Phase3.docx HTTP/1.1" 200 -
2025-04-06 09:12:57,404 - INFO - 127.0.0.1 - - [06/Apr/2025 09:12:57] "GET /get_progress/Basically%20Coders%20Phase3.docx HTTP/1.1" 200 -
2025-04-06 09:12:58,409 - INFO - 127.0.0.1 - - [06/Apr/2025 09:12:58] "GET /get_progress/Basically%20Coders%20Phase3.docx HTTP/1.1" 200 -
2025-04-06 09:12:58,499 - INFO - 127.0.0.1 - - [06/Apr/2025 09:12:58] "POST /update_progress HTTP/1.1" 200 -
2025-04-06 09:12:59,407 - INFO - 127.0.0.1 - - [06/Apr/2025 09:12:59] "GET /get_progress/Basically%20Coders%20Phase3.docx HTTP/1.1" 200 -
2025-04-06 09:13:00,402 - INFO - 127.0.0.1 - - [06/Apr/2025 09:13:00] "GET /get_progress/Basically%20Coders%20Phase3.docx HTTP/1.1" 200 -
2025-04-06 09:13:00,645 - INFO - 127.0.0.1 - - [06/Apr/2025 09:13:00] "POST /update_progress HTTP/1.1" 200 -
2025-04-06 09:13:01,421 - INFO - 127.0.0.1 - - [06/Apr/2025 09:13:01] "GET /get_progress/Basically%20Coders%20Phase3.docx HTTP/1.1" 200 -
2025-04-06 09:13:02,404 - INFO - 127.0.0.1 - - [06/Apr/2025 09:13:02] "GET /get_progress/Basically%20Coders%20Phase3.docx HTTP/1.1" 200 -
2025-04-06 09:13:02,781 - INFO - 127.0.0.1 - - [06/Apr/2025 09:13:02] "POST /update_progress HTTP/1.1" 200 -
2025-04-06 09:13:03,411 - INFO - 127.0.0.1 - - [06/Apr/2025 09:13:03] "GET /get_progress/Basically%20Coders%20Phase3.docx HTTP/1.1" 200 -
2025-04-06 09:13:04,406 - INFO - 127.0.0.1 - - [06/Apr/2025 09:13:04] "GET /get_progress/Basically%20Coders%20Phase3.docx HTTP/1.1" 200 -
2025-04-06 09:13:04,909 - INFO - 127.0.0.1 - - [06/Apr/2025 09:13:04] "POST /update_progress HTTP/1.1" 200 -
2025-04-06 09:13:05,418 - INFO - 127.0.0.1 - - [06/Apr/2025 09:13:05] "GET /get_progress/Basically%20Coders%20Phase3.docx HTTP/1.1" 200 -
2025-04-06 09:13:06,413 - INFO - 127.0.0.1 - - [06/Apr/2025 09:13:06] "GET /get_progress/Basically%20Coders%20Phase3.docx HTTP/1.1" 200 -
2025-04-06 09:13:07,055 - INFO - 127.0.0.1 - - [06/Apr/2025 09:13:07] "POST /update_progress HTTP/1.1" 200 -
2025-04-06 09:13:07,413 - INFO - 127.0.0.1 - - [06/Apr/2025 09:13:07] "GET /get_progress/Basically%20Coders%20Phase3.docx HTTP/1.1" 200 -
2025-04-06 09:13:08,402 - INFO - 127.0.0.1 - - [06/Apr/2025 09:13:08] "GET /get_progress/Basically%20Coders%20Phase3.docx HTTP/1.1" 200 -
2025-04-06 09:13:09,186 - INFO - 127.0.0.1 - - [06/Apr/2025 09:13:09] "POST /update_progress HTTP/1.1" 200 -
2025-04-06 09:13:09,417 - INFO - 127.0.0.1 - - [06/Apr/2025 09:13:09] "GET /get_progress/Basically%20Coders%20Phase3.docx HTTP/1.1" 200 -
2025-04-06 09:13:10,420 - INFO - 127.0.0.1 - - [06/Apr/2025 09:13:10] "GET /get_progress/Basically%20Coders%20Phase3.docx HTTP/1.1" 200 -
2025-04-06 09:13:11,306 - INFO - 127.0.0.1 - - [06/Apr/2025 09:13:11] "POST /update_progress HTTP/1.1" 200 -
2025-04-06 09:13:11,403 - INFO - 127.0.0.1 - - [06/Apr/2025 09:13:11] "GET /get_progress/Basically%20Coders%20Phase3.docx HTTP/1.1" 200 -
2025-04-06 09:13:12,403 - INFO - 127.0.0.1 - - [06/Apr/2025 09:13:12] "GET /get_progress/Basically%20Coders%20Phase3.docx HTTP/1.1" 200 -
2025-04-06 09:13:13,421 - INFO - 127.0.0.1 - - [06/Apr/2025 09:13:13] "GET /get_progress/Basically%20Coders%20Phase3.docx HTTP/1.1" 200 -
2025-04-06 09:13:13,442 - INFO - 127.0.0.1 - - [06/Apr/2025 09:13:13] "POST /update_progress HTTP/1.1" 200 -
2025-04-06 09:13:14,402 - INFO - 127.0.0.1 - - [06/Apr/2025 09:13:14] "GET /get_progress/Basically%20Coders%20Phase3.docx HTTP/1.1" 200 -
2025-04-06 09:13:15,415 - INFO - 127.0.0.1 - - [06/Apr/2025 09:13:15] "GET /get_progress/Basically%20Coders%20Phase3.docx HTTP/1.1" 200 -
2025-04-06 09:13:15,567 - INFO - 127.0.0.1 - - [06/Apr/2025 09:13:15] "POST /update_progress HTTP/1.1" 200 -
2025-04-06 09:13:16,401 - INFO - 127.0.0.1 - - [06/Apr/2025 09:13:16] "GET /get_progress/Basically%20Coders%20Phase3.docx HTTP/1.1" 200 -
2025-04-06 09:13:17,412 - INFO - 127.0.0.1 - - [06/Apr/2025 09:13:17] "GET /get_progress/Basically%20Coders%20Phase3.docx HTTP/1.1" 200 -
2025-04-06 09:13:17,706 - INFO - 127.0.0.1 - - [06/Apr/2025 09:13:17] "POST /update_progress HTTP/1.1" 200 -
2025-04-06 09:13:18,426 - INFO - 127.0.0.1 - - [06/Apr/2025 09:13:18] "GET /get_progress/Basically%20Coders%20Phase3.docx HTTP/1.1" 200 -
2025-04-06 09:13:19,413 - INFO - 127.0.0.1 - - [06/Apr/2025 09:13:19] "GET /get_progress/Basically%20Coders%20Phase3.docx HTTP/1.1" 200 -
2025-04-06 09:13:19,848 - INFO - 127.0.0.1 - - [06/Apr/2025 09:13:19] "POST /update_progress HTTP/1.1" 200 -
2025-04-06 09:13:20,407 - INFO - 127.0.0.1 - - [06/Apr/2025 09:13:20] "GET /get_progress/Basically%20Coders%20Phase3.docx HTTP/1.1" 200 -
2025-04-06 09:13:21,409 - INFO - 127.0.0.1 - - [06/Apr/2025 09:13:21] "GET /get_progress/Basically%20Coders%20Phase3.docx HTTP/1.1" 200 -
2025-04-06 09:13:21,993 - INFO - 127.0.0.1 - - [06/Apr/2025 09:13:21] "POST /update_progress HTTP/1.1" 200 -
2025-04-06 09:13:22,406 - INFO - 127.0.0.1 - - [06/Apr/2025 09:13:22] "GET /get_progress/Basically%20Coders%20Phase3.docx HTTP/1.1" 200 -
2025-04-06 09:13:23,405 - INFO - 127.0.0.1 - - [06/Apr/2025 09:13:23] "GET /get_progress/Basically%20Coders%20Phase3.docx HTTP/1.1" 200 -
2025-04-06 09:13:24,130 - INFO - 127.0.0.1 - - [06/Apr/2025 09:13:24] "POST /update_progress HTTP/1.1" 200 -
2025-04-06 09:13:24,402 - INFO - 127.0.0.1 - - [06/Apr/2025 09:13:24] "GET /get_progress/Basically%20Coders%20Phase3.docx HTTP/1.1" 200 -
2025-04-06 09:13:25,407 - INFO - 127.0.0.1 - - [06/Apr/2025 09:13:25] "GET /get_progress/Basically%20Coders%20Phase3.docx HTTP/1.1" 200 -
2025-04-06 09:13:26,263 - INFO - 127.0.0.1 - - [06/Apr/2025 09:13:26] "POST /update_progress HTTP/1.1" 200 -
2025-04-06 09:13:26,406 - INFO - 127.0.0.1 - - [06/Apr/2025 09:13:26] "GET /get_progress/Basically%20Coders%20Phase3.docx HTTP/1.1" 200 -
2025-04-06 09:13:27,408 - INFO - 127.0.0.1 - - [06/Apr/2025 09:13:27] "GET /get_progress/Basically%20Coders%20Phase3.docx HTTP/1.1" 200 -
2025-04-06 09:13:28,391 - INFO - 127.0.0.1 - - [06/Apr/2025 09:13:28] "POST /update_progress HTTP/1.1" 200 -
2025-04-06 09:13:28,407 - INFO - 127.0.0.1 - - [06/Apr/2025 09:13:28] "GET /get_progress/Basically%20Coders%20Phase3.docx HTTP/1.1" 200 -
2025-04-06 09:13:29,400 - INFO - 127.0.0.1 - - [06/Apr/2025 09:13:29] "GET /get_progress/Basically%20Coders%20Phase3.docx HTTP/1.1" 200 -
2025-04-06 09:13:30,406 - INFO - 127.0.0.1 - - [06/Apr/2025 09:13:30] "GET /get_progress/Basically%20Coders%20Phase3.docx HTTP/1.1" 200 -
2025-04-06 09:13:30,514 - INFO - 127.0.0.1 - - [06/Apr/2025 09:13:30] "POST /update_progress HTTP/1.1" 200 -
2025-04-06 09:13:31,400 - INFO - 127.0.0.1 - - [06/Apr/2025 09:13:31] "GET /get_progress/Basically%20Coders%20Phase3.docx HTTP/1.1" 200 -
2025-04-06 09:13:32,409 - INFO - 127.0.0.1 - - [06/Apr/2025 09:13:32] "GET /get_progress/Basically%20Coders%20Phase3.docx HTTP/1.1" 200 -
2025-04-06 09:13:32,640 - INFO - 127.0.0.1 - - [06/Apr/2025 09:13:32] "POST /update_progress HTTP/1.1" 200 -
2025-04-06 09:13:33,406 - INFO - 127.0.0.1 - - [06/Apr/2025 09:13:33] "GET /get_progress/Basically%20Coders%20Phase3.docx HTTP/1.1" 200 -
2025-04-06 09:13:34,410 - INFO - 127.0.0.1 - - [06/Apr/2025 09:13:34] "GET /get_progress/Basically%20Coders%20Phase3.docx HTTP/1.1" 200 -
2025-04-06 09:13:34,768 - INFO - 127.0.0.1 - - [06/Apr/2025 09:13:34] "POST /update_progress HTTP/1.1" 200 -
2025-04-06 09:13:35,406 - INFO - 127.0.0.1 - - [06/Apr/2025 09:13:35] "GET /get_progress/Basically%20Coders%20Phase3.docx HTTP/1.1" 200 -
2025-04-06 09:13:36,407 - INFO - 127.0.0.1 - - [06/Apr/2025 09:13:36] "GET /get_progress/Basically%20Coders%20Phase3.docx HTTP/1.1" 200 -
2025-04-06 09:13:36,897 - INFO - 127.0.0.1 - - [06/Apr/2025 09:13:36] "POST /update_progress HTTP/1.1" 200 -
2025-04-06 09:13:37,411 - INFO - 127.0.0.1 - - [06/Apr/2025 09:13:37] "GET /get_progress/Basically%20Coders%20Phase3.docx HTTP/1.1" 200 -
2025-04-06 09:13:38,414 - INFO - 127.0.0.1 - - [06/Apr/2025 09:13:38] "GET /get_progress/Basically%20Coders%20Phase3.docx HTTP/1.1" 200 -
2025-04-06 09:13:39,043 - INFO - 127.0.0.1 - - [06/Apr/2025 09:13:39] "POST /update_progress HTTP/1.1" 200 -
2025-04-06 09:13:39,398 - INFO - 127.0.0.1 - - [06/Apr/2025 09:13:39] "GET /get_progress/Basically%20Coders%20Phase3.docx HTTP/1.1" 200 -
2025-04-06 09:13:40,399 - INFO - 127.0.0.1 - - [06/Apr/2025 09:13:40] "GET /get_progress/Basically%20Coders%20Phase3.docx HTTP/1.1" 200 -
2025-04-06 09:13:41,170 - INFO - 127.0.0.1 - - [06/Apr/2025 09:13:41] "POST /update_progress HTTP/1.1" 200 -
2025-04-06 09:13:41,411 - INFO - 127.0.0.1 - - [06/Apr/2025 09:13:41] "GET /get_progress/Basically%20Coders%20Phase3.docx HTTP/1.1" 200 -
2025-04-06 09:13:42,399 - INFO - 127.0.0.1 - - [06/Apr/2025 09:13:42] "GET /get_progress/Basically%20Coders%20Phase3.docx HTTP/1.1" 200 -
2025-04-06 09:13:43,300 - INFO - 127.0.0.1 - - [06/Apr/2025 09:13:43] "POST /update_progress HTTP/1.1" 200 -
2025-04-06 09:13:43,417 - INFO - 127.0.0.1 - - [06/Apr/2025 09:13:43] "GET /get_progress/Basically%20Coders%20Phase3.docx HTTP/1.1" 200 -
2025-04-06 09:13:44,411 - INFO - 127.0.0.1 - - [06/Apr/2025 09:13:44] "GET /get_progress/Basically%20Coders%20Phase3.docx HTTP/1.1" 200 -
2025-04-06 09:13:45,408 - INFO - 127.0.0.1 - - [06/Apr/2025 09:13:45] "GET /get_progress/Basically%20Coders%20Phase3.docx HTTP/1.1" 200 -
2025-04-06 09:13:45,423 - INFO - 127.0.0.1 - - [06/Apr/2025 09:13:45] "POST /update_progress HTTP/1.1" 200 -
2025-04-06 09:13:46,399 - INFO - 127.0.0.1 - - [06/Apr/2025 09:13:46] "GET /get_progress/Basically%20Coders%20Phase3.docx HTTP/1.1" 200 -
2025-04-06 09:13:47,413 - INFO - 127.0.0.1 - - [06/Apr/2025 09:13:47] "GET /get_progress/Basically%20Coders%20Phase3.docx HTTP/1.1" 200 -
2025-04-06 09:13:47,550 - INFO - 127.0.0.1 - - [06/Apr/2025 09:13:47] "POST /update_progress HTTP/1.1" 200 -
2025-04-06 09:13:48,399 - INFO - 127.0.0.1 - - [06/Apr/2025 09:13:48] "GET /get_progress/Basically%20Coders%20Phase3.docx HTTP/1.1" 200 -
2025-04-06 09:13:49,412 - INFO - 127.0.0.1 - - [06/Apr/2025 09:13:49] "GET /get_progress/Basically%20Coders%20Phase3.docx HTTP/1.1" 200 -
2025-04-06 09:13:49,678 - INFO - 127.0.0.1 - - [06/Apr/2025 09:13:49] "POST /update_progress HTTP/1.1" 200 -
2025-04-06 09:13:50,404 - INFO - 127.0.0.1 - - [06/Apr/2025 09:13:50] "GET /get_progress/Basically%20Coders%20Phase3.docx HTTP/1.1" 200 -
2025-04-06 09:13:51,407 - INFO - 127.0.0.1 - - [06/Apr/2025 09:13:51] "GET /get_progress/Basically%20Coders%20Phase3.docx HTTP/1.1" 200 -
2025-04-06 09:13:51,797 - INFO - 127.0.0.1 - - [06/Apr/2025 09:13:51] "POST /update_progress HTTP/1.1" 200 -
2025-04-06 09:13:52,398 - INFO - 127.0.0.1 - - [06/Apr/2025 09:13:52] "GET /get_progress/Basically%20Coders%20Phase3.docx HTTP/1.1" 200 -
2025-04-06 09:13:53,420 - INFO - 127.0.0.1 - - [06/Apr/2025 09:13:53] "GET /get_progress/Basically%20Coders%20Phase3.docx HTTP/1.1" 200 -
2025-04-06 09:13:53,937 - INFO - 127.0.0.1 - - [06/Apr/2025 09:13:53] "POST /update_progress HTTP/1.1" 200 -
2025-04-06 09:13:54,427 - INFO - 127.0.0.1 - - [06/Apr/2025 09:13:54] "GET /get_progress/Basically%20Coders%20Phase3.docx HTTP/1.1" 200 -
2025-04-06 09:13:55,416 - INFO - 127.0.0.1 - - [06/Apr/2025 09:13:55] "GET /get_progress/Basically%20Coders%20Phase3.docx HTTP/1.1" 200 -
2025-04-06 09:13:56,080 - INFO - 127.0.0.1 - - [06/Apr/2025 09:13:56] "POST /update_progress HTTP/1.1" 200 -
2025-04-06 09:13:56,405 - INFO - 127.0.0.1 - - [06/Apr/2025 09:13:56] "GET /get_progress/Basically%20Coders%20Phase3.docx HTTP/1.1" 200 -
2025-04-06 09:13:57,398 - INFO - 127.0.0.1 - - [06/Apr/2025 09:13:57] "GET /get_progress/Basically%20Coders%20Phase3.docx HTTP/1.1" 200 -
2025-04-06 09:13:58,218 - INFO - 127.0.0.1 - - [06/Apr/2025 09:13:58] "POST /update_progress HTTP/1.1" 200 -
2025-04-06 09:13:58,409 - INFO - 127.0.0.1 - - [06/Apr/2025 09:13:58] "GET /get_progress/Basically%20Coders%20Phase3.docx HTTP/1.1" 200 -
2025-04-06 09:13:59,404 - INFO - 127.0.0.1 - - [06/Apr/2025 09:13:59] "GET /get_progress/Basically%20Coders%20Phase3.docx HTTP/1.1" 200 -
2025-04-06 09:14:00,344 - INFO - 127.0.0.1 - - [06/Apr/2025 09:14:00] "POST /update_progress HTTP/1.1" 200 -
2025-04-06 09:14:00,410 - INFO - 127.0.0.1 - - [06/Apr/2025 09:14:00] "GET /get_progress/Basically%20Coders%20Phase3.docx HTTP/1.1" 200 -
2025-04-06 09:14:01,428 - INFO - 127.0.0.1 - - [06/Apr/2025 09:14:01] "GET /get_progress/Basically%20Coders%20Phase3.docx HTTP/1.1" 200 -
2025-04-06 09:14:02,407 - INFO - 127.0.0.1 - - [06/Apr/2025 09:14:02] "GET /get_progress/Basically%20Coders%20Phase3.docx HTTP/1.1" 200 -
2025-04-06 09:14:02,492 - INFO - 127.0.0.1 - - [06/Apr/2025 09:14:02] "POST /update_progress HTTP/1.1" 200 -
2025-04-06 09:14:03,403 - INFO - 127.0.0.1 - - [06/Apr/2025 09:14:03] "GET /get_progress/Basically%20Coders%20Phase3.docx HTTP/1.1" 200 -
2025-04-06 09:14:04,415 - INFO - 127.0.0.1 - - [06/Apr/2025 09:14:04] "GET /get_progress/Basically%20Coders%20Phase3.docx HTTP/1.1" 200 -
2025-04-06 09:14:04,624 - INFO - 127.0.0.1 - - [06/Apr/2025 09:14:04] "POST /update_progress HTTP/1.1" 200 -
2025-04-06 09:14:05,409 - INFO - 127.0.0.1 - - [06/Apr/2025 09:14:05] "GET /get_progress/Basically%20Coders%20Phase3.docx HTTP/1.1" 200 -
2025-04-06 09:14:06,409 - INFO - 127.0.0.1 - - [06/Apr/2025 09:14:06] "GET /get_progress/Basically%20Coders%20Phase3.docx HTTP/1.1" 200 -
2025-04-06 09:14:06,770 - INFO - 127.0.0.1 - - [06/Apr/2025 09:14:06] "POST /update_progress HTTP/1.1" 200 -
2025-04-06 09:14:07,409 - INFO - 127.0.0.1 - - [06/Apr/2025 09:14:07] "GET /get_progress/Basically%20Coders%20Phase3.docx HTTP/1.1" 200 -
2025-04-06 09:14:08,410 - INFO - 127.0.0.1 - - [06/Apr/2025 09:14:08] "GET /get_progress/Basically%20Coders%20Phase3.docx HTTP/1.1" 200 -
2025-04-06 09:14:08,899 - INFO - 127.0.0.1 - - [06/Apr/2025 09:14:08] "POST /update_progress HTTP/1.1" 200 -
2025-04-06 09:14:09,414 - INFO - 127.0.0.1 - - [06/Apr/2025 09:14:09] "GET /get_progress/Basically%20Coders%20Phase3.docx HTTP/1.1" 200 -
2025-04-06 09:14:10,410 - INFO - 127.0.0.1 - - [06/Apr/2025 09:14:10] "GET /get_progress/Basically%20Coders%20Phase3.docx HTTP/1.1" 200 -
2025-04-06 09:14:11,032 - INFO - 127.0.0.1 - - [06/Apr/2025 09:14:11] "POST /update_progress HTTP/1.1" 200 -
2025-04-06 09:14:11,412 - INFO - 127.0.0.1 - - [06/Apr/2025 09:14:11] "GET /get_progress/Basically%20Coders%20Phase3.docx HTTP/1.1" 200 -
2025-04-06 09:14:12,414 - INFO - 127.0.0.1 - - [06/Apr/2025 09:14:12] "GET /get_progress/Basically%20Coders%20Phase3.docx HTTP/1.1" 200 -
2025-04-06 09:14:13,159 - INFO - 127.0.0.1 - - [06/Apr/2025 09:14:13] "POST /update_progress HTTP/1.1" 200 -
2025-04-06 09:14:13,417 - INFO - 127.0.0.1 - - [06/Apr/2025 09:14:13] "GET /get_progress/Basically%20Coders%20Phase3.docx HTTP/1.1" 200 -
2025-04-06 09:14:14,409 - INFO - 127.0.0.1 - - [06/Apr/2025 09:14:14] "GET /get_progress/Basically%20Coders%20Phase3.docx HTTP/1.1" 200 -
2025-04-06 09:14:15,295 - INFO - 127.0.0.1 - - [06/Apr/2025 09:14:15] "POST /update_progress HTTP/1.1" 200 -
2025-04-06 09:14:15,408 - INFO - 127.0.0.1 - - [06/Apr/2025 09:14:15] "GET /get_progress/Basically%20Coders%20Phase3.docx HTTP/1.1" 200 -
2025-04-06 09:14:16,408 - INFO - 127.0.0.1 - - [06/Apr/2025 09:14:16] "GET /get_progress/Basically%20Coders%20Phase3.docx HTTP/1.1" 200 -
2025-04-06 09:14:17,400 - INFO - 127.0.0.1 - - [06/Apr/2025 09:14:17] "GET /get_progress/Basically%20Coders%20Phase3.docx HTTP/1.1" 200 -
2025-04-06 09:14:17,439 - INFO - 127.0.0.1 - - [06/Apr/2025 09:14:17] "POST /update_progress HTTP/1.1" 200 -
2025-04-06 09:14:18,402 - INFO - 127.0.0.1 - - [06/Apr/2025 09:14:18] "GET /get_progress/Basically%20Coders%20Phase3.docx HTTP/1.1" 200 -
2025-04-06 09:14:19,414 - INFO - 127.0.0.1 - - [06/Apr/2025 09:14:19] "GET /get_progress/Basically%20Coders%20Phase3.docx HTTP/1.1" 200 -
2025-04-06 09:14:19,562 - INFO - 127.0.0.1 - - [06/Apr/2025 09:14:19] "POST /update_progress HTTP/1.1" 200 -
2025-04-06 09:14:20,400 - INFO - 127.0.0.1 - - [06/Apr/2025 09:14:20] "GET /get_progress/Basically%20Coders%20Phase3.docx HTTP/1.1" 200 -
2025-04-06 09:14:21,418 - INFO - 127.0.0.1 - - [06/Apr/2025 09:14:21] "GET /get_progress/Basically%20Coders%20Phase3.docx HTTP/1.1" 200 -
2025-04-06 09:14:21,680 - INFO - 127.0.0.1 - - [06/Apr/2025 09:14:21] "POST /update_progress HTTP/1.1" 200 -
2025-04-06 09:14:22,414 - INFO - 127.0.0.1 - - [06/Apr/2025 09:14:22] "GET /get_progress/Basically%20Coders%20Phase3.docx HTTP/1.1" 200 -
2025-04-06 09:14:23,430 - INFO - 127.0.0.1 - - [06/Apr/2025 09:14:23] "GET /get_progress/Basically%20Coders%20Phase3.docx HTTP/1.1" 200 -
2025-04-06 09:14:23,804 - INFO - 127.0.0.1 - - [06/Apr/2025 09:14:23] "POST /update_progress HTTP/1.1" 200 -
2025-04-06 09:14:24,414 - INFO - 127.0.0.1 - - [06/Apr/2025 09:14:24] "GET /get_progress/Basically%20Coders%20Phase3.docx HTTP/1.1" 200 -
2025-04-06 09:14:25,414 - INFO - 127.0.0.1 - - [06/Apr/2025 09:14:25] "GET /get_progress/Basically%20Coders%20Phase3.docx HTTP/1.1" 200 -
2025-04-06 09:14:25,941 - INFO - 127.0.0.1 - - [06/Apr/2025 09:14:25] "POST /update_progress HTTP/1.1" 200 -
2025-04-06 09:14:26,406 - INFO - 127.0.0.1 - - [06/Apr/2025 09:14:26] "GET /get_progress/Basically%20Coders%20Phase3.docx HTTP/1.1" 200 -
2025-04-06 09:14:27,418 - INFO - 127.0.0.1 - - [06/Apr/2025 09:14:27] "GET /get_progress/Basically%20Coders%20Phase3.docx HTTP/1.1" 200 -
2025-04-06 09:14:28,062 - INFO - 127.0.0.1 - - [06/Apr/2025 09:14:28] "POST /update_progress HTTP/1.1" 200 -
2025-04-06 09:14:28,414 - INFO - 127.0.0.1 - - [06/Apr/2025 09:14:28] "GET /get_progress/Basically%20Coders%20Phase3.docx HTTP/1.1" 200 -
2025-04-06 09:14:29,406 - INFO - 127.0.0.1 - - [06/Apr/2025 09:14:29] "GET /get_progress/Basically%20Coders%20Phase3.docx HTTP/1.1" 200 -
2025-04-06 09:14:30,192 - INFO - 127.0.0.1 - - [06/Apr/2025 09:14:30] "POST /update_progress HTTP/1.1" 200 -
2025-04-06 09:14:30,415 - INFO - 127.0.0.1 - - [06/Apr/2025 09:14:30] "GET /get_progress/Basically%20Coders%20Phase3.docx HTTP/1.1" 200 -
2025-04-06 09:14:31,407 - INFO - 127.0.0.1 - - [06/Apr/2025 09:14:31] "GET /get_progress/Basically%20Coders%20Phase3.docx HTTP/1.1" 200 -
2025-04-06 09:14:32,329 - INFO - 127.0.0.1 - - [06/Apr/2025 09:14:32] "POST /update_progress HTTP/1.1" 200 -
2025-04-06 09:14:32,413 - INFO - 127.0.0.1 - - [06/Apr/2025 09:14:32] "GET /get_progress/Basically%20Coders%20Phase3.docx HTTP/1.1" 200 -
2025-04-06 09:14:33,402 - INFO - 127.0.0.1 - - [06/Apr/2025 09:14:33] "GET /get_progress/Basically%20Coders%20Phase3.docx HTTP/1.1" 200 -
2025-04-06 09:14:34,403 - INFO - 127.0.0.1 - - [06/Apr/2025 09:14:34] "GET /get_progress/Basically%20Coders%20Phase3.docx HTTP/1.1" 200 -
2025-04-06 09:14:34,460 - INFO - 127.0.0.1 - - [06/Apr/2025 09:14:34] "POST /update_progress HTTP/1.1" 200 -
2025-04-06 09:14:35,410 - INFO - 127.0.0.1 - - [06/Apr/2025 09:14:35] "GET /get_progress/Basically%20Coders%20Phase3.docx HTTP/1.1" 200 -
2025-04-06 09:14:36,410 - INFO - 127.0.0.1 - - [06/Apr/2025 09:14:36] "GET /get_progress/Basically%20Coders%20Phase3.docx HTTP/1.1" 200 -
2025-04-06 09:14:36,576 - INFO - 127.0.0.1 - - [06/Apr/2025 09:14:36] "POST /update_progress HTTP/1.1" 200 -
2025-04-06 09:14:37,413 - INFO - 127.0.0.1 - - [06/Apr/2025 09:14:37] "GET /get_progress/Basically%20Coders%20Phase3.docx HTTP/1.1" 200 -
2025-04-06 09:14:38,427 - INFO - 127.0.0.1 - - [06/Apr/2025 09:14:38] "GET /get_progress/Basically%20Coders%20Phase3.docx HTTP/1.1" 200 -
2025-04-06 09:14:38,691 - INFO - 127.0.0.1 - - [06/Apr/2025 09:14:38] "POST /update_progress HTTP/1.1" 200 -
2025-04-06 09:14:39,406 - INFO - 127.0.0.1 - - [06/Apr/2025 09:14:39] "GET /get_progress/Basically%20Coders%20Phase3.docx HTTP/1.1" 200 -
2025-04-06 09:14:40,425 - INFO - 127.0.0.1 - - [06/Apr/2025 09:14:40] "GET /get_progress/Basically%20Coders%20Phase3.docx HTTP/1.1" 200 -
2025-04-06 09:14:40,821 - INFO - 127.0.0.1 - - [06/Apr/2025 09:14:40] "POST /update_progress HTTP/1.1" 200 -
2025-04-06 09:14:41,400 - INFO - 127.0.0.1 - - [06/Apr/2025 09:14:41] "GET /get_progress/Basically%20Coders%20Phase3.docx HTTP/1.1" 200 -
2025-04-06 09:14:42,404 - INFO - 127.0.0.1 - - [06/Apr/2025 09:14:42] "GET /get_progress/Basically%20Coders%20Phase3.docx HTTP/1.1" 200 -
2025-04-06 09:14:42,969 - INFO - 127.0.0.1 - - [06/Apr/2025 09:14:42] "POST /update_progress HTTP/1.1" 200 -
2025-04-06 09:14:43,413 - INFO - 127.0.0.1 - - [06/Apr/2025 09:14:43] "GET /get_progress/Basically%20Coders%20Phase3.docx HTTP/1.1" 200 -
2025-04-06 09:14:44,401 - INFO - 127.0.0.1 - - [06/Apr/2025 09:14:44] "GET /get_progress/Basically%20Coders%20Phase3.docx HTTP/1.1" 200 -
2025-04-06 09:14:45,095 - INFO - 127.0.0.1 - - [06/Apr/2025 09:14:45] "POST /update_progress HTTP/1.1" 200 -
2025-04-06 09:14:45,427 - INFO - 127.0.0.1 - - [06/Apr/2025 09:14:45] "GET /get_progress/Basically%20Coders%20Phase3.docx HTTP/1.1" 200 -
2025-04-06 09:14:46,399 - INFO - 127.0.0.1 - - [06/Apr/2025 09:14:46] "GET /get_progress/Basically%20Coders%20Phase3.docx HTTP/1.1" 200 -
2025-04-06 09:14:47,220 - INFO - 127.0.0.1 - - [06/Apr/2025 09:14:47] "POST /update_progress HTTP/1.1" 200 -
2025-04-06 09:14:47,412 - INFO - 127.0.0.1 - - [06/Apr/2025 09:14:47] "GET /get_progress/Basically%20Coders%20Phase3.docx HTTP/1.1" 200 -
2025-04-06 09:14:48,400 - INFO - 127.0.0.1 - - [06/Apr/2025 09:14:48] "GET /get_progress/Basically%20Coders%20Phase3.docx HTTP/1.1" 200 -
2025-04-06 09:14:49,350 - INFO - 127.0.0.1 - - [06/Apr/2025 09:14:49] "POST /update_progress HTTP/1.1" 200 -
2025-04-06 09:14:49,421 - INFO - 127.0.0.1 - - [06/Apr/2025 09:14:49] "GET /get_progress/Basically%20Coders%20Phase3.docx HTTP/1.1" 200 -
2025-04-06 09:14:50,405 - INFO - 127.0.0.1 - - [06/Apr/2025 09:14:50] "GET /get_progress/Basically%20Coders%20Phase3.docx HTTP/1.1" 200 -
2025-04-06 09:14:51,409 - INFO - 127.0.0.1 - - [06/Apr/2025 09:14:51] "GET /get_progress/Basically%20Coders%20Phase3.docx HTTP/1.1" 200 -
2025-04-06 09:14:51,464 - INFO - 127.0.0.1 - - [06/Apr/2025 09:14:51] "POST /update_progress HTTP/1.1" 200 -
2025-04-06 09:14:52,405 - INFO - 127.0.0.1 - - [06/Apr/2025 09:14:52] "GET /get_progress/Basically%20Coders%20Phase3.docx HTTP/1.1" 200 -
2025-04-06 09:14:53,409 - INFO - 127.0.0.1 - - [06/Apr/2025 09:14:53] "GET /get_progress/Basically%20Coders%20Phase3.docx HTTP/1.1" 200 -
2025-04-06 09:14:53,591 - INFO - 127.0.0.1 - - [06/Apr/2025 09:14:53] "POST /update_progress HTTP/1.1" 200 -
2025-04-06 09:14:54,404 - INFO - 127.0.0.1 - - [06/Apr/2025 09:14:54] "GET /get_progress/Basically%20Coders%20Phase3.docx HTTP/1.1" 200 -
2025-04-06 09:14:55,406 - INFO - 127.0.0.1 - - [06/Apr/2025 09:14:55] "GET /get_progress/Basically%20Coders%20Phase3.docx HTTP/1.1" 200 -
2025-04-06 09:14:55,719 - INFO - 127.0.0.1 - - [06/Apr/2025 09:14:55] "POST /update_progress HTTP/1.1" 200 -
2025-04-06 09:14:56,404 - INFO - 127.0.0.1 - - [06/Apr/2025 09:14:56] "GET /get_progress/Basically%20Coders%20Phase3.docx HTTP/1.1" 200 -
2025-04-06 09:14:57,406 - INFO - 127.0.0.1 - - [06/Apr/2025 09:14:57] "GET /get_progress/Basically%20Coders%20Phase3.docx HTTP/1.1" 200 -
2025-04-06 09:14:57,849 - INFO - 127.0.0.1 - - [06/Apr/2025 09:14:57] "POST /update_progress HTTP/1.1" 200 -
2025-04-06 09:14:58,410 - INFO - 127.0.0.1 - - [06/Apr/2025 09:14:58] "GET /get_progress/Basically%20Coders%20Phase3.docx HTTP/1.1" 200 -
2025-04-06 09:14:59,412 - INFO - 127.0.0.1 - - [06/Apr/2025 09:14:59] "GET /get_progress/Basically%20Coders%20Phase3.docx HTTP/1.1" 200 -
2025-04-06 09:14:59,979 - INFO - 127.0.0.1 - - [06/Apr/2025 09:14:59] "POST /update_progress HTTP/1.1" 200 -
2025-04-06 09:15:00,416 - INFO - 127.0.0.1 - - [06/Apr/2025 09:15:00] "GET /get_progress/Basically%20Coders%20Phase3.docx HTTP/1.1" 200 -
2025-04-06 09:15:01,428 - INFO - 127.0.0.1 - - [06/Apr/2025 09:15:01] "GET /get_progress/Basically%20Coders%20Phase3.docx HTTP/1.1" 200 -
2025-04-06 09:15:02,121 - INFO - 127.0.0.1 - - [06/Apr/2025 09:15:02] "POST /update_progress HTTP/1.1" 200 -
2025-04-06 09:15:02,408 - INFO - 127.0.0.1 - - [06/Apr/2025 09:15:02] "GET /get_progress/Basically%20Coders%20Phase3.docx HTTP/1.1" 200 -
2025-04-06 09:15:03,398 - INFO - 127.0.0.1 - - [06/Apr/2025 09:15:03] "GET /get_progress/Basically%20Coders%20Phase3.docx HTTP/1.1" 200 -
2025-04-06 09:15:04,263 - INFO - 127.0.0.1 - - [06/Apr/2025 09:15:04] "POST /update_progress HTTP/1.1" 200 -
2025-04-06 09:15:04,404 - INFO - 127.0.0.1 - - [06/Apr/2025 09:15:04] "GET /get_progress/Basically%20Coders%20Phase3.docx HTTP/1.1" 200 -
2025-04-06 09:15:05,416 - INFO - 127.0.0.1 - - [06/Apr/2025 09:15:05] "GET /get_progress/Basically%20Coders%20Phase3.docx HTTP/1.1" 200 -
2025-04-06 09:15:06,400 - INFO - 127.0.0.1 - - [06/Apr/2025 09:15:06] "POST /update_progress HTTP/1.1" 200 -
2025-04-06 09:15:06,415 - INFO - 127.0.0.1 - - [06/Apr/2025 09:15:06] "GET /get_progress/Basically%20Coders%20Phase3.docx HTTP/1.1" 200 -
2025-04-06 09:15:07,404 - INFO - 127.0.0.1 - - [06/Apr/2025 09:15:07] "GET /get_progress/Basically%20Coders%20Phase3.docx HTTP/1.1" 200 -
2025-04-06 09:15:08,427 - INFO - 127.0.0.1 - - [06/Apr/2025 09:15:08] "GET /get_progress/Basically%20Coders%20Phase3.docx HTTP/1.1" 200 -
2025-04-06 09:15:08,528 - INFO - 127.0.0.1 - - [06/Apr/2025 09:15:08] "POST /update_progress HTTP/1.1" 200 -
2025-04-06 09:15:09,404 - INFO - 127.0.0.1 - - [06/Apr/2025 09:15:09] "GET /get_progress/Basically%20Coders%20Phase3.docx HTTP/1.1" 200 -
2025-04-06 09:15:10,402 - INFO - 127.0.0.1 - - [06/Apr/2025 09:15:10] "GET /get_progress/Basically%20Coders%20Phase3.docx HTTP/1.1" 200 -
2025-04-06 09:15:10,654 - INFO - 127.0.0.1 - - [06/Apr/2025 09:15:10] "POST /update_progress HTTP/1.1" 200 -
2025-04-06 09:15:11,409 - INFO - 127.0.0.1 - - [06/Apr/2025 09:15:11] "GET /get_progress/Basically%20Coders%20Phase3.docx HTTP/1.1" 200 -
2025-04-06 09:15:12,414 - INFO - 127.0.0.1 - - [06/Apr/2025 09:15:12] "GET /get_progress/Basically%20Coders%20Phase3.docx HTTP/1.1" 200 -
2025-04-06 09:15:12,776 - INFO - 127.0.0.1 - - [06/Apr/2025 09:15:12] "POST /update_progress HTTP/1.1" 200 -
2025-04-06 09:15:13,415 - INFO - 127.0.0.1 - - [06/Apr/2025 09:15:13] "GET /get_progress/Basically%20Coders%20Phase3.docx HTTP/1.1" 200 -
2025-04-06 09:15:14,418 - INFO - 127.0.0.1 - - [06/Apr/2025 09:15:14] "GET /get_progress/Basically%20Coders%20Phase3.docx HTTP/1.1" 200 -
2025-04-06 09:15:14,904 - INFO - 127.0.0.1 - - [06/Apr/2025 09:15:14] "POST /update_progress HTTP/1.1" 200 -
2025-04-06 09:15:15,413 - INFO - 127.0.0.1 - - [06/Apr/2025 09:15:15] "GET /get_progress/Basically%20Coders%20Phase3.docx HTTP/1.1" 200 -
2025-04-06 09:15:16,411 - INFO - 127.0.0.1 - - [06/Apr/2025 09:15:16] "GET /get_progress/Basically%20Coders%20Phase3.docx HTTP/1.1" 200 -
2025-04-06 09:15:17,043 - INFO - 127.0.0.1 - - [06/Apr/2025 09:15:17] "POST /update_progress HTTP/1.1" 200 -
2025-04-06 09:15:17,410 - INFO - 127.0.0.1 - - [06/Apr/2025 09:15:17] "GET /get_progress/Basically%20Coders%20Phase3.docx HTTP/1.1" 200 -
2025-04-06 09:15:18,413 - INFO - 127.0.0.1 - - [06/Apr/2025 09:15:18] "GET /get_progress/Basically%20Coders%20Phase3.docx HTTP/1.1" 200 -
2025-04-06 09:15:19,168 - INFO - 127.0.0.1 - - [06/Apr/2025 09:15:19] "POST /update_progress HTTP/1.1" 200 -
2025-04-06 09:15:19,408 - INFO - 127.0.0.1 - - [06/Apr/2025 09:15:19] "GET /get_progress/Basically%20Coders%20Phase3.docx HTTP/1.1" 200 -
2025-04-06 09:15:20,402 - INFO - 127.0.0.1 - - [06/Apr/2025 09:15:20] "GET /get_progress/Basically%20Coders%20Phase3.docx HTTP/1.1" 200 -
2025-04-06 09:15:21,297 - INFO - 127.0.0.1 - - [06/Apr/2025 09:15:21] "POST /update_progress HTTP/1.1" 200 -
2025-04-06 09:15:21,408 - INFO - 127.0.0.1 - - [06/Apr/2025 09:15:21] "GET /get_progress/Basically%20Coders%20Phase3.docx HTTP/1.1" 200 -
2025-04-06 09:15:22,402 - INFO - 127.0.0.1 - - [06/Apr/2025 09:15:22] "GET /get_progress/Basically%20Coders%20Phase3.docx HTTP/1.1" 200 -
2025-04-06 09:15:23,403 - INFO - 127.0.0.1 - - [06/Apr/2025 09:15:23] "GET /get_progress/Basically%20Coders%20Phase3.docx HTTP/1.1" 200 -
2025-04-06 09:15:23,426 - INFO - 127.0.0.1 - - [06/Apr/2025 09:15:23] "POST /update_progress HTTP/1.1" 200 -
2025-04-06 09:15:24,415 - INFO - 127.0.0.1 - - [06/Apr/2025 09:15:24] "GET /get_progress/Basically%20Coders%20Phase3.docx HTTP/1.1" 200 -
2025-04-06 09:15:25,414 - INFO - 127.0.0.1 - - [06/Apr/2025 09:15:25] "GET /get_progress/Basically%20Coders%20Phase3.docx HTTP/1.1" 200 -
2025-04-06 09:15:25,553 - INFO - 127.0.0.1 - - [06/Apr/2025 09:15:25] "POST /update_progress HTTP/1.1" 200 -
2025-04-06 09:15:26,402 - INFO - 127.0.0.1 - - [06/Apr/2025 09:15:26] "GET /get_progress/Basically%20Coders%20Phase3.docx HTTP/1.1" 200 -
2025-04-06 09:15:27,409 - INFO - 127.0.0.1 - - [06/Apr/2025 09:15:27] "GET /get_progress/Basically%20Coders%20Phase3.docx HTTP/1.1" 200 -
2025-04-06 09:15:27,681 - INFO - 127.0.0.1 - - [06/Apr/2025 09:15:27] "POST /update_progress HTTP/1.1" 200 -
2025-04-06 09:15:28,415 - INFO - 127.0.0.1 - - [06/Apr/2025 09:15:28] "GET /get_progress/Basically%20Coders%20Phase3.docx HTTP/1.1" 200 -
2025-04-06 09:15:29,406 - INFO - 127.0.0.1 - - [06/Apr/2025 09:15:29] "GET /get_progress/Basically%20Coders%20Phase3.docx HTTP/1.1" 200 -
2025-04-06 09:15:29,813 - INFO - 127.0.0.1 - - [06/Apr/2025 09:15:29] "POST /update_progress HTTP/1.1" 200 -
2025-04-06 09:15:30,407 - INFO - 127.0.0.1 - - [06/Apr/2025 09:15:30] "GET /get_progress/Basically%20Coders%20Phase3.docx HTTP/1.1" 200 -
2025-04-06 09:15:31,413 - INFO - 127.0.0.1 - - [06/Apr/2025 09:15:31] "GET /get_progress/Basically%20Coders%20Phase3.docx HTTP/1.1" 200 -
2025-04-06 09:15:31,941 - INFO - 127.0.0.1 - - [06/Apr/2025 09:15:31] "POST /update_progress HTTP/1.1" 200 -
2025-04-06 09:15:32,406 - INFO - 127.0.0.1 - - [06/Apr/2025 09:15:32] "GET /get_progress/Basically%20Coders%20Phase3.docx HTTP/1.1" 200 -
2025-04-06 09:15:33,414 - INFO - 127.0.0.1 - - [06/Apr/2025 09:15:33] "GET /get_progress/Basically%20Coders%20Phase3.docx HTTP/1.1" 200 -
2025-04-06 09:15:34,079 - INFO - 127.0.0.1 - - [06/Apr/2025 09:15:34] "POST /update_progress HTTP/1.1" 200 -
2025-04-06 09:15:34,411 - INFO - 127.0.0.1 - - [06/Apr/2025 09:15:34] "GET /get_progress/Basically%20Coders%20Phase3.docx HTTP/1.1" 200 -
2025-04-06 09:15:35,400 - INFO - 127.0.0.1 - - [06/Apr/2025 09:15:35] "GET /get_progress/Basically%20Coders%20Phase3.docx HTTP/1.1" 200 -
2025-04-06 09:15:36,205 - INFO - 127.0.0.1 - - [06/Apr/2025 09:15:36] "POST /update_progress HTTP/1.1" 200 -
2025-04-06 09:15:36,411 - INFO - 127.0.0.1 - - [06/Apr/2025 09:15:36] "GET /get_progress/Basically%20Coders%20Phase3.docx HTTP/1.1" 200 -
2025-04-06 09:15:37,401 - INFO - 127.0.0.1 - - [06/Apr/2025 09:15:37] "GET /get_progress/Basically%20Coders%20Phase3.docx HTTP/1.1" 200 -
2025-04-06 09:15:38,341 - INFO - 127.0.0.1 - - [06/Apr/2025 09:15:38] "POST /update_progress HTTP/1.1" 200 -
2025-04-06 09:15:38,407 - INFO - 127.0.0.1 - - [06/Apr/2025 09:15:38] "GET /get_progress/Basically%20Coders%20Phase3.docx HTTP/1.1" 200 -
2025-04-06 09:15:39,413 - INFO - 127.0.0.1 - - [06/Apr/2025 09:15:39] "GET /get_progress/Basically%20Coders%20Phase3.docx HTTP/1.1" 200 -
2025-04-06 09:15:40,399 - INFO - 127.0.0.1 - - [06/Apr/2025 09:15:40] "GET /get_progress/Basically%20Coders%20Phase3.docx HTTP/1.1" 200 -
2025-04-06 09:15:40,484 - INFO - 127.0.0.1 - - [06/Apr/2025 09:15:40] "POST /update_progress HTTP/1.1" 200 -
2025-04-06 09:15:41,407 - INFO - 127.0.0.1 - - [06/Apr/2025 09:15:41] "GET /get_progress/Basically%20Coders%20Phase3.docx HTTP/1.1" 200 -
2025-04-06 09:15:42,405 - INFO - 127.0.0.1 - - [06/Apr/2025 09:15:42] "GET /get_progress/Basically%20Coders%20Phase3.docx HTTP/1.1" 200 -
2025-04-06 09:15:42,619 - INFO - 127.0.0.1 - - [06/Apr/2025 09:15:42] "POST /update_progress HTTP/1.1" 200 -
2025-04-06 09:15:43,412 - INFO - 127.0.0.1 - - [06/Apr/2025 09:15:43] "GET /get_progress/Basically%20Coders%20Phase3.docx HTTP/1.1" 200 -
2025-04-06 09:15:44,400 - INFO - 127.0.0.1 - - [06/Apr/2025 09:15:44] "GET /get_progress/Basically%20Coders%20Phase3.docx HTTP/1.1" 200 -
2025-04-06 09:15:44,766 - INFO - 127.0.0.1 - - [06/Apr/2025 09:15:44] "POST /update_progress HTTP/1.1" 200 -
2025-04-06 09:15:45,406 - INFO - 127.0.0.1 - - [06/Apr/2025 09:15:45] "GET /get_progress/Basically%20Coders%20Phase3.docx HTTP/1.1" 200 -
2025-04-06 09:15:46,411 - INFO - 127.0.0.1 - - [06/Apr/2025 09:15:46] "GET /get_progress/Basically%20Coders%20Phase3.docx HTTP/1.1" 200 -
2025-04-06 09:15:46,897 - INFO - 127.0.0.1 - - [06/Apr/2025 09:15:46] "POST /update_progress HTTP/1.1" 200 -
2025-04-06 09:15:47,419 - INFO - 127.0.0.1 - - [06/Apr/2025 09:15:47] "GET /get_progress/Basically%20Coders%20Phase3.docx HTTP/1.1" 200 -
2025-04-06 09:15:48,408 - INFO - 127.0.0.1 - - [06/Apr/2025 09:15:48] "GET /get_progress/Basically%20Coders%20Phase3.docx HTTP/1.1" 200 -
2025-04-06 09:15:49,028 - INFO - 127.0.0.1 - - [06/Apr/2025 09:15:49] "POST /update_progress HTTP/1.1" 200 -
2025-04-06 09:15:49,408 - INFO - 127.0.0.1 - - [06/Apr/2025 09:15:49] "GET /get_progress/Basically%20Coders%20Phase3.docx HTTP/1.1" 200 -
2025-04-06 09:15:50,404 - INFO - 127.0.0.1 - - [06/Apr/2025 09:15:50] "GET /get_progress/Basically%20Coders%20Phase3.docx HTTP/1.1" 200 -
2025-04-06 09:15:51,161 - INFO - 127.0.0.1 - - [06/Apr/2025 09:15:51] "POST /update_progress HTTP/1.1" 200 -
2025-04-06 09:15:51,431 - INFO - 127.0.0.1 - - [06/Apr/2025 09:15:51] "GET /get_progress/Basically%20Coders%20Phase3.docx HTTP/1.1" 200 -
2025-04-06 09:15:52,411 - INFO - 127.0.0.1 - - [06/Apr/2025 09:15:52] "GET /get_progress/Basically%20Coders%20Phase3.docx HTTP/1.1" 200 -
2025-04-06 09:15:53,290 - INFO - 127.0.0.1 - - [06/Apr/2025 09:15:53] "POST /update_progress HTTP/1.1" 200 -
2025-04-06 09:15:53,400 - INFO - 127.0.0.1 - - [06/Apr/2025 09:15:53] "GET /get_progress/Basically%20Coders%20Phase3.docx HTTP/1.1" 200 -
2025-04-06 09:15:54,400 - INFO - 127.0.0.1 - - [06/Apr/2025 09:15:54] "GET /get_progress/Basically%20Coders%20Phase3.docx HTTP/1.1" 200 -
2025-04-06 09:15:55,413 - INFO - 127.0.0.1 - - [06/Apr/2025 09:15:55] "GET /get_progress/Basically%20Coders%20Phase3.docx HTTP/1.1" 200 -
2025-04-06 09:15:55,452 - INFO - 127.0.0.1 - - [06/Apr/2025 09:15:55] "POST /update_progress HTTP/1.1" 200 -
2025-04-06 09:15:56,399 - INFO - 127.0.0.1 - - [06/Apr/2025 09:15:56] "GET /get_progress/Basically%20Coders%20Phase3.docx HTTP/1.1" 200 -
2025-04-06 09:15:57,411 - INFO - 127.0.0.1 - - [06/Apr/2025 09:15:57] "GET /get_progress/Basically%20Coders%20Phase3.docx HTTP/1.1" 200 -
2025-04-06 09:15:57,581 - INFO - 127.0.0.1 - - [06/Apr/2025 09:15:57] "POST /update_progress HTTP/1.1" 200 -
2025-04-06 09:15:58,411 - INFO - 127.0.0.1 - - [06/Apr/2025 09:15:58] "GET /get_progress/Basically%20Coders%20Phase3.docx HTTP/1.1" 200 -
2025-04-06 09:15:59,400 - INFO - 127.0.0.1 - - [06/Apr/2025 09:15:59] "GET /get_progress/Basically%20Coders%20Phase3.docx HTTP/1.1" 200 -
2025-04-06 09:15:59,696 - INFO - 127.0.0.1 - - [06/Apr/2025 09:15:59] "POST /update_progress HTTP/1.1" 200 -
2025-04-06 09:16:00,417 - INFO - 127.0.0.1 - - [06/Apr/2025 09:16:00] "GET /get_progress/Basically%20Coders%20Phase3.docx HTTP/1.1" 200 -
2025-04-06 09:16:01,415 - INFO - 127.0.0.1 - - [06/Apr/2025 09:16:01] "GET /get_progress/Basically%20Coders%20Phase3.docx HTTP/1.1" 200 -
2025-04-06 09:16:01,851 - INFO - 127.0.0.1 - - [06/Apr/2025 09:16:01] "POST /update_progress HTTP/1.1" 200 -
2025-04-06 09:16:02,416 - INFO - 127.0.0.1 - - [06/Apr/2025 09:16:02] "GET /get_progress/Basically%20Coders%20Phase3.docx HTTP/1.1" 200 -
2025-04-06 09:16:03,418 - INFO - 127.0.0.1 - - [06/Apr/2025 09:16:03] "GET /get_progress/Basically%20Coders%20Phase3.docx HTTP/1.1" 200 -
2025-04-06 09:16:03,987 - INFO - 127.0.0.1 - - [06/Apr/2025 09:16:03] "POST /update_progress HTTP/1.1" 200 -
2025-04-06 09:16:04,419 - INFO - 127.0.0.1 - - [06/Apr/2025 09:16:04] "GET /get_progress/Basically%20Coders%20Phase3.docx HTTP/1.1" 200 -
2025-04-06 09:16:05,418 - INFO - 127.0.0.1 - - [06/Apr/2025 09:16:05] "GET /get_progress/Basically%20Coders%20Phase3.docx HTTP/1.1" 200 -
2025-04-06 09:16:06,126 - INFO - 127.0.0.1 - - [06/Apr/2025 09:16:06] "POST /update_progress HTTP/1.1" 200 -
2025-04-06 09:16:06,414 - INFO - 127.0.0.1 - - [06/Apr/2025 09:16:06] "GET /get_progress/Basically%20Coders%20Phase3.docx HTTP/1.1" 200 -
2025-04-06 09:16:07,416 - INFO - 127.0.0.1 - - [06/Apr/2025 09:16:07] "GET /get_progress/Basically%20Coders%20Phase3.docx HTTP/1.1" 200 -
2025-04-06 09:16:08,272 - INFO - 127.0.0.1 - - [06/Apr/2025 09:16:08] "POST /update_progress HTTP/1.1" 200 -
2025-04-06 09:16:08,416 - INFO - 127.0.0.1 - - [06/Apr/2025 09:16:08] "GET /get_progress/Basically%20Coders%20Phase3.docx HTTP/1.1" 200 -
2025-04-06 09:16:09,405 - INFO - 127.0.0.1 - - [06/Apr/2025 09:16:09] "GET /get_progress/Basically%20Coders%20Phase3.docx HTTP/1.1" 200 -
2025-04-06 09:16:10,394 - INFO - 127.0.0.1 - - [06/Apr/2025 09:16:10] "POST /update_progress HTTP/1.1" 200 -
2025-04-06 09:16:10,412 - INFO - 127.0.0.1 - - [06/Apr/2025 09:16:10] "GET /get_progress/Basically%20Coders%20Phase3.docx HTTP/1.1" 200 -
2025-04-06 09:16:11,409 - INFO - 127.0.0.1 - - [06/Apr/2025 09:16:11] "GET /get_progress/Basically%20Coders%20Phase3.docx HTTP/1.1" 200 -
2025-04-06 09:16:12,402 - INFO - 127.0.0.1 - - [06/Apr/2025 09:16:12] "GET /get_progress/Basically%20Coders%20Phase3.docx HTTP/1.1" 200 -
2025-04-06 09:16:12,536 - INFO - 127.0.0.1 - - [06/Apr/2025 09:16:12] "POST /update_progress HTTP/1.1" 200 -
2025-04-06 09:16:13,410 - INFO - 127.0.0.1 - - [06/Apr/2025 09:16:13] "GET /get_progress/Basically%20Coders%20Phase3.docx HTTP/1.1" 200 -
2025-04-06 09:16:14,405 - INFO - 127.0.0.1 - - [06/Apr/2025 09:16:14] "GET /get_progress/Basically%20Coders%20Phase3.docx HTTP/1.1" 200 -
2025-04-06 09:16:14,653 - INFO - 127.0.0.1 - - [06/Apr/2025 09:16:14] "POST /update_progress HTTP/1.1" 200 -
2025-04-06 09:16:15,404 - INFO - 127.0.0.1 - - [06/Apr/2025 09:16:15] "GET /get_progress/Basically%20Coders%20Phase3.docx HTTP/1.1" 200 -
2025-04-06 09:16:16,403 - INFO - 127.0.0.1 - - [06/Apr/2025 09:16:16] "GET /get_progress/Basically%20Coders%20Phase3.docx HTTP/1.1" 200 -
2025-04-06 09:16:16,779 - INFO - 127.0.0.1 - - [06/Apr/2025 09:16:16] "POST /update_progress HTTP/1.1" 200 -
2025-04-06 09:16:17,403 - INFO - 127.0.0.1 - - [06/Apr/2025 09:16:17] "GET /get_progress/Basically%20Coders%20Phase3.docx HTTP/1.1" 200 -
2025-04-06 09:16:18,409 - INFO - 127.0.0.1 - - [06/Apr/2025 09:16:18] "GET /get_progress/Basically%20Coders%20Phase3.docx HTTP/1.1" 200 -
2025-04-06 09:16:18,898 - INFO - 127.0.0.1 - - [06/Apr/2025 09:16:18] "POST /update_progress HTTP/1.1" 200 -
2025-04-06 09:16:19,420 - INFO - 127.0.0.1 - - [06/Apr/2025 09:16:19] "GET /get_progress/Basically%20Coders%20Phase3.docx HTTP/1.1" 200 -
2025-04-06 09:16:20,421 - INFO - 127.0.0.1 - - [06/Apr/2025 09:16:20] "GET /get_progress/Basically%20Coders%20Phase3.docx HTTP/1.1" 200 -
2025-04-06 09:16:21,037 - INFO - 127.0.0.1 - - [06/Apr/2025 09:16:21] "POST /update_progress HTTP/1.1" 200 -
2025-04-06 09:16:21,417 - INFO - 127.0.0.1 - - [06/Apr/2025 09:16:21] "GET /get_progress/Basically%20Coders%20Phase3.docx HTTP/1.1" 200 -
2025-04-06 09:16:22,413 - INFO - 127.0.0.1 - - [06/Apr/2025 09:16:22] "GET /get_progress/Basically%20Coders%20Phase3.docx HTTP/1.1" 200 -
2025-04-06 09:16:23,169 - INFO - 127.0.0.1 - - [06/Apr/2025 09:16:23] "POST /update_progress HTTP/1.1" 200 -
2025-04-06 09:16:23,408 - INFO - 127.0.0.1 - - [06/Apr/2025 09:16:23] "GET /get_progress/Basically%20Coders%20Phase3.docx HTTP/1.1" 200 -
2025-04-06 09:16:24,403 - INFO - 127.0.0.1 - - [06/Apr/2025 09:16:24] "GET /get_progress/Basically%20Coders%20Phase3.docx HTTP/1.1" 200 -
2025-04-06 09:16:25,301 - INFO - 127.0.0.1 - - [06/Apr/2025 09:16:25] "POST /update_progress HTTP/1.1" 200 -
2025-04-06 09:16:25,414 - INFO - 127.0.0.1 - - [06/Apr/2025 09:16:25] "GET /get_progress/Basically%20Coders%20Phase3.docx HTTP/1.1" 200 -
2025-04-06 09:16:26,402 - INFO - 127.0.0.1 - - [06/Apr/2025 09:16:26] "GET /get_progress/Basically%20Coders%20Phase3.docx HTTP/1.1" 200 -
2025-04-06 09:16:27,422 - INFO - 127.0.0.1 - - [06/Apr/2025 09:16:27] "GET /get_progress/Basically%20Coders%20Phase3.docx HTTP/1.1" 200 -
2025-04-06 09:16:27,438 - INFO - 127.0.0.1 - - [06/Apr/2025 09:16:27] "POST /update_progress HTTP/1.1" 200 -
2025-04-06 09:16:28,414 - INFO - 127.0.0.1 - - [06/Apr/2025 09:16:28] "GET /get_progress/Basically%20Coders%20Phase3.docx HTTP/1.1" 200 -
2025-04-06 09:16:29,408 - INFO - 127.0.0.1 - - [06/Apr/2025 09:16:29] "GET /get_progress/Basically%20Coders%20Phase3.docx HTTP/1.1" 200 -
2025-04-06 09:16:29,584 - INFO - 127.0.0.1 - - [06/Apr/2025 09:16:29] "POST /update_progress HTTP/1.1" 200 -
2025-04-06 09:16:30,415 - INFO - 127.0.0.1 - - [06/Apr/2025 09:16:30] "GET /get_progress/Basically%20Coders%20Phase3.docx HTTP/1.1" 200 -
2025-04-06 09:16:31,415 - INFO - 127.0.0.1 - - [06/Apr/2025 09:16:31] "GET /get_progress/Basically%20Coders%20Phase3.docx HTTP/1.1" 200 -
2025-04-06 09:16:31,712 - INFO - 127.0.0.1 - - [06/Apr/2025 09:16:31] "POST /update_progress HTTP/1.1" 200 -
2025-04-06 09:16:32,420 - INFO - 127.0.0.1 - - [06/Apr/2025 09:16:32] "GET /get_progress/Basically%20Coders%20Phase3.docx HTTP/1.1" 200 -
2025-04-06 09:16:33,403 - INFO - 127.0.0.1 - - [06/Apr/2025 09:16:33] "GET /get_progress/Basically%20Coders%20Phase3.docx HTTP/1.1" 200 -
2025-04-06 09:16:33,849 - INFO - 127.0.0.1 - - [06/Apr/2025 09:16:33] "POST /update_progress HTTP/1.1" 200 -
2025-04-06 09:16:34,414 - INFO - 127.0.0.1 - - [06/Apr/2025 09:16:34] "GET /get_progress/Basically%20Coders%20Phase3.docx HTTP/1.1" 200 -
2025-04-06 09:16:35,415 - INFO - 127.0.0.1 - - [06/Apr/2025 09:16:35] "GET /get_progress/Basically%20Coders%20Phase3.docx HTTP/1.1" 200 -
2025-04-06 09:16:35,984 - INFO - 127.0.0.1 - - [06/Apr/2025 09:16:35] "POST /update_progress HTTP/1.1" 200 -
2025-04-06 09:16:36,416 - INFO - 127.0.0.1 - - [06/Apr/2025 09:16:36] "GET /get_progress/Basically%20Coders%20Phase3.docx HTTP/1.1" 200 -
2025-04-06 09:16:37,409 - INFO - 127.0.0.1 - - [06/Apr/2025 09:16:37] "GET /get_progress/Basically%20Coders%20Phase3.docx HTTP/1.1" 200 -
2025-04-06 09:16:38,120 - INFO - 127.0.0.1 - - [06/Apr/2025 09:16:38] "POST /update_progress HTTP/1.1" 200 -
2025-04-06 09:16:38,421 - INFO - 127.0.0.1 - - [06/Apr/2025 09:16:38] "GET /get_progress/Basically%20Coders%20Phase3.docx HTTP/1.1" 200 -
2025-04-06 09:16:39,413 - INFO - 127.0.0.1 - - [06/Apr/2025 09:16:39] "GET /get_progress/Basically%20Coders%20Phase3.docx HTTP/1.1" 200 -
2025-04-06 09:16:40,262 - INFO - 127.0.0.1 - - [06/Apr/2025 09:16:40] "POST /update_progress HTTP/1.1" 200 -
2025-04-06 09:16:40,418 - INFO - 127.0.0.1 - - [06/Apr/2025 09:16:40] "GET /get_progress/Basically%20Coders%20Phase3.docx HTTP/1.1" 200 -
2025-04-06 09:16:41,407 - INFO - 127.0.0.1 - - [06/Apr/2025 09:16:41] "GET /get_progress/Basically%20Coders%20Phase3.docx HTTP/1.1" 200 -
2025-04-06 09:16:42,385 - INFO - 127.0.0.1 - - [06/Apr/2025 09:16:42] "POST /update_progress HTTP/1.1" 200 -
2025-04-06 09:16:42,403 - INFO - 127.0.0.1 - - [06/Apr/2025 09:16:42] "GET /get_progress/Basically%20Coders%20Phase3.docx HTTP/1.1" 200 -
2025-04-06 09:16:43,413 - INFO - 127.0.0.1 - - [06/Apr/2025 09:16:43] "GET /get_progress/Basically%20Coders%20Phase3.docx HTTP/1.1" 200 -
2025-04-06 09:16:44,404 - INFO - 127.0.0.1 - - [06/Apr/2025 09:16:44] "GET /get_progress/Basically%20Coders%20Phase3.docx HTTP/1.1" 200 -
2025-04-06 09:16:44,524 - INFO - 127.0.0.1 - - [06/Apr/2025 09:16:44] "POST /update_progress HTTP/1.1" 200 -
2025-04-06 09:16:45,401 - INFO - 127.0.0.1 - - [06/Apr/2025 09:16:45] "GET /get_progress/Basically%20Coders%20Phase3.docx HTTP/1.1" 200 -
2025-04-06 09:16:46,426 - INFO - 127.0.0.1 - - [06/Apr/2025 09:16:46] "GET /get_progress/Basically%20Coders%20Phase3.docx HTTP/1.1" 200 -
2025-04-06 09:16:46,643 - INFO - 127.0.0.1 - - [06/Apr/2025 09:16:46] "POST /update_progress HTTP/1.1" 200 -
2025-04-06 09:16:47,406 - INFO - 127.0.0.1 - - [06/Apr/2025 09:16:47] "GET /get_progress/Basically%20Coders%20Phase3.docx HTTP/1.1" 200 -
2025-04-06 09:16:48,404 - INFO - 127.0.0.1 - - [06/Apr/2025 09:16:48] "GET /get_progress/Basically%20Coders%20Phase3.docx HTTP/1.1" 200 -
2025-04-06 09:16:48,762 - INFO - 127.0.0.1 - - [06/Apr/2025 09:16:48] "POST /update_progress HTTP/1.1" 200 -
2025-04-06 09:16:49,418 - INFO - 127.0.0.1 - - [06/Apr/2025 09:16:49] "GET /get_progress/Basically%20Coders%20Phase3.docx HTTP/1.1" 200 -
2025-04-06 09:16:50,400 - INFO - 127.0.0.1 - - [06/Apr/2025 09:16:50] "GET /get_progress/Basically%20Coders%20Phase3.docx HTTP/1.1" 200 -
2025-04-06 09:16:50,901 - INFO - 127.0.0.1 - - [06/Apr/2025 09:16:50] "POST /update_progress HTTP/1.1" 200 -
2025-04-06 09:16:51,424 - INFO - 127.0.0.1 - - [06/Apr/2025 09:16:51] "GET /get_progress/Basically%20Coders%20Phase3.docx HTTP/1.1" 200 -
2025-04-06 09:16:52,415 - INFO - 127.0.0.1 - - [06/Apr/2025 09:16:52] "GET /get_progress/Basically%20Coders%20Phase3.docx HTTP/1.1" 200 -
2025-04-06 09:16:53,030 - INFO - 127.0.0.1 - - [06/Apr/2025 09:16:53] "POST /update_progress HTTP/1.1" 200 -
2025-04-06 09:16:53,416 - INFO - 127.0.0.1 - - [06/Apr/2025 09:16:53] "GET /get_progress/Basically%20Coders%20Phase3.docx HTTP/1.1" 200 -
2025-04-06 09:16:54,415 - INFO - 127.0.0.1 - - [06/Apr/2025 09:16:54] "GET /get_progress/Basically%20Coders%20Phase3.docx HTTP/1.1" 200 -
2025-04-06 09:16:55,173 - INFO - 127.0.0.1 - - [06/Apr/2025 09:16:55] "POST /update_progress HTTP/1.1" 200 -
2025-04-06 09:16:55,421 - INFO - 127.0.0.1 - - [06/Apr/2025 09:16:55] "GET /get_progress/Basically%20Coders%20Phase3.docx HTTP/1.1" 200 -
2025-04-06 09:16:56,400 - INFO - 127.0.0.1 - - [06/Apr/2025 09:16:56] "GET /get_progress/Basically%20Coders%20Phase3.docx HTTP/1.1" 200 -
2025-04-06 09:16:57,309 - INFO - 127.0.0.1 - - [06/Apr/2025 09:16:57] "POST /update_progress HTTP/1.1" 200 -
2025-04-06 09:16:57,406 - INFO - 127.0.0.1 - - [06/Apr/2025 09:16:57] "GET /get_progress/Basically%20Coders%20Phase3.docx HTTP/1.1" 200 -
2025-04-06 09:16:58,399 - INFO - 127.0.0.1 - - [06/Apr/2025 09:16:58] "GET /get_progress/Basically%20Coders%20Phase3.docx HTTP/1.1" 200 -
2025-04-06 09:16:59,399 - INFO - 127.0.0.1 - - [06/Apr/2025 09:16:59] "GET /get_progress/Basically%20Coders%20Phase3.docx HTTP/1.1" 200 -
2025-04-06 09:16:59,434 - INFO - 127.0.0.1 - - [06/Apr/2025 09:16:59] "POST /update_progress HTTP/1.1" 200 -
2025-04-06 09:17:00,399 - INFO - 127.0.0.1 - - [06/Apr/2025 09:17:00] "GET /get_progress/Basically%20Coders%20Phase3.docx HTTP/1.1" 200 -
2025-04-06 09:17:01,426 - INFO - 127.0.0.1 - - [06/Apr/2025 09:17:01] "GET /get_progress/Basically%20Coders%20Phase3.docx HTTP/1.1" 200 -
2025-04-06 09:17:01,562 - INFO - 127.0.0.1 - - [06/Apr/2025 09:17:01] "POST /update_progress HTTP/1.1" 200 -
2025-04-06 09:17:02,410 - INFO - 127.0.0.1 - - [06/Apr/2025 09:17:02] "GET /get_progress/Basically%20Coders%20Phase3.docx HTTP/1.1" 200 -
2025-04-06 09:17:03,414 - INFO - 127.0.0.1 - - [06/Apr/2025 09:17:03] "GET /get_progress/Basically%20Coders%20Phase3.docx HTTP/1.1" 200 -
2025-04-06 09:17:03,677 - INFO - 127.0.0.1 - - [06/Apr/2025 09:17:03] "POST /update_progress HTTP/1.1" 200 -
2025-04-06 09:17:04,411 - INFO - 127.0.0.1 - - [06/Apr/2025 09:17:04] "GET /get_progress/Basically%20Coders%20Phase3.docx HTTP/1.1" 200 -
2025-04-06 09:17:05,427 - INFO - 127.0.0.1 - - [06/Apr/2025 09:17:05] "GET /get_progress/Basically%20Coders%20Phase3.docx HTTP/1.1" 200 -
2025-04-06 09:17:05,817 - INFO - 127.0.0.1 - - [06/Apr/2025 09:17:05] "POST /update_progress HTTP/1.1" 200 -
2025-04-06 09:17:06,404 - INFO - 127.0.0.1 - - [06/Apr/2025 09:17:06] "GET /get_progress/Basically%20Coders%20Phase3.docx HTTP/1.1" 200 -
2025-04-06 09:17:07,415 - INFO - 127.0.0.1 - - [06/Apr/2025 09:17:07] "GET /get_progress/Basically%20Coders%20Phase3.docx HTTP/1.1" 200 -
2025-04-06 09:17:07,963 - INFO - 127.0.0.1 - - [06/Apr/2025 09:17:07] "POST /update_progress HTTP/1.1" 200 -
2025-04-06 09:17:08,404 - INFO - 127.0.0.1 - - [06/Apr/2025 09:17:08] "GET /get_progress/Basically%20Coders%20Phase3.docx HTTP/1.1" 200 -
2025-04-06 09:17:09,400 - INFO - 127.0.0.1 - - [06/Apr/2025 09:17:09] "GET /get_progress/Basically%20Coders%20Phase3.docx HTTP/1.1" 200 -
2025-04-06 09:17:10,098 - INFO - 127.0.0.1 - - [06/Apr/2025 09:17:10] "POST /update_progress HTTP/1.1" 200 -
2025-04-06 09:17:10,418 - INFO - 127.0.0.1 - - [06/Apr/2025 09:17:10] "GET /get_progress/Basically%20Coders%20Phase3.docx HTTP/1.1" 200 -
2025-04-06 09:17:11,404 - INFO - 127.0.0.1 - - [06/Apr/2025 09:17:11] "GET /get_progress/Basically%20Coders%20Phase3.docx HTTP/1.1" 200 -
2025-04-06 09:17:12,228 - INFO - 127.0.0.1 - - [06/Apr/2025 09:17:12] "POST /update_progress HTTP/1.1" 200 -
2025-04-06 09:17:12,406 - INFO - 127.0.0.1 - - [06/Apr/2025 09:17:12] "GET /get_progress/Basically%20Coders%20Phase3.docx HTTP/1.1" 200 -
2025-04-06 09:17:13,404 - INFO - 127.0.0.1 - - [06/Apr/2025 09:17:13] "GET /get_progress/Basically%20Coders%20Phase3.docx HTTP/1.1" 200 -
2025-04-06 09:17:14,366 - INFO - 127.0.0.1 - - [06/Apr/2025 09:17:14] "POST /update_progress HTTP/1.1" 200 -
2025-04-06 09:17:14,416 - INFO - 127.0.0.1 - - [06/Apr/2025 09:17:14] "GET /get_progress/Basically%20Coders%20Phase3.docx HTTP/1.1" 200 -
2025-04-06 09:17:15,398 - INFO - 127.0.0.1 - - [06/Apr/2025 09:17:15] "GET /get_progress/Basically%20Coders%20Phase3.docx HTTP/1.1" 200 -
2025-04-06 09:17:16,399 - INFO - 127.0.0.1 - - [06/Apr/2025 09:17:16] "GET /get_progress/Basically%20Coders%20Phase3.docx HTTP/1.1" 200 -
2025-04-06 09:17:16,488 - INFO - 127.0.0.1 - - [06/Apr/2025 09:17:16] "POST /update_progress HTTP/1.1" 200 -
2025-04-06 09:17:17,404 - INFO - 127.0.0.1 - - [06/Apr/2025 09:17:17] "GET /get_progress/Basically%20Coders%20Phase3.docx HTTP/1.1" 200 -
2025-04-06 09:17:18,415 - INFO - 127.0.0.1 - - [06/Apr/2025 09:17:18] "GET /get_progress/Basically%20Coders%20Phase3.docx HTTP/1.1" 200 -
2025-04-06 09:17:18,617 - INFO - 127.0.0.1 - - [06/Apr/2025 09:17:18] "POST /update_progress HTTP/1.1" 200 -
2025-04-06 09:17:19,415 - INFO - 127.0.0.1 - - [06/Apr/2025 09:17:19] "GET /get_progress/Basically%20Coders%20Phase3.docx HTTP/1.1" 200 -
2025-04-06 09:17:20,403 - INFO - 127.0.0.1 - - [06/Apr/2025 09:17:20] "GET /get_progress/Basically%20Coders%20Phase3.docx HTTP/1.1" 200 -
2025-04-06 09:17:20,757 - INFO - 127.0.0.1 - - [06/Apr/2025 09:17:20] "POST /update_progress HTTP/1.1" 200 -
2025-04-06 09:17:21,403 - INFO - 127.0.0.1 - - [06/Apr/2025 09:17:21] "GET /get_progress/Basically%20Coders%20Phase3.docx HTTP/1.1" 200 -
2025-04-06 09:17:22,409 - INFO - 127.0.0.1 - - [06/Apr/2025 09:17:22] "GET /get_progress/Basically%20Coders%20Phase3.docx HTTP/1.1" 200 -
2025-04-06 09:17:22,892 - INFO - 127.0.0.1 - - [06/Apr/2025 09:17:22] "POST /update_progress HTTP/1.1" 200 -
2025-04-06 09:17:23,407 - INFO - 127.0.0.1 - - [06/Apr/2025 09:17:23] "GET /get_progress/Basically%20Coders%20Phase3.docx HTTP/1.1" 200 -
2025-04-06 09:17:24,414 - INFO - 127.0.0.1 - - [06/Apr/2025 09:17:24] "GET /get_progress/Basically%20Coders%20Phase3.docx HTTP/1.1" 200 -
2025-04-06 09:17:25,027 - INFO - 127.0.0.1 - - [06/Apr/2025 09:17:25] "POST /update_progress HTTP/1.1" 200 -
2025-04-06 09:17:25,412 - INFO - 127.0.0.1 - - [06/Apr/2025 09:17:25] "GET /get_progress/Basically%20Coders%20Phase3.docx HTTP/1.1" 200 -
2025-04-06 09:17:26,405 - INFO - 127.0.0.1 - - [06/Apr/2025 09:17:26] "GET /get_progress/Basically%20Coders%20Phase3.docx HTTP/1.1" 200 -
2025-04-06 09:17:27,164 - INFO - 127.0.0.1 - - [06/Apr/2025 09:17:27] "POST /update_progress HTTP/1.1" 200 -
2025-04-06 09:17:27,402 - INFO - 127.0.0.1 - - [06/Apr/2025 09:17:27] "GET /get_progress/Basically%20Coders%20Phase3.docx HTTP/1.1" 200 -
2025-04-06 09:17:28,411 - INFO - 127.0.0.1 - - [06/Apr/2025 09:17:28] "GET /get_progress/Basically%20Coders%20Phase3.docx HTTP/1.1" 200 -
2025-04-06 09:17:29,296 - INFO - 127.0.0.1 - - [06/Apr/2025 09:17:29] "POST /update_progress HTTP/1.1" 200 -
2025-04-06 09:17:29,408 - INFO - 127.0.0.1 - - [06/Apr/2025 09:17:29] "GET /get_progress/Basically%20Coders%20Phase3.docx HTTP/1.1" 200 -
2025-04-06 09:17:30,414 - INFO - 127.0.0.1 - - [06/Apr/2025 09:17:30] "GET /get_progress/Basically%20Coders%20Phase3.docx HTTP/1.1" 200 -
2025-04-06 09:17:31,400 - INFO - 127.0.0.1 - - [06/Apr/2025 09:17:31] "GET /get_progress/Basically%20Coders%20Phase3.docx HTTP/1.1" 200 -
2025-04-06 09:17:31,439 - INFO - 127.0.0.1 - - [06/Apr/2025 09:17:31] "POST /update_progress HTTP/1.1" 200 -
2025-04-06 09:17:32,403 - INFO - 127.0.0.1 - - [06/Apr/2025 09:17:32] "GET /get_progress/Basically%20Coders%20Phase3.docx HTTP/1.1" 200 -
2025-04-06 09:17:33,407 - INFO - 127.0.0.1 - - [06/Apr/2025 09:17:33] "GET /get_progress/Basically%20Coders%20Phase3.docx HTTP/1.1" 200 -
2025-04-06 09:17:33,570 - INFO - 127.0.0.1 - - [06/Apr/2025 09:17:33] "POST /update_progress HTTP/1.1" 200 -
2025-04-06 09:17:34,408 - INFO - 127.0.0.1 - - [06/Apr/2025 09:17:34] "GET /get_progress/Basically%20Coders%20Phase3.docx HTTP/1.1" 200 -
2025-04-06 09:17:35,406 - INFO - 127.0.0.1 - - [06/Apr/2025 09:17:35] "GET /get_progress/Basically%20Coders%20Phase3.docx HTTP/1.1" 200 -
2025-04-06 09:17:35,690 - INFO - 127.0.0.1 - - [06/Apr/2025 09:17:35] "POST /update_progress HTTP/1.1" 200 -
2025-04-06 09:17:36,414 - INFO - 127.0.0.1 - - [06/Apr/2025 09:17:36] "GET /get_progress/Basically%20Coders%20Phase3.docx HTTP/1.1" 200 -
2025-04-06 09:17:37,401 - INFO - 127.0.0.1 - - [06/Apr/2025 09:17:37] "GET /get_progress/Basically%20Coders%20Phase3.docx HTTP/1.1" 200 -
2025-04-06 09:17:37,836 - INFO - 127.0.0.1 - - [06/Apr/2025 09:17:37] "POST /update_progress HTTP/1.1" 200 -
2025-04-06 09:17:38,414 - INFO - 127.0.0.1 - - [06/Apr/2025 09:17:38] "GET /get_progress/Basically%20Coders%20Phase3.docx HTTP/1.1" 200 -
2025-04-06 09:17:39,419 - INFO - 127.0.0.1 - - [06/Apr/2025 09:17:39] "GET /get_progress/Basically%20Coders%20Phase3.docx HTTP/1.1" 200 -
2025-04-06 09:17:39,973 - INFO - 127.0.0.1 - - [06/Apr/2025 09:17:39] "POST /update_progress HTTP/1.1" 200 -
2025-04-06 09:17:40,403 - INFO - 127.0.0.1 - - [06/Apr/2025 09:17:40] "GET /get_progress/Basically%20Coders%20Phase3.docx HTTP/1.1" 200 -
2025-04-06 09:17:41,402 - INFO - 127.0.0.1 - - [06/Apr/2025 09:17:41] "GET /get_progress/Basically%20Coders%20Phase3.docx HTTP/1.1" 200 -
2025-04-06 09:17:42,108 - INFO - 127.0.0.1 - - [06/Apr/2025 09:17:42] "POST /update_progress HTTP/1.1" 200 -
2025-04-06 09:17:42,410 - INFO - 127.0.0.1 - - [06/Apr/2025 09:17:42] "GET /get_progress/Basically%20Coders%20Phase3.docx HTTP/1.1" 200 -
2025-04-06 09:17:43,413 - INFO - 127.0.0.1 - - [06/Apr/2025 09:17:43] "GET /get_progress/Basically%20Coders%20Phase3.docx HTTP/1.1" 200 -
2025-04-06 09:17:44,235 - INFO - 127.0.0.1 - - [06/Apr/2025 09:17:44] "POST /update_progress HTTP/1.1" 200 -
2025-04-06 09:17:44,414 - INFO - 127.0.0.1 - - [06/Apr/2025 09:17:44] "GET /get_progress/Basically%20Coders%20Phase3.docx HTTP/1.1" 200 -
2025-04-06 09:17:45,401 - INFO - 127.0.0.1 - - [06/Apr/2025 09:17:45] "GET /get_progress/Basically%20Coders%20Phase3.docx HTTP/1.1" 200 -
2025-04-06 09:17:46,370 - INFO - 127.0.0.1 - - [06/Apr/2025 09:17:46] "POST /update_progress HTTP/1.1" 200 -
2025-04-06 09:17:46,400 - INFO - 127.0.0.1 - - [06/Apr/2025 09:17:46] "GET /get_progress/Basically%20Coders%20Phase3.docx HTTP/1.1" 200 -
2025-04-06 09:17:47,418 - INFO - 127.0.0.1 - - [06/Apr/2025 09:17:47] "GET /get_progress/Basically%20Coders%20Phase3.docx HTTP/1.1" 200 -
2025-04-06 09:17:48,409 - INFO - 127.0.0.1 - - [06/Apr/2025 09:17:48] "GET /get_progress/Basically%20Coders%20Phase3.docx HTTP/1.1" 200 -
2025-04-06 09:17:48,497 - INFO - 127.0.0.1 - - [06/Apr/2025 09:17:48] "POST /update_progress HTTP/1.1" 200 -
2025-04-06 09:17:49,412 - INFO - 127.0.0.1 - - [06/Apr/2025 09:17:49] "GET /get_progress/Basically%20Coders%20Phase3.docx HTTP/1.1" 200 -
2025-04-06 09:17:50,422 - INFO - 127.0.0.1 - - [06/Apr/2025 09:17:50] "GET /get_progress/Basically%20Coders%20Phase3.docx HTTP/1.1" 200 -
2025-04-06 09:17:50,621 - INFO - 127.0.0.1 - - [06/Apr/2025 09:17:50] "POST /update_progress HTTP/1.1" 200 -
2025-04-06 09:17:51,412 - INFO - 127.0.0.1 - - [06/Apr/2025 09:17:51] "GET /get_progress/Basically%20Coders%20Phase3.docx HTTP/1.1" 200 -
2025-04-06 09:17:52,408 - INFO - 127.0.0.1 - - [06/Apr/2025 09:17:52] "GET /get_progress/Basically%20Coders%20Phase3.docx HTTP/1.1" 200 -
2025-04-06 09:17:52,754 - INFO - 127.0.0.1 - - [06/Apr/2025 09:17:52] "POST /update_progress HTTP/1.1" 200 -
2025-04-06 09:17:53,416 - INFO - 127.0.0.1 - - [06/Apr/2025 09:17:53] "GET /get_progress/Basically%20Coders%20Phase3.docx HTTP/1.1" 200 -
2025-04-06 09:17:54,407 - INFO - 127.0.0.1 - - [06/Apr/2025 09:17:54] "GET /get_progress/Basically%20Coders%20Phase3.docx HTTP/1.1" 200 -
2025-04-06 09:17:54,902 - INFO - 127.0.0.1 - - [06/Apr/2025 09:17:54] "POST /update_progress HTTP/1.1" 200 -
2025-04-06 09:17:55,408 - INFO - 127.0.0.1 - - [06/Apr/2025 09:17:55] "GET /get_progress/Basically%20Coders%20Phase3.docx HTTP/1.1" 200 -
2025-04-06 09:17:56,425 - INFO - 127.0.0.1 - - [06/Apr/2025 09:17:56] "GET /get_progress/Basically%20Coders%20Phase3.docx HTTP/1.1" 200 -
2025-04-06 09:17:57,043 - INFO - 127.0.0.1 - - [06/Apr/2025 09:17:57] "POST /update_progress HTTP/1.1" 200 -
2025-04-06 09:17:57,411 - INFO - 127.0.0.1 - - [06/Apr/2025 09:17:57] "GET /get_progress/Basically%20Coders%20Phase3.docx HTTP/1.1" 200 -
2025-04-06 09:17:58,404 - INFO - 127.0.0.1 - - [06/Apr/2025 09:17:58] "GET /get_progress/Basically%20Coders%20Phase3.docx HTTP/1.1" 200 -
2025-04-06 09:17:59,193 - INFO - 127.0.0.1 - - [06/Apr/2025 09:17:59] "POST /update_progress HTTP/1.1" 200 -
2025-04-06 09:17:59,429 - INFO - 127.0.0.1 - - [06/Apr/2025 09:17:59] "GET /get_progress/Basically%20Coders%20Phase3.docx HTTP/1.1" 200 -
2025-04-06 09:18:00,412 - INFO - 127.0.0.1 - - [06/Apr/2025 09:18:00] "GET /get_progress/Basically%20Coders%20Phase3.docx HTTP/1.1" 200 -
2025-04-06 09:18:01,323 - INFO - 127.0.0.1 - - [06/Apr/2025 09:18:01] "POST /update_progress HTTP/1.1" 200 -
2025-04-06 09:18:01,405 - INFO - 127.0.0.1 - - [06/Apr/2025 09:18:01] "GET /get_progress/Basically%20Coders%20Phase3.docx HTTP/1.1" 200 -
2025-04-06 09:18:02,423 - INFO - 127.0.0.1 - - [06/Apr/2025 09:18:02] "GET /get_progress/Basically%20Coders%20Phase3.docx HTTP/1.1" 200 -
2025-04-06 09:18:03,418 - INFO - 127.0.0.1 - - [06/Apr/2025 09:18:03] "GET /get_progress/Basically%20Coders%20Phase3.docx HTTP/1.1" 200 -
2025-04-06 09:18:03,465 - INFO - 127.0.0.1 - - [06/Apr/2025 09:18:03] "POST /update_progress HTTP/1.1" 200 -
2025-04-06 09:18:04,399 - INFO - 127.0.0.1 - - [06/Apr/2025 09:18:04] "GET /get_progress/Basically%20Coders%20Phase3.docx HTTP/1.1" 200 -
2025-04-06 09:18:05,422 - INFO - 127.0.0.1 - - [06/Apr/2025 09:18:05] "GET /get_progress/Basically%20Coders%20Phase3.docx HTTP/1.1" 200 -
2025-04-06 09:18:05,601 - INFO - 127.0.0.1 - - [06/Apr/2025 09:18:05] "POST /update_progress HTTP/1.1" 200 -
2025-04-06 09:18:06,417 - INFO - 127.0.0.1 - - [06/Apr/2025 09:18:06] "GET /get_progress/Basically%20Coders%20Phase3.docx HTTP/1.1" 200 -
2025-04-06 09:18:07,403 - INFO - 127.0.0.1 - - [06/Apr/2025 09:18:07] "GET /get_progress/Basically%20Coders%20Phase3.docx HTTP/1.1" 200 -
2025-04-06 09:18:07,730 - INFO - 127.0.0.1 - - [06/Apr/2025 09:18:07] "POST /update_progress HTTP/1.1" 200 -
2025-04-06 09:18:08,413 - INFO - 127.0.0.1 - - [06/Apr/2025 09:18:08] "GET /get_progress/Basically%20Coders%20Phase3.docx HTTP/1.1" 200 -
2025-04-06 09:18:09,413 - INFO - 127.0.0.1 - - [06/Apr/2025 09:18:09] "GET /get_progress/Basically%20Coders%20Phase3.docx HTTP/1.1" 200 -
2025-04-06 09:18:09,851 - INFO - 127.0.0.1 - - [06/Apr/2025 09:18:09] "POST /update_progress HTTP/1.1" 200 -
2025-04-06 09:18:10,412 - INFO - 127.0.0.1 - - [06/Apr/2025 09:18:10] "GET /get_progress/Basically%20Coders%20Phase3.docx HTTP/1.1" 200 -
2025-04-06 09:18:11,413 - INFO - 127.0.0.1 - - [06/Apr/2025 09:18:11] "GET /get_progress/Basically%20Coders%20Phase3.docx HTTP/1.1" 200 -
2025-04-06 09:18:11,979 - INFO - 127.0.0.1 - - [06/Apr/2025 09:18:11] "POST /update_progress HTTP/1.1" 200 -
2025-04-06 09:18:12,408 - INFO - 127.0.0.1 - - [06/Apr/2025 09:18:12] "GET /get_progress/Basically%20Coders%20Phase3.docx HTTP/1.1" 200 -
2025-04-06 09:18:13,418 - INFO - 127.0.0.1 - - [06/Apr/2025 09:18:13] "GET /get_progress/Basically%20Coders%20Phase3.docx HTTP/1.1" 200 -
2025-04-06 09:18:14,113 - INFO - 127.0.0.1 - - [06/Apr/2025 09:18:14] "POST /update_progress HTTP/1.1" 200 -
2025-04-06 09:18:14,429 - INFO - 127.0.0.1 - - [06/Apr/2025 09:18:14] "GET /get_progress/Basically%20Coders%20Phase3.docx HTTP/1.1" 200 -
2025-04-06 09:18:15,398 - INFO - 127.0.0.1 - - [06/Apr/2025 09:18:15] "GET /get_progress/Basically%20Coders%20Phase3.docx HTTP/1.1" 200 -
2025-04-06 09:18:16,236 - INFO - 127.0.0.1 - - [06/Apr/2025 09:18:16] "POST /update_progress HTTP/1.1" 200 -
2025-04-06 09:18:16,412 - INFO - 127.0.0.1 - - [06/Apr/2025 09:18:16] "GET /get_progress/Basically%20Coders%20Phase3.docx HTTP/1.1" 200 -
2025-04-06 09:18:17,416 - INFO - 127.0.0.1 - - [06/Apr/2025 09:18:17] "GET /get_progress/Basically%20Coders%20Phase3.docx HTTP/1.1" 200 -
2025-04-06 09:18:18,371 - INFO - 127.0.0.1 - - [06/Apr/2025 09:18:18] "POST /update_progress HTTP/1.1" 200 -
2025-04-06 09:18:18,404 - INFO - 127.0.0.1 - - [06/Apr/2025 09:18:18] "GET /get_progress/Basically%20Coders%20Phase3.docx HTTP/1.1" 200 -
2025-04-06 09:18:19,410 - INFO - 127.0.0.1 - - [06/Apr/2025 09:18:19] "GET /get_progress/Basically%20Coders%20Phase3.docx HTTP/1.1" 200 -
2025-04-06 09:18:20,404 - INFO - 127.0.0.1 - - [06/Apr/2025 09:18:20] "GET /get_progress/Basically%20Coders%20Phase3.docx HTTP/1.1" 200 -
2025-04-06 09:18:20,517 - INFO - 127.0.0.1 - - [06/Apr/2025 09:18:20] "POST /update_progress HTTP/1.1" 200 -
2025-04-06 09:18:21,410 - INFO - 127.0.0.1 - - [06/Apr/2025 09:18:21] "GET /get_progress/Basically%20Coders%20Phase3.docx HTTP/1.1" 200 -
2025-04-06 09:18:22,409 - INFO - 127.0.0.1 - - [06/Apr/2025 09:18:22] "GET /get_progress/Basically%20Coders%20Phase3.docx HTTP/1.1" 200 -
2025-04-06 09:18:22,658 - INFO - 127.0.0.1 - - [06/Apr/2025 09:18:22] "POST /update_progress HTTP/1.1" 200 -
2025-04-06 09:18:23,410 - INFO - 127.0.0.1 - - [06/Apr/2025 09:18:23] "GET /get_progress/Basically%20Coders%20Phase3.docx HTTP/1.1" 200 -
2025-04-06 09:18:24,414 - INFO - 127.0.0.1 - - [06/Apr/2025 09:18:24] "GET /get_progress/Basically%20Coders%20Phase3.docx HTTP/1.1" 200 -
2025-04-06 09:18:24,786 - INFO - 127.0.0.1 - - [06/Apr/2025 09:18:24] "POST /update_progress HTTP/1.1" 200 -
2025-04-06 09:18:25,410 - INFO - 127.0.0.1 - - [06/Apr/2025 09:18:25] "GET /get_progress/Basically%20Coders%20Phase3.docx HTTP/1.1" 200 -
2025-04-06 09:18:26,429 - INFO - 127.0.0.1 - - [06/Apr/2025 09:18:26] "GET /get_progress/Basically%20Coders%20Phase3.docx HTTP/1.1" 200 -
2025-04-06 09:18:26,900 - INFO - 127.0.0.1 - - [06/Apr/2025 09:18:26] "POST /update_progress HTTP/1.1" 200 -
2025-04-06 09:18:27,408 - INFO - 127.0.0.1 - - [06/Apr/2025 09:18:27] "GET /get_progress/Basically%20Coders%20Phase3.docx HTTP/1.1" 200 -
2025-04-06 09:18:28,405 - INFO - 127.0.0.1 - - [06/Apr/2025 09:18:28] "GET /get_progress/Basically%20Coders%20Phase3.docx HTTP/1.1" 200 -
2025-04-06 09:18:29,035 - INFO - 127.0.0.1 - - [06/Apr/2025 09:18:29] "POST /update_progress HTTP/1.1" 200 -
2025-04-06 09:18:29,417 - INFO - 127.0.0.1 - - [06/Apr/2025 09:18:29] "GET /get_progress/Basically%20Coders%20Phase3.docx HTTP/1.1" 200 -
2025-04-06 09:18:30,411 - INFO - 127.0.0.1 - - [06/Apr/2025 09:18:30] "GET /get_progress/Basically%20Coders%20Phase3.docx HTTP/1.1" 200 -
2025-04-06 09:18:31,172 - INFO - 127.0.0.1 - - [06/Apr/2025 09:18:31] "POST /update_progress HTTP/1.1" 200 -
2025-04-06 09:18:31,424 - INFO - 127.0.0.1 - - [06/Apr/2025 09:18:31] "GET /get_progress/Basically%20Coders%20Phase3.docx HTTP/1.1" 200 -
2025-04-06 09:18:32,403 - INFO - 127.0.0.1 - - [06/Apr/2025 09:18:32] "GET /get_progress/Basically%20Coders%20Phase3.docx HTTP/1.1" 200 -
2025-04-06 09:18:33,297 - INFO - 127.0.0.1 - - [06/Apr/2025 09:18:33] "POST /update_progress HTTP/1.1" 200 -
2025-04-06 09:18:33,408 - INFO - 127.0.0.1 - - [06/Apr/2025 09:18:33] "GET /get_progress/Basically%20Coders%20Phase3.docx HTTP/1.1" 200 -
2025-04-06 09:18:34,409 - INFO - 127.0.0.1 - - [06/Apr/2025 09:18:34] "GET /get_progress/Basically%20Coders%20Phase3.docx HTTP/1.1" 200 -
2025-04-06 09:18:35,408 - INFO - 127.0.0.1 - - [06/Apr/2025 09:18:35] "GET /get_progress/Basically%20Coders%20Phase3.docx HTTP/1.1" 200 -
2025-04-06 09:18:35,443 - INFO - 127.0.0.1 - - [06/Apr/2025 09:18:35] "POST /update_progress HTTP/1.1" 200 -
2025-04-06 09:18:36,402 - INFO - 127.0.0.1 - - [06/Apr/2025 09:18:36] "GET /get_progress/Basically%20Coders%20Phase3.docx HTTP/1.1" 200 -
2025-04-06 09:18:37,413 - INFO - 127.0.0.1 - - [06/Apr/2025 09:18:37] "GET /get_progress/Basically%20Coders%20Phase3.docx HTTP/1.1" 200 -
2025-04-06 09:18:37,579 - INFO - 127.0.0.1 - - [06/Apr/2025 09:18:37] "POST /update_progress HTTP/1.1" 200 -
2025-04-06 09:18:38,413 - INFO - 127.0.0.1 - - [06/Apr/2025 09:18:38] "GET /get_progress/Basically%20Coders%20Phase3.docx HTTP/1.1" 200 -
2025-04-06 09:18:39,415 - INFO - 127.0.0.1 - - [06/Apr/2025 09:18:39] "GET /get_progress/Basically%20Coders%20Phase3.docx HTTP/1.1" 200 -
2025-04-06 09:18:39,712 - INFO - 127.0.0.1 - - [06/Apr/2025 09:18:39] "POST /update_progress HTTP/1.1" 200 -
2025-04-06 09:18:40,414 - INFO - 127.0.0.1 - - [06/Apr/2025 09:18:40] "GET /get_progress/Basically%20Coders%20Phase3.docx HTTP/1.1" 200 -
2025-04-06 09:18:41,404 - INFO - 127.0.0.1 - - [06/Apr/2025 09:18:41] "GET /get_progress/Basically%20Coders%20Phase3.docx HTTP/1.1" 200 -
2025-04-06 09:18:41,826 - INFO - 127.0.0.1 - - [06/Apr/2025 09:18:41] "POST /update_progress HTTP/1.1" 200 -
2025-04-06 09:18:42,402 - INFO - 127.0.0.1 - - [06/Apr/2025 09:18:42] "GET /get_progress/Basically%20Coders%20Phase3.docx HTTP/1.1" 200 -
2025-04-06 09:18:43,407 - INFO - 127.0.0.1 - - [06/Apr/2025 09:18:43] "GET /get_progress/Basically%20Coders%20Phase3.docx HTTP/1.1" 200 -
2025-04-06 09:18:43,962 - INFO - 127.0.0.1 - - [06/Apr/2025 09:18:43] "POST /update_progress HTTP/1.1" 200 -
2025-04-06 09:18:44,409 - INFO - 127.0.0.1 - - [06/Apr/2025 09:18:44] "GET /get_progress/Basically%20Coders%20Phase3.docx HTTP/1.1" 200 -
2025-04-06 09:18:45,406 - INFO - 127.0.0.1 - - [06/Apr/2025 09:18:45] "GET /get_progress/Basically%20Coders%20Phase3.docx HTTP/1.1" 200 -
2025-04-06 09:18:46,100 - INFO - 127.0.0.1 - - [06/Apr/2025 09:18:46] "POST /update_progress HTTP/1.1" 200 -
2025-04-06 09:18:46,401 - INFO - 127.0.0.1 - - [06/Apr/2025 09:18:46] "GET /get_progress/Basically%20Coders%20Phase3.docx HTTP/1.1" 200 -
2025-04-06 09:18:47,409 - INFO - 127.0.0.1 - - [06/Apr/2025 09:18:47] "GET /get_progress/Basically%20Coders%20Phase3.docx HTTP/1.1" 200 -
2025-04-06 09:18:48,242 - INFO - 127.0.0.1 - - [06/Apr/2025 09:18:48] "POST /update_progress HTTP/1.1" 200 -
2025-04-06 09:18:48,405 - INFO - 127.0.0.1 - - [06/Apr/2025 09:18:48] "GET /get_progress/Basically%20Coders%20Phase3.docx HTTP/1.1" 200 -
2025-04-06 09:18:49,418 - INFO - 127.0.0.1 - - [06/Apr/2025 09:18:49] "GET /get_progress/Basically%20Coders%20Phase3.docx HTTP/1.1" 200 -
2025-04-06 09:18:50,395 - INFO - 127.0.0.1 - - [06/Apr/2025 09:18:50] "POST /update_progress HTTP/1.1" 200 -
2025-04-06 09:18:50,411 - INFO - 127.0.0.1 - - [06/Apr/2025 09:18:50] "GET /get_progress/Basically%20Coders%20Phase3.docx HTTP/1.1" 200 -
2025-04-06 09:18:51,412 - INFO - 127.0.0.1 - - [06/Apr/2025 09:18:51] "GET /get_progress/Basically%20Coders%20Phase3.docx HTTP/1.1" 200 -
2025-04-06 09:18:52,537 - INFO - 127.0.0.1 - - [06/Apr/2025 09:18:52] "POST /update_progress HTTP/1.1" 200 -
2025-04-06 09:18:52,716 - INFO - 127.0.0.1 - - [06/Apr/2025 09:18:52] "GET /get_progress/Basically%20Coders%20Phase3.docx HTTP/1.1" 200 -
2025-04-06 09:18:53,702 - INFO - 127.0.0.1 - - [06/Apr/2025 09:18:53] "GET /get_progress/Basically%20Coders%20Phase3.docx HTTP/1.1" 200 -
2025-04-06 09:18:54,677 - INFO - 127.0.0.1 - - [06/Apr/2025 09:18:54] "POST /update_progress HTTP/1.1" 200 -
2025-04-06 09:18:54,692 - INFO - 127.0.0.1 - - [06/Apr/2025 09:18:54] "GET /get_progress/Basically%20Coders%20Phase3.docx HTTP/1.1" 200 -
2025-04-06 09:18:55,688 - INFO - 127.0.0.1 - - [06/Apr/2025 09:18:55] "GET /get_progress/Basically%20Coders%20Phase3.docx HTTP/1.1" 200 -
2025-04-06 09:18:56,712 - INFO - 127.0.0.1 - - [06/Apr/2025 09:18:56] "GET /get_progress/Basically%20Coders%20Phase3.docx HTTP/1.1" 200 -
2025-04-06 09:18:56,825 - INFO - 127.0.0.1 - - [06/Apr/2025 09:18:56] "POST /update_progress HTTP/1.1" 200 -
2025-04-06 09:18:57,704 - INFO - 127.0.0.1 - - [06/Apr/2025 09:18:57] "GET /get_progress/Basically%20Coders%20Phase3.docx HTTP/1.1" 200 -
2025-04-06 09:18:58,714 - INFO - 127.0.0.1 - - [06/Apr/2025 09:18:58] "GET /get_progress/Basically%20Coders%20Phase3.docx HTTP/1.1" 200 -
2025-04-06 09:18:58,969 - INFO - 127.0.0.1 - - [06/Apr/2025 09:18:58] "POST /update_progress HTTP/1.1" 200 -
2025-04-06 09:18:59,704 - INFO - 127.0.0.1 - - [06/Apr/2025 09:18:59] "GET /get_progress/Basically%20Coders%20Phase3.docx HTTP/1.1" 200 -
2025-04-06 09:19:00,689 - INFO - 127.0.0.1 - - [06/Apr/2025 09:19:00] "GET /get_progress/Basically%20Coders%20Phase3.docx HTTP/1.1" 200 -
2025-04-06 09:19:01,106 - INFO - 127.0.0.1 - - [06/Apr/2025 09:19:01] "POST /update_progress HTTP/1.1" 200 -
2025-04-06 09:19:01,710 - INFO - 127.0.0.1 - - [06/Apr/2025 09:19:01] "GET /get_progress/Basically%20Coders%20Phase3.docx HTTP/1.1" 200 -
2025-04-06 09:19:02,696 - INFO - 127.0.0.1 - - [06/Apr/2025 09:19:02] "GET /get_progress/Basically%20Coders%20Phase3.docx HTTP/1.1" 200 -
2025-04-06 09:19:03,237 - INFO - 127.0.0.1 - - [06/Apr/2025 09:19:03] "POST /update_progress HTTP/1.1" 200 -
2025-04-06 09:19:03,709 - INFO - 127.0.0.1 - - [06/Apr/2025 09:19:03] "GET /get_progress/Basically%20Coders%20Phase3.docx HTTP/1.1" 200 -
2025-04-06 09:19:04,696 - INFO - 127.0.0.1 - - [06/Apr/2025 09:19:04] "GET /get_progress/Basically%20Coders%20Phase3.docx HTTP/1.1" 200 -
2025-04-06 09:19:05,380 - INFO - 127.0.0.1 - - [06/Apr/2025 09:19:05] "POST /update_progress HTTP/1.1" 200 -
2025-04-06 09:19:05,702 - INFO - 127.0.0.1 - - [06/Apr/2025 09:19:05] "GET /get_progress/Basically%20Coders%20Phase3.docx HTTP/1.1" 200 -
2025-04-06 09:19:06,694 - INFO - 127.0.0.1 - - [06/Apr/2025 09:19:06] "GET /get_progress/Basically%20Coders%20Phase3.docx HTTP/1.1" 200 -
2025-04-06 09:19:07,526 - INFO - 127.0.0.1 - - [06/Apr/2025 09:19:07] "POST /update_progress HTTP/1.1" 200 -
2025-04-06 09:19:07,711 - INFO - 127.0.0.1 - - [06/Apr/2025 09:19:07] "GET /get_progress/Basically%20Coders%20Phase3.docx HTTP/1.1" 200 -
2025-04-06 09:19:08,693 - INFO - 127.0.0.1 - - [06/Apr/2025 09:19:08] "GET /get_progress/Basically%20Coders%20Phase3.docx HTTP/1.1" 200 -
2025-04-06 09:19:09,669 - INFO - 127.0.0.1 - - [06/Apr/2025 09:19:09] "POST /update_progress HTTP/1.1" 200 -
2025-04-06 09:19:09,684 - INFO - 127.0.0.1 - - [06/Apr/2025 09:19:09] "GET /get_progress/Basically%20Coders%20Phase3.docx HTTP/1.1" 200 -
2025-04-06 09:19:10,700 - INFO - 127.0.0.1 - - [06/Apr/2025 09:19:10] "GET /get_progress/Basically%20Coders%20Phase3.docx HTTP/1.1" 200 -
2025-04-06 09:19:11,695 - INFO - 127.0.0.1 - - [06/Apr/2025 09:19:11] "GET /get_progress/Basically%20Coders%20Phase3.docx HTTP/1.1" 200 -
2025-04-06 09:19:11,808 - INFO - 127.0.0.1 - - [06/Apr/2025 09:19:11] "POST /update_progress HTTP/1.1" 200 -
2025-04-06 09:19:12,698 - INFO - 127.0.0.1 - - [06/Apr/2025 09:19:12] "GET /get_progress/Basically%20Coders%20Phase3.docx HTTP/1.1" 200 -
2025-04-06 09:19:13,707 - INFO - 127.0.0.1 - - [06/Apr/2025 09:19:13] "GET /get_progress/Basically%20Coders%20Phase3.docx HTTP/1.1" 200 -
2025-04-06 09:19:13,947 - INFO - 127.0.0.1 - - [06/Apr/2025 09:19:13] "POST /update_progress HTTP/1.1" 200 -
2025-04-06 09:19:14,704 - INFO - 127.0.0.1 - - [06/Apr/2025 09:19:14] "GET /get_progress/Basically%20Coders%20Phase3.docx HTTP/1.1" 200 -
2025-04-06 09:19:15,692 - INFO - 127.0.0.1 - - [06/Apr/2025 09:19:15] "GET /get_progress/Basically%20Coders%20Phase3.docx HTTP/1.1" 200 -
2025-04-06 09:19:16,105 - INFO - 127.0.0.1 - - [06/Apr/2025 09:19:16] "POST /update_progress HTTP/1.1" 200 -
2025-04-06 09:19:16,705 - INFO - 127.0.0.1 - - [06/Apr/2025 09:19:16] "GET /get_progress/Basically%20Coders%20Phase3.docx HTTP/1.1" 200 -
2025-04-06 09:19:17,688 - INFO - 127.0.0.1 - - [06/Apr/2025 09:19:17] "GET /get_progress/Basically%20Coders%20Phase3.docx HTTP/1.1" 200 -
2025-04-06 09:19:18,247 - INFO - 127.0.0.1 - - [06/Apr/2025 09:19:18] "POST /update_progress HTTP/1.1" 200 -
2025-04-06 09:19:18,693 - INFO - 127.0.0.1 - - [06/Apr/2025 09:19:18] "GET /get_progress/Basically%20Coders%20Phase3.docx HTTP/1.1" 200 -
2025-04-06 09:19:19,691 - INFO - 127.0.0.1 - - [06/Apr/2025 09:19:19] "GET /get_progress/Basically%20Coders%20Phase3.docx HTTP/1.1" 200 -
2025-04-06 09:19:20,394 - INFO - 127.0.0.1 - - [06/Apr/2025 09:19:20] "POST /update_progress HTTP/1.1" 200 -
2025-04-06 09:19:20,698 - INFO - 127.0.0.1 - - [06/Apr/2025 09:19:20] "GET /get_progress/Basically%20Coders%20Phase3.docx HTTP/1.1" 200 -
2025-04-06 09:19:21,694 - INFO - 127.0.0.1 - - [06/Apr/2025 09:19:21] "GET /get_progress/Basically%20Coders%20Phase3.docx HTTP/1.1" 200 -
2025-04-06 09:19:22,551 - INFO - 127.0.0.1 - - [06/Apr/2025 09:19:22] "POST /update_progress HTTP/1.1" 200 -
2025-04-06 09:19:22,719 - INFO - 127.0.0.1 - - [06/Apr/2025 09:19:22] "GET /get_progress/Basically%20Coders%20Phase3.docx HTTP/1.1" 200 -
2025-04-06 09:19:23,701 - INFO - 127.0.0.1 - - [06/Apr/2025 09:19:23] "GET /get_progress/Basically%20Coders%20Phase3.docx HTTP/1.1" 200 -
2025-04-06 09:19:24,683 - INFO - 127.0.0.1 - - [06/Apr/2025 09:19:24] "POST /update_progress HTTP/1.1" 200 -
2025-04-06 09:19:24,712 - INFO - 127.0.0.1 - - [06/Apr/2025 09:19:24] "GET /get_progress/Basically%20Coders%20Phase3.docx HTTP/1.1" 200 -
2025-04-06 09:19:25,692 - INFO - 127.0.0.1 - - [06/Apr/2025 09:19:25] "GET /get_progress/Basically%20Coders%20Phase3.docx HTTP/1.1" 200 -
2025-04-06 09:19:26,701 - INFO - 127.0.0.1 - - [06/Apr/2025 09:19:26] "GET /get_progress/Basically%20Coders%20Phase3.docx HTTP/1.1" 200 -
2025-04-06 09:19:26,813 - INFO - 127.0.0.1 - - [06/Apr/2025 09:19:26] "POST /update_progress HTTP/1.1" 200 -
2025-04-06 09:19:27,702 - INFO - 127.0.0.1 - - [06/Apr/2025 09:19:27] "GET /get_progress/Basically%20Coders%20Phase3.docx HTTP/1.1" 200 -
2025-04-06 09:19:28,708 - INFO - 127.0.0.1 - - [06/Apr/2025 09:19:28] "GET /get_progress/Basically%20Coders%20Phase3.docx HTTP/1.1" 200 -
2025-04-06 09:19:28,949 - INFO - 127.0.0.1 - - [06/Apr/2025 09:19:28] "POST /update_progress HTTP/1.1" 200 -
2025-04-06 09:19:29,693 - INFO - 127.0.0.1 - - [06/Apr/2025 09:19:29] "GET /get_progress/Basically%20Coders%20Phase3.docx HTTP/1.1" 200 -
2025-04-06 09:19:30,695 - INFO - 127.0.0.1 - - [06/Apr/2025 09:19:30] "GET /get_progress/Basically%20Coders%20Phase3.docx HTTP/1.1" 200 -
2025-04-06 09:19:31,095 - INFO - 127.0.0.1 - - [06/Apr/2025 09:19:31] "POST /update_progress HTTP/1.1" 200 -
2025-04-06 09:19:31,699 - INFO - 127.0.0.1 - - [06/Apr/2025 09:19:31] "GET /get_progress/Basically%20Coders%20Phase3.docx HTTP/1.1" 200 -
2025-04-06 09:19:32,699 - INFO - 127.0.0.1 - - [06/Apr/2025 09:19:32] "GET /get_progress/Basically%20Coders%20Phase3.docx HTTP/1.1" 200 -
2025-04-06 09:19:33,225 - INFO - 127.0.0.1 - - [06/Apr/2025 09:19:33] "POST /update_progress HTTP/1.1" 200 -
2025-04-06 09:19:33,723 - INFO - 127.0.0.1 - - [06/Apr/2025 09:19:33] "GET /get_progress/Basically%20Coders%20Phase3.docx HTTP/1.1" 200 -
2025-04-06 09:19:34,700 - INFO - 127.0.0.1 - - [06/Apr/2025 09:19:34] "GET /get_progress/Basically%20Coders%20Phase3.docx HTTP/1.1" 200 -
2025-04-06 09:19:35,353 - INFO - 127.0.0.1 - - [06/Apr/2025 09:19:35] "POST /update_progress HTTP/1.1" 200 -
2025-04-06 09:19:35,690 - INFO - 127.0.0.1 - - [06/Apr/2025 09:19:35] "GET /get_progress/Basically%20Coders%20Phase3.docx HTTP/1.1" 200 -
2025-04-06 09:19:36,697 - INFO - 127.0.0.1 - - [06/Apr/2025 09:19:36] "GET /get_progress/Basically%20Coders%20Phase3.docx HTTP/1.1" 200 -
2025-04-06 09:19:37,483 - INFO - 127.0.0.1 - - [06/Apr/2025 09:19:37] "POST /update_progress HTTP/1.1" 200 -
2025-04-06 09:19:37,691 - INFO - 127.0.0.1 - - [06/Apr/2025 09:19:37] "GET /get_progress/Basically%20Coders%20Phase3.docx HTTP/1.1" 200 -
2025-04-06 09:19:38,697 - INFO - 127.0.0.1 - - [06/Apr/2025 09:19:38] "GET /get_progress/Basically%20Coders%20Phase3.docx HTTP/1.1" 200 -
2025-04-06 09:19:39,617 - INFO - 127.0.0.1 - - [06/Apr/2025 09:19:39] "POST /update_progress HTTP/1.1" 200 -
2025-04-06 09:19:39,709 - INFO - 127.0.0.1 - - [06/Apr/2025 09:19:39] "GET /get_progress/Basically%20Coders%20Phase3.docx HTTP/1.1" 200 -
2025-04-06 09:19:40,703 - INFO - 127.0.0.1 - - [06/Apr/2025 09:19:40] "GET /get_progress/Basically%20Coders%20Phase3.docx HTTP/1.1" 200 -
2025-04-06 09:19:41,704 - INFO - 127.0.0.1 - - [06/Apr/2025 09:19:41] "GET /get_progress/Basically%20Coders%20Phase3.docx HTTP/1.1" 200 -
2025-04-06 09:19:41,753 - INFO - 127.0.0.1 - - [06/Apr/2025 09:19:41] "POST /update_progress HTTP/1.1" 200 -
2025-04-06 09:19:42,697 - INFO - 127.0.0.1 - - [06/Apr/2025 09:19:42] "GET /get_progress/Basically%20Coders%20Phase3.docx HTTP/1.1" 200 -
2025-04-06 09:19:43,690 - INFO - 127.0.0.1 - - [06/Apr/2025 09:19:43] "GET /get_progress/Basically%20Coders%20Phase3.docx HTTP/1.1" 200 -
2025-04-06 09:19:43,899 - INFO - 127.0.0.1 - - [06/Apr/2025 09:19:43] "POST /update_progress HTTP/1.1" 200 -
2025-04-06 09:19:44,697 - INFO - 127.0.0.1 - - [06/Apr/2025 09:19:44] "GET /get_progress/Basically%20Coders%20Phase3.docx HTTP/1.1" 200 -
2025-04-06 09:19:45,698 - INFO - 127.0.0.1 - - [06/Apr/2025 09:19:45] "GET /get_progress/Basically%20Coders%20Phase3.docx HTTP/1.1" 200 -
2025-04-06 09:19:46,051 - INFO - 127.0.0.1 - - [06/Apr/2025 09:19:46] "POST /update_progress HTTP/1.1" 200 -
2025-04-06 09:19:46,707 - INFO - 127.0.0.1 - - [06/Apr/2025 09:19:46] "GET /get_progress/Basically%20Coders%20Phase3.docx HTTP/1.1" 200 -
2025-04-06 09:19:47,693 - INFO - 127.0.0.1 - - [06/Apr/2025 09:19:47] "GET /get_progress/Basically%20Coders%20Phase3.docx HTTP/1.1" 200 -
2025-04-06 09:19:48,187 - INFO - 127.0.0.1 - - [06/Apr/2025 09:19:48] "POST /update_progress HTTP/1.1" 200 -
2025-04-06 09:19:48,714 - INFO - 127.0.0.1 - - [06/Apr/2025 09:19:48] "GET /get_progress/Basically%20Coders%20Phase3.docx HTTP/1.1" 200 -
2025-04-06 09:19:49,689 - INFO - 127.0.0.1 - - [06/Apr/2025 09:19:49] "GET /get_progress/Basically%20Coders%20Phase3.docx HTTP/1.1" 200 -
2025-04-06 09:19:50,328 - INFO - 127.0.0.1 - - [06/Apr/2025 09:19:50] "POST /update_progress HTTP/1.1" 200 -
2025-04-06 09:19:50,703 - INFO - 127.0.0.1 - - [06/Apr/2025 09:19:50] "GET /get_progress/Basically%20Coders%20Phase3.docx HTTP/1.1" 200 -
2025-04-06 09:19:52,462 - INFO - 127.0.0.1 - - [06/Apr/2025 09:19:52] "POST /update_progress HTTP/1.1" 200 -
2025-04-06 09:19:54,600 - INFO - 127.0.0.1 - - [06/Apr/2025 09:19:54] "POST /update_progress HTTP/1.1" 200 -
2025-04-06 09:19:56,744 - INFO - 127.0.0.1 - - [06/Apr/2025 09:19:56] "POST /update_progress HTTP/1.1" 200 -
2025-04-06 09:19:58,878 - INFO - 127.0.0.1 - - [06/Apr/2025 09:19:58] "POST /update_progress HTTP/1.1" 200 -
2025-04-06 09:20:01,008 - INFO - 127.0.0.1 - - [06/Apr/2025 09:20:01] "POST /update_progress HTTP/1.1" 200 -
2025-04-06 09:20:03,143 - INFO - 127.0.0.1 - - [06/Apr/2025 09:20:03] "POST /update_progress HTTP/1.1" 200 -
2025-04-06 09:20:05,289 - INFO - 127.0.0.1 - - [06/Apr/2025 09:20:05] "POST /update_progress HTTP/1.1" 200 -
2025-04-06 09:20:07,416 - INFO - 127.0.0.1 - - [06/Apr/2025 09:20:07] "POST /update_progress HTTP/1.1" 200 -
2025-04-06 09:20:09,549 - INFO - 127.0.0.1 - - [06/Apr/2025 09:20:09] "POST /update_progress HTTP/1.1" 200 -
2025-04-06 09:20:11,690 - INFO - 127.0.0.1 - - [06/Apr/2025 09:20:11] "POST /update_progress HTTP/1.1" 200 -
2025-04-06 09:20:13,826 - INFO - 127.0.0.1 - - [06/Apr/2025 09:20:13] "POST /update_progress HTTP/1.1" 200 -
2025-04-06 09:20:15,960 - INFO - 127.0.0.1 - - [06/Apr/2025 09:20:15] "POST /update_progress HTTP/1.1" 200 -
2025-04-06 09:20:18,099 - INFO - 127.0.0.1 - - [06/Apr/2025 09:20:18] "POST /update_progress HTTP/1.1" 200 -
2025-04-06 09:20:20,245 - INFO - 127.0.0.1 - - [06/Apr/2025 09:20:20] "POST /update_progress HTTP/1.1" 200 -
2025-04-06 09:20:22,373 - INFO - 127.0.0.1 - - [06/Apr/2025 09:20:22] "POST /update_progress HTTP/1.1" 200 -
2025-04-06 09:20:24,527 - INFO - 127.0.0.1 - - [06/Apr/2025 09:20:24] "POST /update_progress HTTP/1.1" 200 -
2025-04-06 09:20:24,693 - INFO - 127.0.0.1 - - [06/Apr/2025 09:20:24] "GET /get_progress/Basically%20Coders%20Phase3.docx HTTP/1.1" 200 -
2025-04-06 09:20:26,674 - INFO - 127.0.0.1 - - [06/Apr/2025 09:20:26] "POST /update_progress HTTP/1.1" 200 -
2025-04-06 09:20:28,819 - INFO - 127.0.0.1 - - [06/Apr/2025 09:20:28] "POST /update_progress HTTP/1.1" 200 -
2025-04-06 09:20:30,955 - INFO - 127.0.0.1 - - [06/Apr/2025 09:20:30] "POST /update_progress HTTP/1.1" 200 -
2025-04-06 09:20:33,092 - INFO - 127.0.0.1 - - [06/Apr/2025 09:20:33] "POST /update_progress HTTP/1.1" 200 -
2025-04-06 09:20:35,228 - INFO - 127.0.0.1 - - [06/Apr/2025 09:20:35] "POST /update_progress HTTP/1.1" 200 -
2025-04-06 09:20:37,360 - INFO - 127.0.0.1 - - [06/Apr/2025 09:20:37] "POST /update_progress HTTP/1.1" 200 -
2025-04-06 09:20:39,501 - INFO - 127.0.0.1 - - [06/Apr/2025 09:20:39] "POST /update_progress HTTP/1.1" 200 -
2025-04-06 09:20:41,636 - INFO - 127.0.0.1 - - [06/Apr/2025 09:20:41] "POST /update_progress HTTP/1.1" 200 -
2025-04-06 09:20:43,778 - INFO - 127.0.0.1 - - [06/Apr/2025 09:20:43] "POST /update_progress HTTP/1.1" 200 -
2025-04-06 09:20:45,913 - INFO - 127.0.0.1 - - [06/Apr/2025 09:20:45] "POST /update_progress HTTP/1.1" 200 -
2025-04-06 09:20:48,046 - INFO - 127.0.0.1 - - [06/Apr/2025 09:20:48] "POST /update_progress HTTP/1.1" 200 -
2025-04-06 09:20:50,188 - INFO - 127.0.0.1 - - [06/Apr/2025 09:20:50] "POST /update_progress HTTP/1.1" 200 -
2025-04-06 09:20:52,333 - INFO - 127.0.0.1 - - [06/Apr/2025 09:20:52] "POST /update_progress HTTP/1.1" 200 -
2025-04-06 09:20:54,466 - INFO - 127.0.0.1 - - [06/Apr/2025 09:20:54] "POST /update_progress HTTP/1.1" 200 -
2025-04-06 09:20:56,600 - INFO - 127.0.0.1 - - [06/Apr/2025 09:20:56] "POST /update_progress HTTP/1.1" 200 -
2025-04-06 09:20:58,737 - INFO - 127.0.0.1 - - [06/Apr/2025 09:20:58] "POST /update_progress HTTP/1.1" 200 -
2025-04-06 09:21:00,878 - INFO - 127.0.0.1 - - [06/Apr/2025 09:21:00] "POST /update_progress HTTP/1.1" 200 -
2025-04-06 09:21:03,017 - INFO - 127.0.0.1 - - [06/Apr/2025 09:21:03] "POST /update_progress HTTP/1.1" 200 -
2025-04-06 09:21:05,164 - INFO - 127.0.0.1 - - [06/Apr/2025 09:21:05] "POST /update_progress HTTP/1.1" 200 -
2025-04-06 09:21:07,316 - INFO - 127.0.0.1 - - [06/Apr/2025 09:21:07] "POST /update_progress HTTP/1.1" 200 -
2025-04-06 09:21:09,471 - INFO - 127.0.0.1 - - [06/Apr/2025 09:21:09] "POST /update_progress HTTP/1.1" 200 -
2025-04-06 09:21:11,602 - INFO - 127.0.0.1 - - [06/Apr/2025 09:21:11] "POST /update_progress HTTP/1.1" 200 -
2025-04-06 09:21:13,738 - INFO - 127.0.0.1 - - [06/Apr/2025 09:21:13] "POST /update_progress HTTP/1.1" 200 -
2025-04-06 09:21:15,874 - INFO - 127.0.0.1 - - [06/Apr/2025 09:21:15] "POST /update_progress HTTP/1.1" 200 -
2025-04-06 09:21:18,021 - INFO - 127.0.0.1 - - [06/Apr/2025 09:21:18] "POST /update_progress HTTP/1.1" 200 -
2025-04-06 09:21:20,155 - INFO - 127.0.0.1 - - [06/Apr/2025 09:21:20] "POST /update_progress HTTP/1.1" 200 -
2025-04-06 09:21:22,295 - INFO - 127.0.0.1 - - [06/Apr/2025 09:21:22] "POST /update_progress HTTP/1.1" 200 -
2025-04-06 09:21:24,438 - INFO - 127.0.0.1 - - [06/Apr/2025 09:21:24] "POST /update_progress HTTP/1.1" 200 -
2025-04-06 09:21:24,710 - INFO - 127.0.0.1 - - [06/Apr/2025 09:21:24] "GET /get_progress/Basically%20Coders%20Phase3.docx HTTP/1.1" 200 -
2025-04-06 09:21:26,581 - INFO - 127.0.0.1 - - [06/Apr/2025 09:21:26] "POST /update_progress HTTP/1.1" 200 -
2025-04-06 09:21:28,712 - INFO - 127.0.0.1 - - [06/Apr/2025 09:21:28] "POST /update_progress HTTP/1.1" 200 -
2025-04-06 09:21:30,847 - INFO - 127.0.0.1 - - [06/Apr/2025 09:21:30] "POST /update_progress HTTP/1.1" 200 -
2025-04-06 09:21:32,982 - INFO - 127.0.0.1 - - [06/Apr/2025 09:21:32] "POST /update_progress HTTP/1.1" 200 -
2025-04-06 09:21:35,114 - INFO - 127.0.0.1 - - [06/Apr/2025 09:21:35] "POST /update_progress HTTP/1.1" 200 -
2025-04-06 09:21:37,244 - INFO - 127.0.0.1 - - [06/Apr/2025 09:21:37] "POST /update_progress HTTP/1.1" 200 -
2025-04-06 09:21:39,376 - INFO - 127.0.0.1 - - [06/Apr/2025 09:21:39] "POST /update_progress HTTP/1.1" 200 -
2025-04-06 09:21:41,512 - INFO - 127.0.0.1 - - [06/Apr/2025 09:21:41] "POST /update_progress HTTP/1.1" 200 -
2025-04-06 09:21:43,650 - INFO - 127.0.0.1 - - [06/Apr/2025 09:21:43] "POST /update_progress HTTP/1.1" 200 -
2025-04-06 09:21:45,805 - INFO - 127.0.0.1 - - [06/Apr/2025 09:21:45] "POST /update_progress HTTP/1.1" 200 -
2025-04-06 09:21:47,951 - INFO - 127.0.0.1 - - [06/Apr/2025 09:21:47] "POST /update_progress HTTP/1.1" 200 -
2025-04-06 09:21:50,083 - INFO - 127.0.0.1 - - [06/Apr/2025 09:21:50] "POST /update_progress HTTP/1.1" 200 -
2025-04-06 09:21:52,230 - INFO - 127.0.0.1 - - [06/Apr/2025 09:21:52] "POST /update_progress HTTP/1.1" 200 -
2025-04-06 09:21:54,374 - INFO - 127.0.0.1 - - [06/Apr/2025 09:21:54] "POST /update_progress HTTP/1.1" 200 -
2025-04-06 09:21:56,512 - INFO - 127.0.0.1 - - [06/Apr/2025 09:21:56] "POST /update_progress HTTP/1.1" 200 -
2025-04-06 09:21:58,644 - INFO - 127.0.0.1 - - [06/Apr/2025 09:21:58] "POST /update_progress HTTP/1.1" 200 -
2025-04-06 09:22:00,786 - INFO - 127.0.0.1 - - [06/Apr/2025 09:22:00] "POST /update_progress HTTP/1.1" 200 -
2025-04-06 09:22:02,930 - INFO - 127.0.0.1 - - [06/Apr/2025 09:22:02] "POST /update_progress HTTP/1.1" 200 -
2025-04-06 09:22:05,064 - INFO - 127.0.0.1 - - [06/Apr/2025 09:22:05] "POST /update_progress HTTP/1.1" 200 -
2025-04-06 09:22:07,193 - INFO - 127.0.0.1 - - [06/Apr/2025 09:22:07] "POST /update_progress HTTP/1.1" 200 -
2025-04-06 09:22:09,339 - INFO - 127.0.0.1 - - [06/Apr/2025 09:22:09] "POST /update_progress HTTP/1.1" 200 -
2025-04-06 09:22:11,480 - INFO - 127.0.0.1 - - [06/Apr/2025 09:22:11] "POST /update_progress HTTP/1.1" 200 -
2025-04-06 09:22:13,629 - INFO - 127.0.0.1 - - [06/Apr/2025 09:22:13] "POST /update_progress HTTP/1.1" 200 -
2025-04-06 09:22:15,765 - INFO - 127.0.0.1 - - [06/Apr/2025 09:22:15] "POST /update_progress HTTP/1.1" 200 -
2025-04-06 09:22:17,906 - INFO - 127.0.0.1 - - [06/Apr/2025 09:22:17] "POST /update_progress HTTP/1.1" 200 -
2025-04-06 09:22:20,041 - INFO - 127.0.0.1 - - [06/Apr/2025 09:22:20] "POST /update_progress HTTP/1.1" 200 -
2025-04-06 09:22:22,179 - INFO - 127.0.0.1 - - [06/Apr/2025 09:22:22] "POST /update_progress HTTP/1.1" 200 -
2025-04-06 09:22:24,333 - INFO - 127.0.0.1 - - [06/Apr/2025 09:22:24] "POST /update_progress HTTP/1.1" 200 -
2025-04-06 09:22:24,696 - INFO - 127.0.0.1 - - [06/Apr/2025 09:22:24] "GET /get_progress/Basically%20Coders%20Phase3.docx HTTP/1.1" 200 -
2025-04-06 09:22:26,471 - INFO - 127.0.0.1 - - [06/Apr/2025 09:22:26] "POST /update_progress HTTP/1.1" 200 -
2025-04-06 09:22:28,604 - INFO - 127.0.0.1 - - [06/Apr/2025 09:22:28] "POST /update_progress HTTP/1.1" 200 -
2025-04-06 09:22:30,743 - INFO - 127.0.0.1 - - [06/Apr/2025 09:22:30] "POST /update_progress HTTP/1.1" 200 -
2025-04-06 09:22:32,878 - INFO - 127.0.0.1 - - [06/Apr/2025 09:22:32] "POST /update_progress HTTP/1.1" 200 -
2025-04-06 09:22:35,011 - INFO - 127.0.0.1 - - [06/Apr/2025 09:22:35] "POST /update_progress HTTP/1.1" 200 -
2025-04-06 09:22:37,148 - INFO - 127.0.0.1 - - [06/Apr/2025 09:22:37] "POST /update_progress HTTP/1.1" 200 -
2025-04-06 09:22:39,289 - INFO - 127.0.0.1 - - [06/Apr/2025 09:22:39] "POST /update_progress HTTP/1.1" 200 -
2025-04-06 09:22:41,418 - INFO - 127.0.0.1 - - [06/Apr/2025 09:22:41] "POST /update_progress HTTP/1.1" 200 -
2025-04-06 09:22:43,554 - INFO - 127.0.0.1 - - [06/Apr/2025 09:22:43] "POST /update_progress HTTP/1.1" 200 -
2025-04-06 09:22:45,700 - INFO - 127.0.0.1 - - [06/Apr/2025 09:22:45] "POST /update_progress HTTP/1.1" 200 -
2025-04-06 09:22:47,851 - INFO - 127.0.0.1 - - [06/Apr/2025 09:22:47] "POST /update_progress HTTP/1.1" 200 -
2025-04-06 09:22:50,007 - INFO - 127.0.0.1 - - [06/Apr/2025 09:22:50] "POST /update_progress HTTP/1.1" 200 -
2025-04-06 09:22:52,135 - INFO - 127.0.0.1 - - [06/Apr/2025 09:22:52] "POST /update_progress HTTP/1.1" 200 -
2025-04-06 09:22:54,264 - INFO - 127.0.0.1 - - [06/Apr/2025 09:22:54] "POST /update_progress HTTP/1.1" 200 -
2025-04-06 09:22:56,412 - INFO - 127.0.0.1 - - [06/Apr/2025 09:22:56] "POST /update_progress HTTP/1.1" 200 -
2025-04-06 09:22:58,543 - INFO - 127.0.0.1 - - [06/Apr/2025 09:22:58] "POST /update_progress HTTP/1.1" 200 -
2025-04-06 09:23:00,686 - INFO - 127.0.0.1 - - [06/Apr/2025 09:23:00] "POST /update_progress HTTP/1.1" 200 -
2025-04-06 09:23:02,820 - INFO - 127.0.0.1 - - [06/Apr/2025 09:23:02] "POST /update_progress HTTP/1.1" 200 -
2025-04-06 09:23:04,949 - INFO - 127.0.0.1 - - [06/Apr/2025 09:23:04] "POST /update_progress HTTP/1.1" 200 -
2025-04-06 09:23:07,084 - INFO - 127.0.0.1 - - [06/Apr/2025 09:23:07] "POST /update_progress HTTP/1.1" 200 -
2025-04-06 09:23:09,225 - INFO - 127.0.0.1 - - [06/Apr/2025 09:23:09] "POST /update_progress HTTP/1.1" 200 -
2025-04-06 09:23:11,357 - INFO - 127.0.0.1 - - [06/Apr/2025 09:23:11] "POST /update_progress HTTP/1.1" 200 -
2025-04-06 09:23:13,505 - INFO - 127.0.0.1 - - [06/Apr/2025 09:23:13] "POST /update_progress HTTP/1.1" 200 -
2025-04-06 09:23:15,653 - INFO - 127.0.0.1 - - [06/Apr/2025 09:23:15] "POST /update_progress HTTP/1.1" 200 -
2025-04-06 09:23:17,798 - INFO - 127.0.0.1 - - [06/Apr/2025 09:23:17] "POST /update_progress HTTP/1.1" 200 -
2025-04-06 09:23:19,936 - INFO - 127.0.0.1 - - [06/Apr/2025 09:23:19] "POST /update_progress HTTP/1.1" 200 -
2025-04-06 09:23:22,070 - INFO - 127.0.0.1 - - [06/Apr/2025 09:23:22] "POST /update_progress HTTP/1.1" 200 -
2025-04-06 09:23:24,218 - INFO - 127.0.0.1 - - [06/Apr/2025 09:23:24] "POST /update_progress HTTP/1.1" 200 -
2025-04-06 09:23:24,715 - INFO - 127.0.0.1 - - [06/Apr/2025 09:23:24] "GET /get_progress/Basically%20Coders%20Phase3.docx HTTP/1.1" 200 -
2025-04-06 09:23:26,366 - INFO - 127.0.0.1 - - [06/Apr/2025 09:23:26] "POST /update_progress HTTP/1.1" 200 -
2025-04-06 09:23:28,502 - INFO - 127.0.0.1 - - [06/Apr/2025 09:23:28] "POST /update_progress HTTP/1.1" 200 -
2025-04-06 09:23:30,643 - INFO - 127.0.0.1 - - [06/Apr/2025 09:23:30] "POST /update_progress HTTP/1.1" 200 -
2025-04-06 09:23:32,777 - INFO - 127.0.0.1 - - [06/Apr/2025 09:23:32] "POST /update_progress HTTP/1.1" 200 -
2025-04-06 09:23:32,879 - INFO - Received 1259543 bytes for file Basically Coders Phase3.docx
2025-04-06 09:23:32,880 - INFO - Basically Coders Phase3.docx file saved on: Basically Coders Phase3.docx
2025-04-06 09:23:32,880 - INFO - Connection with ('127.0.0.1', 58518) closed
2025-04-06 09:23:34,913 - INFO - 127.0.0.1 - - [06/Apr/2025 09:23:34] "POST /update_progress HTTP/1.1" 200 -
2025-04-06 09:23:37,065 - INFO - 127.0.0.1 - - [06/Apr/2025 09:23:37] "POST /update_progress HTTP/1.1" 200 -
2025-04-06 09:23:37,066 - INFO - Client connection closed
2025-04-06 09:23:37,067 - INFO - 127.0.0.1 - - [06/Apr/2025 09:23:37] "POST /upload HTTP/1.1" 200 -
2025-04-06 09:36:25,537 - INFO - New connection established with client of address = ('127.0.0.1', 60088)
2025-04-06 09:36:25,538 - INFO - New serving socket connected to address = ('127.0.0.1', 60088)
2025-04-06 09:36:25,539 - INFO - List files request received
2025-04-06 09:36:25,539 - INFO - File list sent to client
2025-04-06 09:36:25,539 - INFO - Connection with ('127.0.0.1', 60088) closed
2025-04-06 09:36:26,538 - INFO - Requesting file list from server
2025-04-06 09:36:26,538 - INFO - Received file list with 1 files
2025-04-06 09:36:26,539 - INFO - Client connection closed
2025-04-06 09:36:26,539 - INFO - 127.0.0.1 - - [06/Apr/2025 09:36:26] "GET /list HTTP/1.1" 200 -
2025-04-06 09:36:26,547 - INFO - 127.0.0.1 - - [06/Apr/2025 09:36:26] "[33mGET /icons/word-file.png HTTP/1.1[0m" 404 -
2025-04-06 09:36:31,188 - INFO - New connection established with client of address = ('127.0.0.1', 60095)
2025-04-06 09:36:31,188 - INFO - New serving socket connected to address = ('127.0.0.1', 60095)
2025-04-06 09:36:31,189 - INFO - Download request received
2025-04-06 09:36:31,882 - INFO - 127.0.0.1 - - [06/Apr/2025 09:36:31] "GET /get_progress/Basically%20Coders%20Phase3.docx HTTP/1.1" 200 -
2025-04-06 09:36:32,188 - INFO - Downloading file: client_files\temp_Basically Coders Phase3.docx
2025-04-06 09:36:32,188 - INFO - Client requested file: temp_Basically Coders Phase3.docx
2025-04-06 09:36:32,189 - WARNING - File temp_Basically Coders Phase3.docx not found
2025-04-06 09:36:32,189 - INFO - Connection with ('127.0.0.1', 60095) closed
2025-04-06 09:36:34,210 - INFO - 127.0.0.1 - - [06/Apr/2025 09:36:34] "POST /update_progress HTTP/1.1" 200 -
2025-04-06 09:36:34,212 - INFO - Client connection closed
2025-04-06 09:36:34,213 - INFO - 127.0.0.1 - - [06/Apr/2025 09:36:34] "POST /download HTTP/1.1" 200 -
2025-04-06 09:37:13,902 - INFO - New connection established with client of address = ('127.0.0.1', 60135)
2025-04-06 09:37:13,903 - INFO - New serving socket connected to address = ('127.0.0.1', 60135)
2025-04-06 09:37:13,903 - INFO - Upload request received
2025-04-06 09:37:14,595 - INFO - 127.0.0.1 - - [06/Apr/2025 09:37:14] "GET /get_progress/DB%20stuff.txt HTTP/1.1" 200 -
2025-04-06 09:37:14,902 - INFO - Uploading file: client_files\DB stuff.txt
2025-04-06 09:37:14,903 - INFO - Receiving file with name: DB stuff.txt
2025-04-06 09:37:15,907 - INFO - 127.0.0.1 - - [06/Apr/2025 09:37:15] "GET /get_progress/DB%20stuff.txt HTTP/1.1" 200 -
2025-04-06 09:37:16,913 - INFO - 127.0.0.1 - - [06/Apr/2025 09:37:16] "GET /get_progress/DB%20stuff.txt HTTP/1.1" 200 -
2025-04-06 09:37:16,955 - INFO - 127.0.0.1 - - [06/Apr/2025 09:37:16] "POST /update_progress HTTP/1.1" 200 -
2025-04-06 09:37:17,057 - INFO - Received 4877 bytes for file DB stuff.txt
2025-04-06 09:37:17,059 - INFO - DB stuff.txt file saved on: DB stuff.txt
2025-04-06 09:37:17,059 - INFO - Connection with ('127.0.0.1', 60135) closed
2025-04-06 09:37:17,912 - INFO - 127.0.0.1 - - [06/Apr/2025 09:37:17] "GET /get_progress/DB%20stuff.txt HTTP/1.1" 200 -
2025-04-06 09:37:18,911 - INFO - 127.0.0.1 - - [06/Apr/2025 09:37:18] "GET /get_progress/DB%20stuff.txt HTTP/1.1" 200 -
2025-04-06 09:37:19,096 - INFO - 127.0.0.1 - - [06/Apr/2025 09:37:19] "POST /update_progress HTTP/1.1" 200 -
2025-04-06 09:37:19,901 - INFO - 127.0.0.1 - - [06/Apr/2025 09:37:19] "GET /get_progress/DB%20stuff.txt HTTP/1.1" 200 -
2025-04-06 09:37:21,231 - INFO - 127.0.0.1 - - [06/Apr/2025 09:37:21] "POST /update_progress HTTP/1.1" 200 -
2025-04-06 09:37:21,233 - INFO - Client connection closed
2025-04-06 09:37:21,233 - INFO - 127.0.0.1 - - [06/Apr/2025 09:37:21] "POST /upload HTTP/1.1" 200 -
2025-04-06 09:37:23,152 - INFO - New connection established with client of address = ('127.0.0.1', 60156)
2025-04-06 09:37:23,153 - INFO - New serving socket connected to address = ('127.0.0.1', 60156)
2025-04-06 09:37:23,153 - INFO - List files request received
2025-04-06 09:37:23,153 - INFO - File list sent to client
2025-04-06 09:37:23,154 - INFO - Connection with ('127.0.0.1', 60156) closed
2025-04-06 09:37:24,153 - INFO - Requesting file list from server
2025-04-06 09:37:24,153 - INFO - Received file list with 2 files
2025-04-06 09:37:24,154 - INFO - Client connection closed
2025-04-06 09:37:24,155 - INFO - 127.0.0.1 - - [06/Apr/2025 09:37:24] "GET /list HTTP/1.1" 200 -
2025-04-06 09:37:24,161 - INFO - 127.0.0.1 - - [06/Apr/2025 09:37:24] "[33mGET /icons/text-file.png HTTP/1.1[0m" 404 -
2025-04-06 09:37:24,462 - INFO - 127.0.0.1 - - [06/Apr/2025 09:37:24] "[33mGET /icons/word-file.png HTTP/1.1[0m" 404 -
2025-04-06 09:37:34,236 - INFO - New connection established with client of address = ('127.0.0.1', 60163)
2025-04-06 09:37:34,237 - INFO - New serving socket connected to address = ('127.0.0.1', 60163)
2025-04-06 09:37:34,237 - INFO - Download request received
2025-04-06 09:37:34,938 - INFO - 127.0.0.1 - - [06/Apr/2025 09:37:34] "GET /get_progress/DB%20stuff.txt HTTP/1.1" 200 -
2025-04-06 09:37:35,237 - INFO - Downloading file: client_files\temp_DB stuff.txt
2025-04-06 09:37:35,237 - INFO - Client requested file: temp_DB stuff.txt
2025-04-06 09:37:35,238 - WARNING - File temp_DB stuff.txt not found
2025-04-06 09:37:35,238 - INFO - Connection with ('127.0.0.1', 60163) closed
2025-04-06 09:37:37,288 - INFO - 127.0.0.1 - - [06/Apr/2025 09:37:37] "POST /update_progress HTTP/1.1" 200 -
2025-04-06 09:37:37,289 - INFO - Client connection closed
2025-04-06 09:37:37,290 - INFO - 127.0.0.1 - - [06/Apr/2025 09:37:37] "POST /download HTTP/1.1" 200 -
2025-04-06 09:38:04,860 - INFO - 127.0.0.1 - - [06/Apr/2025 09:38:04] "GET / HTTP/1.1" 200 -
2025-04-06 09:38:04,869 - INFO - 127.0.0.1 - - [06/Apr/2025 09:38:04] "[36mGET /static/script.js HTTP/1.1[0m" 304 -
2025-04-06 09:38:05,127 - INFO - 127.0.0.1 - - [06/Apr/2025 09:38:05] "[36mGET /static/styles.css HTTP/1.1[0m" 304 -
2025-04-06 09:38:05,446 - INFO - New connection established with client of address = ('127.0.0.1', 60178)
2025-04-06 09:38:05,447 - INFO - New serving socket connected to address = ('127.0.0.1', 60178)
2025-04-06 09:38:05,447 - INFO - List files request received
2025-04-06 09:38:05,448 - INFO - File list sent to client
2025-04-06 09:38:05,448 - INFO - Connection with ('127.0.0.1', 60178) closed
2025-04-06 09:38:05,943 - INFO - 127.0.0.1 - - [06/Apr/2025 09:38:05] "GET / HTTP/1.1" 200 -
2025-04-06 09:38:06,446 - INFO - Requesting file list from server
2025-04-06 09:38:06,447 - INFO - Received file list with 1 files
2025-04-06 09:38:06,447 - INFO - Client connection closed
2025-04-06 09:38:06,447 - INFO - 127.0.0.1 - - [06/Apr/2025 09:38:06] "GET /list HTTP/1.1" 200 -
2025-04-06 09:38:07,377 - INFO - 127.0.0.1 - - [06/Apr/2025 09:38:07] "[36mGET /static/styles.css HTTP/1.1[0m" 304 -
2025-04-06 09:38:07,378 - INFO - 127.0.0.1 - - [06/Apr/2025 09:38:07] "[36mGET /static/script.js HTTP/1.1[0m" 304 -
2025-04-06 09:38:07,618 - INFO - New connection established with client of address = ('127.0.0.1', 60187)
2025-04-06 09:38:07,619 - INFO - New serving socket connected to address = ('127.0.0.1', 60187)
2025-04-06 09:38:07,619 - INFO - List files request received
2025-04-06 09:38:07,619 - INFO - File list sent to client
2025-04-06 09:38:07,620 - INFO - Connection with ('127.0.0.1', 60187) closed
2025-04-06 09:38:08,619 - INFO - Requesting file list from server
2025-04-06 09:38:08,619 - INFO - Received file list with 1 files
2025-04-06 09:38:08,619 - INFO - Client connection closed
2025-04-06 09:38:08,619 - INFO - 127.0.0.1 - - [06/Apr/2025 09:38:08] "GET /list HTTP/1.1" 200 -
2025-04-06 09:38:13,384 - INFO - New connection established with client of address = ('127.0.0.1', 60190)
2025-04-06 09:38:13,384 - INFO - New serving socket connected to address = ('127.0.0.1', 60190)
2025-04-06 09:38:13,384 - INFO - Upload request received
2025-04-06 09:38:14,384 - INFO - Uploading file: client_files\Basically Coders Phase1.docx
2025-04-06 09:38:14,384 - INFO - Receiving file with name: Basically Coders Phase1.docx
2025-04-06 09:38:14,703 - INFO - 127.0.0.1 - - [06/Apr/2025 09:38:14] "GET /get_progress/Basically%20Coders%20Phase1.docx HTTP/1.1" 200 -
2025-04-06 09:38:15,707 - INFO - 127.0.0.1 - - [06/Apr/2025 09:38:15] "GET /get_progress/Basically%20Coders%20Phase1.docx HTTP/1.1" 200 -
2025-04-06 09:38:16,437 - INFO - 127.0.0.1 - - [06/Apr/2025 09:38:16] "POST /update_progress HTTP/1.1" 200 -
2025-04-06 09:38:16,707 - INFO - 127.0.0.1 - - [06/Apr/2025 09:38:16] "GET /get_progress/Basically%20Coders%20Phase1.docx HTTP/1.1" 200 -
2025-04-06 09:38:17,683 - INFO - 127.0.0.1 - - [06/Apr/2025 09:38:17] "GET /get_progress/Basically%20Coders%20Phase1.docx HTTP/1.1" 200 -
2025-04-06 09:38:18,574 - INFO - 127.0.0.1 - - [06/Apr/2025 09:38:18] "POST /update_progress HTTP/1.1" 200 -
2025-04-06 09:38:18,683 - INFO - 127.0.0.1 - - [06/Apr/2025 09:38:18] "GET /get_progress/Basically%20Coders%20Phase1.docx HTTP/1.1" 200 -
2025-04-06 09:38:19,683 - INFO - 127.0.0.1 - - [06/Apr/2025 09:38:19] "GET /get_progress/Basically%20Coders%20Phase1.docx HTTP/1.1" 200 -
2025-04-06 09:38:20,714 - INFO - 127.0.0.1 - - [06/Apr/2025 09:38:20] "GET /get_progress/Basically%20Coders%20Phase1.docx HTTP/1.1" 200 -
2025-04-06 09:38:20,717 - INFO - 127.0.0.1 - - [06/Apr/2025 09:38:20] "POST /update_progress HTTP/1.1" 200 -
2025-04-06 09:38:21,683 - INFO - 127.0.0.1 - - [06/Apr/2025 09:38:21] "GET /get_progress/Basically%20Coders%20Phase1.docx HTTP/1.1" 200 -
2025-04-06 09:38:22,712 - INFO - 127.0.0.1 - - [06/Apr/2025 09:38:22] "GET /get_progress/Basically%20Coders%20Phase1.docx HTTP/1.1" 200 -
2025-04-06 09:38:22,861 - INFO - 127.0.0.1 - - [06/Apr/2025 09:38:22] "POST /update_progress HTTP/1.1" 200 -
2025-04-06 09:38:23,694 - INFO - 127.0.0.1 - - [06/Apr/2025 09:38:23] "GET /get_progress/Basically%20Coders%20Phase1.docx HTTP/1.1" 200 -
2025-04-06 09:38:24,688 - INFO - 127.0.0.1 - - [06/Apr/2025 09:38:24] "GET /get_progress/Basically%20Coders%20Phase1.docx HTTP/1.1" 200 -
2025-04-06 09:38:24,991 - INFO - 127.0.0.1 - - [06/Apr/2025 09:38:24] "POST /update_progress HTTP/1.1" 200 -
2025-04-06 09:38:25,688 - INFO - 127.0.0.1 - - [06/Apr/2025 09:38:25] "GET /get_progress/Basically%20Coders%20Phase1.docx HTTP/1.1" 200 -
2025-04-06 09:38:26,709 - INFO - 127.0.0.1 - - [06/Apr/2025 09:38:26] "GET /get_progress/Basically%20Coders%20Phase1.docx HTTP/1.1" 200 -
2025-04-06 09:38:27,116 - INFO - 127.0.0.1 - - [06/Apr/2025 09:38:27] "POST /update_progress HTTP/1.1" 200 -
2025-04-06 09:38:27,694 - INFO - 127.0.0.1 - - [06/Apr/2025 09:38:27] "GET /get_progress/Basically%20Coders%20Phase1.docx HTTP/1.1" 200 -
2025-04-06 09:38:28,699 - INFO - 127.0.0.1 - - [06/Apr/2025 09:38:28] "GET /get_progress/Basically%20Coders%20Phase1.docx HTTP/1.1" 200 -
2025-04-06 09:38:29,247 - INFO - 127.0.0.1 - - [06/Apr/2025 09:38:29] "POST /update_progress HTTP/1.1" 200 -
2025-04-06 09:38:29,694 - INFO - 127.0.0.1 - - [06/Apr/2025 09:38:29] "GET /get_progress/Basically%20Coders%20Phase1.docx HTTP/1.1" 200 -
2025-04-06 09:38:30,699 - INFO - 127.0.0.1 - - [06/Apr/2025 09:38:30] "GET /get_progress/Basically%20Coders%20Phase1.docx HTTP/1.1" 200 -
2025-04-06 09:38:31,374 - INFO - 127.0.0.1 - - [06/Apr/2025 09:38:31] "POST /update_progress HTTP/1.1" 200 -
2025-04-06 09:38:31,699 - INFO - 127.0.0.1 - - [06/Apr/2025 09:38:31] "GET /get_progress/Basically%20Coders%20Phase1.docx HTTP/1.1" 200 -
2025-04-06 09:38:32,687 - INFO - 127.0.0.1 - - [06/Apr/2025 09:38:32] "GET /get_progress/Basically%20Coders%20Phase1.docx HTTP/1.1" 200 -
2025-04-06 09:38:33,507 - INFO - 127.0.0.1 - - [06/Apr/2025 09:38:33] "POST /update_progress HTTP/1.1" 200 -
2025-04-06 09:38:33,700 - INFO - 127.0.0.1 - - [06/Apr/2025 09:38:33] "GET /get_progress/Basically%20Coders%20Phase1.docx HTTP/1.1" 200 -
2025-04-06 09:38:34,687 - INFO - 127.0.0.1 - - [06/Apr/2025 09:38:34] "GET /get_progress/Basically%20Coders%20Phase1.docx HTTP/1.1" 200 -
2025-04-06 09:38:35,660 - INFO - 127.0.0.1 - - [06/Apr/2025 09:38:35] "POST /update_progress HTTP/1.1" 200 -
2025-04-06 09:38:35,693 - INFO - 127.0.0.1 - - [06/Apr/2025 09:38:35] "GET /get_progress/Basically%20Coders%20Phase1.docx HTTP/1.1" 200 -
2025-04-06 09:38:36,687 - INFO - 127.0.0.1 - - [06/Apr/2025 09:38:36] "GET /get_progress/Basically%20Coders%20Phase1.docx HTTP/1.1" 200 -
2025-04-06 09:38:37,698 - INFO - 127.0.0.1 - - [06/Apr/2025 09:38:37] "GET /get_progress/Basically%20Coders%20Phase1.docx HTTP/1.1" 200 -
2025-04-06 09:38:37,799 - INFO - 127.0.0.1 - - [06/Apr/2025 09:38:37] "POST /update_progress HTTP/1.1" 200 -
2025-04-06 09:38:38,687 - INFO - 127.0.0.1 - - [06/Apr/2025 09:38:38] "GET /get_progress/Basically%20Coders%20Phase1.docx HTTP/1.1" 200 -
2025-04-06 09:38:39,695 - INFO - 127.0.0.1 - - [06/Apr/2025 09:38:39] "GET /get_progress/Basically%20Coders%20Phase1.docx HTTP/1.1" 200 -
2025-04-06 09:38:39,943 - INFO - 127.0.0.1 - - [06/Apr/2025 09:38:39] "POST /update_progress HTTP/1.1" 200 -
2025-04-06 09:38:40,693 - INFO - 127.0.0.1 - - [06/Apr/2025 09:38:40] "GET /get_progress/Basically%20Coders%20Phase1.docx HTTP/1.1" 200 -
2025-04-06 09:38:41,697 - INFO - 127.0.0.1 - - [06/Apr/2025 09:38:41] "GET /get_progress/Basically%20Coders%20Phase1.docx HTTP/1.1" 200 -
2025-04-06 09:38:42,077 - INFO - 127.0.0.1 - - [06/Apr/2025 09:38:42] "POST /update_progress HTTP/1.1" 200 -
2025-04-06 09:38:42,698 - INFO - 127.0.0.1 - - [06/Apr/2025 09:38:42] "GET /get_progress/Basically%20Coders%20Phase1.docx HTTP/1.1" 200 -
2025-04-06 09:38:43,702 - INFO - 127.0.0.1 - - [06/Apr/2025 09:38:43] "GET /get_progress/Basically%20Coders%20Phase1.docx HTTP/1.1" 200 -
2025-04-06 09:38:44,205 - INFO - 127.0.0.1 - - [06/Apr/2025 09:38:44] "POST /update_progress HTTP/1.1" 200 -
2025-04-06 09:38:44,698 - INFO - 127.0.0.1 - - [06/Apr/2025 09:38:44] "GET /get_progress/Basically%20Coders%20Phase1.docx HTTP/1.1" 200 -
2025-04-06 09:38:45,693 - INFO - 127.0.0.1 - - [06/Apr/2025 09:38:45] "GET /get_progress/Basically%20Coders%20Phase1.docx HTTP/1.1" 200 -
2025-04-06 09:38:46,357 - INFO - 127.0.0.1 - - [06/Apr/2025 09:38:46] "POST /update_progress HTTP/1.1" 200 -
2025-04-06 09:38:46,697 - INFO - 127.0.0.1 - - [06/Apr/2025 09:38:46] "GET /get_progress/Basically%20Coders%20Phase1.docx HTTP/1.1" 200 -
2025-04-06 09:38:47,698 - INFO - 127.0.0.1 - - [06/Apr/2025 09:38:47] "GET /get_progress/Basically%20Coders%20Phase1.docx HTTP/1.1" 200 -
2025-04-06 09:38:48,483 - INFO - 127.0.0.1 - - [06/Apr/2025 09:38:48] "POST /update_progress HTTP/1.1" 200 -
2025-04-06 09:38:48,689 - INFO - 127.0.0.1 - - [06/Apr/2025 09:38:48] "GET /get_progress/Basically%20Coders%20Phase1.docx HTTP/1.1" 200 -
2025-04-06 09:38:49,686 - INFO - 127.0.0.1 - - [06/Apr/2025 09:38:49] "GET /get_progress/Basically%20Coders%20Phase1.docx HTTP/1.1" 200 -
2025-04-06 09:38:50,632 - INFO - 127.0.0.1 - - [06/Apr/2025 09:38:50] "POST /update_progress HTTP/1.1" 200 -
2025-04-06 09:38:50,697 - INFO - 127.0.0.1 - - [06/Apr/2025 09:38:50] "GET /get_progress/Basically%20Coders%20Phase1.docx HTTP/1.1" 200 -
2025-04-06 09:38:51,692 - INFO - 127.0.0.1 - - [06/Apr/2025 09:38:51] "GET /get_progress/Basically%20Coders%20Phase1.docx HTTP/1.1" 200 -
2025-04-06 09:38:52,691 - INFO - 127.0.0.1 - - [06/Apr/2025 09:38:52] "GET /get_progress/Basically%20Coders%20Phase1.docx HTTP/1.1" 200 -
2025-04-06 09:38:52,774 - INFO - 127.0.0.1 - - [06/Apr/2025 09:38:52] "POST /update_progress HTTP/1.1" 200 -
2025-04-06 09:38:53,686 - INFO - 127.0.0.1 - - [06/Apr/2025 09:38:53] "GET /get_progress/Basically%20Coders%20Phase1.docx HTTP/1.1" 200 -
2025-04-06 09:38:54,701 - INFO - 127.0.0.1 - - [06/Apr/2025 09:38:54] "GET /get_progress/Basically%20Coders%20Phase1.docx HTTP/1.1" 200 -
2025-04-06 09:38:54,901 - INFO - 127.0.0.1 - - [06/Apr/2025 09:38:54] "POST /update_progress HTTP/1.1" 200 -
2025-04-06 09:38:55,698 - INFO - 127.0.0.1 - - [06/Apr/2025 09:38:55] "GET /get_progress/Basically%20Coders%20Phase1.docx HTTP/1.1" 200 -
2025-04-06 09:38:56,685 - INFO - 127.0.0.1 - - [06/Apr/2025 09:38:56] "GET /get_progress/Basically%20Coders%20Phase1.docx HTTP/1.1" 200 -
2025-04-06 09:38:57,036 - INFO - 127.0.0.1 - - [06/Apr/2025 09:38:57] "POST /update_progress HTTP/1.1" 200 -
2025-04-06 09:38:57,697 - INFO - 127.0.0.1 - - [06/Apr/2025 09:38:57] "GET /get_progress/Basically%20Coders%20Phase1.docx HTTP/1.1" 200 -
2025-04-06 09:38:58,697 - INFO - 127.0.0.1 - - [06/Apr/2025 09:38:58] "GET /get_progress/Basically%20Coders%20Phase1.docx HTTP/1.1" 200 -
2025-04-06 09:38:59,152 - INFO - 127.0.0.1 - - [06/Apr/2025 09:38:59] "POST /update_progress HTTP/1.1" 200 -
2025-04-06 09:38:59,686 - INFO - 127.0.0.1 - - [06/Apr/2025 09:38:59] "GET /get_progress/Basically%20Coders%20Phase1.docx HTTP/1.1" 200 -
2025-04-06 09:39:01,278 - INFO - 127.0.0.1 - - [06/Apr/2025 09:39:01] "POST /update_progress HTTP/1.1" 200 -
2025-04-06 09:39:01,668 - INFO - 127.0.0.1 - - [06/Apr/2025 09:39:01] "GET /get_progress/Basically%20Coders%20Phase1.docx HTTP/1.1" 200 -
2025-04-06 09:39:03,413 - INFO - 127.0.0.1 - - [06/Apr/2025 09:39:03] "POST /update_progress HTTP/1.1" 200 -
2025-04-06 09:39:03,696 - INFO - 127.0.0.1 - - [06/Apr/2025 09:39:03] "GET /get_progress/Basically%20Coders%20Phase1.docx HTTP/1.1" 200 -
2025-04-06 09:39:05,527 - INFO - 127.0.0.1 - - [06/Apr/2025 09:39:05] "POST /update_progress HTTP/1.1" 200 -
2025-04-06 09:39:05,669 - INFO - 127.0.0.1 - - [06/Apr/2025 09:39:05] "GET /get_progress/Basically%20Coders%20Phase1.docx HTTP/1.1" 200 -
2025-04-06 09:39:07,653 - INFO - 127.0.0.1 - - [06/Apr/2025 09:39:07] "POST /update_progress HTTP/1.1" 200 -
2025-04-06 09:39:07,680 - INFO - 127.0.0.1 - - [06/Apr/2025 09:39:07] "GET /get_progress/Basically%20Coders%20Phase1.docx HTTP/1.1" 200 -
2025-04-06 09:39:09,667 - INFO - 127.0.0.1 - - [06/Apr/2025 09:39:09] "GET /get_progress/Basically%20Coders%20Phase1.docx HTTP/1.1" 200 -
2025-04-06 09:39:09,768 - INFO - 127.0.0.1 - - [06/Apr/2025 09:39:09] "POST /update_progress HTTP/1.1" 200 -
2025-04-06 09:39:11,672 - INFO - 127.0.0.1 - - [06/Apr/2025 09:39:11] "GET /get_progress/Basically%20Coders%20Phase1.docx HTTP/1.1" 200 -
2025-04-06 09:39:11,884 - INFO - 127.0.0.1 - - [06/Apr/2025 09:39:11] "POST /update_progress HTTP/1.1" 200 -
2025-04-06 09:39:13,666 - INFO - 127.0.0.1 - - [06/Apr/2025 09:39:13] "GET /get_progress/Basically%20Coders%20Phase1.docx HTTP/1.1" 200 -
2025-04-06 09:39:14,004 - INFO - 127.0.0.1 - - [06/Apr/2025 09:39:14] "POST /update_progress HTTP/1.1" 200 -
2025-04-06 09:39:15,677 - INFO - 127.0.0.1 - - [06/Apr/2025 09:39:15] "GET /get_progress/Basically%20Coders%20Phase1.docx HTTP/1.1" 200 -
2025-04-06 09:39:16,139 - INFO - 127.0.0.1 - - [06/Apr/2025 09:39:16] "POST /update_progress HTTP/1.1" 200 -
2025-04-06 09:39:17,672 - INFO - 127.0.0.1 - - [06/Apr/2025 09:39:17] "GET /get_progress/Basically%20Coders%20Phase1.docx HTTP/1.1" 200 -
2025-04-06 09:39:18,259 - INFO - 127.0.0.1 - - [06/Apr/2025 09:39:18] "POST /update_progress HTTP/1.1" 200 -
2025-04-06 09:39:19,673 - INFO - 127.0.0.1 - - [06/Apr/2025 09:39:19] "GET /get_progress/Basically%20Coders%20Phase1.docx HTTP/1.1" 200 -
2025-04-06 09:39:20,380 - INFO - 127.0.0.1 - - [06/Apr/2025 09:39:20] "POST /update_progress HTTP/1.1" 200 -
2025-04-06 09:39:21,674 - INFO - 127.0.0.1 - - [06/Apr/2025 09:39:21] "GET /get_progress/Basically%20Coders%20Phase1.docx HTTP/1.1" 200 -
2025-04-06 09:39:22,498 - INFO - 127.0.0.1 - - [06/Apr/2025 09:39:22] "POST /update_progress HTTP/1.1" 200 -
2025-04-06 09:39:23,674 - INFO - 127.0.0.1 - - [06/Apr/2025 09:39:23] "GET /get_progress/Basically%20Coders%20Phase1.docx HTTP/1.1" 200 -
2025-04-06 09:39:24,617 - INFO - 127.0.0.1 - - [06/Apr/2025 09:39:24] "POST /update_progress HTTP/1.1" 200 -
2025-04-06 09:39:24,718 - INFO - Received 136911 bytes for file Basically Coders Phase1.docx
2025-04-06 09:39:24,719 - INFO - Basically Coders Phase1.docx file saved on: Basically Coders Phase1.docx
2025-04-06 09:39:24,719 - INFO - Connection with ('127.0.0.1', 60190) closed
2025-04-06 09:39:25,677 - INFO - 127.0.0.1 - - [06/Apr/2025 09:39:25] "GET /get_progress/Basically%20Coders%20Phase1.docx HTTP/1.1" 200 -
2025-04-06 09:39:26,741 - INFO - 127.0.0.1 - - [06/Apr/2025 09:39:26] "POST /update_progress HTTP/1.1" 200 -
2025-04-06 09:39:27,671 - INFO - 127.0.0.1 - - [06/Apr/2025 09:39:27] "GET /get_progress/Basically%20Coders%20Phase1.docx HTTP/1.1" 200 -
2025-04-06 09:39:28,859 - INFO - 127.0.0.1 - - [06/Apr/2025 09:39:28] "POST /update_progress HTTP/1.1" 200 -
2025-04-06 09:39:28,859 - INFO - Client connection closed
2025-04-06 09:39:28,860 - INFO - 127.0.0.1 - - [06/Apr/2025 09:39:28] "POST /upload HTTP/1.1" 200 -
2025-04-06 09:39:29,168 - INFO - New connection established with client of address = ('127.0.0.1', 60477)
2025-04-06 09:39:29,168 - INFO - New serving socket connected to address = ('127.0.0.1', 60477)
2025-04-06 09:39:29,168 - INFO - List files request received
2025-04-06 09:39:29,168 - INFO - File list sent to client
2025-04-06 09:39:29,168 - INFO - Connection with ('127.0.0.1', 60477) closed
2025-04-06 09:39:30,168 - INFO - Requesting file list from server
2025-04-06 09:39:30,168 - INFO - Received file list with 1 files
2025-04-06 09:39:30,168 - INFO - Client connection closed
2025-04-06 09:39:30,169 - INFO - 127.0.0.1 - - [06/Apr/2025 09:39:30] "GET /list HTTP/1.1" 200 -
2025-04-06 09:39:30,173 - INFO - 127.0.0.1 - - [06/Apr/2025 09:39:30] "[33mGET /icons/word-file.png HTTP/1.1[0m" 404 -
2025-04-06 09:40:36,414 - INFO - New connection established with client of address = ('127.0.0.1', 60489)
2025-04-06 09:40:36,415 - INFO - New serving socket connected to address = ('127.0.0.1', 60489)
2025-04-06 09:40:36,415 - INFO - Download request received
2025-04-06 09:40:37,115 - INFO - 127.0.0.1 - - [06/Apr/2025 09:40:37] "GET /get_progress/Basically%20Coders%20Phase1.docx HTTP/1.1" 200 -
2025-04-06 09:40:37,414 - INFO - Downloading file: client_files\temp_Basically Coders Phase1.docx
2025-04-06 09:40:37,415 - INFO - Client requested file: temp_Basically Coders Phase1.docx
2025-04-06 09:40:37,415 - WARNING - File temp_Basically Coders Phase1.docx not found
2025-04-06 09:40:37,415 - INFO - Connection with ('127.0.0.1', 60489) closed
2025-04-06 09:40:39,454 - INFO - 127.0.0.1 - - [06/Apr/2025 09:40:39] "POST /update_progress HTTP/1.1" 200 -
2025-04-06 09:40:39,455 - INFO - Client connection closed
2025-04-06 09:40:39,456 - INFO - 127.0.0.1 - - [06/Apr/2025 09:40:39] "POST /download HTTP/1.1" 200 -
2025-04-06 09:51:32,891 - INFO - New connection established with client of address = ('127.0.0.1', 60549)
2025-04-06 09:51:32,892 - INFO - New serving socket connected to address = ('127.0.0.1', 60549)
2025-04-06 09:51:32,892 - INFO - Download request received
2025-04-06 09:51:33,571 - INFO - 127.0.0.1 - - [06/Apr/2025 09:51:33] "GET /get_progress/Basically%20Coders%20Phase1.docx HTTP/1.1" 200 -
2025-04-06 09:51:33,891 - INFO - Downloading file: client_files\temp_Basically Coders Phase1.docx
2025-04-06 09:51:33,891 - INFO - Client requested file: temp_Basically Coders Phase1.docx
2025-04-06 09:51:33,892 - WARNING - File temp_Basically Coders Phase1.docx not found
2025-04-06 09:51:33,892 - INFO - Connection with ('127.0.0.1', 60549) closed
2025-04-06 09:51:35,911 - INFO - 127.0.0.1 - - [06/Apr/2025 09:51:35] "POST /update_progress HTTP/1.1" 200 -
2025-04-06 09:51:35,912 - INFO - Client connection closed
2025-04-06 09:51:35,913 - INFO - 127.0.0.1 - - [06/Apr/2025 09:51:35] "POST /download HTTP/1.1" 200 -
2025-04-06 09:51:47,034 - INFO - New connection established with client of address = ('127.0.0.1', 60561)
2025-04-06 09:51:47,034 - INFO - New serving socket connected to address = ('127.0.0.1', 60561)
2025-04-06 09:51:47,035 - INFO - Download request received
2025-04-06 09:51:47,734 - INFO - 127.0.0.1 - - [06/Apr/2025 09:51:47] "GET /get_progress/Basically%20Coders%20Phase1.docx HTTP/1.1" 200 -
2025-04-06 09:51:48,034 - INFO - Downloading file: client_files\temp_Basically Coders Phase1.docx
2025-04-06 09:51:48,035 - INFO - Client requested file: temp_Basically Coders Phase1.docx
2025-04-06 09:51:48,035 - WARNING - File temp_Basically Coders Phase1.docx not found
2025-04-06 09:51:48,036 - INFO - Connection with ('127.0.0.1', 60561) closed
2025-04-06 09:51:50,092 - INFO - 127.0.0.1 - - [06/Apr/2025 09:51:50] "POST /update_progress HTTP/1.1" 200 -
2025-04-06 09:51:50,093 - INFO - Client connection closed
2025-04-06 09:51:50,093 - INFO - 127.0.0.1 - - [06/Apr/2025 09:51:50] "POST /download HTTP/1.1" 200 -
2025-04-06 09:53:28,861 - INFO -  * Detected change in 'C:\\Users\\user\\Desktop\\Spring 2025\\Networks\\SocketProgrammingProject\\server.py', reloading
2025-04-06 09:53:28,895 - INFO -  * Restarting with stat
2025-04-06 09:53:29,354 - WARNING -  * Debugger is active!
2025-04-06 09:53:29,356 - INFO -  * Debugger PIN: 911-889-448
2025-04-06 09:53:52,457 - INFO -  * Detected change in 'C:\\Users\\user\\Desktop\\Spring 2025\\Networks\\SocketProgrammingProject\\server.py', reloading
2025-04-06 09:53:52,488 - INFO -  * Restarting with stat
2025-04-06 09:53:52,931 - WARNING -  * Debugger is active!
2025-04-06 09:53:52,933 - INFO -  * Debugger PIN: 911-889-448
2025-04-06 09:53:57,962 - INFO -  * Detected change in 'C:\\Users\\user\\Desktop\\Spring 2025\\Networks\\SocketProgrammingProject\\client.py', reloading
2025-04-06 09:53:57,990 - INFO -  * Restarting with stat
2025-04-06 09:53:58,420 - WARNING -  * Debugger is active!
2025-04-06 09:53:58,421 - INFO -  * Debugger PIN: 911-889-448
2025-04-06 09:59:32,907 - INFO -  * Detected change in 'C:\\Users\\user\\Desktop\\Spring 2025\\Networks\\SocketProgrammingProject\\server.py', reloading
2025-04-06 09:59:32,945 - INFO -  * Restarting with stat
2025-04-06 09:59:33,433 - WARNING -  * Debugger is active!
2025-04-06 09:59:33,434 - INFO -  * Debugger PIN: 911-889-448
2025-04-06 09:59:38,454 - INFO -  * Detected change in 'C:\\Users\\user\\Desktop\\Spring 2025\\Networks\\SocketProgrammingProject\\client.py', reloading
2025-04-06 09:59:38,491 - INFO -  * Restarting with stat
2025-04-06 09:59:38,976 - WARNING -  * Debugger is active!
2025-04-06 09:59:38,977 - INFO -  * Debugger PIN: 911-889-448
2025-04-06 09:59:43,997 - INFO -  * Detected change in 'C:\\Users\\user\\Desktop\\Spring 2025\\Networks\\SocketProgrammingProject\\server.py', reloading
2025-04-06 09:59:44,037 - INFO -  * Restarting with stat
2025-04-06 09:59:44,521 - WARNING -  * Debugger is active!
2025-04-06 09:59:44,523 - INFO -  * Debugger PIN: 911-889-448
2025-04-06 09:59:48,541 - INFO -  * Detected change in 'C:\\Users\\user\\Desktop\\Spring 2025\\Networks\\SocketProgrammingProject\\server.py', reloading
2025-04-06 09:59:48,578 - INFO -  * Restarting with stat
2025-04-06 09:59:49,053 - WARNING -  * Debugger is active!
2025-04-06 09:59:49,054 - INFO -  * Debugger PIN: 911-889-448
2025-04-06 10:00:24,138 - INFO -  * Detected change in 'C:\\Users\\user\\Desktop\\Spring 2025\\Networks\\SocketProgrammingProject\\server.py', reloading
2025-04-06 10:00:24,176 - INFO -  * Restarting with stat
2025-04-06 10:00:24,657 - WARNING -  * Debugger is active!
2025-04-06 10:00:24,658 - INFO -  * Debugger PIN: 911-889-448
2025-04-06 10:00:35,692 - INFO -  * Detected change in 'C:\\Users\\user\\Desktop\\Spring 2025\\Networks\\SocketProgrammingProject\\server.py', reloading
2025-04-06 10:00:35,731 - INFO -  * Restarting with stat
2025-04-06 10:00:36,212 - WARNING -  * Debugger is active!
2025-04-06 10:00:36,214 - INFO -  * Debugger PIN: 911-889-448
2025-04-06 10:00:52,260 - INFO -  * Detected change in 'C:\\Users\\user\\Desktop\\Spring 2025\\Networks\\SocketProgrammingProject\\client.py', reloading
2025-04-06 10:00:52,297 - INFO -  * Restarting with stat
2025-04-06 10:00:52,782 - WARNING -  * Debugger is active!
2025-04-06 10:00:52,784 - INFO -  * Debugger PIN: 911-889-448
2025-04-06 10:01:00,812 - INFO -  * Detected change in 'C:\\Users\\user\\Desktop\\Spring 2025\\Networks\\SocketProgrammingProject\\client.py', reloading
2025-04-06 10:01:00,850 - INFO -  * Restarting with stat
2025-04-06 10:01:01,317 - WARNING -  * Debugger is active!
2025-04-06 10:01:01,319 - INFO -  * Debugger PIN: 911-889-448
2025-04-06 10:01:52,438 - INFO -  * Detected change in 'C:\\Users\\user\\Desktop\\Spring 2025\\Networks\\SocketProgrammingProject\\client.py', reloading
2025-04-06 10:01:52,479 - INFO -  * Restarting with stat
2025-04-06 10:01:52,974 - WARNING -  * Debugger is active!
2025-04-06 10:01:52,976 - INFO -  * Debugger PIN: 911-889-448
2025-04-06 10:02:20,040 - INFO -  * Detected change in 'C:\\Users\\user\\Desktop\\Spring 2025\\Networks\\SocketProgrammingProject\\client.py', reloading
2025-04-06 10:02:20,072 - INFO -  * Restarting with stat
2025-04-06 10:02:20,572 - WARNING -  * Debugger is active!
2025-04-06 10:02:20,574 - INFO -  * Debugger PIN: 911-889-448
2025-04-06 10:02:34,415 - INFO - Server starting on port 8080...
2025-04-06 10:02:34,416 - INFO - Server listening on port 8080...
2025-04-06 10:02:46,632 - INFO - Server starting on port 8080...
2025-04-06 10:02:46,633 - INFO - Server listening on port 8080...
2025-04-06 10:02:53,909 - INFO - [31m[1mWARNING: This is a development server. Do not use it in a production deployment. Use a production WSGI server instead.[0m
 * Running on http://127.0.0.1:5000
2025-04-06 10:02:53,909 - INFO - [33mPress CTRL+C to quit[0m
2025-04-06 10:02:53,910 - INFO -  * Restarting with stat
2025-04-06 10:02:54,374 - WARNING -  * Debugger is active!
2025-04-06 10:02:54,375 - INFO -  * Debugger PIN: 911-889-448
2025-04-06 10:03:04,284 - INFO - 127.0.0.1 - - [06/Apr/2025 10:03:04] "GET / HTTP/1.1" 200 -
2025-04-06 10:03:04,323 - INFO - 127.0.0.1 - - [06/Apr/2025 10:03:04] "[36mGET /static/script.js HTTP/1.1[0m" 304 -
2025-04-06 10:03:04,533 - INFO - 127.0.0.1 - - [06/Apr/2025 10:03:04] "[36mGET /static/styles.css HTTP/1.1[0m" 304 -
2025-04-06 10:03:04,842 - INFO - New connection established with client of address = ('127.0.0.1', 60714)
2025-04-06 10:03:04,843 - INFO - New serving socket connected to address = ('127.0.0.1', 60714)
2025-04-06 10:03:04,843 - INFO - List files request received
2025-04-06 10:03:04,843 - INFO - File list sent to client
2025-04-06 10:03:04,843 - INFO - Connection with ('127.0.0.1', 60714) closed
2025-04-06 10:03:05,842 - INFO - Requesting file list from server
2025-04-06 10:03:05,842 - INFO - Received file list with 1 files
2025-04-06 10:03:05,842 - INFO - Client connection closed
2025-04-06 10:03:05,843 - INFO - 127.0.0.1 - - [06/Apr/2025 10:03:05] "GET /list HTTP/1.1" 200 -
2025-04-06 10:03:05,847 - INFO - 127.0.0.1 - - [06/Apr/2025 10:03:05] "[33mGET /icons/word-file.png HTTP/1.1[0m" 404 -
2025-04-06 10:03:08,133 - INFO - New connection established with client of address = ('127.0.0.1', 60719)
2025-04-06 10:03:08,133 - INFO - New serving socket connected to address = ('127.0.0.1', 60719)
2025-04-06 10:03:08,133 - INFO - Download request received
2025-04-06 10:03:08,829 - INFO - 127.0.0.1 - - [06/Apr/2025 10:03:08] "GET /get_progress/Basically%20Coders%20Phase1.docx HTTP/1.1" 200 -
2025-04-06 10:03:09,133 - INFO - Downloading file: client_files\temp_Basically Coders Phase1.docx
2025-04-06 10:03:09,133 - INFO - Client requested file: temp_Basically Coders Phase1.docx
2025-04-06 10:03:09,133 - WARNING - File temp_Basically Coders Phase1.docx not found
2025-04-06 10:03:09,133 - INFO - Connection with ('127.0.0.1', 60719) closed
2025-04-06 10:03:09,133 - ERROR - File temp_Basically Coders Phase1.docx not found on server
2025-04-06 10:03:09,134 - INFO - Client connection closed
2025-04-06 10:03:09,134 - INFO - 127.0.0.1 - - [06/Apr/2025 10:03:09] "POST /download HTTP/1.1" 200 -
2025-04-06 10:03:15,787 - INFO - New connection established with client of address = ('127.0.0.1', 60724)
2025-04-06 10:03:15,787 - INFO - New serving socket connected to address = ('127.0.0.1', 60724)
2025-04-06 10:03:15,788 - INFO - Download request received
2025-04-06 10:03:16,484 - INFO - 127.0.0.1 - - [06/Apr/2025 10:03:16] "GET /get_progress/Basically%20Coders%20Phase1.docx HTTP/1.1" 200 -
2025-04-06 10:03:16,787 - INFO - Downloading file: client_files\temp_Basically Coders Phase1.docx
2025-04-06 10:03:16,788 - INFO - Client requested file: temp_Basically Coders Phase1.docx
2025-04-06 10:03:16,788 - WARNING - File temp_Basically Coders Phase1.docx not found
2025-04-06 10:03:16,788 - ERROR - File temp_Basically Coders Phase1.docx not found on server
2025-04-06 10:03:16,789 - INFO - Client connection closed
2025-04-06 10:03:16,789 - INFO - 127.0.0.1 - - [06/Apr/2025 10:03:16] "POST /download HTTP/1.1" 200 -
2025-04-06 10:03:44,015 - INFO - New connection established with client of address = ('127.0.0.1', 60746)
2025-04-06 10:03:44,015 - INFO - New serving socket connected to address = ('127.0.0.1', 60746)
2025-04-06 10:03:44,015 - INFO - Download request received
2025-04-06 10:03:44,709 - INFO - 127.0.0.1 - - [06/Apr/2025 10:03:44] "GET /get_progress/Basically%20Coders%20Phase1.docx HTTP/1.1" 200 -
2025-04-06 10:03:45,015 - INFO - Downloading file: client_files\temp_Basically Coders Phase1.docx
2025-04-06 10:03:45,016 - INFO - Client requested file: temp_Basically Coders Phase1.docx
2025-04-06 10:03:45,016 - WARNING - File temp_Basically Coders Phase1.docx not found
2025-04-06 10:03:45,016 - INFO - Connection with ('127.0.0.1', 60746) closed
2025-04-06 10:03:45,016 - ERROR - File temp_Basically Coders Phase1.docx not found on server
2025-04-06 10:03:45,016 - INFO - Client connection closed
2025-04-06 10:03:45,017 - INFO - 127.0.0.1 - - [06/Apr/2025 10:03:45] "POST /download HTTP/1.1" 200 -
2025-04-06 10:04:18,674 - INFO - 127.0.0.1 - - [06/Apr/2025 10:04:18] "[36mGET /static/styles.css HTTP/1.1[0m" 304 -
2025-04-06 10:05:02,808 - INFO -  * Detected change in 'C:\\Users\\user\\Desktop\\Spring 2025\\Networks\\SocketProgrammingProject\\flask_app.py', reloading
2025-04-06 10:05:02,838 - INFO -  * Restarting with stat
2025-04-06 10:05:03,280 - WARNING -  * Debugger is active!
2025-04-06 10:05:03,281 - INFO -  * Debugger PIN: 911-889-448
2025-04-06 10:05:05,824 - INFO - 127.0.0.1 - - [06/Apr/2025 10:05:05] "GET / HTTP/1.1" 200 -
2025-04-06 10:05:05,857 - INFO - 127.0.0.1 - - [06/Apr/2025 10:05:05] "[36mGET /static/script.js HTTP/1.1[0m" 304 -
2025-04-06 10:05:06,073 - INFO - 127.0.0.1 - - [06/Apr/2025 10:05:06] "[36mGET /static/styles.css HTTP/1.1[0m" 304 -
2025-04-06 10:05:06,384 - INFO - New connection established with client of address = ('127.0.0.1', 60778)
2025-04-06 10:05:06,384 - INFO - New serving socket connected to address = ('127.0.0.1', 60778)
2025-04-06 10:05:06,384 - INFO - List files request received
2025-04-06 10:05:06,385 - INFO - File list sent to client
2025-04-06 10:05:06,385 - INFO - Connection with ('127.0.0.1', 60778) closed
2025-04-06 10:05:07,384 - INFO - Requesting file list from server
2025-04-06 10:05:07,384 - INFO - Received file list with 1 files
2025-04-06 10:05:07,384 - INFO - Client connection closed
2025-04-06 10:05:07,385 - INFO - 127.0.0.1 - - [06/Apr/2025 10:05:07] "GET /list HTTP/1.1" 200 -
2025-04-06 10:05:07,390 - INFO - 127.0.0.1 - - [06/Apr/2025 10:05:07] "[33mGET /icons/word-file.png HTTP/1.1[0m" 404 -
2025-04-06 10:05:09,244 - INFO - New connection established with client of address = ('127.0.0.1', 60783)
2025-04-06 10:05:09,244 - INFO - New serving socket connected to address = ('127.0.0.1', 60783)
2025-04-06 10:05:09,244 - INFO - Download request received
2025-04-06 10:05:09,947 - INFO - 127.0.0.1 - - [06/Apr/2025 10:05:09] "GET /get_progress/Basically%20Coders%20Phase1.docx HTTP/1.1" 200 -
2025-04-06 10:05:10,244 - INFO - Downloading file: Basically Coders Phase1.docx
2025-04-06 10:05:10,244 - INFO - Client requested file: Basically Coders Phase1.docx
2025-04-06 10:05:10,246 - INFO - Downloading: 2.99%
2025-04-06 10:05:10,246 - INFO - Sent 136911 bytes for file Basically Coders Phase1.docx
2025-04-06 10:05:10,246 - INFO - File Basically Coders Phase1.docx sent to client
2025-04-06 10:05:10,247 - INFO - Connection with ('127.0.0.1', 60783) closed
2025-04-06 10:05:11,249 - INFO - 127.0.0.1 - - [06/Apr/2025 10:05:11] "GET /get_progress/Basically%20Coders%20Phase1.docx HTTP/1.1" 200 -
2025-04-06 10:05:12,249 - INFO - 127.0.0.1 - - [06/Apr/2025 10:05:12] "GET /get_progress/Basically%20Coders%20Phase1.docx HTTP/1.1" 200 -
2025-04-06 10:05:12,262 - INFO - 127.0.0.1 - - [06/Apr/2025 10:05:12] "POST /update_progress HTTP/1.1" 200 -
2025-04-06 10:05:12,363 - INFO - Downloading: 5.98%
2025-04-06 10:05:13,248 - INFO - 127.0.0.1 - - [06/Apr/2025 10:05:13] "GET /get_progress/Basically%20Coders%20Phase1.docx HTTP/1.1" 200 -
2025-04-06 10:05:14,248 - INFO - 127.0.0.1 - - [06/Apr/2025 10:05:14] "GET /get_progress/Basically%20Coders%20Phase1.docx HTTP/1.1" 200 -
2025-04-06 10:05:14,382 - INFO - 127.0.0.1 - - [06/Apr/2025 10:05:14] "POST /update_progress HTTP/1.1" 200 -
2025-04-06 10:05:14,484 - INFO - Downloading: 8.98%
2025-04-06 10:05:15,254 - INFO - 127.0.0.1 - - [06/Apr/2025 10:05:15] "GET /get_progress/Basically%20Coders%20Phase1.docx HTTP/1.1" 200 -
2025-04-06 10:05:16,247 - INFO - 127.0.0.1 - - [06/Apr/2025 10:05:16] "GET /get_progress/Basically%20Coders%20Phase1.docx HTTP/1.1" 200 -
2025-04-06 10:05:16,509 - INFO - 127.0.0.1 - - [06/Apr/2025 10:05:16] "POST /update_progress HTTP/1.1" 200 -
2025-04-06 10:05:16,611 - INFO - Downloading: 11.97%
2025-04-06 10:05:17,247 - INFO - 127.0.0.1 - - [06/Apr/2025 10:05:17] "GET /get_progress/Basically%20Coders%20Phase1.docx HTTP/1.1" 200 -
2025-04-06 10:05:18,249 - INFO - 127.0.0.1 - - [06/Apr/2025 10:05:18] "GET /get_progress/Basically%20Coders%20Phase1.docx HTTP/1.1" 200 -
2025-04-06 10:05:18,629 - INFO - 127.0.0.1 - - [06/Apr/2025 10:05:18] "POST /update_progress HTTP/1.1" 200 -
2025-04-06 10:05:18,730 - INFO - Downloading: 14.96%
2025-04-06 10:05:19,247 - INFO - 127.0.0.1 - - [06/Apr/2025 10:05:19] "GET /get_progress/Basically%20Coders%20Phase1.docx HTTP/1.1" 200 -
2025-04-06 10:05:20,255 - INFO - 127.0.0.1 - - [06/Apr/2025 10:05:20] "GET /get_progress/Basically%20Coders%20Phase1.docx HTTP/1.1" 200 -
2025-04-06 10:05:20,749 - INFO - 127.0.0.1 - - [06/Apr/2025 10:05:20] "POST /update_progress HTTP/1.1" 200 -
2025-04-06 10:05:20,850 - INFO - Downloading: 17.95%
2025-04-06 10:05:21,247 - INFO - 127.0.0.1 - - [06/Apr/2025 10:05:21] "GET /get_progress/Basically%20Coders%20Phase1.docx HTTP/1.1" 200 -
2025-04-06 10:05:22,248 - INFO - 127.0.0.1 - - [06/Apr/2025 10:05:22] "GET /get_progress/Basically%20Coders%20Phase1.docx HTTP/1.1" 200 -
2025-04-06 10:05:22,867 - INFO - 127.0.0.1 - - [06/Apr/2025 10:05:22] "POST /update_progress HTTP/1.1" 200 -
2025-04-06 10:05:22,968 - INFO - Downloading: 20.94%
2025-04-06 10:05:23,248 - INFO - 127.0.0.1 - - [06/Apr/2025 10:05:23] "GET /get_progress/Basically%20Coders%20Phase1.docx HTTP/1.1" 200 -
2025-04-06 10:05:24,248 - INFO - 127.0.0.1 - - [06/Apr/2025 10:05:24] "GET /get_progress/Basically%20Coders%20Phase1.docx HTTP/1.1" 200 -
2025-04-06 10:05:24,981 - INFO - 127.0.0.1 - - [06/Apr/2025 10:05:24] "POST /update_progress HTTP/1.1" 200 -
2025-04-06 10:05:25,083 - INFO - Downloading: 23.93%
2025-04-06 10:05:25,248 - INFO - 127.0.0.1 - - [06/Apr/2025 10:05:25] "GET /get_progress/Basically%20Coders%20Phase1.docx HTTP/1.1" 200 -
2025-04-06 10:05:26,247 - INFO - 127.0.0.1 - - [06/Apr/2025 10:05:26] "GET /get_progress/Basically%20Coders%20Phase1.docx HTTP/1.1" 200 -
2025-04-06 10:05:27,096 - INFO - 127.0.0.1 - - [06/Apr/2025 10:05:27] "POST /update_progress HTTP/1.1" 200 -
2025-04-06 10:05:27,198 - INFO - Downloading: 26.93%
2025-04-06 10:05:27,247 - INFO - 127.0.0.1 - - [06/Apr/2025 10:05:27] "GET /get_progress/Basically%20Coders%20Phase1.docx HTTP/1.1" 200 -
2025-04-06 10:05:28,246 - INFO - 127.0.0.1 - - [06/Apr/2025 10:05:28] "GET /get_progress/Basically%20Coders%20Phase1.docx HTTP/1.1" 200 -
2025-04-06 10:05:29,211 - INFO - 127.0.0.1 - - [06/Apr/2025 10:05:29] "POST /update_progress HTTP/1.1" 200 -
2025-04-06 10:05:29,245 - INFO - 127.0.0.1 - - [06/Apr/2025 10:05:29] "GET /get_progress/Basically%20Coders%20Phase1.docx HTTP/1.1" 200 -
2025-04-06 10:05:29,312 - INFO - Downloading: 29.92%
2025-04-06 10:05:30,246 - INFO - 127.0.0.1 - - [06/Apr/2025 10:05:30] "GET /get_progress/Basically%20Coders%20Phase1.docx HTTP/1.1" 200 -
2025-04-06 10:05:31,247 - INFO - 127.0.0.1 - - [06/Apr/2025 10:05:31] "GET /get_progress/Basically%20Coders%20Phase1.docx HTTP/1.1" 200 -
2025-04-06 10:05:31,330 - INFO - 127.0.0.1 - - [06/Apr/2025 10:05:31] "POST /update_progress HTTP/1.1" 200 -
2025-04-06 10:05:31,431 - INFO - Downloading: 32.91%
2025-04-06 10:05:32,247 - INFO - 127.0.0.1 - - [06/Apr/2025 10:05:32] "GET /get_progress/Basically%20Coders%20Phase1.docx HTTP/1.1" 200 -
2025-04-06 10:05:33,253 - INFO - 127.0.0.1 - - [06/Apr/2025 10:05:33] "GET /get_progress/Basically%20Coders%20Phase1.docx HTTP/1.1" 200 -
2025-04-06 10:05:33,453 - INFO - 127.0.0.1 - - [06/Apr/2025 10:05:33] "POST /update_progress HTTP/1.1" 200 -
2025-04-06 10:05:33,554 - INFO - Downloading: 35.90%
2025-04-06 10:05:34,246 - INFO - 127.0.0.1 - - [06/Apr/2025 10:05:34] "GET /get_progress/Basically%20Coders%20Phase1.docx HTTP/1.1" 200 -
2025-04-06 10:05:35,250 - INFO - 127.0.0.1 - - [06/Apr/2025 10:05:35] "GET /get_progress/Basically%20Coders%20Phase1.docx HTTP/1.1" 200 -
2025-04-06 10:05:35,568 - INFO - 127.0.0.1 - - [06/Apr/2025 10:05:35] "POST /update_progress HTTP/1.1" 200 -
2025-04-06 10:05:35,669 - INFO - Downloading: 38.89%
2025-04-06 10:05:36,246 - INFO - 127.0.0.1 - - [06/Apr/2025 10:05:36] "GET /get_progress/Basically%20Coders%20Phase1.docx HTTP/1.1" 200 -
2025-04-06 10:05:37,246 - INFO - 127.0.0.1 - - [06/Apr/2025 10:05:37] "GET /get_progress/Basically%20Coders%20Phase1.docx HTTP/1.1" 200 -
2025-04-06 10:05:37,689 - INFO - 127.0.0.1 - - [06/Apr/2025 10:05:37] "POST /update_progress HTTP/1.1" 200 -
2025-04-06 10:05:37,791 - INFO - Downloading: 41.88%
2025-04-06 10:05:38,245 - INFO - 127.0.0.1 - - [06/Apr/2025 10:05:38] "GET /get_progress/Basically%20Coders%20Phase1.docx HTTP/1.1" 200 -
2025-04-06 10:05:39,246 - INFO - 127.0.0.1 - - [06/Apr/2025 10:05:39] "GET /get_progress/Basically%20Coders%20Phase1.docx HTTP/1.1" 200 -
2025-04-06 10:05:39,816 - INFO - 127.0.0.1 - - [06/Apr/2025 10:05:39] "POST /update_progress HTTP/1.1" 200 -
2025-04-06 10:05:39,917 - INFO - Downloading: 44.88%
2025-04-06 10:05:40,252 - INFO - 127.0.0.1 - - [06/Apr/2025 10:05:40] "GET /get_progress/Basically%20Coders%20Phase1.docx HTTP/1.1" 200 -
2025-04-06 10:05:41,246 - INFO - 127.0.0.1 - - [06/Apr/2025 10:05:41] "GET /get_progress/Basically%20Coders%20Phase1.docx HTTP/1.1" 200 -
2025-04-06 10:05:41,929 - INFO - 127.0.0.1 - - [06/Apr/2025 10:05:41] "POST /update_progress HTTP/1.1" 200 -
2025-04-06 10:05:42,030 - INFO - Downloading: 47.87%
2025-04-06 10:05:42,246 - INFO - 127.0.0.1 - - [06/Apr/2025 10:05:42] "GET /get_progress/Basically%20Coders%20Phase1.docx HTTP/1.1" 200 -
2025-04-06 10:05:43,245 - INFO - 127.0.0.1 - - [06/Apr/2025 10:05:43] "GET /get_progress/Basically%20Coders%20Phase1.docx HTTP/1.1" 200 -
2025-04-06 10:05:44,046 - INFO - 127.0.0.1 - - [06/Apr/2025 10:05:44] "POST /update_progress HTTP/1.1" 200 -
2025-04-06 10:05:44,147 - INFO - Downloading: 50.86%
2025-04-06 10:05:44,246 - INFO - 127.0.0.1 - - [06/Apr/2025 10:05:44] "GET /get_progress/Basically%20Coders%20Phase1.docx HTTP/1.1" 200 -
2025-04-06 10:05:45,246 - INFO - 127.0.0.1 - - [06/Apr/2025 10:05:45] "GET /get_progress/Basically%20Coders%20Phase1.docx HTTP/1.1" 200 -
2025-04-06 10:05:46,161 - INFO - 127.0.0.1 - - [06/Apr/2025 10:05:46] "POST /update_progress HTTP/1.1" 200 -
2025-04-06 10:05:46,245 - INFO - 127.0.0.1 - - [06/Apr/2025 10:05:46] "GET /get_progress/Basically%20Coders%20Phase1.docx HTTP/1.1" 200 -
2025-04-06 10:05:46,262 - INFO - Downloading: 53.85%
2025-04-06 10:05:47,245 - INFO - 127.0.0.1 - - [06/Apr/2025 10:05:47] "GET /get_progress/Basically%20Coders%20Phase1.docx HTTP/1.1" 200 -
2025-04-06 10:05:48,245 - INFO - 127.0.0.1 - - [06/Apr/2025 10:05:48] "GET /get_progress/Basically%20Coders%20Phase1.docx HTTP/1.1" 200 -
2025-04-06 10:05:48,277 - INFO - 127.0.0.1 - - [06/Apr/2025 10:05:48] "POST /update_progress HTTP/1.1" 200 -
2025-04-06 10:05:48,379 - INFO - Downloading: 56.84%
2025-04-06 10:05:49,256 - INFO - 127.0.0.1 - - [06/Apr/2025 10:05:49] "GET /get_progress/Basically%20Coders%20Phase1.docx HTTP/1.1" 200 -
2025-04-06 10:05:50,245 - INFO - 127.0.0.1 - - [06/Apr/2025 10:05:50] "GET /get_progress/Basically%20Coders%20Phase1.docx HTTP/1.1" 200 -
2025-04-06 10:05:50,403 - INFO - 127.0.0.1 - - [06/Apr/2025 10:05:50] "POST /update_progress HTTP/1.1" 200 -
2025-04-06 10:05:50,504 - INFO - Downloading: 59.83%
2025-04-06 10:05:51,244 - INFO - 127.0.0.1 - - [06/Apr/2025 10:05:51] "GET /get_progress/Basically%20Coders%20Phase1.docx HTTP/1.1" 200 -
2025-04-06 10:05:52,245 - INFO - 127.0.0.1 - - [06/Apr/2025 10:05:52] "GET /get_progress/Basically%20Coders%20Phase1.docx HTTP/1.1" 200 -
2025-04-06 10:05:52,522 - INFO - 127.0.0.1 - - [06/Apr/2025 10:05:52] "POST /update_progress HTTP/1.1" 200 -
2025-04-06 10:05:52,623 - INFO - Downloading: 62.83%
2025-04-06 10:05:53,244 - INFO - 127.0.0.1 - - [06/Apr/2025 10:05:53] "GET /get_progress/Basically%20Coders%20Phase1.docx HTTP/1.1" 200 -
2025-04-06 10:05:54,245 - INFO - 127.0.0.1 - - [06/Apr/2025 10:05:54] "GET /get_progress/Basically%20Coders%20Phase1.docx HTTP/1.1" 200 -
2025-04-06 10:05:54,639 - INFO - 127.0.0.1 - - [06/Apr/2025 10:05:54] "POST /update_progress HTTP/1.1" 200 -
2025-04-06 10:05:54,740 - INFO - Downloading: 65.82%
2025-04-06 10:05:55,244 - INFO - 127.0.0.1 - - [06/Apr/2025 10:05:55] "GET /get_progress/Basically%20Coders%20Phase1.docx HTTP/1.1" 200 -
2025-04-06 10:05:56,251 - INFO - 127.0.0.1 - - [06/Apr/2025 10:05:56] "GET /get_progress/Basically%20Coders%20Phase1.docx HTTP/1.1" 200 -
2025-04-06 10:05:56,753 - INFO - 127.0.0.1 - - [06/Apr/2025 10:05:56] "POST /update_progress HTTP/1.1" 200 -
2025-04-06 10:05:56,854 - INFO - Downloading: 68.81%
2025-04-06 10:05:57,245 - INFO - 127.0.0.1 - - [06/Apr/2025 10:05:57] "GET /get_progress/Basically%20Coders%20Phase1.docx HTTP/1.1" 200 -
2025-04-06 10:05:58,245 - INFO - 127.0.0.1 - - [06/Apr/2025 10:05:58] "GET /get_progress/Basically%20Coders%20Phase1.docx HTTP/1.1" 200 -
2025-04-06 10:05:58,869 - INFO - 127.0.0.1 - - [06/Apr/2025 10:05:58] "POST /update_progress HTTP/1.1" 200 -
2025-04-06 10:05:58,971 - INFO - Downloading: 71.80%
2025-04-06 10:05:59,244 - INFO - 127.0.0.1 - - [06/Apr/2025 10:05:59] "GET /get_progress/Basically%20Coders%20Phase1.docx HTTP/1.1" 200 -
2025-04-06 10:06:00,250 - INFO - 127.0.0.1 - - [06/Apr/2025 10:06:00] "GET /get_progress/Basically%20Coders%20Phase1.docx HTTP/1.1" 200 -
2025-04-06 10:06:00,994 - INFO - 127.0.0.1 - - [06/Apr/2025 10:06:00] "POST /update_progress HTTP/1.1" 200 -
2025-04-06 10:06:01,095 - INFO - Downloading: 74.79%
2025-04-06 10:06:01,244 - INFO - 127.0.0.1 - - [06/Apr/2025 10:06:01] "GET /get_progress/Basically%20Coders%20Phase1.docx HTTP/1.1" 200 -
2025-04-06 10:06:02,249 - INFO - 127.0.0.1 - - [06/Apr/2025 10:06:02] "GET /get_progress/Basically%20Coders%20Phase1.docx HTTP/1.1" 200 -
2025-04-06 10:06:03,109 - INFO - 127.0.0.1 - - [06/Apr/2025 10:06:03] "POST /update_progress HTTP/1.1" 200 -
2025-04-06 10:06:03,210 - INFO - Downloading: 77.78%
2025-04-06 10:06:03,249 - INFO - 127.0.0.1 - - [06/Apr/2025 10:06:03] "GET /get_progress/Basically%20Coders%20Phase1.docx HTTP/1.1" 200 -
2025-04-06 10:06:04,249 - INFO - 127.0.0.1 - - [06/Apr/2025 10:06:04] "GET /get_progress/Basically%20Coders%20Phase1.docx HTTP/1.1" 200 -
2025-04-06 10:06:05,226 - INFO - 127.0.0.1 - - [06/Apr/2025 10:06:05] "POST /update_progress HTTP/1.1" 200 -
2025-04-06 10:06:05,243 - INFO - 127.0.0.1 - - [06/Apr/2025 10:06:05] "GET /get_progress/Basically%20Coders%20Phase1.docx HTTP/1.1" 200 -
2025-04-06 10:06:05,327 - INFO - Downloading: 80.78%
2025-04-06 10:06:06,249 - INFO - 127.0.0.1 - - [06/Apr/2025 10:06:06] "GET /get_progress/Basically%20Coders%20Phase1.docx HTTP/1.1" 200 -
2025-04-06 10:06:07,255 - INFO - 127.0.0.1 - - [06/Apr/2025 10:06:07] "GET /get_progress/Basically%20Coders%20Phase1.docx HTTP/1.1" 200 -
2025-04-06 10:06:07,352 - INFO - 127.0.0.1 - - [06/Apr/2025 10:06:07] "POST /update_progress HTTP/1.1" 200 -
2025-04-06 10:06:07,453 - INFO - Downloading: 83.77%
2025-04-06 10:06:08,250 - INFO - 127.0.0.1 - - [06/Apr/2025 10:06:08] "GET /get_progress/Basically%20Coders%20Phase1.docx HTTP/1.1" 200 -
2025-04-06 10:06:09,248 - INFO - 127.0.0.1 - - [06/Apr/2025 10:06:09] "GET /get_progress/Basically%20Coders%20Phase1.docx HTTP/1.1" 200 -
2025-04-06 10:06:09,467 - INFO - 127.0.0.1 - - [06/Apr/2025 10:06:09] "POST /update_progress HTTP/1.1" 200 -
2025-04-06 10:06:09,568 - INFO - Downloading: 86.76%
2025-04-06 10:06:10,243 - INFO - 127.0.0.1 - - [06/Apr/2025 10:06:10] "GET /get_progress/Basically%20Coders%20Phase1.docx HTTP/1.1" 200 -
2025-04-06 10:06:11,249 - INFO - 127.0.0.1 - - [06/Apr/2025 10:06:11] "GET /get_progress/Basically%20Coders%20Phase1.docx HTTP/1.1" 200 -
2025-04-06 10:06:11,582 - INFO - 127.0.0.1 - - [06/Apr/2025 10:06:11] "POST /update_progress HTTP/1.1" 200 -
2025-04-06 10:06:11,683 - INFO - Downloading: 89.75%
2025-04-06 10:06:12,249 - INFO - 127.0.0.1 - - [06/Apr/2025 10:06:12] "GET /get_progress/Basically%20Coders%20Phase1.docx HTTP/1.1" 200 -
2025-04-06 10:06:13,247 - INFO - 127.0.0.1 - - [06/Apr/2025 10:06:13] "GET /get_progress/Basically%20Coders%20Phase1.docx HTTP/1.1" 200 -
2025-04-06 10:06:13,696 - INFO - 127.0.0.1 - - [06/Apr/2025 10:06:13] "POST /update_progress HTTP/1.1" 200 -
2025-04-06 10:06:13,797 - INFO - Downloading: 92.74%
2025-04-06 10:06:14,248 - INFO - 127.0.0.1 - - [06/Apr/2025 10:06:14] "GET /get_progress/Basically%20Coders%20Phase1.docx HTTP/1.1" 200 -
2025-04-06 10:06:15,249 - INFO - 127.0.0.1 - - [06/Apr/2025 10:06:15] "GET /get_progress/Basically%20Coders%20Phase1.docx HTTP/1.1" 200 -
2025-04-06 10:06:15,819 - INFO - 127.0.0.1 - - [06/Apr/2025 10:06:15] "POST /update_progress HTTP/1.1" 200 -
2025-04-06 10:06:15,921 - INFO - Downloading: 95.74%
2025-04-06 10:06:16,249 - INFO - 127.0.0.1 - - [06/Apr/2025 10:06:16] "GET /get_progress/Basically%20Coders%20Phase1.docx HTTP/1.1" 200 -
2025-04-06 10:06:17,247 - INFO - 127.0.0.1 - - [06/Apr/2025 10:06:17] "GET /get_progress/Basically%20Coders%20Phase1.docx HTTP/1.1" 200 -
2025-04-06 10:06:17,938 - INFO - 127.0.0.1 - - [06/Apr/2025 10:06:17] "POST /update_progress HTTP/1.1" 200 -
2025-04-06 10:06:18,040 - INFO - Downloading: 98.73%
2025-04-06 10:06:18,247 - INFO - 127.0.0.1 - - [06/Apr/2025 10:06:18] "GET /get_progress/Basically%20Coders%20Phase1.docx HTTP/1.1" 200 -
2025-04-06 10:06:19,248 - INFO - 127.0.0.1 - - [06/Apr/2025 10:06:19] "GET /get_progress/Basically%20Coders%20Phase1.docx HTTP/1.1" 200 -
2025-04-06 10:06:20,061 - INFO - 127.0.0.1 - - [06/Apr/2025 10:06:20] "POST /update_progress HTTP/1.1" 200 -
2025-04-06 10:06:20,163 - INFO - Downloading: 100.00%
2025-04-06 10:06:20,249 - INFO - 127.0.0.1 - - [06/Apr/2025 10:06:20] "GET /get_progress/Basically%20Coders%20Phase1.docx HTTP/1.1" 200 -
2025-04-06 10:06:21,248 - INFO - 127.0.0.1 - - [06/Apr/2025 10:06:21] "GET /get_progress/Basically%20Coders%20Phase1.docx HTTP/1.1" 200 -
2025-04-06 10:06:22,176 - INFO - 127.0.0.1 - - [06/Apr/2025 10:06:22] "POST /update_progress HTTP/1.1" 200 -
2025-04-06 10:06:22,247 - INFO - 127.0.0.1 - - [06/Apr/2025 10:06:22] "GET /get_progress/Basically%20Coders%20Phase1.docx HTTP/1.1" 200 -
2025-04-06 10:06:24,289 - INFO - 127.0.0.1 - - [06/Apr/2025 10:06:24] "POST /update_progress HTTP/1.1" 200 -
2025-04-06 10:06:24,290 - INFO - Client connection closed
2025-04-06 10:06:24,290 - INFO - 127.0.0.1 - - [06/Apr/2025 10:06:24] "POST /download HTTP/1.1" 200 -
2025-04-06 10:07:47,914 - INFO -  * Detected change in 'C:\\Users\\user\\Desktop\\Spring 2025\\Networks\\SocketProgrammingProject\\flask_app.py', reloading
2025-04-06 10:07:47,946 - INFO -  * Restarting with stat
2025-04-06 10:07:48,399 - WARNING -  * Debugger is active!
2025-04-06 10:07:48,400 - INFO -  * Debugger PIN: 911-889-448
2025-04-06 10:07:58,258 - INFO - New connection established with client of address = ('127.0.0.1', 61015)
2025-04-06 10:07:58,259 - INFO - New serving socket connected to address = ('127.0.0.1', 61015)
2025-04-06 10:07:58,259 - INFO - Download request received
2025-04-06 10:07:58,966 - INFO - 127.0.0.1 - - [06/Apr/2025 10:07:58] "GET /get_progress/Basically%20Coders%20Phase1.docx HTTP/1.1" 200 -
2025-04-06 10:07:59,259 - INFO - Downloading file: client_files\temp_Basically Coders Phase1.docx
2025-04-06 10:07:59,259 - INFO - Client requested file: temp_Basically Coders Phase1.docx
2025-04-06 10:07:59,260 - WARNING - File temp_Basically Coders Phase1.docx not found
2025-04-06 10:07:59,260 - ERROR - File temp_Basically Coders Phase1.docx not found on server
2025-04-06 10:07:59,260 - INFO - Connection with ('127.0.0.1', 61015) closed
2025-04-06 10:07:59,260 - INFO - Client connection closed
2025-04-06 10:07:59,261 - INFO - 127.0.0.1 - - [06/Apr/2025 10:07:59] "POST /download HTTP/1.1" 200 -
2025-04-06 10:08:33,541 - INFO -  * Detected change in 'C:\\Users\\user\\Desktop\\Spring 2025\\Networks\\SocketProgrammingProject\\flask_app.py', reloading
2025-04-06 10:08:33,575 - INFO -  * Restarting with stat
2025-04-06 10:08:34,034 - WARNING -  * Debugger is active!
2025-04-06 10:08:34,036 - INFO -  * Debugger PIN: 911-889-448
2025-04-06 10:08:39,054 - INFO -  * Detected change in 'C:\\Users\\user\\Desktop\\Spring 2025\\Networks\\SocketProgrammingProject\\flask_app.py', reloading
2025-04-06 10:08:39,094 - INFO -  * Restarting with stat
2025-04-06 10:08:39,574 - WARNING -  * Debugger is active!
2025-04-06 10:08:39,576 - INFO -  * Debugger PIN: 911-889-448
2025-04-06 10:11:49,362 - INFO -  * Detected change in 'C:\\Users\\user\\Desktop\\Spring 2025\\Networks\\SocketProgrammingProject\\flask_app.py', reloading
2025-04-06 10:11:49,401 - INFO -  * Restarting with stat
2025-04-06 10:11:49,893 - WARNING -  * Debugger is active!
2025-04-06 10:11:49,895 - INFO -  * Debugger PIN: 911-889-448
2025-04-06 10:12:31,060 - INFO -  * Detected change in 'C:\\Users\\user\\Desktop\\Spring 2025\\Networks\\SocketProgrammingProject\\flask_app.py', reloading
2025-04-06 10:12:31,090 - INFO -  * Restarting with stat
2025-04-06 10:12:31,530 - WARNING -  * Debugger is active!
2025-04-06 10:12:31,531 - INFO -  * Debugger PIN: 911-889-448
2025-04-06 10:12:57,337 - INFO - 127.0.0.1 - - [06/Apr/2025 10:12:57] "GET / HTTP/1.1" 200 -
2025-04-06 10:12:57,369 - INFO - 127.0.0.1 - - [06/Apr/2025 10:12:57] "[36mGET /static/script.js HTTP/1.1[0m" 304 -
2025-04-06 10:12:57,576 - INFO - 127.0.0.1 - - [06/Apr/2025 10:12:57] "[36mGET /static/styles.css HTTP/1.1[0m" 304 -
2025-04-06 10:12:57,892 - INFO - New connection established with client of address = ('127.0.0.1', 61096)
2025-04-06 10:12:57,893 - INFO - New serving socket connected to address = ('127.0.0.1', 61096)
2025-04-06 10:12:57,893 - INFO - List files request received
2025-04-06 10:12:57,894 - INFO - File list sent to client
2025-04-06 10:12:57,894 - INFO - Connection with ('127.0.0.1', 61096) closed
2025-04-06 10:12:58,892 - INFO - Requesting file list from server
2025-04-06 10:12:58,892 - INFO - Received file list with 1 files
2025-04-06 10:12:58,893 - INFO - Client connection closed
2025-04-06 10:12:58,893 - INFO - 127.0.0.1 - - [06/Apr/2025 10:12:58] "GET /list HTTP/1.1" 200 -
2025-04-06 10:12:58,899 - INFO - 127.0.0.1 - - [06/Apr/2025 10:12:58] "[33mGET /icons/word-file.png HTTP/1.1[0m" 404 -
2025-04-06 10:13:00,643 - INFO -  * Detected change in 'C:\\Users\\user\\Desktop\\Spring 2025\\Networks\\SocketProgrammingProject\\flask_app.py', reloading
2025-04-06 10:13:00,678 - INFO -  * Restarting with stat
2025-04-06 10:13:01,142 - WARNING -  * Debugger is active!
2025-04-06 10:13:01,144 - INFO -  * Debugger PIN: 911-889-448
2025-04-06 10:13:21,580 - INFO - Server starting on port 8080...
2025-04-06 10:13:39,746 - INFO - Server starting on port 8080...
2025-04-06 10:13:39,747 - INFO - Server listening on port 8080...
2025-04-06 10:13:45,578 - INFO - [31m[1mWARNING: This is a development server. Do not use it in a production deployment. Use a production WSGI server instead.[0m
 * Running on http://127.0.0.1:5000
2025-04-06 10:13:45,578 - INFO - [33mPress CTRL+C to quit[0m
2025-04-06 10:13:45,579 - INFO -  * Restarting with stat
2025-04-06 10:13:46,044 - WARNING -  * Debugger is active!
2025-04-06 10:13:46,045 - INFO -  * Debugger PIN: 911-889-448
2025-04-06 10:13:48,831 - INFO - 127.0.0.1 - - [06/Apr/2025 10:13:48] "GET / HTTP/1.1" 200 -
2025-04-06 10:13:48,861 - INFO - 127.0.0.1 - - [06/Apr/2025 10:13:48] "[36mGET /static/script.js HTTP/1.1[0m" 304 -
2025-04-06 10:13:49,091 - INFO - 127.0.0.1 - - [06/Apr/2025 10:13:49] "[36mGET /static/styles.css HTTP/1.1[0m" 304 -
2025-04-06 10:13:49,409 - INFO - New connection established with client of address = ('127.0.0.1', 61125)
2025-04-06 10:13:49,412 - INFO - New serving socket connected to address = ('127.0.0.1', 61125)
2025-04-06 10:13:49,412 - INFO - List files request received
2025-04-06 10:13:49,412 - INFO - File list sent to client
2025-04-06 10:13:49,412 - INFO - Connection with ('127.0.0.1', 61125) closed
2025-04-06 10:13:50,410 - INFO - Requesting file list from server
2025-04-06 10:13:50,410 - INFO - Received file list with 1 files
2025-04-06 10:13:50,410 - INFO - Client connection closed
2025-04-06 10:13:50,410 - INFO - 127.0.0.1 - - [06/Apr/2025 10:13:50] "GET /list HTTP/1.1" 200 -
2025-04-06 10:13:50,414 - INFO - 127.0.0.1 - - [06/Apr/2025 10:13:50] "[33mGET /icons/word-file.png HTTP/1.1[0m" 404 -
2025-04-06 10:13:52,306 - INFO - New connection established with client of address = ('127.0.0.1', 61131)
2025-04-06 10:13:52,306 - INFO - New serving socket connected to address = ('127.0.0.1', 61131)
2025-04-06 10:13:52,307 - INFO - Download request received
2025-04-06 10:13:53,007 - INFO - 127.0.0.1 - - [06/Apr/2025 10:13:53] "GET /get_progress/Basically%20Coders%20Phase1.docx HTTP/1.1" 200 -
2025-04-06 10:13:53,306 - INFO - Downloading file: client_files\temp_Basically Coders Phase1.docx
2025-04-06 10:13:53,307 - INFO - Client requested file: temp_Basically Coders Phase1.docx
2025-04-06 10:13:53,307 - WARNING - File temp_Basically Coders Phase1.docx not found
2025-04-06 10:13:53,307 - INFO - Connection with ('127.0.0.1', 61131) closed
2025-04-06 10:13:53,307 - ERROR - File temp_Basically Coders Phase1.docx not found on server
2025-04-06 10:13:53,308 - INFO - Client connection closed
2025-04-06 10:13:53,308 - INFO - 127.0.0.1 - - [06/Apr/2025 10:13:53] "POST /download HTTP/1.1" 200 -
2025-04-06 10:14:43,258 - INFO -  * Detected change in 'C:\\Users\\user\\Desktop\\Spring 2025\\Networks\\SocketProgrammingProject\\flask_app.py', reloading
2025-04-06 10:14:43,296 - INFO -  * Restarting with stat
2025-04-06 10:14:43,779 - WARNING -  * Debugger is active!
2025-04-06 10:14:43,780 - INFO -  * Debugger PIN: 911-889-448
2025-04-06 10:14:52,809 - INFO -  * Detected change in 'C:\\Users\\user\\Desktop\\Spring 2025\\Networks\\SocketProgrammingProject\\client.py', reloading
2025-04-06 10:14:52,849 - INFO -  * Restarting with stat
2025-04-06 10:14:53,344 - WARNING -  * Debugger is active!
2025-04-06 10:14:53,346 - INFO -  * Debugger PIN: 911-889-448
2025-04-06 10:15:15,415 - INFO -  * Detected change in 'C:\\Users\\user\\Desktop\\Spring 2025\\Networks\\SocketProgrammingProject\\server.py', reloading
2025-04-06 10:15:15,456 - INFO -  * Restarting with stat
2025-04-06 10:15:15,969 - WARNING -  * Debugger is active!
2025-04-06 10:15:15,970 - INFO -  * Debugger PIN: 911-889-448
2025-04-06 10:15:27,024 - INFO -  * Detected change in 'C:\\Users\\user\\Desktop\\Spring 2025\\Networks\\SocketProgrammingProject\\server.py', reloading
2025-04-06 10:15:27,062 - INFO -  * Restarting with stat
2025-04-06 10:15:27,514 - WARNING -  * Debugger is active!
2025-04-06 10:15:27,515 - INFO -  * Debugger PIN: 911-889-448
2025-04-06 10:15:42,792 - INFO - Server starting on port 8080...
2025-04-06 10:15:42,793 - INFO - Server listening on port 8080...
2025-04-06 10:15:47,181 - INFO - 127.0.0.1 - - [06/Apr/2025 10:15:47] "GET / HTTP/1.1" 200 -
2025-04-06 10:15:47,215 - INFO - 127.0.0.1 - - [06/Apr/2025 10:15:47] "[36mGET /static/script.js HTTP/1.1[0m" 304 -
2025-04-06 10:15:47,451 - INFO - 127.0.0.1 - - [06/Apr/2025 10:15:47] "[36mGET /static/styles.css HTTP/1.1[0m" 304 -
2025-04-06 10:15:47,774 - INFO - New connection established with client of address = ('127.0.0.1', 61195)
2025-04-06 10:15:47,777 - INFO - New serving socket connected to address = ('127.0.0.1', 61195)
2025-04-06 10:15:47,777 - INFO - List files request received
2025-04-06 10:15:47,777 - INFO - File list sent to client
2025-04-06 10:15:47,777 - INFO - Connection with ('127.0.0.1', 61195) closed
2025-04-06 10:15:48,774 - INFO - Requesting file list from server
2025-04-06 10:15:48,774 - INFO - Received file list with 1 files
2025-04-06 10:15:48,775 - INFO - Client connection closed
2025-04-06 10:15:48,775 - INFO - 127.0.0.1 - - [06/Apr/2025 10:15:48] "GET /list HTTP/1.1" 200 -
2025-04-06 10:15:48,779 - INFO - 127.0.0.1 - - [06/Apr/2025 10:15:48] "[33mGET /icons/word-file.png HTTP/1.1[0m" 404 -
2025-04-06 10:15:51,862 - INFO - New connection established with client of address = ('127.0.0.1', 61201)
2025-04-06 10:15:51,863 - INFO - New serving socket connected to address = ('127.0.0.1', 61201)
2025-04-06 10:15:51,863 - INFO - Download request received
2025-04-06 10:15:52,560 - INFO - 127.0.0.1 - - [06/Apr/2025 10:15:52] "GET /get_progress/Basically%20Coders%20Phase1.docx HTTP/1.1" 200 -
2025-04-06 10:15:52,862 - INFO - Downloading file: client_files\temp_Basically Coders Phase1.docx
2025-04-06 10:15:52,863 - INFO - Client requested file: Basically Coders Phase1.docx
2025-04-06 10:15:52,864 - INFO - Downloading: 2.99%
2025-04-06 10:15:52,865 - INFO - Sent 136911 bytes for file Basically Coders Phase1.docx
2025-04-06 10:15:52,865 - INFO - File Basically Coders Phase1.docx sent to client
2025-04-06 10:15:52,865 - INFO - Connection with ('127.0.0.1', 61201) closed
2025-04-06 10:15:53,888 - INFO - 127.0.0.1 - - [06/Apr/2025 10:15:53] "GET /get_progress/Basically%20Coders%20Phase1.docx HTTP/1.1" 200 -
2025-04-06 10:15:54,869 - INFO - 127.0.0.1 - - [06/Apr/2025 10:15:54] "GET /get_progress/Basically%20Coders%20Phase1.docx HTTP/1.1" 200 -
2025-04-06 10:15:54,909 - INFO - 127.0.0.1 - - [06/Apr/2025 10:15:54] "POST /update_progress HTTP/1.1" 200 -
2025-04-06 10:15:55,011 - INFO - Downloading: 5.98%
2025-04-06 10:15:55,868 - INFO - 127.0.0.1 - - [06/Apr/2025 10:15:55] "GET /get_progress/Basically%20Coders%20Phase1.docx HTTP/1.1" 200 -
2025-04-06 10:15:56,864 - INFO - 127.0.0.1 - - [06/Apr/2025 10:15:56] "GET /get_progress/Basically%20Coders%20Phase1.docx HTTP/1.1" 200 -
2025-04-06 10:15:57,062 - INFO - 127.0.0.1 - - [06/Apr/2025 10:15:57] "POST /update_progress HTTP/1.1" 200 -
2025-04-06 10:15:57,165 - INFO - Downloading: 8.98%
2025-04-06 10:15:57,875 - INFO - 127.0.0.1 - - [06/Apr/2025 10:15:57] "GET /get_progress/Basically%20Coders%20Phase1.docx HTTP/1.1" 200 -
2025-04-06 10:15:58,872 - INFO - 127.0.0.1 - - [06/Apr/2025 10:15:58] "GET /get_progress/Basically%20Coders%20Phase1.docx HTTP/1.1" 200 -
2025-04-06 10:15:59,199 - INFO - 127.0.0.1 - - [06/Apr/2025 10:15:59] "POST /update_progress HTTP/1.1" 200 -
2025-04-06 10:15:59,300 - INFO - Downloading: 11.97%
2025-04-06 10:15:59,870 - INFO - 127.0.0.1 - - [06/Apr/2025 10:15:59] "GET /get_progress/Basically%20Coders%20Phase1.docx HTTP/1.1" 200 -
2025-04-06 10:16:00,880 - INFO - 127.0.0.1 - - [06/Apr/2025 10:16:00] "GET /get_progress/Basically%20Coders%20Phase1.docx HTTP/1.1" 200 -
2025-04-06 10:16:01,320 - INFO - 127.0.0.1 - - [06/Apr/2025 10:16:01] "POST /update_progress HTTP/1.1" 200 -
2025-04-06 10:16:01,423 - INFO - Downloading: 14.96%
2025-04-06 10:16:01,872 - INFO - 127.0.0.1 - - [06/Apr/2025 10:16:01] "GET /get_progress/Basically%20Coders%20Phase1.docx HTTP/1.1" 200 -
2025-04-06 10:16:02,875 - INFO - 127.0.0.1 - - [06/Apr/2025 10:16:02] "GET /get_progress/Basically%20Coders%20Phase1.docx HTTP/1.1" 200 -
2025-04-06 10:16:03,472 - INFO - 127.0.0.1 - - [06/Apr/2025 10:16:03] "POST /update_progress HTTP/1.1" 200 -
2025-04-06 10:16:03,574 - INFO - Downloading: 17.95%
2025-04-06 10:16:03,879 - INFO - 127.0.0.1 - - [06/Apr/2025 10:16:03] "GET /get_progress/Basically%20Coders%20Phase1.docx HTTP/1.1" 200 -
2025-04-06 10:16:04,862 - INFO - 127.0.0.1 - - [06/Apr/2025 10:16:04] "GET /get_progress/Basically%20Coders%20Phase1.docx HTTP/1.1" 200 -
2025-04-06 10:16:05,626 - INFO - 127.0.0.1 - - [06/Apr/2025 10:16:05] "POST /update_progress HTTP/1.1" 200 -
2025-04-06 10:16:05,727 - INFO - Downloading: 20.94%
2025-04-06 10:16:05,869 - INFO - 127.0.0.1 - - [06/Apr/2025 10:16:05] "GET /get_progress/Basically%20Coders%20Phase1.docx HTTP/1.1" 200 -
2025-04-06 10:16:06,879 - INFO - 127.0.0.1 - - [06/Apr/2025 10:16:06] "GET /get_progress/Basically%20Coders%20Phase1.docx HTTP/1.1" 200 -
2025-04-06 10:16:07,765 - INFO - 127.0.0.1 - - [06/Apr/2025 10:16:07] "POST /update_progress HTTP/1.1" 200 -
2025-04-06 10:16:07,867 - INFO - Downloading: 23.93%
2025-04-06 10:16:07,874 - INFO - 127.0.0.1 - - [06/Apr/2025 10:16:07] "GET /get_progress/Basically%20Coders%20Phase1.docx HTTP/1.1" 200 -
2025-04-06 10:16:08,873 - INFO - 127.0.0.1 - - [06/Apr/2025 10:16:08] "GET /get_progress/Basically%20Coders%20Phase1.docx HTTP/1.1" 200 -
2025-04-06 10:16:09,884 - INFO - 127.0.0.1 - - [06/Apr/2025 10:16:09] "GET /get_progress/Basically%20Coders%20Phase1.docx HTTP/1.1" 200 -
2025-04-06 10:16:09,905 - INFO - 127.0.0.1 - - [06/Apr/2025 10:16:09] "POST /update_progress HTTP/1.1" 200 -
2025-04-06 10:16:10,007 - INFO - Downloading: 26.93%
2025-04-06 10:16:10,865 - INFO - 127.0.0.1 - - [06/Apr/2025 10:16:10] "GET /get_progress/Basically%20Coders%20Phase1.docx HTTP/1.1" 200 -
2025-04-06 10:16:11,871 - INFO - 127.0.0.1 - - [06/Apr/2025 10:16:11] "GET /get_progress/Basically%20Coders%20Phase1.docx HTTP/1.1" 200 -
2025-04-06 10:16:12,047 - INFO - 127.0.0.1 - - [06/Apr/2025 10:16:12] "POST /update_progress HTTP/1.1" 200 -
2025-04-06 10:16:12,149 - INFO - Downloading: 29.92%
2025-04-06 10:16:12,885 - INFO - 127.0.0.1 - - [06/Apr/2025 10:16:12] "GET /get_progress/Basically%20Coders%20Phase1.docx HTTP/1.1" 200 -
2025-04-06 10:16:13,867 - INFO - 127.0.0.1 - - [06/Apr/2025 10:16:13] "GET /get_progress/Basically%20Coders%20Phase1.docx HTTP/1.1" 200 -
2025-04-06 10:16:14,179 - INFO - 127.0.0.1 - - [06/Apr/2025 10:16:14] "POST /update_progress HTTP/1.1" 200 -
2025-04-06 10:16:14,281 - INFO - Downloading: 32.91%
2025-04-06 10:16:14,873 - INFO - 127.0.0.1 - - [06/Apr/2025 10:16:14] "GET /get_progress/Basically%20Coders%20Phase1.docx HTTP/1.1" 200 -
2025-04-06 10:16:15,884 - INFO - 127.0.0.1 - - [06/Apr/2025 10:16:15] "GET /get_progress/Basically%20Coders%20Phase1.docx HTTP/1.1" 200 -
2025-04-06 10:16:16,314 - INFO - 127.0.0.1 - - [06/Apr/2025 10:16:16] "POST /update_progress HTTP/1.1" 200 -
2025-04-06 10:16:16,415 - INFO - Downloading: 35.90%
2025-04-06 10:16:16,888 - INFO - 127.0.0.1 - - [06/Apr/2025 10:16:16] "GET /get_progress/Basically%20Coders%20Phase1.docx HTTP/1.1" 200 -
2025-04-06 10:16:17,864 - INFO - 127.0.0.1 - - [06/Apr/2025 10:16:17] "GET /get_progress/Basically%20Coders%20Phase1.docx HTTP/1.1" 200 -
2025-04-06 10:16:18,457 - INFO - 127.0.0.1 - - [06/Apr/2025 10:16:18] "POST /update_progress HTTP/1.1" 200 -
2025-04-06 10:16:18,559 - INFO - Downloading: 38.89%
2025-04-06 10:16:18,880 - INFO - 127.0.0.1 - - [06/Apr/2025 10:16:18] "GET /get_progress/Basically%20Coders%20Phase1.docx HTTP/1.1" 200 -
2025-04-06 10:16:19,874 - INFO - 127.0.0.1 - - [06/Apr/2025 10:16:19] "GET /get_progress/Basically%20Coders%20Phase1.docx HTTP/1.1" 200 -
2025-04-06 10:16:20,616 - INFO - 127.0.0.1 - - [06/Apr/2025 10:16:20] "POST /update_progress HTTP/1.1" 200 -
2025-04-06 10:16:20,718 - INFO - Downloading: 41.88%
2025-04-06 10:16:20,880 - INFO - 127.0.0.1 - - [06/Apr/2025 10:16:20] "GET /get_progress/Basically%20Coders%20Phase1.docx HTTP/1.1" 200 -
2025-04-06 10:16:21,859 - INFO - 127.0.0.1 - - [06/Apr/2025 10:16:21] "GET /get_progress/Basically%20Coders%20Phase1.docx HTTP/1.1" 200 -
2025-04-06 10:16:22,767 - INFO - 127.0.0.1 - - [06/Apr/2025 10:16:22] "POST /update_progress HTTP/1.1" 200 -
2025-04-06 10:16:22,868 - INFO - Downloading: 44.88%
2025-04-06 10:16:22,873 - INFO - 127.0.0.1 - - [06/Apr/2025 10:16:22] "GET /get_progress/Basically%20Coders%20Phase1.docx HTTP/1.1" 200 -
2025-04-06 10:16:23,862 - INFO - 127.0.0.1 - - [06/Apr/2025 10:16:23] "GET /get_progress/Basically%20Coders%20Phase1.docx HTTP/1.1" 200 -
2025-04-06 10:16:24,885 - INFO - 127.0.0.1 - - [06/Apr/2025 10:16:24] "GET /get_progress/Basically%20Coders%20Phase1.docx HTTP/1.1" 200 -
2025-04-06 10:16:24,925 - INFO - 127.0.0.1 - - [06/Apr/2025 10:16:24] "POST /update_progress HTTP/1.1" 200 -
2025-04-06 10:16:25,027 - INFO - Downloading: 47.87%
2025-04-06 10:16:25,889 - INFO - 127.0.0.1 - - [06/Apr/2025 10:16:25] "GET /get_progress/Basically%20Coders%20Phase1.docx HTTP/1.1" 200 -
2025-04-06 10:16:26,859 - INFO - 127.0.0.1 - - [06/Apr/2025 10:16:26] "GET /get_progress/Basically%20Coders%20Phase1.docx HTTP/1.1" 200 -
2025-04-06 10:16:27,060 - INFO - 127.0.0.1 - - [06/Apr/2025 10:16:27] "POST /update_progress HTTP/1.1" 200 -
2025-04-06 10:16:27,162 - INFO - Downloading: 50.86%
2025-04-06 10:16:27,870 - INFO - 127.0.0.1 - - [06/Apr/2025 10:16:27] "GET /get_progress/Basically%20Coders%20Phase1.docx HTTP/1.1" 200 -
2025-04-06 10:16:28,860 - INFO - 127.0.0.1 - - [06/Apr/2025 10:16:28] "GET /get_progress/Basically%20Coders%20Phase1.docx HTTP/1.1" 200 -
2025-04-06 10:16:29,202 - INFO - 127.0.0.1 - - [06/Apr/2025 10:16:29] "POST /update_progress HTTP/1.1" 200 -
2025-04-06 10:16:29,305 - INFO - Downloading: 53.85%
2025-04-06 10:16:29,866 - INFO - 127.0.0.1 - - [06/Apr/2025 10:16:29] "GET /get_progress/Basically%20Coders%20Phase1.docx HTTP/1.1" 200 -
2025-04-06 10:16:30,863 - INFO - 127.0.0.1 - - [06/Apr/2025 10:16:30] "GET /get_progress/Basically%20Coders%20Phase1.docx HTTP/1.1" 200 -
2025-04-06 10:16:31,345 - INFO - 127.0.0.1 - - [06/Apr/2025 10:16:31] "POST /update_progress HTTP/1.1" 200 -
2025-04-06 10:16:31,447 - INFO - Downloading: 56.84%
2025-04-06 10:16:31,882 - INFO - 127.0.0.1 - - [06/Apr/2025 10:16:31] "GET /get_progress/Basically%20Coders%20Phase1.docx HTTP/1.1" 200 -
2025-04-06 10:16:32,879 - INFO - 127.0.0.1 - - [06/Apr/2025 10:16:32] "GET /get_progress/Basically%20Coders%20Phase1.docx HTTP/1.1" 200 -
2025-04-06 10:16:33,490 - INFO - 127.0.0.1 - - [06/Apr/2025 10:16:33] "POST /update_progress HTTP/1.1" 200 -
2025-04-06 10:16:33,593 - INFO - Downloading: 59.83%
2025-04-06 10:16:33,883 - INFO - 127.0.0.1 - - [06/Apr/2025 10:16:33] "GET /get_progress/Basically%20Coders%20Phase1.docx HTTP/1.1" 200 -
2025-04-06 10:16:34,879 - INFO - 127.0.0.1 - - [06/Apr/2025 10:16:34] "GET /get_progress/Basically%20Coders%20Phase1.docx HTTP/1.1" 200 -
2025-04-06 10:16:35,634 - INFO - 127.0.0.1 - - [06/Apr/2025 10:16:35] "POST /update_progress HTTP/1.1" 200 -
2025-04-06 10:16:35,736 - INFO - Downloading: 62.83%
2025-04-06 10:16:35,877 - INFO - 127.0.0.1 - - [06/Apr/2025 10:16:35] "GET /get_progress/Basically%20Coders%20Phase1.docx HTTP/1.1" 200 -
2025-04-06 10:16:36,874 - INFO - 127.0.0.1 - - [06/Apr/2025 10:16:36] "GET /get_progress/Basically%20Coders%20Phase1.docx HTTP/1.1" 200 -
2025-04-06 10:16:37,790 - INFO - 127.0.0.1 - - [06/Apr/2025 10:16:37] "POST /update_progress HTTP/1.1" 200 -
2025-04-06 10:16:37,878 - INFO - 127.0.0.1 - - [06/Apr/2025 10:16:37] "GET /get_progress/Basically%20Coders%20Phase1.docx HTTP/1.1" 200 -
2025-04-06 10:16:37,892 - INFO - Downloading: 65.82%
2025-04-06 10:16:38,871 - INFO - 127.0.0.1 - - [06/Apr/2025 10:16:38] "GET /get_progress/Basically%20Coders%20Phase1.docx HTTP/1.1" 200 -
2025-04-06 10:16:39,884 - INFO - 127.0.0.1 - - [06/Apr/2025 10:16:39] "GET /get_progress/Basically%20Coders%20Phase1.docx HTTP/1.1" 200 -
2025-04-06 10:16:39,923 - INFO - 127.0.0.1 - - [06/Apr/2025 10:16:39] "POST /update_progress HTTP/1.1" 200 -
2025-04-06 10:16:40,024 - INFO - Downloading: 68.81%
2025-04-06 10:16:40,888 - INFO - 127.0.0.1 - - [06/Apr/2025 10:16:40] "GET /get_progress/Basically%20Coders%20Phase1.docx HTTP/1.1" 200 -
2025-04-06 10:16:41,869 - INFO - 127.0.0.1 - - [06/Apr/2025 10:16:41] "GET /get_progress/Basically%20Coders%20Phase1.docx HTTP/1.1" 200 -
2025-04-06 10:16:42,053 - INFO - 127.0.0.1 - - [06/Apr/2025 10:16:42] "POST /update_progress HTTP/1.1" 200 -
2025-04-06 10:16:42,156 - INFO - Downloading: 71.80%
2025-04-06 10:16:42,877 - INFO - 127.0.0.1 - - [06/Apr/2025 10:16:42] "GET /get_progress/Basically%20Coders%20Phase1.docx HTTP/1.1" 200 -
2025-04-06 10:16:43,887 - INFO - 127.0.0.1 - - [06/Apr/2025 10:16:43] "GET /get_progress/Basically%20Coders%20Phase1.docx HTTP/1.1" 200 -
2025-04-06 10:16:44,184 - INFO - 127.0.0.1 - - [06/Apr/2025 10:16:44] "POST /update_progress HTTP/1.1" 200 -
2025-04-06 10:16:44,286 - INFO - Downloading: 74.79%
2025-04-06 10:16:44,876 - INFO - 127.0.0.1 - - [06/Apr/2025 10:16:44] "GET /get_progress/Basically%20Coders%20Phase1.docx HTTP/1.1" 200 -
2025-04-06 10:16:45,885 - INFO - 127.0.0.1 - - [06/Apr/2025 10:16:45] "GET /get_progress/Basically%20Coders%20Phase1.docx HTTP/1.1" 200 -
2025-04-06 10:16:46,310 - INFO - 127.0.0.1 - - [06/Apr/2025 10:16:46] "POST /update_progress HTTP/1.1" 200 -
2025-04-06 10:16:46,413 - INFO - Downloading: 77.78%
2025-04-06 10:16:46,876 - INFO - 127.0.0.1 - - [06/Apr/2025 10:16:46] "GET /get_progress/Basically%20Coders%20Phase1.docx HTTP/1.1" 200 -
2025-04-06 10:16:47,873 - INFO - 127.0.0.1 - - [06/Apr/2025 10:16:47] "GET /get_progress/Basically%20Coders%20Phase1.docx HTTP/1.1" 200 -
2025-04-06 10:16:48,467 - INFO - 127.0.0.1 - - [06/Apr/2025 10:16:48] "POST /update_progress HTTP/1.1" 200 -
2025-04-06 10:16:48,570 - INFO - Downloading: 80.78%
2025-04-06 10:16:48,873 - INFO - 127.0.0.1 - - [06/Apr/2025 10:16:48] "GET /get_progress/Basically%20Coders%20Phase1.docx HTTP/1.1" 200 -
2025-04-06 10:16:49,867 - INFO - 127.0.0.1 - - [06/Apr/2025 10:16:49] "GET /get_progress/Basically%20Coders%20Phase1.docx HTTP/1.1" 200 -
2025-04-06 10:16:50,607 - INFO - 127.0.0.1 - - [06/Apr/2025 10:16:50] "POST /update_progress HTTP/1.1" 200 -
2025-04-06 10:16:50,709 - INFO - Downloading: 83.77%
2025-04-06 10:16:50,871 - INFO - 127.0.0.1 - - [06/Apr/2025 10:16:50] "GET /get_progress/Basically%20Coders%20Phase1.docx HTTP/1.1" 200 -
2025-04-06 10:16:51,865 - INFO - 127.0.0.1 - - [06/Apr/2025 10:16:51] "GET /get_progress/Basically%20Coders%20Phase1.docx HTTP/1.1" 200 -
2025-04-06 10:16:52,733 - INFO - 127.0.0.1 - - [06/Apr/2025 10:16:52] "POST /update_progress HTTP/1.1" 200 -
2025-04-06 10:16:52,835 - INFO - Downloading: 86.76%
2025-04-06 10:16:52,870 - INFO - 127.0.0.1 - - [06/Apr/2025 10:16:52] "GET /get_progress/Basically%20Coders%20Phase1.docx HTTP/1.1" 200 -
2025-04-06 10:16:53,864 - INFO - 127.0.0.1 - - [06/Apr/2025 10:16:53] "GET /get_progress/Basically%20Coders%20Phase1.docx HTTP/1.1" 200 -
2025-04-06 10:16:54,861 - INFO - 127.0.0.1 - - [06/Apr/2025 10:16:54] "GET /get_progress/Basically%20Coders%20Phase1.docx HTTP/1.1" 200 -
2025-04-06 10:16:54,866 - INFO - 127.0.0.1 - - [06/Apr/2025 10:16:54] "POST /update_progress HTTP/1.1" 200 -
2025-04-06 10:16:54,967 - INFO - Downloading: 89.75%
2025-04-06 10:16:55,859 - INFO - 127.0.0.1 - - [06/Apr/2025 10:16:55] "GET /get_progress/Basically%20Coders%20Phase1.docx HTTP/1.1" 200 -
2025-04-06 10:16:56,868 - INFO - 127.0.0.1 - - [06/Apr/2025 10:16:56] "GET /get_progress/Basically%20Coders%20Phase1.docx HTTP/1.1" 200 -
2025-04-06 10:16:57,004 - INFO - 127.0.0.1 - - [06/Apr/2025 10:16:57] "POST /update_progress HTTP/1.1" 200 -
2025-04-06 10:16:57,107 - INFO - Downloading: 92.74%
2025-04-06 10:16:57,875 - INFO - 127.0.0.1 - - [06/Apr/2025 10:16:57] "GET /get_progress/Basically%20Coders%20Phase1.docx HTTP/1.1" 200 -
2025-04-06 10:16:58,870 - INFO - 127.0.0.1 - - [06/Apr/2025 10:16:58] "GET /get_progress/Basically%20Coders%20Phase1.docx HTTP/1.1" 200 -
2025-04-06 10:16:59,148 - INFO - 127.0.0.1 - - [06/Apr/2025 10:16:59] "POST /update_progress HTTP/1.1" 200 -
2025-04-06 10:16:59,250 - INFO - Downloading: 95.74%
2025-04-06 10:16:59,867 - INFO - 127.0.0.1 - - [06/Apr/2025 10:16:59] "GET /get_progress/Basically%20Coders%20Phase1.docx HTTP/1.1" 200 -
2025-04-06 10:17:00,865 - INFO - 127.0.0.1 - - [06/Apr/2025 10:17:00] "GET /get_progress/Basically%20Coders%20Phase1.docx HTTP/1.1" 200 -
2025-04-06 10:17:01,286 - INFO - 127.0.0.1 - - [06/Apr/2025 10:17:01] "POST /update_progress HTTP/1.1" 200 -
2025-04-06 10:17:01,388 - INFO - Downloading: 98.73%
2025-04-06 10:17:01,869 - INFO - 127.0.0.1 - - [06/Apr/2025 10:17:01] "GET /get_progress/Basically%20Coders%20Phase1.docx HTTP/1.1" 200 -
2025-04-06 10:17:02,866 - INFO - 127.0.0.1 - - [06/Apr/2025 10:17:02] "GET /get_progress/Basically%20Coders%20Phase1.docx HTTP/1.1" 200 -
2025-04-06 10:17:03,435 - INFO - 127.0.0.1 - - [06/Apr/2025 10:17:03] "POST /update_progress HTTP/1.1" 200 -
2025-04-06 10:17:03,538 - INFO - Downloading: 100.00%
2025-04-06 10:17:03,862 - INFO - 127.0.0.1 - - [06/Apr/2025 10:17:03] "GET /get_progress/Basically%20Coders%20Phase1.docx HTTP/1.1" 200 -
2025-04-06 10:17:04,865 - INFO - 127.0.0.1 - - [06/Apr/2025 10:17:04] "GET /get_progress/Basically%20Coders%20Phase1.docx HTTP/1.1" 200 -
2025-04-06 10:17:05,572 - INFO - 127.0.0.1 - - [06/Apr/2025 10:17:05] "POST /update_progress HTTP/1.1" 200 -
2025-04-06 10:17:05,873 - INFO - 127.0.0.1 - - [06/Apr/2025 10:17:05] "GET /get_progress/Basically%20Coders%20Phase1.docx HTTP/1.1" 200 -
2025-04-06 10:17:07,718 - INFO - 127.0.0.1 - - [06/Apr/2025 10:17:07] "POST /update_progress HTTP/1.1" 200 -
2025-04-06 10:17:07,719 - INFO - Client connection closed
2025-04-06 10:17:07,729 - INFO - 127.0.0.1 - - [06/Apr/2025 10:17:07] "POST /download HTTP/1.1" 200 -
